14:14:31.537547 [INFO] === Test execution started ===
14:14:31.537625 [INFO] Output directory: /Users/kyle/Developer/grantiva-cli/.worktrees/qa-ios/findings/evidence/IOS-030/11-slow
14:14:31.537630 [INFO] Platform: ios
14:14:31.537634 [INFO] Driver: uiautomator2
14:14:31.537918 [INFO] Validated 1 flow(s)
14:14:31.683557 [INFO] Single device execution mode
14:14:31.683575 [INFO] Starting flow execution (parallel: false, devices: [])
14:14:31.683581 [INFO] Creating driver for single device execution
14:14:31.683586 [INFO] Using specified iOS device: 6EEDCB1A-E693-488A-B34C-5A0AB5DE9400
14:14:31.813159 [INFO] Device 6EEDCB1A-E693-488A-B34C-5A0AB5DE9400 is a simulator
14:14:31.813256 [INFO] Building WDA for device 6EEDCB1A-E693-488A-B34C-5A0AB5DE9400 (team ID: )
14:14:32.057535 [INFO] WDA build completed successfully
14:14:32.057556 [INFO] Starting WDA on device 6EEDCB1A-E693-488A-B34C-5A0AB5DE9400 (port: 8876)
14:14:34.328355 [INFO] WDA started successfully on port 8876
14:14:34.731263 [DEBUG] WDA GET /window/size
14:14:34.833937 [DEBUG] WDA GET /window/size completed (102ms, status: 200)
14:14:34.834057 [INFO] Driver created: ios on qa-ios-1
14:14:34.835696 [INFO] === Starting flow: 11-slow ===
14:14:34.835703 [INFO] Flow file: /var/folders/jv/76l6crmx6nl3hf150gzry_ym0000gn/T/grantiva-EFECFD62-37EE-4ECF-9369-ECA0DDC0E4E7/0/11-slow.yaml
14:14:34.835707 [INFO] Total steps: 6
14:14:34.835832 [DEBUG] WDA POST /appium/settings body={"settings":{"shouldWaitForQuiescence":false,"waitForIdleTimeout":0}}
14:14:34.836808 [DEBUG] WDA POST /appium/settings completed (0ms, status: 404)
14:14:34.836878 [DEBUG] WDA POST /session body={"capabilities":{"alwaysMatch":{"bundleId":"com.kylebrowning.Landmarks","defaultAlertAction":"accept...
14:14:37.502567 [DEBUG] WDA POST /session completed (2665ms, status: 200)
14:14:37.502695 [DEBUG] WDA POST /session/E9BA8E76-5BCD-456F-97DE-DC17FD9F8F16/appium/settings body={"settings":{"shouldWaitForQuiescence":false,"waitForIdleTimeout":0}}
14:14:37.658393 [DEBUG] WDA POST /session/E9BA8E76-5BCD-456F-97DE-DC17FD9F8F16/appium/settings completed (155ms, status: 200)
14:14:37.658869 [DEBUG] Executing step 0: launchApp
14:14:38.310629 [DEBUG] [wda] launchApp com.kylebrowning.Landmarks: argv=[] env=map[]
14:14:38.310727 [DEBUG] WDA POST /session/E9BA8E76-5BCD-456F-97DE-DC17FD9F8F16/appium/settings body={"settings":{"acceptAlertButtonSelector":"**/XCUIElementTypeButton[`label BEGINSWITH[c] 'Allow' OR l...
14:14:38.311871 [DEBUG] WDA POST /session/E9BA8E76-5BCD-456F-97DE-DC17FD9F8F16/appium/settings completed (1ms, status: 200)
14:14:38.311978 [DEBUG] WDA POST /session/E9BA8E76-5BCD-456F-97DE-DC17FD9F8F16/wda/apps/launch body={"bundleId":"com.kylebrowning.Landmarks"}
14:14:39.867004 [DEBUG] WDA POST /session/E9BA8E76-5BCD-456F-97DE-DC17FD9F8F16/wda/apps/launch completed (1555ms, status: 200)
14:14:39.867162 [DEBUG] Step 0 completed successfully (2208ms): launchApp
14:14:39.867570 [DEBUG] Executing step 1: tapOn: text="Deep Links"
14:14:39.867795 [DEBUG] Flutter: parallel search (text="Deep Links", id="")
14:14:39.867835 [DEBUG] WDA POST /session/E9BA8E76-5BCD-456F-97DE-DC17FD9F8F16/element body={"using":"predicate string","value":"((type == 'XCUIElementTypeTextField' OR type == 'XCUIElementTyp...
14:14:39.867853 [DEBUG] WDA POST /session/E9BA8E76-5BCD-456F-97DE-DC17FD9F8F16/element body={"using":"class chain","value":"**/XCUIElementTypeTextField[`(label CONTAINS[c] 'Deep Links' OR valu...
14:14:39.867922 [DEBUG] WDA POST /session/E9BA8E76-5BCD-456F-97DE-DC17FD9F8F16/element body={"using":"class chain","value":"**/XCUIElementTypeSecureTextField[`(label CONTAINS[c] 'Deep Links' O...
14:14:39.867997 [DEBUG] WDA POST /session/E9BA8E76-5BCD-456F-97DE-DC17FD9F8F16/element body={"using":"class chain","value":"**/XCUIElementTypeButton[`(label ==[c] 'Deep Links' OR name ==[c] 'D...
14:14:40.083124 [DEBUG] WDA POST /session/E9BA8E76-5BCD-456F-97DE-DC17FD9F8F16/element completed (215ms, status: 404)
14:14:40.197316 [DEBUG] WDA POST /session/E9BA8E76-5BCD-456F-97DE-DC17FD9F8F16/element completed (329ms, status: 200)
14:14:40.246266 [DEBUG] WDA POST /session/E9BA8E76-5BCD-456F-97DE-DC17FD9F8F16/element completed (378ms, status: 404)
14:14:40.345637 [DEBUG] WDA POST /session/E9BA8E76-5BCD-456F-97DE-DC17FD9F8F16/element completed (477ms, status: 200)
14:14:40.345771 [DEBUG] WDA GET /session/E9BA8E76-5BCD-456F-97DE-DC17FD9F8F16/element/1E000000-0000-0000-1C91-000000000000/name
14:14:40.345814 [DEBUG] WDA GET /session/E9BA8E76-5BCD-456F-97DE-DC17FD9F8F16/element/1E000000-0000-0000-1C91-000000000000/rect
14:14:40.345843 [DEBUG] WDA GET /session/E9BA8E76-5BCD-456F-97DE-DC17FD9F8F16/element/1E000000-0000-0000-1C91-000000000000/text
14:14:40.345876 [DEBUG] WDA GET /session/E9BA8E76-5BCD-456F-97DE-DC17FD9F8F16/element/1E000000-0000-0000-1C91-000000000000/displayed
14:14:40.393108 [DEBUG] WDA GET /session/E9BA8E76-5BCD-456F-97DE-DC17FD9F8F16/element/1E000000-0000-0000-1C91-000000000000/name completed (47ms, status: 200)
14:14:40.439382 [DEBUG] WDA GET /session/E9BA8E76-5BCD-456F-97DE-DC17FD9F8F16/element/1E000000-0000-0000-1C91-000000000000/rect completed (93ms, status: 200)
14:14:40.485411 [DEBUG] WDA GET /session/E9BA8E76-5BCD-456F-97DE-DC17FD9F8F16/element/1E000000-0000-0000-1C91-000000000000/text completed (139ms, status: 200)
14:14:40.541391 [DEBUG] WDA GET /session/E9BA8E76-5BCD-456F-97DE-DC17FD9F8F16/element/1E000000-0000-0000-1C91-000000000000/displayed completed (195ms, status: 200)
14:14:40.541536 [DEBUG] WDA POST /session/E9BA8E76-5BCD-456F-97DE-DC17FD9F8F16/element/1E000000-0000-0000-1C91-000000000000/click body=
14:14:40.931313 [DEBUG] WDA POST /session/E9BA8E76-5BCD-456F-97DE-DC17FD9F8F16/element/1E000000-0000-0000-1C91-000000000000/click completed (389ms, status: 200)
14:14:41.314363 [DEBUG] Flutter fallback: failed to get trees: no Flutter VM service found
14:14:41.314391 [DEBUG] Step 1 completed successfully (1446ms): tapOn: text="Deep Links"
14:14:41.314745 [DEBUG] Executing step 2: tapOn: text="Slow Screen"
14:14:41.314976 [DEBUG] WDA POST /session/E9BA8E76-5BCD-456F-97DE-DC17FD9F8F16/element body={"using":"predicate string","value":"((type == 'XCUIElementTypeTextField' OR type == 'XCUIElementTyp...
14:14:41.314983 [DEBUG] WDA POST /session/E9BA8E76-5BCD-456F-97DE-DC17FD9F8F16/element body={"using":"class chain","value":"**/XCUIElementTypeTextField[`(label CONTAINS[c] 'Slow Screen' OR val...
14:14:41.315012 [DEBUG] WDA POST /session/E9BA8E76-5BCD-456F-97DE-DC17FD9F8F16/element body={"using":"class chain","value":"**/XCUIElementTypeButton[`(label ==[c] 'Slow Screen' OR name ==[c] '...
14:14:41.315038 [DEBUG] WDA POST /session/E9BA8E76-5BCD-456F-97DE-DC17FD9F8F16/element body={"using":"class chain","value":"**/XCUIElementTypeSecureTextField[`(label CONTAINS[c] 'Slow Screen' ...
14:14:41.384807 [DEBUG] WDA POST /session/E9BA8E76-5BCD-456F-97DE-DC17FD9F8F16/element completed (69ms, status: 404)
14:14:41.522034 [DEBUG] WDA POST /session/E9BA8E76-5BCD-456F-97DE-DC17FD9F8F16/element completed (207ms, status: 200)
14:14:41.576582 [DEBUG] WDA POST /session/E9BA8E76-5BCD-456F-97DE-DC17FD9F8F16/element completed (261ms, status: 404)
14:14:41.683541 [DEBUG] WDA POST /session/E9BA8E76-5BCD-456F-97DE-DC17FD9F8F16/element completed (368ms, status: 200)
14:14:41.683625 [DEBUG] WDA GET /session/E9BA8E76-5BCD-456F-97DE-DC17FD9F8F16/element/2B010000-0000-0000-1C91-000000000000/text
14:14:41.683663 [DEBUG] WDA GET /session/E9BA8E76-5BCD-456F-97DE-DC17FD9F8F16/element/2B010000-0000-0000-1C91-000000000000/name
14:14:41.683698 [DEBUG] WDA GET /session/E9BA8E76-5BCD-456F-97DE-DC17FD9F8F16/element/2B010000-0000-0000-1C91-000000000000/rect
14:14:41.683716 [DEBUG] WDA GET /session/E9BA8E76-5BCD-456F-97DE-DC17FD9F8F16/element/2B010000-0000-0000-1C91-000000000000/displayed
14:14:41.733966 [DEBUG] WDA GET /session/E9BA8E76-5BCD-456F-97DE-DC17FD9F8F16/element/2B010000-0000-0000-1C91-000000000000/text completed (50ms, status: 200)
14:14:41.789983 [DEBUG] WDA GET /session/E9BA8E76-5BCD-456F-97DE-DC17FD9F8F16/element/2B010000-0000-0000-1C91-000000000000/name completed (106ms, status: 200)
14:14:41.841859 [DEBUG] WDA GET /session/E9BA8E76-5BCD-456F-97DE-DC17FD9F8F16/element/2B010000-0000-0000-1C91-000000000000/displayed completed (158ms, status: 200)
14:14:41.892818 [DEBUG] WDA GET /session/E9BA8E76-5BCD-456F-97DE-DC17FD9F8F16/element/2B010000-0000-0000-1C91-000000000000/rect completed (209ms, status: 200)
14:14:41.892885 [DEBUG] WDA POST /session/E9BA8E76-5BCD-456F-97DE-DC17FD9F8F16/element/2B010000-0000-0000-1C91-000000000000/click body=
14:14:42.315163 [DEBUG] WDA POST /session/E9BA8E76-5BCD-456F-97DE-DC17FD9F8F16/element/2B010000-0000-0000-1C91-000000000000/click completed (422ms, status: 200)
14:14:42.315201 [DEBUG] Step 2 completed successfully (1000ms): tapOn: text="Slow Screen"
14:14:42.315521 [DEBUG] Executing step 3: assertVisible: text="Loading…"
14:14:42.315721 [DEBUG] WDA POST /session/E9BA8E76-5BCD-456F-97DE-DC17FD9F8F16/element body={"using":"predicate string","value":"(label CONTAINS[c] 'Loading…' OR name CONTAINS[c] 'Loading…...
14:14:42.497446 [DEBUG] WDA POST /session/E9BA8E76-5BCD-456F-97DE-DC17FD9F8F16/element completed (181ms, status: 200)
14:14:42.497499 [DEBUG] WDA GET /session/E9BA8E76-5BCD-456F-97DE-DC17FD9F8F16/element/58010000-0000-0000-1C91-000000000000/name
14:14:42.497559 [DEBUG] WDA GET /session/E9BA8E76-5BCD-456F-97DE-DC17FD9F8F16/element/58010000-0000-0000-1C91-000000000000/text
14:14:42.497586 [DEBUG] WDA GET /session/E9BA8E76-5BCD-456F-97DE-DC17FD9F8F16/element/58010000-0000-0000-1C91-000000000000/rect
14:14:42.498252 [DEBUG] WDA GET /session/E9BA8E76-5BCD-456F-97DE-DC17FD9F8F16/element/58010000-0000-0000-1C91-000000000000/displayed
14:14:42.558032 [DEBUG] WDA GET /session/E9BA8E76-5BCD-456F-97DE-DC17FD9F8F16/element/58010000-0000-0000-1C91-000000000000/text completed (60ms, status: 200)
14:14:42.622322 [DEBUG] WDA GET /session/E9BA8E76-5BCD-456F-97DE-DC17FD9F8F16/element/58010000-0000-0000-1C91-000000000000/name completed (124ms, status: 200)
14:14:42.705924 [DEBUG] WDA GET /session/E9BA8E76-5BCD-456F-97DE-DC17FD9F8F16/element/58010000-0000-0000-1C91-000000000000/rect completed (208ms, status: 200)
14:14:42.742842 [DEBUG] WDA GET /session/E9BA8E76-5BCD-456F-97DE-DC17FD9F8F16/element/58010000-0000-0000-1C91-000000000000/displayed completed (244ms, status: 200)
14:14:42.742898 [DEBUG] Step 3 completed successfully (427ms): assertVisible: text="Loading…"
14:14:42.743404 [DEBUG] Executing step 4: extendedWaitUntil: visible text="Loaded after delay"
14:14:42.743702 [DEBUG] WDA POST /session/E9BA8E76-5BCD-456F-97DE-DC17FD9F8F16/element body={"using":"predicate string","value":"(label CONTAINS[c] 'Loaded after delay' OR name CONTAINS[c] 'Lo...
14:14:42.778851 [DEBUG] WDA POST /session/E9BA8E76-5BCD-456F-97DE-DC17FD9F8F16/element completed (35ms, status: 404)
14:14:42.778970 [DEBUG] WDA GET /session/E9BA8E76-5BCD-456F-97DE-DC17FD9F8F16/source
14:14:43.387996 [DEBUG] WDA GET /session/E9BA8E76-5BCD-456F-97DE-DC17FD9F8F16/source completed (609ms, status: 200)
14:14:43.388394 [DEBUG] WDA POST /session/E9BA8E76-5BCD-456F-97DE-DC17FD9F8F16/element body={"using":"predicate string","value":"(label CONTAINS[c] 'Loaded after delay' OR name CONTAINS[c] 'Lo...
14:14:43.420100 [DEBUG] WDA POST /session/E9BA8E76-5BCD-456F-97DE-DC17FD9F8F16/element completed (31ms, status: 404)
14:14:43.420262 [DEBUG] WDA GET /session/E9BA8E76-5BCD-456F-97DE-DC17FD9F8F16/source
14:14:43.793775 [DEBUG] WDA GET /session/E9BA8E76-5BCD-456F-97DE-DC17FD9F8F16/source completed (373ms, status: 200)
14:14:43.795077 [DEBUG] WDA POST /session/E9BA8E76-5BCD-456F-97DE-DC17FD9F8F16/element body={"using":"predicate string","value":"(label CONTAINS[c] 'Loaded after delay' OR name CONTAINS[c] 'Lo...
14:14:43.828741 [DEBUG] WDA POST /session/E9BA8E76-5BCD-456F-97DE-DC17FD9F8F16/element completed (33ms, status: 404)
14:14:43.830504 [DEBUG] WDA GET /session/E9BA8E76-5BCD-456F-97DE-DC17FD9F8F16/source
14:14:44.272082 [DEBUG] WDA GET /session/E9BA8E76-5BCD-456F-97DE-DC17FD9F8F16/source completed (441ms, status: 200)
14:14:44.272504 [DEBUG] WDA POST /session/E9BA8E76-5BCD-456F-97DE-DC17FD9F8F16/element body={"using":"predicate string","value":"(label CONTAINS[c] 'Loaded after delay' OR name CONTAINS[c] 'Lo...
14:14:44.304526 [DEBUG] WDA POST /session/E9BA8E76-5BCD-456F-97DE-DC17FD9F8F16/element completed (32ms, status: 404)
14:14:44.304635 [DEBUG] WDA GET /session/E9BA8E76-5BCD-456F-97DE-DC17FD9F8F16/source
14:14:44.647546 [DEBUG] WDA GET /session/E9BA8E76-5BCD-456F-97DE-DC17FD9F8F16/source completed (342ms, status: 200)
14:14:44.648274 [DEBUG] WDA POST /session/E9BA8E76-5BCD-456F-97DE-DC17FD9F8F16/element body={"using":"predicate string","value":"(label CONTAINS[c] 'Loaded after delay' OR name CONTAINS[c] 'Lo...
14:14:44.697688 [DEBUG] WDA POST /session/E9BA8E76-5BCD-456F-97DE-DC17FD9F8F16/element completed (49ms, status: 404)
14:14:44.697773 [DEBUG] WDA GET /session/E9BA8E76-5BCD-456F-97DE-DC17FD9F8F16/source
14:14:45.011234 [DEBUG] WDA GET /session/E9BA8E76-5BCD-456F-97DE-DC17FD9F8F16/source completed (313ms, status: 200)
14:14:45.011598 [DEBUG] WDA POST /session/E9BA8E76-5BCD-456F-97DE-DC17FD9F8F16/element body={"using":"predicate string","value":"(label CONTAINS[c] 'Loaded after delay' OR name CONTAINS[c] 'Lo...
14:14:45.042105 [DEBUG] WDA POST /session/E9BA8E76-5BCD-456F-97DE-DC17FD9F8F16/element completed (30ms, status: 404)
14:14:45.042178 [DEBUG] WDA GET /session/E9BA8E76-5BCD-456F-97DE-DC17FD9F8F16/source
14:14:45.343991 [DEBUG] WDA GET /session/E9BA8E76-5BCD-456F-97DE-DC17FD9F8F16/source completed (301ms, status: 200)
14:14:45.344326 [DEBUG] WDA POST /session/E9BA8E76-5BCD-456F-97DE-DC17FD9F8F16/element body={"using":"predicate string","value":"(label CONTAINS[c] 'Loaded after delay' OR name CONTAINS[c] 'Lo...
14:14:45.405650 [DEBUG] WDA POST /session/E9BA8E76-5BCD-456F-97DE-DC17FD9F8F16/element completed (61ms, status: 200)
14:14:45.405713 [DEBUG] WDA GET /session/E9BA8E76-5BCD-456F-97DE-DC17FD9F8F16/element/5E010000-0000-0000-1C91-000000000000/name
14:14:45.405744 [DEBUG] WDA GET /session/E9BA8E76-5BCD-456F-97DE-DC17FD9F8F16/element/5E010000-0000-0000-1C91-000000000000/rect
14:14:45.405781 [DEBUG] WDA GET /session/E9BA8E76-5BCD-456F-97DE-DC17FD9F8F16/element/5E010000-0000-0000-1C91-000000000000/text
14:14:45.405856 [DEBUG] WDA GET /session/E9BA8E76-5BCD-456F-97DE-DC17FD9F8F16/element/5E010000-0000-0000-1C91-000000000000/displayed
14:14:45.435444 [DEBUG] WDA GET /session/E9BA8E76-5BCD-456F-97DE-DC17FD9F8F16/element/5E010000-0000-0000-1C91-000000000000/name completed (29ms, status: 200)
14:14:45.463280 [DEBUG] WDA GET /session/E9BA8E76-5BCD-456F-97DE-DC17FD9F8F16/element/5E010000-0000-0000-1C91-000000000000/rect completed (57ms, status: 200)
14:14:45.494959 [DEBUG] WDA GET /session/E9BA8E76-5BCD-456F-97DE-DC17FD9F8F16/element/5E010000-0000-0000-1C91-000000000000/displayed completed (89ms, status: 200)
14:14:45.521651 [DEBUG] WDA GET /session/E9BA8E76-5BCD-456F-97DE-DC17FD9F8F16/element/5E010000-0000-0000-1C91-000000000000/text completed (115ms, status: 200)
14:14:45.521712 [DEBUG] Step 4 completed successfully (2778ms): extendedWaitUntil: visible text="Loaded after delay"
14:14:45.522036 [DEBUG] Executing step 5: takeScreenshot
14:14:45.522191 [DEBUG] WDA GET /session/E9BA8E76-5BCD-456F-97DE-DC17FD9F8F16/screenshot
14:14:45.586051 [DEBUG] WDA GET /session/E9BA8E76-5BCD-456F-97DE-DC17FD9F8F16/screenshot completed (63ms, status: 200)
14:14:45.587051 [DEBUG] Step 5 completed successfully (65ms): takeScreenshot
14:14:45.588084 [INFO] === Flow completed: 11-slow (status: passed, duration: 10752ms, passed: 6, failed: 0, skipped: 0) ===
14:14:45.589112 [INFO] Flow execution completed: 1 passed, 0 failed, 0 skipped
14:14:45.589192 [INFO] Generating reports...
14:14:45.589634 [INFO] Shutting down devices started by maestro-runner...
14:14:45.589645 [INFO] Shutting down all tracked emulators
14:14:45.589650 [INFO] Shutting down all tracked simulators
