Resolved: scheme=Landmarks (UI Testing) simulator=qa-ios-1 screens=0 flows=1
Preparing runner...
Runner ready
Booting simulator: qa-ios-1
Simulator booted: qa-ios-1 (6EEDCB1A-E693-488A-B34C-5A0AB5DE9400)
Skipping build and install (--no-build)
Running 1 flow(s)...
Running 1 flow(s) in one GrantivaAgent session: qa/exact.yaml

  grantiva-runner 1.1.18-grantiva.7 - by Grantiva
  Fast, lightweight UI test runner


Setup
────────────────────────────────────────
  ✓ Found 1 test flow(s)
  ✓ Report directory: /Users/kyle/Developer/grantiva-cli/.worktrees/qa-ios/findings/evidence/IOS-078/rep-exact

Execution
────────────────────────────────────────
  ⏳ Checking GrantivaAgent installation...
  ✓ GrantivaAgent installed
  ⏳ Building GrantivaAgent...
  ✓ Using cached GrantivaAgent build (sim-ios26.0-iphone)
  ✓ GrantivaAgent built
  ⏳ Starting GrantivaAgent...
Starting GrantivaAgent...
GrantivaAgent started
  ✓ GrantivaAgent started
  ✓ GrantivaAgent port: 8876

  [1/1] exact (exact.yaml)
────────────────────────────────────────────────────────────
    ✓ launchApp (2.2s)
    ✓ tapOn: text="Lakes" (1.4s)
    ✗ assertVisible: text="Lake", exact=true (12.2s)
      ╰─ Element not visible: text='Lake' (cause: context deadline exceeded: no elements match selector; closest on-screen texts: "Lakes", "Mono Lake", "Lake Tahoe")
✗ exact 18.9s

  [1/1] exact (qa/exact.yaml) - Device: qa-ios-1 (ios 26.0 Simulator)
  ────────────────────────────────────────────────────────────
    ✓ launchApp (2.2s)
    ✓ tapOn (1.4s)
    ✗ assertVisible (12.7s)
      ╰─ Element not visible: text='Lake' (cause: context deadline exceeded: no elements match selector; closest on-screen texts: "Lakes", "Mono Lake", "Lake Tahoe")
✗ exact 16.3s

  2 steps passing (18.9s)
  1 steps failing

════════════════════════════════════════════════════════════════════════════════════════════════════════════════════
  Flow                           Status   Steps   Pass   Fail   Skip   Duration  Device
────────────────────────────────────────────────────────────────────────────────────────────────────────────────────
  exact                          ✗ FAIL       3      2      1      0      18.9s  qa-ios-1 (ios 26.0 Simulator)
────────────────────────────────────────────────────────────────────────────────────────────────────────────────────
  TOTAL                             0/1       3      2      1      0      18.9s
════════════════════════════════════════════════════════════════════════════════════════════════════════════════════

  ✓ Tests completed. Generating reports...

  Reports: /Users/kyle/Developer/grantiva-cli/.worktrees/qa-ios/findings/evidence/IOS-078/rep-exact
    ├── report.json
    ├── junit-report.xml
    └── allure-results/

  Paths:
    JSON:   /Users/kyle/Developer/grantiva-cli/.worktrees/qa-ios/findings/evidence/IOS-078/rep-exact/report.json
    JUnit:  /Users/kyle/Developer/grantiva-cli/.worktrees/qa-ios/findings/evidence/IOS-078/rep-exact/junit-report.xml
    Allure: /Users/kyle/Developer/grantiva-cli/.worktrees/qa-ios/findings/evidence/IOS-078/rep-exact/allure-results

  Built by Grantiva

Failure screenshot: /Users/kyle/Developer/grantiva-cli/.worktrees/qa-ios/findings/evidence/IOS-078/rep-exact/captures/failure-1791581140.png
Error: Runner failed (exit 1):
 exited with code 1
