Resolved: scheme=Landmarks (UI Testing) simulator=93DF5345-8494-4C57-B374-10224C07ED41 screens=0 flows=1
Preparing runner...
Runner ready
Booting simulator: 93DF5345-8494-4C57-B374-10224C07ED41
Simulator booted: qa-ios-1 (93DF5345-8494-4C57-B374-10224C07ED41)
Skipping build and install (--no-build)
Running 1 flow(s)...
Running 1 flow(s) in one GrantivaAgent session: .maestro/09-seed-empty.yaml

  grantiva-runner 1.1.18-grantiva.7 - by Grantiva
  Fast, lightweight UI test runner


Setup
────────────────────────────────────────
  ✓ Found 1 test flow(s)
  ✓ Report directory: /Users/kyle/Developer/grantiva-cli/.worktrees/qa-ios/findings/evidence/triage/09-seed-empty

Execution
────────────────────────────────────────
  ⏳ Checking GrantivaAgent installation...
  ✓ GrantivaAgent installed
  ⏳ Building GrantivaAgent...
  ✓ Using cached GrantivaAgent build (sim-ios26.0-iphone)
  ✓ GrantivaAgent built
  ⏳ Starting GrantivaAgent...
Starting GrantivaAgent...
GrantivaAgent started
  ✓ GrantivaAgent started
  ✓ GrantivaAgent port: 8485

  [1/1] 09-seed-empty (09-seed-empty.yaml)
────────────────────────────────────────────────────────────
    ✓ launchApp (2.1s)
    ✗ assertVisible: text="No landmarks yet" (17.2s)
      ╰─ Element not visible: text='No landmarks yet' (cause: context deadline exceeded: no elements match selector; closest on-screen texts: "Landmarks", "All Landmarks", "road.lanes")
✗ 09-seed-empty 21.9s

  [1/1] 09-seed-empty (.maestro/09-seed-empty.yaml) - Device: qa-ios-1 (ios 26.0 Simulator)
  ────────────────────────────────────────────────────────────
    ✓ launchApp (2.1s)
    ✗ assertVisible (18.0s)
      ╰─ Element not visible: text='No landmarks yet' (cause: context deadline exceeded: no elements match selector; closest on-screen texts: "Landmarks", "All Landmarks", "road.lanes")
    ✗ takeScreenshot (0ms)
✗ 09-seed-empty 20.1s

  1 steps passing (21.9s)
  1 steps failing
  1 steps skipped

════════════════════════════════════════════════════════════════════════════════════════════════════════════════════
  Flow                           Status   Steps   Pass   Fail   Skip   Duration  Device
────────────────────────────────────────────────────────────────────────────────────────────────────────────────────
  09-seed-empty                  ✗ FAIL       3      1      1      1      21.9s  qa-ios-1 (ios 26.0 Simulator)
────────────────────────────────────────────────────────────────────────────────────────────────────────────────────
  TOTAL                             0/1       3      1      1      1      21.9s
════════════════════════════════════════════════════════════════════════════════════════════════════════════════════

  ✓ Tests completed. Generating reports...

  Reports: /Users/kyle/Developer/grantiva-cli/.worktrees/qa-ios/findings/evidence/triage/09-seed-empty
    ├── report.json
    ├── junit-report.xml
    └── allure-results/

  Paths:
    JSON:   /Users/kyle/Developer/grantiva-cli/.worktrees/qa-ios/findings/evidence/triage/09-seed-empty/report.json
    JUnit:  /Users/kyle/Developer/grantiva-cli/.worktrees/qa-ios/findings/evidence/triage/09-seed-empty/junit-report.xml
    Allure: /Users/kyle/Developer/grantiva-cli/.worktrees/qa-ios/findings/evidence/triage/09-seed-empty/allure-results

  Built by Grantiva

Failure screenshot: /Users/kyle/Developer/grantiva-cli/.worktrees/qa-ios/findings/evidence/triage/09-seed-empty/captures/failure-1791582589.png
Error: Runner failed (exit 1):
 exited with code 1
