
  grantiva-runner 1.1.18-grantiva.7 - by Grantiva
  Fast, lightweight UI test runner


Setup
────────────────────────────────────────
  ✓ Found 1 test flow(s)
  ✓ Report directory: /var/folders/jv/76l6crmx6nl3hf150gzry_ym0000gn/T/grantiva-report-66713B8F-A12D-47BD-B74D-206002AA75F4

Execution
────────────────────────────────────────
  ⏳ Checking GrantivaAgent installation...
  ✓ GrantivaAgent installed
  ⏳ Building GrantivaAgent...
  ✓ Using cached GrantivaAgent build (sim-ios26.0-iphone)
  ✓ GrantivaAgent built
  ⏳ Starting GrantivaAgent...
Starting GrantivaAgent...
GrantivaAgent started
  ✓ GrantivaAgent started
  ✓ GrantivaAgent port: 8485

  [1/1] flow (flow.yaml)
────────────────────────────────────────────────────────────
    ✓ launchApp (2.0s)
    ✓ takeScreenshot (84ms)
    ✓ tapOn: text="Favorites" (1.1s)
    ✓ takeScreenshot (70ms)
    ✓ tapOn: text="Deep Links" (555ms)
    ✓ takeScreenshot (83ms)
    ✓ tapOn: text="Landmarks" (871ms)
    ✓ tapOn: text="Lakes" (882ms)
    ✓ takeScreenshot (70ms)
    ✓ tapOn: text="Landmarks" (835ms)
    ✓ tapOn: text="Golden Gate Bridge" (951ms)
    ✓ assertVisible: text="Plan Visit" (370ms)
    ✓ takeScreenshot (93ms)
✓ flow 10.7s

  [1/1] flow (/var/folders/jv/76l6crmx6nl3hf150gzry_ym0000gn/T/grantiva-flows-53B69AED-88F2-4C5B-9D35-B70ABB3BF069/flow.yaml) - Device: qa-ios-1 (ios 26.0 Simulator)
  ────────────────────────────────────────────────────────────
    ✓ launchApp (2.0s)
    ✓ takeScreenshot (84ms)
    ✓ tapOn (1.1s)
    ✓ takeScreenshot (70ms)
    ✓ tapOn (555ms)
    ✓ takeScreenshot (83ms)
    ✓ tapOn (871ms)
    ✓ tapOn (882ms)
    ✓ takeScreenshot (70ms)
    ✓ tapOn (835ms)
    ✓ tapOn (951ms)
    ✓ assertVisible (370ms)
    ✓ takeScreenshot (93ms)
✓ flow 7.9s

  13 steps passing (10.7s)

════════════════════════════════════════════════════════════════════════════════════════════════════════════════════
  Flow                           Status   Steps   Pass   Fail   Skip   Duration  Device
────────────────────────────────────────────────────────────────────────────────────────────────────────────────────
  flow                           ✓ PASS      13     13      0      0      10.7s  qa-ios-1 (ios 26.0 Simulator)
────────────────────────────────────────────────────────────────────────────────────────────────────────────────────
  TOTAL                             1/1      13     13      0      0      10.7s
════════════════════════════════════════════════════════════════════════════════════════════════════════════════════

  ✓ Tests completed. Generating reports...

  Reports: /var/folders/jv/76l6crmx6nl3hf150gzry_ym0000gn/T/grantiva-report-66713B8F-A12D-47BD-B74D-206002AA75F4
    ├── report.json
    ├── junit-report.xml
    └── allure-results/

  Paths:
    JSON:   /var/folders/jv/76l6crmx6nl3hf150gzry_ym0000gn/T/grantiva-report-66713B8F-A12D-47BD-B74D-206002AA75F4/report.json
    JUnit:  /var/folders/jv/76l6crmx6nl3hf150gzry_ym0000gn/T/grantiva-report-66713B8F-A12D-47BD-B74D-206002AA75F4/junit-report.xml
    Allure: /var/folders/jv/76l6crmx6nl3hf150gzry_ym0000gn/T/grantiva-report-66713B8F-A12D-47BD-B74D-206002AA75F4/allure-results

  Built by Grantiva

