
  grantiva-runner 1.1.18-grantiva.7 - by Grantiva
  Fast, lightweight UI test runner


Setup
────────────────────────────────────────
  ✓ Found 1 test flow(s)
  ✓ Report directory: /var/folders/jv/76l6crmx6nl3hf150gzry_ym0000gn/T/grantiva-report-5F7B2CE2-5B20-421A-BF43-FF0BA6BEBBBE

Execution
────────────────────────────────────────
  ⏳ Checking GrantivaAgent installation...
  ✓ GrantivaAgent installed
  ⏳ Building GrantivaAgent...
  ✓ Using cached GrantivaAgent build (sim-ios26.0-iphone)
  ✓ GrantivaAgent built
  ⏳ Starting GrantivaAgent...
Starting GrantivaAgent...
GrantivaAgent started
  ✓ GrantivaAgent started
  ✓ GrantivaAgent port: 8485

  [1/1] flow (flow.yaml)
────────────────────────────────────────────────────────────
    ✓ launchApp (2.0s)
    ✓ takeScreenshot (85ms)
    ✓ tapOn: text="Favorites" (968ms)
    ✓ takeScreenshot (75ms)
    ✓ tapOn: text="Deep Links" (564ms)
    ✓ takeScreenshot (73ms)
    ✓ tapOn: text="Landmarks" (875ms)
    ✓ tapOn: text="Lakes" (913ms)
    ✓ takeScreenshot (62ms)
    ✓ tapOn: text="Landmarks" (808ms)
    ✓ tapOn: text="Golden Gate Bridge" (943ms)
    ✓ assertVisible: text="Plan Visit" (393ms)
    ✓ takeScreenshot (98ms)
✓ flow 10.6s

  [1/1] flow (/var/folders/jv/76l6crmx6nl3hf150gzry_ym0000gn/T/grantiva-flows-195D111C-363B-42A6-9D0C-5B8CE5E53C3B/flow.yaml) - Device: qa-ios-1 (ios 26.0 Simulator)
  ────────────────────────────────────────────────────────────
    ✓ launchApp (2.0s)
    ✓ takeScreenshot (85ms)
    ✓ tapOn (968ms)
    ✓ takeScreenshot (75ms)
    ✓ tapOn (564ms)
    ✓ takeScreenshot (73ms)
    ✓ tapOn (875ms)
    ✓ tapOn (912ms)
    ✓ takeScreenshot (62ms)
    ✓ tapOn (808ms)
    ✓ tapOn (943ms)
    ✓ assertVisible (393ms)
    ✓ takeScreenshot (98ms)
✓ flow 7.8s

  13 steps passing (10.6s)

════════════════════════════════════════════════════════════════════════════════════════════════════════════════════
  Flow                           Status   Steps   Pass   Fail   Skip   Duration  Device
────────────────────────────────────────────────────────────────────────────────────────────────────────────────────
  flow                           ✓ PASS      13     13      0      0      10.6s  qa-ios-1 (ios 26.0 Simulator)
────────────────────────────────────────────────────────────────────────────────────────────────────────────────────
  TOTAL                             1/1      13     13      0      0      10.6s
════════════════════════════════════════════════════════════════════════════════════════════════════════════════════

  ✓ Tests completed. Generating reports...

  Reports: /var/folders/jv/76l6crmx6nl3hf150gzry_ym0000gn/T/grantiva-report-5F7B2CE2-5B20-421A-BF43-FF0BA6BEBBBE
    ├── report.json
    ├── junit-report.xml
    └── allure-results/

  Paths:
    JSON:   /var/folders/jv/76l6crmx6nl3hf150gzry_ym0000gn/T/grantiva-report-5F7B2CE2-5B20-421A-BF43-FF0BA6BEBBBE/report.json
    JUnit:  /var/folders/jv/76l6crmx6nl3hf150gzry_ym0000gn/T/grantiva-report-5F7B2CE2-5B20-421A-BF43-FF0BA6BEBBBE/junit-report.xml
    Allure: /var/folders/jv/76l6crmx6nl3hf150gzry_ym0000gn/T/grantiva-report-5F7B2CE2-5B20-421A-BF43-FF0BA6BEBBBE/allure-results

  Built by Grantiva

