
  grantiva-runner 1.1.18-grantiva.7 - by Grantiva
  Fast, lightweight UI test runner


Setup
────────────────────────────────────────
  ✓ Found 1 test flow(s)
  ✓ Report directory: /var/folders/jv/76l6crmx6nl3hf150gzry_ym0000gn/T/grantiva-report-4AF1DB30-EB11-4A68-BFD5-96C97E6091E8

Execution
────────────────────────────────────────
  ⏳ Checking GrantivaAgent installation...
  ✓ GrantivaAgent installed
  ⏳ Building GrantivaAgent...
  ✓ Using cached GrantivaAgent build (sim-ios26.0-iphone)
  ✓ GrantivaAgent built
  ⏳ Starting GrantivaAgent...
Starting GrantivaAgent...
GrantivaAgent started
  ✓ GrantivaAgent started
  ✓ GrantivaAgent port: 8485

  [1/1] flow (flow.yaml)
────────────────────────────────────────────────────────────
    ✓ launchApp (2.0s)
    ✓ takeScreenshot (75ms)
    ✓ tapOn: text="Favorites" (1.0s)
    ✓ takeScreenshot (66ms)
    ✓ tapOn: text="Deep Links" (569ms)
    ✓ takeScreenshot (94ms)
    ✓ tapOn: text="Landmarks" (886ms)
    ✓ tapOn: text="Lakes" (893ms)
    ✓ takeScreenshot (67ms)
    ✓ tapOn: text="Landmarks" (914ms)
    ✓ tapOn: text="Golden Gate Bridge" (934ms)
    ✓ assertVisible: text="Plan Visit" (401ms)
    ✓ takeScreenshot (93ms)
✓ flow 10.7s

  [1/1] flow (/var/folders/jv/76l6crmx6nl3hf150gzry_ym0000gn/T/grantiva-flows-60F5597F-EEA0-4795-B10B-A58CF85E85A6/flow.yaml) - Device: qa-ios-1 (ios 26.0 Simulator)
  ────────────────────────────────────────────────────────────
    ✓ launchApp (2.0s)
    ✓ takeScreenshot (75ms)
    ✓ tapOn (1.0s)
    ✓ takeScreenshot (66ms)
    ✓ tapOn (569ms)
    ✓ takeScreenshot (94ms)
    ✓ tapOn (886ms)
    ✓ tapOn (893ms)
    ✓ takeScreenshot (67ms)
    ✓ tapOn (914ms)
    ✓ tapOn (934ms)
    ✓ assertVisible (401ms)
    ✓ takeScreenshot (93ms)
✓ flow 8.0s

  13 steps passing (10.7s)

════════════════════════════════════════════════════════════════════════════════════════════════════════════════════
  Flow                           Status   Steps   Pass   Fail   Skip   Duration  Device
────────────────────────────────────────────────────────────────────────────────────────────────────────────────────
  flow                           ✓ PASS      13     13      0      0      10.7s  qa-ios-1 (ios 26.0 Simulator)
────────────────────────────────────────────────────────────────────────────────────────────────────────────────────
  TOTAL                             1/1      13     13      0      0      10.7s
════════════════════════════════════════════════════════════════════════════════════════════════════════════════════

  ✓ Tests completed. Generating reports...

  Reports: /var/folders/jv/76l6crmx6nl3hf150gzry_ym0000gn/T/grantiva-report-4AF1DB30-EB11-4A68-BFD5-96C97E6091E8
    ├── report.json
    ├── junit-report.xml
    └── allure-results/

  Paths:
    JSON:   /var/folders/jv/76l6crmx6nl3hf150gzry_ym0000gn/T/grantiva-report-4AF1DB30-EB11-4A68-BFD5-96C97E6091E8/report.json
    JUnit:  /var/folders/jv/76l6crmx6nl3hf150gzry_ym0000gn/T/grantiva-report-4AF1DB30-EB11-4A68-BFD5-96C97E6091E8/junit-report.xml
    Allure: /var/folders/jv/76l6crmx6nl3hf150gzry_ym0000gn/T/grantiva-report-4AF1DB30-EB11-4A68-BFD5-96C97E6091E8/allure-results

  Built by Grantiva

