
  grantiva-runner 1.1.18-grantiva.7 - by Grantiva
  Fast, lightweight UI test runner


Setup
────────────────────────────────────────
  ✓ Found 1 test flow(s)
  ✓ Report directory: /var/folders/jv/76l6crmx6nl3hf150gzry_ym0000gn/T/grantiva-report-AD969D25-B495-4713-8E06-94F22D2BC024

Execution
────────────────────────────────────────
  ⏳ Checking GrantivaAgent installation...
  ✓ GrantivaAgent installed
  ⏳ Building GrantivaAgent...
  ✓ Using cached GrantivaAgent build (sim-ios26.0-iphone)
  ✓ GrantivaAgent built
  ⏳ Starting GrantivaAgent...
Starting GrantivaAgent...
GrantivaAgent started
  ✓ GrantivaAgent started
  ✓ GrantivaAgent port: 8485

  [1/1] flow (flow.yaml)
────────────────────────────────────────────────────────────
    ✓ launchApp (2.0s)
    ✓ takeScreenshot (86ms)
    ✓ tapOn: text="Favorites" (1.8s)
    ✓ takeScreenshot (64ms)
    ✓ tapOn: text="Deep Links" (609ms)
    ✓ takeScreenshot (117ms)
    ✓ tapOn: text="Landmarks" (845ms)
    ✓ tapOn: text="Lakes" (906ms)
    ✓ takeScreenshot (66ms)
    ✓ tapOn: text="Landmarks" (811ms)
    ✓ tapOn: text="Golden Gate Bridge" (927ms)
    ✓ assertVisible: text="Plan Visit" (373ms)
    ✓ takeScreenshot (94ms)
✓ flow 11.5s

  [1/1] flow (/var/folders/jv/76l6crmx6nl3hf150gzry_ym0000gn/T/grantiva-flows-A2CA0F7C-7F9B-400B-A926-2A3416A139DB/flow.yaml) - Device: qa-ios-1 (ios 26.0 Simulator)
  ────────────────────────────────────────────────────────────
    ✓ launchApp (2.0s)
    ✓ takeScreenshot (86ms)
    ✓ tapOn (1.8s)
    ✓ takeScreenshot (64ms)
    ✓ tapOn (609ms)
    ✓ takeScreenshot (117ms)
    ✓ tapOn (845ms)
    ✓ tapOn (906ms)
    ✓ takeScreenshot (66ms)
    ✓ tapOn (811ms)
    ✓ tapOn (927ms)
    ✓ assertVisible (373ms)
    ✓ takeScreenshot (94ms)
✓ flow 8.7s

  13 steps passing (11.5s)

════════════════════════════════════════════════════════════════════════════════════════════════════════════════════
  Flow                           Status   Steps   Pass   Fail   Skip   Duration  Device
────────────────────────────────────────────────────────────────────────────────────────────────────────────────────
  flow                           ✓ PASS      13     13      0      0      11.5s  qa-ios-1 (ios 26.0 Simulator)
────────────────────────────────────────────────────────────────────────────────────────────────────────────────────
  TOTAL                             1/1      13     13      0      0      11.5s
════════════════════════════════════════════════════════════════════════════════════════════════════════════════════

  ✓ Tests completed. Generating reports...

  Reports: /var/folders/jv/76l6crmx6nl3hf150gzry_ym0000gn/T/grantiva-report-AD969D25-B495-4713-8E06-94F22D2BC024
    ├── report.json
    ├── junit-report.xml
    └── allure-results/

  Paths:
    JSON:   /var/folders/jv/76l6crmx6nl3hf150gzry_ym0000gn/T/grantiva-report-AD969D25-B495-4713-8E06-94F22D2BC024/report.json
    JUnit:  /var/folders/jv/76l6crmx6nl3hf150gzry_ym0000gn/T/grantiva-report-AD969D25-B495-4713-8E06-94F22D2BC024/junit-report.xml
    Allure: /var/folders/jv/76l6crmx6nl3hf150gzry_ym0000gn/T/grantiva-report-AD969D25-B495-4713-8E06-94F22D2BC024/allure-results

  Built by Grantiva

