Resolved: scheme=Landmarks (UI Testing) simulator=93DF5345-8494-4C57-B374-10224C07ED41 screens=0 flows=1
Preparing runner...
Runner ready
Booting simulator: 93DF5345-8494-4C57-B374-10224C07ED41
Simulator booted: qa-ios-1 (93DF5345-8494-4C57-B374-10224C07ED41)
Skipping build and install (--no-build)
Running 1 flow(s)...
Running 1 flow(s) in one GrantivaAgent session: .maestro/04-discard.yaml

  grantiva-runner 1.1.18-grantiva.7 - by Grantiva
  Fast, lightweight UI test runner


Setup
────────────────────────────────────────
  ✓ Found 1 test flow(s)
  ✓ Report directory: /var/folders/jv/76l6crmx6nl3hf150gzry_ym0000gn/T/grantiva-report-092DFE02-EFDA-4CEA-B90E-39C9B9907C9D

Execution
────────────────────────────────────────
  ⏳ Checking GrantivaAgent installation...
  ✓ GrantivaAgent installed
  ⏳ Building GrantivaAgent...
  ✓ Using cached GrantivaAgent build (sim-ios26.0-iphone)
  ✓ GrantivaAgent built
  ⏳ Starting GrantivaAgent...
Starting GrantivaAgent...
GrantivaAgent started
  ✓ GrantivaAgent started
  ✓ GrantivaAgent port: 8485

  [1/1] 04-discard (04-discard.yaml)
────────────────────────────────────────────────────────────
    ✓ launchApp (2.0s)
    ✓ tapOn: text="Deep Links" (1.6s)
    ✓ tapOn: text="Edit Landmark" (844ms)
    ✓ tapOn: text="Location" (867ms)
    ✓ inputText: "X" (277ms)
    ✓ tapOn: text="Cancel" (867ms)
    ✓ assertVisible: text="You have unsaved changes that will be lost." (762ms)
    ✓ takeScreenshot (73ms)
    ✓ tapOn: text="Keep Editing" (788ms)
    ✓ assertVisible: text="Edit Landmark" (360ms)
    ✓ tapOn: text="Cancel" (860ms)
    ✓ tapOn: text="Discard" (1.3s)
    ✓ assertVisible: text="Deep Links" (1.6s)
✓ 04-discard 15.0s

  [1/1] 04-discard (.maestro/04-discard.yaml) - Device: qa-ios-1 (ios 26.0 Simulator)
  ────────────────────────────────────────────────────────────
    ✓ launchApp (2.0s)
    ✓ tapOn (1.6s)
    ✓ tapOn (844ms)
    ✓ tapOn (867ms)
    ✓ inputText (277ms)
    ✓ tapOn (867ms)
    ✓ assertVisible (762ms)
    ✓ takeScreenshot (73ms)
    ✓ tapOn (788ms)
    ✓ assertVisible (359ms)
    ✓ tapOn (860ms)
    ✓ tapOn (1.3s)
    ✓ assertVisible (1.6s)
✓ 04-discard 12.2s

  13 steps passing (15.0s)

════════════════════════════════════════════════════════════════════════════════════════════════════════════════════
  Flow                           Status   Steps   Pass   Fail   Skip   Duration  Device
────────────────────────────────────────────────────────────────────────────────────────────────────────────────────
  04-discard                     ✓ PASS      13     13      0      0      15.0s  qa-ios-1 (ios 26.0 Simulator)
────────────────────────────────────────────────────────────────────────────────────────────────────────────────────
  TOTAL                             1/1      13     13      0      0      15.0s
════════════════════════════════════════════════════════════════════════════════════════════════════════════════════

  ✓ Tests completed. Generating reports...

  Reports: /var/folders/jv/76l6crmx6nl3hf150gzry_ym0000gn/T/grantiva-report-092DFE02-EFDA-4CEA-B90E-39C9B9907C9D
    ├── report.json
    ├── junit-report.xml
    └── allure-results/

  Paths:
    JSON:   /var/folders/jv/76l6crmx6nl3hf150gzry_ym0000gn/T/grantiva-report-092DFE02-EFDA-4CEA-B90E-39C9B9907C9D/report.json
    JUnit:  /var/folders/jv/76l6crmx6nl3hf150gzry_ym0000gn/T/grantiva-report-092DFE02-EFDA-4CEA-B90E-39C9B9907C9D/junit-report.xml
    Allure: /var/folders/jv/76l6crmx6nl3hf150gzry_ym0000gn/T/grantiva-report-092DFE02-EFDA-4CEA-B90E-39C9B9907C9D/allure-results

  Built by Grantiva

