Resolved: scheme=Landmarks (UI Testing) simulator=93DF5345-8494-4C57-B374-10224C07ED41 screens=0 flows=1
Preparing runner...
Runner ready
Booting simulator: 93DF5345-8494-4C57-B374-10224C07ED41
Simulator booted: qa-ios-1 (93DF5345-8494-4C57-B374-10224C07ED41)
Skipping build and install (--no-build)
Running 1 flow(s)...
Running 1 flow(s) in one GrantivaAgent session: .maestro/04-discard.yaml

  grantiva-runner 1.1.18-grantiva.7 - by Grantiva
  Fast, lightweight UI test runner


Setup
────────────────────────────────────────
  ✓ Found 1 test flow(s)
  ✓ Report directory: /var/folders/jv/76l6crmx6nl3hf150gzry_ym0000gn/T/grantiva-report-DEEBF120-0480-402D-9483-ED68CC88C011

Execution
────────────────────────────────────────
  ⏳ Checking GrantivaAgent installation...
  ✓ GrantivaAgent installed
  ⏳ Building GrantivaAgent...
  ✓ Using cached GrantivaAgent build (sim-ios26.0-iphone)
  ✓ GrantivaAgent built
  ⏳ Starting GrantivaAgent...
Starting GrantivaAgent...
GrantivaAgent started
  ✓ GrantivaAgent started
  ✓ GrantivaAgent port: 8485

  [1/1] 04-discard (04-discard.yaml)
────────────────────────────────────────────────────────────
    ✓ launchApp (2.0s)
    ✓ tapOn: text="Deep Links" (1.7s)
    ✓ tapOn: text="Edit Landmark" (837ms)
    ✓ tapOn: text="Location" (1.0s)
    ✓ inputText: "X" (280ms)
    ✓ tapOn: text="Cancel" (867ms)
    ✓ assertVisible: text="You have unsaved changes that will be lost." (748ms)
    ✓ takeScreenshot (71ms)
    ✓ tapOn: text="Keep Editing" (802ms)
    ✓ assertVisible: text="Edit Landmark" (373ms)
    ✓ tapOn: text="Cancel" (1.1s)
    ✓ tapOn: text="Discard" (809ms)
    ✓ assertVisible: text="Deep Links" (1.6s)
✓ 04-discard 14.9s

  [1/1] 04-discard (.maestro/04-discard.yaml) - Device: qa-ios-1 (ios 26.0 Simulator)
  ────────────────────────────────────────────────────────────
    ✓ launchApp (2.0s)
    ✓ tapOn (1.7s)
    ✓ tapOn (837ms)
    ✓ tapOn (1.0s)
    ✓ inputText (280ms)
    ✓ tapOn (867ms)
    ✓ assertVisible (748ms)
    ✓ takeScreenshot (71ms)
    ✓ tapOn (802ms)
    ✓ assertVisible (373ms)
    ✓ tapOn (1.1s)
    ✓ tapOn (809ms)
    ✓ assertVisible (1.6s)
✓ 04-discard 12.1s

  13 steps passing (14.9s)

════════════════════════════════════════════════════════════════════════════════════════════════════════════════════
  Flow                           Status   Steps   Pass   Fail   Skip   Duration  Device
────────────────────────────────────────────────────────────────────────────────────────────────────────────────────
  04-discard                     ✓ PASS      13     13      0      0      14.9s  qa-ios-1 (ios 26.0 Simulator)
────────────────────────────────────────────────────────────────────────────────────────────────────────────────────
  TOTAL                             1/1      13     13      0      0      14.9s
════════════════════════════════════════════════════════════════════════════════════════════════════════════════════

  ✓ Tests completed. Generating reports...

  Reports: /var/folders/jv/76l6crmx6nl3hf150gzry_ym0000gn/T/grantiva-report-DEEBF120-0480-402D-9483-ED68CC88C011
    ├── report.json
    ├── junit-report.xml
    └── allure-results/

  Paths:
    JSON:   /var/folders/jv/76l6crmx6nl3hf150gzry_ym0000gn/T/grantiva-report-DEEBF120-0480-402D-9483-ED68CC88C011/report.json
    JUnit:  /var/folders/jv/76l6crmx6nl3hf150gzry_ym0000gn/T/grantiva-report-DEEBF120-0480-402D-9483-ED68CC88C011/junit-report.xml
    Allure: /var/folders/jv/76l6crmx6nl3hf150gzry_ym0000gn/T/grantiva-report-DEEBF120-0480-402D-9483-ED68CC88C011/allure-results

  Built by Grantiva

