<?xml version="1.0" encoding="UTF-8"?>
<XCUIElementTypeApplication type="XCUIElementTypeApplication" name="Landmarks" label="Landmarks" enabled="true" visible="true" accessible="false" x="0" y="0" width="402" height="874" index="0" traits="" processId="24279" bundleId="com.kylebrowning.Landmarks">
  <XCUIElementTypeWindow type="XCUIElementTypeWindow" enabled="true" visible="true" accessible="false" x="0" y="0" width="402" height="874" index="0" traits="">
    <XCUIElementTypeOther type="XCUIElementTypeOther" enabled="true" visible="true" accessible="false" x="0" y="0" width="402" height="874" index="0" traits="">
      <XCUIElementTypeOther type="XCUIElementTypeOther" enabled="true" visible="true" accessible="false" x="0" y="0" width="402" height="874" index="0" traits="">
        <XCUIElementTypeOther type="XCUIElementTypeOther" enabled="true" visible="true" accessible="false" x="0" y="0" width="402" height="874" index="0" traits="">
          <XCUIElementTypeOther type="XCUIElementTypeOther" enabled="true" visible="true" accessible="false" x="0" y="0" width="402" height="874" index="0" traits="">
            <XCUIElementTypeOther type="XCUIElementTypeOther" enabled="true" visible="true" accessible="false" x="0" y="0" width="402" height="874" index="0" traits="">
              <XCUIElementTypeOther type="XCUIElementTypeOther" enabled="true" visible="true" accessible="false" x="0" y="0" width="402" height="874" index="0" traits="">
                <XCUIElementTypeOther type="XCUIElementTypeOther" enabled="true" visible="true" accessible="false" x="0" y="0" width="402" height="874" index="0" traits="">
                  <XCUIElementTypeOther type="XCUIElementTypeOther" enabled="true" visible="true" accessible="false" x="0" y="0" width="402" height="874" index="0" traits="">
                    <XCUIElementTypeOther type="XCUIElementTypeOther" enabled="true" visible="true" accessible="false" x="0" y="0" width="402" height="874" index="0" traits="">
                      <XCUIElementTypeOther type="XCUIElementTypeOther" enabled="true" visible="true" accessible="false" x="0" y="0" width="402" height="874" index="0" traits="">
                        <XCUIElementTypeOther type="XCUIElementTypeOther" enabled="true" visible="true" accessible="false" x="0" y="0" width="402" height="874" index="0" traits="">
                          <XCUIElementTypeNavigationBar type="XCUIElementTypeNavigationBar" name="Golden Gate Bridge" enabled="true" visible="true" accessible="false" x="0" y="62" width="402" height="54" index="0" traits="">
                            <XCUIElementTypeButton type="XCUIElementTypeButton" name="BackButton" label="Landmarks" enabled="true" visible="true" accessible="true" x="16" y="62" width="44" height="44" index="0" traits="Button"/>
                            <XCUIElementTypeStaticText type="XCUIElementTypeStaticText" value="Golden Gate Bridge" name="Golden Gate Bridge" label="Golden Gate Bridge" enabled="true" visible="true" accessible="true" x="123" y="73" width="156" height="22" index="1" traits="Header"/>
                            <XCUIElementTypeOther type="XCUIElementTypeOther" name="heart" label="Favorite" enabled="true" visible="true" accessible="false" x="346" y="66" width="36" height="36" index="2" traits="">
                              <XCUIElementTypeOther type="XCUIElementTypeOther" enabled="true" visible="true" accessible="false" x="346" y="66" width="36" height="36" index="0" traits="">
                                <XCUIElementTypeButton type="XCUIElementTypeButton" name="heart" label="Favorite" enabled="true" visible="true" accessible="true" x="348" y="66" width="32" height="36" index="0" traits="Button"/>
                              </XCUIElementTypeOther>
                            </XCUIElementTypeOther>
                          </XCUIElementTypeNavigationBar>
                          <XCUIElementTypeOther type="XCUIElementTypeOther" enabled="true" visible="true" accessible="false" x="0" y="0" width="402" height="874" index="1" traits="">
                            <XCUIElementTypeOther type="XCUIElementTypeOther" enabled="true" visible="true" accessible="false" x="0" y="0" width="402" height="874" index="0" traits="">
                              <XCUIElementTypeOther type="XCUIElementTypeOther" enabled="true" visible="true" accessible="false" x="0" y="0" width="402" height="874" index="0" traits="">
                                <XCUIElementTypeOther type="XCUIElementTypeOther" enabled="true" visible="false" accessible="false" x="0" y="0" width="402" height="874" index="0" traits="">
                                  <XCUIElementTypeScrollView type="XCUIElementTypeScrollView" enabled="true" visible="true" accessible="false" x="0" y="0" width="402" height="874" index="0" traits="">
                                    <XCUIElementTypeOther type="XCUIElementTypeOther" enabled="true" visible="true" accessible="false" x="0" y="0" width="402" height="171" index="0" traits=""/>
                                    <XCUIElementTypeOther type="XCUIElementTypeOther" enabled="true" visible="true" accessible="false" x="0" y="116" width="402" height="477" index="1" traits="">
                                      <XCUIElementTypeImage type="XCUIElementTypeImage" name="road.lanes" label="road.lanes" enabled="true" visible="true" accessible="true" x="144" y="211" width="114" height="60" index="0" traits="Image"/>
                                      <XCUIElementTypeStaticText type="XCUIElementTypeStaticText" value="Featured" name="Featured" label="Featured" enabled="true" visible="true" accessible="true" x="25" y="272" width="76" height="15" index="1" traits="StaticText"/>
                                      <XCUIElementTypeStaticText type="XCUIElementTypeStaticText" value="Golden Gate Bridge" name="Golden Gate Bridge" label="Golden Gate Bridge" enabled="true" visible="true" accessible="true" x="16" y="294" width="254" height="34" index="2" traits="StaticText"/>
                                      <XCUIElementTypeStaticText type="XCUIElementTypeStaticText" value="San Francisco, CA" name="San Francisco, CA" label="San Francisco, CA" enabled="true" visible="true" accessible="true" x="20" y="332" width="144" height="18" index="3" traits="StaticText"/>
                                      <XCUIElementTypeButton type="XCUIElementTypeButton" name="Bridges" label="Bridges" enabled="true" visible="true" accessible="true" x="16" y="386" width="112" height="30" index="4" traits="Button">
                                        <XCUIElementTypeImage type="XCUIElementTypeImage" name="road.lanes" label="road.lanes" enabled="true" visible="true" accessible="false" x="29" y="395" width="23" height="12" index="0" traits="Image"/>
                                        <XCUIElementTypeStaticText type="XCUIElementTypeStaticText" value="Bridges" name="Bridges" label="Bridges" enabled="true" visible="true" accessible="false" x="16" y="386" width="112" height="30" index="1" traits="StaticText"/>
                                      </XCUIElementTypeButton>
                                      <XCUIElementTypeStaticText type="XCUIElementTypeStaticText" value="About" name="About" label="About" enabled="true" visible="true" accessible="true" x="16" y="432" width="49" height="21" index="5" traits="StaticText"/>
                                      <XCUIElementTypeStaticText type="XCUIElementTypeStaticText" value="An iconic suspension bridge." name="An iconic suspension bridge." label="An iconic suspension bridge." enabled="true" visible="true" accessible="true" x="16" y="468" width="219" height="21" index="6" traits="StaticText"/>
                                      <XCUIElementTypeButton type="XCUIElementTypeButton" name="Plan Visit" label="Plan Visit" enabled="true" visible="true" accessible="true" x="16" y="512" width="370" height="53" index="7" traits="Button"/>
                                    </XCUIElementTypeOther>
                                    <XCUIElementTypeOther type="XCUIElementTypeOther" value="0%" name="Vertical scroll bar, 1 page" label="Vertical scroll bar, 1 page" enabled="true" visible="true" accessible="false" x="369" y="116" width="30" height="696" index="2" traits="Adjustable">
                                      <XCUIElementTypeOther type="XCUIElementTypeOther" enabled="true" visible="true" accessible="false" x="396" y="366" width="3" height="443" index="0" traits=""/>
                                    </XCUIElementTypeOther>
                                    <XCUIElementTypeOther type="XCUIElementTypeOther" value="0%" name="Vertical scroll bar, 1 page" label="Vertical scroll bar, 1 page" enabled="true" visible="true" accessible="false" x="369" y="116" width="30" height="696" index="3" traits="Adjustable">
                                      <XCUIElementTypeOther type="XCUIElementTypeOther" enabled="true" visible="true" accessible="false" x="396" y="366" width="3" height="443" index="0" traits=""/>
                                    </XCUIElementTypeOther>
                                  </XCUIElementTypeScrollView>
                                </XCUIElementTypeOther>
                              </XCUIElementTypeOther>
                            </XCUIElementTypeOther>
                          </XCUIElementTypeOther>
                          <XCUIElementTypeOther type="XCUIElementTypeOther" enabled="true" visible="false" accessible="false" x="0" y="0" width="402" height="874" index="2" traits="">
                            <XCUIElementTypeOther type="XCUIElementTypeOther" enabled="true" visible="false" accessible="false" x="0" y="0" width="402" height="874" index="0" traits=""/>
                          </XCUIElementTypeOther>
                        </XCUIElementTypeOther>
                      </XCUIElementTypeOther>
                    </XCUIElementTypeOther>
                  </XCUIElementTypeOther>
                </XCUIElementTypeOther>
              </XCUIElementTypeOther>
              <XCUIElementTypeOther type="XCUIElementTypeOther" enabled="true" visible="true" accessible="false" x="0" y="791" width="402" height="83" index="1" traits="">
                <XCUIElementTypeOther type="XCUIElementTypeOther" enabled="true" visible="true" accessible="false" x="0" y="0" width="402" height="874" index="0" traits=""/>
                <XCUIElementTypeOther type="XCUIElementTypeOther" enabled="true" visible="true" accessible="false" x="0" y="791" width="402" height="83" index="1" traits=""/>
              </XCUIElementTypeOther>
            </XCUIElementTypeOther>
          </XCUIElementTypeOther>
        </XCUIElementTypeOther>
      </XCUIElementTypeOther>
    </XCUIElementTypeOther>
  </XCUIElementTypeWindow>
  <XCUIElementTypeWindow type="XCUIElementTypeWindow" enabled="true" visible="false" accessible="false" x="0" y="0" width="402" height="874" index="1" traits="">
    <XCUIElementTypeOther type="XCUIElementTypeOther" enabled="true" visible="false" accessible="false" x="0" y="0" width="402" height="874" index="0" traits="">
      <XCUIElementTypeOther type="XCUIElementTypeOther" enabled="true" visible="false" accessible="false" x="0" y="0" width="402" height="874" index="0" traits=""/>
    </XCUIElementTypeOther>
  </XCUIElementTypeWindow>
</XCUIElementTypeApplication>

