Resolved: scheme=Landmarks (UI Testing) simulator=0897A224-E85E-47D7-BC1B-EDA95DD34DC5 screens=0 flows=1
Preparing runner...
Runner ready
Booting simulator: 0897A224-E85E-47D7-BC1B-EDA95DD34DC5
Simulator booted: qa-ios-2 (0897A224-E85E-47D7-BC1B-EDA95DD34DC5)
Skipping build and install (--no-build)
Running 1 flow(s)...
Running 1 flow(s) in one GrantivaAgent session: .maestro/11-slow.yaml

  grantiva-runner 1.1.18-grantiva.7 - by Grantiva
  Fast, lightweight UI test runner


Setup
────────────────────────────────────────
  ✓ Found 1 test flow(s)
  ✓ Report directory: /var/folders/jv/76l6crmx6nl3hf150gzry_ym0000gn/T/grantiva-report-5CE3DC97-74E3-4A4B-9DB1-5E9EE8B23B01

Execution
────────────────────────────────────────
  ⏳ Checking GrantivaAgent installation...
  ✓ GrantivaAgent installed
  ⏳ Building GrantivaAgent...
  ✓ Using cached GrantivaAgent build (sim-ios26.0-iphone)
  ✓ GrantivaAgent built
  ⏳ Starting GrantivaAgent...
Starting GrantivaAgent...
GrantivaAgent started
  ✓ GrantivaAgent started
  ✓ GrantivaAgent port: 8129

  [1/1] 11-slow (11-slow.yaml)
────────────────────────────────────────────────────────────
    ✓ launchApp (2.0s)
    ✓ tapOn: text="Deep Links" (1.0s)
    ✓ tapOn: text="Slow Screen" (870ms)
    ✓ assertVisible: text="Loading…" (363ms)

[grantiva] received SIGINT — releasing simulator and reaping child processes
