Resolved: scheme=Landmarks (UI Testing) simulator=0897A224-E85E-47D7-BC1B-EDA95DD34DC5 screens=0 flows=1
Preparing runner...
Runner ready
Booting simulator: 0897A224-E85E-47D7-BC1B-EDA95DD34DC5
Simulator booted: qa-ios-2 (0897A224-E85E-47D7-BC1B-EDA95DD34DC5)
Skipping build and install (--no-build)
Running 1 flow(s)...
Running 1 flow(s) in one GrantivaAgent session: .maestro/01-browse.yaml

  grantiva-runner 1.1.18-grantiva.7 - by Grantiva
  Fast, lightweight UI test runner


Setup
────────────────────────────────────────
  ✓ Found 1 test flow(s)
  ✓ Report directory: /var/folders/jv/76l6crmx6nl3hf150gzry_ym0000gn/T/grantiva-report-B9B761EC-FC75-4A91-82C7-E48C86ED5ED0

Execution
────────────────────────────────────────
  ⏳ Checking GrantivaAgent installation...
  ✓ GrantivaAgent installed
  ⏳ Building GrantivaAgent...
  ✓ Using cached GrantivaAgent build (sim-ios26.0-iphone)
  ✓ GrantivaAgent built
  ⏳ Starting GrantivaAgent...
Starting GrantivaAgent...
GrantivaAgent started
  ✓ GrantivaAgent started
  ✓ GrantivaAgent port: 8129

  [1/1] 01-browse (01-browse.yaml)
────────────────────────────────────────────────────────────
    ✓ launchApp (2.0s)
    ✓ assertVisible: text="Landmarks" (1.0s)
    ✓ assertVisible: text="Featured" (275ms)
    ✓ takeScreenshot (84ms)
    ✓ tapOn: text="Golden Gate Bridge" (952ms)
    ✓ assertVisible: text="San Francisco, CA" (456ms)
    ✓ assertVisible: text="Plan Visit" (210ms)
    ✓ takeScreenshot (98ms)
✓ 01-browse 6.9s

  [1/1] 01-browse (.maestro/01-browse.yaml) - Device: qa-ios-2 (ios 26.0 Simulator)
  ────────────────────────────────────────────────────────────
    ✓ launchApp (2.0s)
    ✓ assertVisible (1.0s)
    ✓ assertVisible (275ms)
    ✓ takeScreenshot (84ms)
    ✓ tapOn (952ms)
    ✓ assertVisible (456ms)
    ✓ assertVisible (210ms)
    ✓ takeScreenshot (98ms)
✓ 01-browse 5.1s

  8 steps passing (6.9s)

════════════════════════════════════════════════════════════════════════════════════════════════════════════════════
  Flow                           Status   Steps   Pass   Fail   Skip   Duration  Device
────────────────────────────────────────────────────────────────────────────────────────────────────────────────────
  01-browse                      ✓ PASS       8      8      0      0       6.9s  qa-ios-2 (ios 26.0 Simulator)
────────────────────────────────────────────────────────────────────────────────────────────────────────────────────
  TOTAL                             1/1       8      8      0      0       6.9s
════════════════════════════════════════════════════════════════════════════════════════════════════════════════════

  ✓ Tests completed. Generating reports...

  Reports: /var/folders/jv/76l6crmx6nl3hf150gzry_ym0000gn/T/grantiva-report-B9B761EC-FC75-4A91-82C7-E48C86ED5ED0
    ├── report.json
    ├── junit-report.xml
    └── allure-results/

  Paths:
    JSON:   /var/folders/jv/76l6crmx6nl3hf150gzry_ym0000gn/T/grantiva-report-B9B761EC-FC75-4A91-82C7-E48C86ED5ED0/report.json
    JUnit:  /var/folders/jv/76l6crmx6nl3hf150gzry_ym0000gn/T/grantiva-report-B9B761EC-FC75-4A91-82C7-E48C86ED5ED0/junit-report.xml
    Allure: /var/folders/jv/76l6crmx6nl3hf150gzry_ym0000gn/T/grantiva-report-B9B761EC-FC75-4A91-82C7-E48C86ED5ED0/allure-results

  Built by Grantiva

