Capturing 5 screen(s)...

  grantiva-runner 1.1.18-grantiva.7 - by Grantiva
  Fast, lightweight UI test runner


Setup
────────────────────────────────────────
  ✓ Found 1 test flow(s)
  ✓ Report directory: /var/folders/jv/76l6crmx6nl3hf150gzry_ym0000gn/T/grantiva-report-1FD759BA-1979-4A4E-A56F-1790F5542B8C

Execution
────────────────────────────────────────
  ⏳ Checking GrantivaAgent installation...
  ✓ GrantivaAgent installed
  ⏳ Building GrantivaAgent...
  ✓ Using cached GrantivaAgent build (sim-ios26.0-iphone)
  ✓ GrantivaAgent built
  ⏳ Starting GrantivaAgent...
Starting GrantivaAgent...
GrantivaAgent started
  ✓ GrantivaAgent started
  ✓ GrantivaAgent port: 8485

  [1/1] flow (flow.yaml)
────────────────────────────────────────────────────────────
    ✓ launchApp (2.0s)
    ✓ takeScreenshot (84ms)
    ✓ tapOn: text="Favorites" (1.1s)
    ✓ takeScreenshot (68ms)
    ✓ tapOn: text="Deep Links" (568ms)
    ✓ takeScreenshot (81ms)
    ✓ tapOn: text="Landmarks" (870ms)
    ✓ tapOn: text="Lakes" (880ms)
    ✓ takeScreenshot (66ms)
    ✓ tapOn: text="Landmarks" (830ms)
    ✓ tapOn: text="Golden Gate Bridge" (918ms)
    ✗ assertVisible: text="No Such Text QA" (12.0s)
      ╰─ Element not visible: text='No Such Text QA' (cause: context deadline exceeded: no elements match selector; closest on-screen texts: "An iconic suspension bridge.", "Favorite", "Golden Gate Bridge")
✗ flow 22.7s

  [1/1] flow (/var/folders/jv/76l6crmx6nl3hf150gzry_ym0000gn/T/grantiva-flows-ADFED973-583C-47EB-963F-52B90C468FDE/flow.yaml) - Device: qa-ios-1 (ios 26.0 Simulator)
  ────────────────────────────────────────────────────────────
    ✓ launchApp (2.0s)
    ✓ takeScreenshot (84ms)
    ✓ tapOn (1.1s)
    ✓ takeScreenshot (68ms)
    ✓ tapOn (568ms)
    ✓ takeScreenshot (81ms)
    ✓ tapOn (870ms)
    ✓ tapOn (880ms)
    ✓ takeScreenshot (66ms)
    ✓ tapOn (830ms)
    ✓ tapOn (918ms)
    ✗ assertVisible (12.5s)
      ╰─ Element not visible: text='No Such Text QA' (cause: context deadline exceeded: no elements match selector; closest on-screen texts: "An iconic suspension bridge.", "Favorite", "Golden Gate Bridge")
    ✗ takeScreenshot (0ms)
✗ flow 20.0s

  11 steps passing (22.7s)
  1 steps failing
  1 steps skipped

════════════════════════════════════════════════════════════════════════════════════════════════════════════════════
  Flow                           Status   Steps   Pass   Fail   Skip   Duration  Device
────────────────────────────────────────────────────────────────────────────────────────────────────────────────────
  flow                           ✗ FAIL      13     11      1      1      22.7s  qa-ios-1 (ios 26.0 Simulator)
────────────────────────────────────────────────────────────────────────────────────────────────────────────────────
  TOTAL                             0/1      13     11      1      1      22.7s
════════════════════════════════════════════════════════════════════════════════════════════════════════════════════

  ✓ Tests completed. Generating reports...

  Reports: /var/folders/jv/76l6crmx6nl3hf150gzry_ym0000gn/T/grantiva-report-1FD759BA-1979-4A4E-A56F-1790F5542B8C
    ├── report.json
    ├── junit-report.xml
    └── allure-results/

  Paths:
    JSON:   /var/folders/jv/76l6crmx6nl3hf150gzry_ym0000gn/T/grantiva-report-1FD759BA-1979-4A4E-A56F-1790F5542B8C/report.json
    JUnit:  /var/folders/jv/76l6crmx6nl3hf150gzry_ym0000gn/T/grantiva-report-1FD759BA-1979-4A4E-A56F-1790F5542B8C/junit-report.xml
    Allure: /var/folders/jv/76l6crmx6nl3hf150gzry_ym0000gn/T/grantiva-report-1FD759BA-1979-4A4E-A56F-1790F5542B8C/allure-results

  Built by Grantiva

Error: Runner failed (exit 1):
 exited with code 1
