Resolved: scheme=Landmarks (UI Testing) simulator=qa-ios-1 screens=0 flows=1
Preparing runner...
Runner ready
Booting simulator: qa-ios-1
Simulator booted: qa-ios-1 (6EEDCB1A-E693-488A-B34C-5A0AB5DE9400)
Skipping build and install (--no-build)
Running 1 flow(s)...
Running 1 flow(s) in one GrantivaAgent session: .maestro/06-visit.yaml

  grantiva-runner 1.1.18-grantiva.7 - by Grantiva
  Fast, lightweight UI test runner


Setup
────────────────────────────────────────
  ✓ Found 1 test flow(s)
  ✓ Report directory: /Users/kyle/Developer/grantiva-cli/.worktrees/qa-ios/findings/evidence/IOS-059/a4

Execution
────────────────────────────────────────
  ⏳ Checking GrantivaAgent installation...
  ✓ GrantivaAgent installed
  ⏳ Building GrantivaAgent...
  ✓ Using cached GrantivaAgent build (sim-ios26.0-iphone)
  ✓ GrantivaAgent built
  ⏳ Starting GrantivaAgent...
Starting GrantivaAgent...
GrantivaAgent started
  ✓ GrantivaAgent started
  ✓ GrantivaAgent port: 8876

  [1/1] 06-visit (06-visit.yaml)
────────────────────────────────────────────────────────────
    ✗ launchApp (2.2s)
      ╰─ Failed to create session for app: com.kylebrowning.Landmarks — failed to create session: Post "http://localhost:8876/session": dial tcp [::1]:8876: connect: connection refused. Check that WebDriverAgent is still running on http://localhost:8876 and that no other run holds its port. (cause: failed to create session: Post "http://localhost:8876/session": dial tcp [::1]:8876: connect: connection refused)
✗ 06-visit 3.7s

  [1/1] 06-visit (.maestro/06-visit.yaml) - Device: qa-ios-1 (ios 26.0 Simulator)
  ────────────────────────────────────────────────────────────
    ✗ launchApp (2.2s)
      ╰─ Failed to create session for app: com.kylebrowning.Landmarks — failed to create session: Post "http://localhost:8876/session": dial tcp [::1]:8876: connect: connection refused. Check that WebDriverAgent is still running on http://localhost:8876 and that no other run holds its port. (cause: failed to create session: Post "http://localhost:8876/session": dial tcp [::1]:8876: connect: connection refused)
    ✗ tapOn (0ms)
    ✗ tapOn (0ms)
    ✗ assertVisible (0ms)
    ✗ assertVisible (0ms)
    ✗ takeScreenshot (0ms)
    ✗ tapOn (0ms)
    ✗ assertVisible (0ms)
✗ 06-visit 2.2s

  1 steps failing
  7 steps skipped

════════════════════════════════════════════════════════════════════════════════════════════════════════════════════
  Flow                           Status   Steps   Pass   Fail   Skip   Duration  Device
────────────────────────────────────────────────────────────────────────────────────────────────────────────────────
  06-visit                       ✗ FAIL       8      0      1      7       3.7s  qa-ios-1 (ios 26.0 Simulator)
────────────────────────────────────────────────────────────────────────────────────────────────────────────────────
  TOTAL                             0/1       8      0      1      7       3.7s
════════════════════════════════════════════════════════════════════════════════════════════════════════════════════

  ✓ Tests completed. Generating reports...

  Reports: /Users/kyle/Developer/grantiva-cli/.worktrees/qa-ios/findings/evidence/IOS-059/a4
    ├── report.json
    ├── junit-report.xml
    └── allure-results/

  Paths:
    JSON:   /Users/kyle/Developer/grantiva-cli/.worktrees/qa-ios/findings/evidence/IOS-059/a4/report.json
    JUnit:  /Users/kyle/Developer/grantiva-cli/.worktrees/qa-ios/findings/evidence/IOS-059/a4/junit-report.xml
    Allure: /Users/kyle/Developer/grantiva-cli/.worktrees/qa-ios/findings/evidence/IOS-059/a4/allure-results

  Built by Grantiva

Failure screenshot: /Users/kyle/Developer/grantiva-cli/.worktrees/qa-ios/findings/evidence/IOS-059/a4/captures/failure-1791581380.png
Error: Runner failed (exit 1):
 exited with code 1
