Resolved: scheme=Landmarks (UI Testing) simulator=qa-ios-2 screens=0 flows=1
Preparing runner...
Runner ready
Booting simulator: qa-ios-2
Simulator booted: qa-ios-2 (4DAB1D26-5107-4B17-9093-AC2E19DE0403)
Skipping build and install (--no-build)
Running 1 flow(s)...
Running 1 flow(s) in one GrantivaAgent session: .maestro/07-deeplink.yaml

  grantiva-runner 1.1.18-grantiva.7 - by Grantiva
  Fast, lightweight UI test runner


Setup
────────────────────────────────────────
  ✓ Found 1 test flow(s)
  ✓ Report directory: /Users/kyle/Developer/grantiva-cli/.worktrees/qa-ios/findings/evidence/IOS-059/b

Execution
────────────────────────────────────────
  ⏳ Checking GrantivaAgent installation...
  ✓ GrantivaAgent installed
  ⏳ Building GrantivaAgent...
  ✓ Using cached GrantivaAgent build (sim-ios26.0-iphone)
  ✓ GrantivaAgent built
  ⏳ Starting GrantivaAgent...
Starting GrantivaAgent...
GrantivaAgent started
  ✓ GrantivaAgent started
  ✓ GrantivaAgent port: 8607

  [1/1] 07-deeplink (07-deeplink.yaml)
────────────────────────────────────────────────────────────
    ✗ launchApp (2.1s)
      ╰─ Failed to create session for app: com.kylebrowning.Landmarks — failed to create session: Post "http://localhost:8607/session": dial tcp [::1]:8607: connect: connection refused. Check that WebDriverAgent is still running on http://localhost:8607 and that no other run holds its port. (cause: failed to create session: Post "http://localhost:8607/session": dial tcp [::1]:8607: connect: connection refused)
✗ 07-deeplink 3.6s

  [1/1] 07-deeplink (.maestro/07-deeplink.yaml) - Device: qa-ios-2 (ios 26.0 Simulator)
  ────────────────────────────────────────────────────────────
    ✗ launchApp (2.1s)
      ╰─ Failed to create session for app: com.kylebrowning.Landmarks — failed to create session: Post "http://localhost:8607/session": dial tcp [::1]:8607: connect: connection refused. Check that WebDriverAgent is still running on http://localhost:8607 and that no other run holds its port. (cause: failed to create session: Post "http://localhost:8607/session": dial tcp [::1]:8607: connect: connection refused)
    ✗ tapOn (0ms)
    ✗ tapOn (0ms)
    ✗ assertVisible (0ms)
    ✗ takeScreenshot (0ms)
✗ 07-deeplink 2.1s

  1 steps failing
  4 steps skipped

════════════════════════════════════════════════════════════════════════════════════════════════════════════════════
  Flow                           Status   Steps   Pass   Fail   Skip   Duration  Device
────────────────────────────────────────────────────────────────────────────────────────────────────────────────────
  07-deeplink                    ✗ FAIL       5      0      1      4       3.6s  qa-ios-2 (ios 26.0 Simulator)
────────────────────────────────────────────────────────────────────────────────────────────────────────────────────
  TOTAL                             0/1       5      0      1      4       3.6s
════════════════════════════════════════════════════════════════════════════════════════════════════════════════════

  ✓ Tests completed. Generating reports...

  Reports: /Users/kyle/Developer/grantiva-cli/.worktrees/qa-ios/findings/evidence/IOS-059/b
    ├── report.json
    ├── junit-report.xml
    └── allure-results/

  Paths:
    JSON:   /Users/kyle/Developer/grantiva-cli/.worktrees/qa-ios/findings/evidence/IOS-059/b/report.json
    JUnit:  /Users/kyle/Developer/grantiva-cli/.worktrees/qa-ios/findings/evidence/IOS-059/b/junit-report.xml
    Allure: /Users/kyle/Developer/grantiva-cli/.worktrees/qa-ios/findings/evidence/IOS-059/b/allure-results

  Built by Grantiva

Failure screenshot: /Users/kyle/Developer/grantiva-cli/.worktrees/qa-ios/findings/evidence/IOS-059/b/captures/failure-1791581300.png
Error: Runner failed (exit 1):
 exited with code 1
