Resolved: scheme=Landmarks (UI Testing) simulator=qa-ios-2 screens=0 flows=1
Preparing runner...
Runner ready
Booting simulator: qa-ios-2
Simulator booted: qa-ios-2 (4DAB1D26-5107-4B17-9093-AC2E19DE0403)
Skipping build and install (--no-build)
Running 1 flow(s)...
Running 1 flow(s) in one GrantivaAgent session: .maestro/07-deeplink.yaml

  grantiva-runner 1.1.18-grantiva.7 - by Grantiva
  Fast, lightweight UI test runner


Setup
────────────────────────────────────────
  ✓ Found 1 test flow(s)
  ✓ Report directory: /var/folders/jv/76l6crmx6nl3hf150gzry_ym0000gn/T/grantiva-report-ECBF0DB4-5106-46C6-8D2E-B0B4BD0EC295

Execution
────────────────────────────────────────
  ⏳ Checking GrantivaAgent installation...
  ✓ GrantivaAgent installed
  ⏳ Building GrantivaAgent...
  ✓ Using cached GrantivaAgent build (sim-ios26.0-iphone)
  ✓ GrantivaAgent built
  ⏳ Starting GrantivaAgent...
Starting GrantivaAgent...
GrantivaAgent started
  ✓ GrantivaAgent started
  ✓ GrantivaAgent port: 8607

  [1/1] 07-deeplink (07-deeplink.yaml)
────────────────────────────────────────────────────────────
    ✓ launchApp (2.0s)
    ✓ tapOn: text="Deep Links" (1.9s)
    ✓ tapOn: text="landmarks://category/lakes" (847ms)
    ✓ assertVisible: text="Mono Lake" (1.4s)
    ✓ takeScreenshot (66ms)
✓ 07-deeplink 7.9s

  [1/1] 07-deeplink (.maestro/07-deeplink.yaml) - Device: qa-ios-2 (ios 26.0 Simulator)
  ────────────────────────────────────────────────────────────
    ✓ launchApp (2.0s)
    ✓ tapOn (1.9s)
    ✓ tapOn (847ms)
    ✓ assertVisible (1.4s)
    ✓ takeScreenshot (66ms)
✓ 07-deeplink 6.2s

  5 steps passing (7.9s)

════════════════════════════════════════════════════════════════════════════════════════════════════════════════════
  Flow                           Status   Steps   Pass   Fail   Skip   Duration  Device
────────────────────────────────────────────────────────────────────────────────────────────────────────────────────
  07-deeplink                    ✓ PASS       5      5      0      0       7.9s  qa-ios-2 (ios 26.0 Simulator)
────────────────────────────────────────────────────────────────────────────────────────────────────────────────────
  TOTAL                             1/1       5      5      0      0       7.9s
════════════════════════════════════════════════════════════════════════════════════════════════════════════════════

  ✓ Tests completed. Generating reports...

  Reports: /var/folders/jv/76l6crmx6nl3hf150gzry_ym0000gn/T/grantiva-report-ECBF0DB4-5106-46C6-8D2E-B0B4BD0EC295
    ├── report.json
    ├── junit-report.xml
    └── allure-results/

  Paths:
    JSON:   /var/folders/jv/76l6crmx6nl3hf150gzry_ym0000gn/T/grantiva-report-ECBF0DB4-5106-46C6-8D2E-B0B4BD0EC295/report.json
    JUnit:  /var/folders/jv/76l6crmx6nl3hf150gzry_ym0000gn/T/grantiva-report-ECBF0DB4-5106-46C6-8D2E-B0B4BD0EC295/junit-report.xml
    Allure: /var/folders/jv/76l6crmx6nl3hf150gzry_ym0000gn/T/grantiva-report-ECBF0DB4-5106-46C6-8D2E-B0B4BD0EC295/allure-results

  Built by Grantiva

