14:22:05.991623 [INFO] === Test execution started ===
14:22:05.991681 [INFO] Output directory: /Users/kyle/Developer/grantiva-cli/.worktrees/qa-ios/findings/evidence/IOS-072/rep
14:22:05.991686 [INFO] Platform: ios
14:22:05.991690 [INFO] Driver: uiautomator2
14:22:05.991983 [INFO] Validated 2 flow(s)
14:22:06.099037 [INFO] Single device execution mode
14:22:06.099055 [INFO] Starting flow execution (parallel: false, devices: [])
14:22:06.099061 [INFO] Creating driver for single device execution
14:22:06.099065 [INFO] Using specified iOS device: 6EEDCB1A-E693-488A-B34C-5A0AB5DE9400
14:22:06.205284 [INFO] Device 6EEDCB1A-E693-488A-B34C-5A0AB5DE9400 is a simulator
14:22:06.205379 [INFO] Building WDA for device 6EEDCB1A-E693-488A-B34C-5A0AB5DE9400 (team ID: )
14:22:06.425197 [INFO] WDA build completed successfully
14:22:06.425214 [INFO] Starting WDA on device 6EEDCB1A-E693-488A-B34C-5A0AB5DE9400 (port: 8876)
14:22:08.652932 [INFO] WDA started successfully on port 8876
14:22:09.003711 [DEBUG] WDA GET /window/size
14:22:09.088322 [DEBUG] WDA GET /window/size completed (84ms, status: 200)
14:22:09.088395 [INFO] Driver created: ios on qa-ios-1
14:22:09.090060 [INFO] === Starting flow: same ===
14:22:09.090064 [INFO] Flow file: /var/folders/jv/76l6crmx6nl3hf150gzry_ym0000gn/T/grantiva-AB69E5C5-C127-44B6-8DC7-BE91AAAD5036/0/same.yaml
14:22:09.090068 [INFO] Total steps: 3
14:22:09.090185 [DEBUG] WDA POST /appium/settings body={"settings":{"shouldWaitForQuiescence":false,"waitForIdleTimeout":0}}
14:22:09.092297 [DEBUG] WDA POST /appium/settings completed (2ms, status: 404)
14:22:09.092370 [DEBUG] WDA POST /session body={"capabilities":{"alwaysMatch":{"bundleId":"com.kylebrowning.Landmarks","defaultAlertAction":"accept...
14:22:11.705368 [DEBUG] WDA POST /session completed (2612ms, status: 200)
14:22:11.705622 [DEBUG] WDA POST /session/1E289472-0CDA-4D17-9832-9CA6A0AEF1DC/appium/settings body={"settings":{"shouldWaitForQuiescence":false,"waitForIdleTimeout":0}}
14:22:11.902245 [DEBUG] WDA POST /session/1E289472-0CDA-4D17-9832-9CA6A0AEF1DC/appium/settings completed (196ms, status: 200)
14:22:11.903460 [DEBUG] Executing step 0: launchApp
14:22:12.374487 [DEBUG] [wda] launchApp com.kylebrowning.Landmarks: argv=[] env=map[]
14:22:12.374552 [DEBUG] WDA POST /session/1E289472-0CDA-4D17-9832-9CA6A0AEF1DC/appium/settings body={"settings":{"acceptAlertButtonSelector":"**/XCUIElementTypeButton[`label BEGINSWITH[c] 'Allow' OR l...
14:22:12.375208 [DEBUG] WDA POST /session/1E289472-0CDA-4D17-9832-9CA6A0AEF1DC/appium/settings completed (0ms, status: 200)
14:22:12.375282 [DEBUG] WDA POST /session/1E289472-0CDA-4D17-9832-9CA6A0AEF1DC/wda/apps/launch body={"bundleId":"com.kylebrowning.Landmarks"}
14:22:13.901685 [DEBUG] WDA POST /session/1E289472-0CDA-4D17-9832-9CA6A0AEF1DC/wda/apps/launch completed (1526ms, status: 200)
14:22:13.901874 [DEBUG] Step 0 completed successfully (1998ms): launchApp
14:22:13.903371 [DEBUG] Executing step 1: tapOn: text="Lakes"
14:22:13.904193 [DEBUG] Flutter: parallel search (text="Lakes", id="")
14:22:13.904410 [DEBUG] WDA POST /session/1E289472-0CDA-4D17-9832-9CA6A0AEF1DC/element body={"using":"predicate string","value":"((type == 'XCUIElementTypeTextField' OR type == 'XCUIElementTyp...
14:22:13.904753 [DEBUG] WDA POST /session/1E289472-0CDA-4D17-9832-9CA6A0AEF1DC/element body={"using":"class chain","value":"**/XCUIElementTypeSecureTextField[`(label CONTAINS[c] 'Lakes' OR val...
14:22:13.905381 [DEBUG] WDA POST /session/1E289472-0CDA-4D17-9832-9CA6A0AEF1DC/element body={"using":"class chain","value":"**/XCUIElementTypeTextField[`(label CONTAINS[c] 'Lakes' OR value CON...
14:22:13.906059 [DEBUG] WDA POST /session/1E289472-0CDA-4D17-9832-9CA6A0AEF1DC/element body={"using":"class chain","value":"**/XCUIElementTypeButton[`(label ==[c] 'Lakes' OR name ==[c] 'Lakes'...
14:22:14.120099 [DEBUG] WDA POST /session/1E289472-0CDA-4D17-9832-9CA6A0AEF1DC/element completed (215ms, status: 404)
14:22:14.212259 [DEBUG] WDA POST /session/1E289472-0CDA-4D17-9832-9CA6A0AEF1DC/element completed (306ms, status: 200)
14:22:14.257030 [DEBUG] WDA POST /session/1E289472-0CDA-4D17-9832-9CA6A0AEF1DC/element completed (351ms, status: 404)
14:22:14.359884 [DEBUG] WDA POST /session/1E289472-0CDA-4D17-9832-9CA6A0AEF1DC/element completed (455ms, status: 200)
14:22:14.359948 [DEBUG] WDA GET /session/1E289472-0CDA-4D17-9832-9CA6A0AEF1DC/element/8C000000-0000-0000-29DF-000000000000/rect
14:22:14.359963 [DEBUG] WDA GET /session/1E289472-0CDA-4D17-9832-9CA6A0AEF1DC/element/8C000000-0000-0000-29DF-000000000000/name
14:22:14.359972 [DEBUG] WDA GET /session/1E289472-0CDA-4D17-9832-9CA6A0AEF1DC/element/8C000000-0000-0000-29DF-000000000000/displayed
14:22:14.360007 [DEBUG] WDA GET /session/1E289472-0CDA-4D17-9832-9CA6A0AEF1DC/element/8C000000-0000-0000-29DF-000000000000/text
14:22:14.410781 [DEBUG] WDA GET /session/1E289472-0CDA-4D17-9832-9CA6A0AEF1DC/element/8C000000-0000-0000-29DF-000000000000/rect completed (50ms, status: 200)
14:22:14.470606 [DEBUG] WDA GET /session/1E289472-0CDA-4D17-9832-9CA6A0AEF1DC/element/8C000000-0000-0000-29DF-000000000000/name completed (110ms, status: 200)
14:22:14.517682 [DEBUG] WDA GET /session/1E289472-0CDA-4D17-9832-9CA6A0AEF1DC/element/8C000000-0000-0000-29DF-000000000000/text completed (157ms, status: 200)
14:22:14.572134 [DEBUG] WDA GET /session/1E289472-0CDA-4D17-9832-9CA6A0AEF1DC/element/8C000000-0000-0000-29DF-000000000000/displayed completed (212ms, status: 200)
14:22:14.572190 [DEBUG] WDA POST /session/1E289472-0CDA-4D17-9832-9CA6A0AEF1DC/element/8C000000-0000-0000-29DF-000000000000/click body=
14:22:14.958879 [DEBUG] WDA POST /session/1E289472-0CDA-4D17-9832-9CA6A0AEF1DC/element/8C000000-0000-0000-29DF-000000000000/click completed (386ms, status: 200)
14:22:15.149670 [DEBUG] Flutter fallback: failed to get trees: no Flutter VM service found
14:22:15.149773 [DEBUG] Step 1 completed successfully (1246ms): tapOn: text="Lakes"
14:22:15.150711 [DEBUG] Executing step 2: assertVisible: text="Mono Lake"
14:22:15.151476 [DEBUG] WDA POST /session/1E289472-0CDA-4D17-9832-9CA6A0AEF1DC/element body={"using":"predicate string","value":"(label CONTAINS[c] 'Mono Lake' OR name CONTAINS[c] 'Mono Lake' ...
14:22:15.290756 [DEBUG] WDA POST /session/1E289472-0CDA-4D17-9832-9CA6A0AEF1DC/element completed (139ms, status: 200)
14:22:15.290851 [DEBUG] WDA GET /session/1E289472-0CDA-4D17-9832-9CA6A0AEF1DC/element/DD000000-0000-0000-29DF-000000000000/text
14:22:15.290884 [DEBUG] WDA GET /session/1E289472-0CDA-4D17-9832-9CA6A0AEF1DC/element/DD000000-0000-0000-29DF-000000000000/name
14:22:15.290919 [DEBUG] WDA GET /session/1E289472-0CDA-4D17-9832-9CA6A0AEF1DC/element/DD000000-0000-0000-29DF-000000000000/rect
14:22:15.290971 [DEBUG] WDA GET /session/1E289472-0CDA-4D17-9832-9CA6A0AEF1DC/element/DD000000-0000-0000-29DF-000000000000/displayed
14:22:15.328488 [DEBUG] WDA GET /session/1E289472-0CDA-4D17-9832-9CA6A0AEF1DC/element/DD000000-0000-0000-29DF-000000000000/text completed (37ms, status: 200)
14:22:15.366695 [DEBUG] WDA GET /session/1E289472-0CDA-4D17-9832-9CA6A0AEF1DC/element/DD000000-0000-0000-29DF-000000000000/name completed (75ms, status: 200)
14:22:15.399236 [DEBUG] WDA GET /session/1E289472-0CDA-4D17-9832-9CA6A0AEF1DC/element/DD000000-0000-0000-29DF-000000000000/rect completed (108ms, status: 200)
14:22:15.436120 [DEBUG] WDA GET /session/1E289472-0CDA-4D17-9832-9CA6A0AEF1DC/element/DD000000-0000-0000-29DF-000000000000/displayed completed (145ms, status: 200)
14:22:15.436175 [DEBUG] Step 2 completed successfully (285ms): assertVisible: text="Mono Lake"
14:22:15.437942 [INFO] === Flow completed: same (status: passed, duration: 6347ms, passed: 3, failed: 0, skipped: 0) ===
14:22:15.437950 [INFO] === Starting flow: same ===
14:22:15.437953 [INFO] Flow file: /var/folders/jv/76l6crmx6nl3hf150gzry_ym0000gn/T/grantiva-AB69E5C5-C127-44B6-8DC7-BE91AAAD5036/1/same.yaml
14:22:15.437956 [INFO] Total steps: 3
14:22:15.438028 [DEBUG] WDA POST /session/1E289472-0CDA-4D17-9832-9CA6A0AEF1DC/appium/settings body={"settings":{"shouldWaitForQuiescence":false,"waitForIdleTimeout":0}}
14:22:15.438504 [DEBUG] WDA POST /session/1E289472-0CDA-4D17-9832-9CA6A0AEF1DC/appium/settings completed (0ms, status: 200)
14:22:15.438697 [DEBUG] Executing step 0: launchApp
14:22:15.876245 [DEBUG] [wda] launchApp com.kylebrowning.Landmarks: argv=[] env=map[]
14:22:15.876320 [DEBUG] WDA POST /session/1E289472-0CDA-4D17-9832-9CA6A0AEF1DC/appium/settings body={"settings":{"acceptAlertButtonSelector":"**/XCUIElementTypeButton[`label BEGINSWITH[c] 'Allow' OR l...
14:22:15.876988 [DEBUG] WDA POST /session/1E289472-0CDA-4D17-9832-9CA6A0AEF1DC/appium/settings completed (0ms, status: 200)
14:22:15.877063 [DEBUG] WDA POST /session/1E289472-0CDA-4D17-9832-9CA6A0AEF1DC/wda/apps/launch body={"bundleId":"com.kylebrowning.Landmarks"}
14:22:17.408652 [DEBUG] WDA POST /session/1E289472-0CDA-4D17-9832-9CA6A0AEF1DC/wda/apps/launch completed (1531ms, status: 200)
14:22:17.408822 [DEBUG] Step 0 completed successfully (1970ms): launchApp
14:22:17.410140 [DEBUG] Executing step 1: tapOn: text="Deep Links"
14:22:17.411196 [DEBUG] WDA POST /session/1E289472-0CDA-4D17-9832-9CA6A0AEF1DC/element body={"using":"predicate string","value":"((type == 'XCUIElementTypeTextField' OR type == 'XCUIElementTyp...
14:22:17.411231 [DEBUG] WDA POST /session/1E289472-0CDA-4D17-9832-9CA6A0AEF1DC/element body={"using":"class chain","value":"**/XCUIElementTypeSecureTextField[`(label CONTAINS[c] 'Deep Links' O...
14:22:17.411258 [DEBUG] WDA POST /session/1E289472-0CDA-4D17-9832-9CA6A0AEF1DC/element body={"using":"class chain","value":"**/XCUIElementTypeTextField[`(label CONTAINS[c] 'Deep Links' OR valu...
14:22:17.411409 [DEBUG] WDA POST /session/1E289472-0CDA-4D17-9832-9CA6A0AEF1DC/element body={"using":"class chain","value":"**/XCUIElementTypeButton[`(label ==[c] 'Deep Links' OR name ==[c] 'D...
14:22:17.618515 [DEBUG] WDA POST /session/1E289472-0CDA-4D17-9832-9CA6A0AEF1DC/element completed (207ms, status: 404)
14:22:17.661975 [DEBUG] WDA POST /session/1E289472-0CDA-4D17-9832-9CA6A0AEF1DC/element completed (250ms, status: 404)
14:22:17.751229 [DEBUG] WDA POST /session/1E289472-0CDA-4D17-9832-9CA6A0AEF1DC/element completed (339ms, status: 200)
14:22:17.841794 [DEBUG] WDA POST /session/1E289472-0CDA-4D17-9832-9CA6A0AEF1DC/element completed (430ms, status: 200)
14:22:17.842003 [DEBUG] WDA GET /session/1E289472-0CDA-4D17-9832-9CA6A0AEF1DC/element/1E000000-0000-0000-ECE0-000000000000/rect
14:22:17.842044 [DEBUG] WDA GET /session/1E289472-0CDA-4D17-9832-9CA6A0AEF1DC/element/1E000000-0000-0000-ECE0-000000000000/name
14:22:17.842066 [DEBUG] WDA GET /session/1E289472-0CDA-4D17-9832-9CA6A0AEF1DC/element/1E000000-0000-0000-ECE0-000000000000/text
14:22:17.842094 [DEBUG] WDA GET /session/1E289472-0CDA-4D17-9832-9CA6A0AEF1DC/element/1E000000-0000-0000-ECE0-000000000000/displayed
14:22:17.888925 [DEBUG] WDA GET /session/1E289472-0CDA-4D17-9832-9CA6A0AEF1DC/element/1E000000-0000-0000-ECE0-000000000000/name completed (46ms, status: 200)
14:22:17.935626 [DEBUG] WDA GET /session/1E289472-0CDA-4D17-9832-9CA6A0AEF1DC/element/1E000000-0000-0000-ECE0-000000000000/rect completed (93ms, status: 200)
14:22:17.985016 [DEBUG] WDA GET /session/1E289472-0CDA-4D17-9832-9CA6A0AEF1DC/element/1E000000-0000-0000-ECE0-000000000000/displayed completed (143ms, status: 200)
14:22:18.028493 [DEBUG] WDA GET /session/1E289472-0CDA-4D17-9832-9CA6A0AEF1DC/element/1E000000-0000-0000-ECE0-000000000000/text completed (186ms, status: 200)
14:22:18.028576 [DEBUG] WDA POST /session/1E289472-0CDA-4D17-9832-9CA6A0AEF1DC/element/1E000000-0000-0000-ECE0-000000000000/click body=
14:22:18.411315 [DEBUG] WDA POST /session/1E289472-0CDA-4D17-9832-9CA6A0AEF1DC/element/1E000000-0000-0000-ECE0-000000000000/click completed (382ms, status: 200)
14:22:18.411483 [DEBUG] Step 1 completed successfully (1001ms): tapOn: text="Deep Links"
14:22:18.412364 [DEBUG] Executing step 2: assertVisible: text="Slow Screen"
14:22:18.412981 [DEBUG] WDA POST /session/1E289472-0CDA-4D17-9832-9CA6A0AEF1DC/element body={"using":"predicate string","value":"(label CONTAINS[c] 'Slow Screen' OR name CONTAINS[c] 'Slow Scre...
14:22:18.529371 [DEBUG] WDA POST /session/1E289472-0CDA-4D17-9832-9CA6A0AEF1DC/element completed (116ms, status: 200)
14:22:18.529447 [DEBUG] WDA GET /session/1E289472-0CDA-4D17-9832-9CA6A0AEF1DC/element/2B010000-0000-0000-ECE0-000000000000/name
14:22:18.529537 [DEBUG] WDA GET /session/1E289472-0CDA-4D17-9832-9CA6A0AEF1DC/element/2B010000-0000-0000-ECE0-000000000000/rect
14:22:18.529558 [DEBUG] WDA GET /session/1E289472-0CDA-4D17-9832-9CA6A0AEF1DC/element/2B010000-0000-0000-ECE0-000000000000/displayed
14:22:18.529592 [DEBUG] WDA GET /session/1E289472-0CDA-4D17-9832-9CA6A0AEF1DC/element/2B010000-0000-0000-ECE0-000000000000/text
14:22:18.580118 [DEBUG] WDA GET /session/1E289472-0CDA-4D17-9832-9CA6A0AEF1DC/element/2B010000-0000-0000-ECE0-000000000000/name completed (50ms, status: 200)
14:22:18.632011 [DEBUG] WDA GET /session/1E289472-0CDA-4D17-9832-9CA6A0AEF1DC/element/2B010000-0000-0000-ECE0-000000000000/displayed completed (102ms, status: 200)
14:22:18.680811 [DEBUG] WDA GET /session/1E289472-0CDA-4D17-9832-9CA6A0AEF1DC/element/2B010000-0000-0000-ECE0-000000000000/rect completed (151ms, status: 200)
14:22:18.729345 [DEBUG] WDA GET /session/1E289472-0CDA-4D17-9832-9CA6A0AEF1DC/element/2B010000-0000-0000-ECE0-000000000000/text completed (199ms, status: 200)
14:22:18.729466 [DEBUG] Step 2 completed successfully (317ms): assertVisible: text="Slow Screen"
14:22:18.733886 [INFO] === Flow completed: same (status: passed, duration: 3295ms, passed: 3, failed: 0, skipped: 0) ===
14:22:18.736854 [INFO] Flow execution completed: 2 passed, 0 failed, 0 skipped
14:22:18.737075 [INFO] Generating reports...
14:22:18.738100 [INFO] Shutting down devices started by maestro-runner...
14:22:18.738108 [INFO] Shutting down all tracked emulators
14:22:18.738112 [INFO] Shutting down all tracked simulators
