14:03:05.615423 POST /session [8.907417ms] OK body={"capabilities":{"platformName":"Android","deviceName":"sdk_gphone64_arm64"}}
14:03:05.619484 POST /session/db3c0e61-1a46-4eab-823b-e3f8359e145b/appium/settings [3.956542ms] OK body={"settings":{"enableMultiWindows":true,"waitForIdleTimeout":200}}
14:03:05.622325 POST /session/db3c0e61-1a46-4eab-823b-e3f8359e145b/appium/settings [2.802792ms] OK body={"settings":{"implicitWait":100}}
14:03:05.670183 GET /session/db3c0e61-1a46-4eab-823b-e3f8359e145b/appium/device/info [20.793708ms] OK body=
14:03:05.676957 POST /session/db3c0e61-1a46-4eab-823b-e3f8359e145b/appium/settings [4.3645ms] OK body={"settings":{"waitForIdleTimeout":200}}
14:03:05.816315 GET /session/db3c0e61-1a46-4eab-823b-e3f8359e145b/screenshot [138.41875ms] OK body=
14:03:06.559686 POST /session/db3c0e61-1a46-4eab-823b-e3f8359e145b/appium/device/launch_app [9.535333ms] OK body={"appId":"com.kylebrowning.landmarks"}
14:03:07.861862 GET /session/db3c0e61-1a46-4eab-823b-e3f8359e145b/screenshot [299.687125ms] OK body=
14:03:08.475660 GET /session/db3c0e61-1a46-4eab-823b-e3f8359e145b/source [607.527083ms] OK body=
14:03:08.659081 GET /session/db3c0e61-1a46-4eab-823b-e3f8359e145b/screenshot [181.294292ms] OK body=
14:03:08.924808 POST /session/db3c0e61-1a46-4eab-823b-e3f8359e145b/element [265.148458ms] ERR:404 body={"strategy":"-android uiautomator","selector":"new UiSelector().textContains(\"Lake Tahoe\").clickab...
14:03:09.018096 POST /session/db3c0e61-1a46-4eab-823b-e3f8359e145b/element [93.039917ms] ERR:404 body={"strategy":"-android uiautomator","selector":"new UiSelector().descriptionContains(\"Lake Tahoe\")....
14:03:09.063022 POST /session/db3c0e61-1a46-4eab-823b-e3f8359e145b/element [44.837542ms] OK body={"strategy":"-android uiautomator","selector":"new UiSelector().textContains(\"Lake Tahoe\")"}
14:03:09.118595 GET /session/db3c0e61-1a46-4eab-823b-e3f8359e145b/source [55.202ms] OK body=
14:03:09.222125 POST /session/db3c0e61-1a46-4eab-823b-e3f8359e145b/appium/gestures/click [102.237042ms] OK body={"offset":{"x":540,"y":1745}}
14:03:09.497922 GET /session/db3c0e61-1a46-4eab-823b-e3f8359e145b/screenshot [268.257625ms] OK body=
14:03:09.918778 GET /session/db3c0e61-1a46-4eab-823b-e3f8359e145b/source [419.294ms] OK body=
14:03:10.054219 GET /session/db3c0e61-1a46-4eab-823b-e3f8359e145b/screenshot [134.362708ms] OK body=
14:03:10.072235 POST /session/db3c0e61-1a46-4eab-823b-e3f8359e145b/element [17.63875ms] ERR:404 body={"strategy":"-android uiautomator","selector":"new UiSelector().textContains(\"Favorite\").clickable...
14:03:10.081279 POST /session/db3c0e61-1a46-4eab-823b-e3f8359e145b/element [8.95925ms] OK body={"strategy":"-android uiautomator","selector":"new UiSelector().descriptionContains(\"Favorite\").cl...
14:03:10.087095 GET /session/db3c0e61-1a46-4eab-823b-e3f8359e145b/element/00000000-0000-0488-0000-00a700000004/text [5.760833ms] OK body=
14:03:10.092663 GET /session/db3c0e61-1a46-4eab-823b-e3f8359e145b/element/00000000-0000-0488-0000-00a700000004/rect [5.511541ms] OK body=
14:03:10.641987 POST /session/db3c0e61-1a46-4eab-823b-e3f8359e145b/element/00000000-0000-0488-0000-00a700000004/click [549.264958ms] OK body=
14:03:10.781180 GET /session/db3c0e61-1a46-4eab-823b-e3f8359e145b/screenshot [138.9075ms] OK body=
14:03:10.819153 GET /session/db3c0e61-1a46-4eab-823b-e3f8359e145b/source [37.288334ms] OK body=
14:03:10.960697 GET /session/db3c0e61-1a46-4eab-823b-e3f8359e145b/screenshot [139.671583ms] OK body=
14:03:10.979192 POST /session/db3c0e61-1a46-4eab-823b-e3f8359e145b/element [18.144417ms] ERR:404 body={"strategy":"-android uiautomator","selector":"new UiSelector().textContains(\"Unfavorite\")"}
14:03:10.989352 POST /session/db3c0e61-1a46-4eab-823b-e3f8359e145b/element [10.099542ms] OK body={"strategy":"-android uiautomator","selector":"new UiSelector().descriptionContains(\"Unfavorite\")"...
14:03:11.128612 GET /session/db3c0e61-1a46-4eab-823b-e3f8359e145b/screenshot [138.843042ms] OK body=
14:03:11.158971 GET /session/db3c0e61-1a46-4eab-823b-e3f8359e145b/source [29.919042ms] OK body=
14:03:11.386851 GET /session/db3c0e61-1a46-4eab-823b-e3f8359e145b/screenshot [220.507209ms] OK body=
14:03:11.405272 POST /session/db3c0e61-1a46-4eab-823b-e3f8359e145b/element [18.001125ms] ERR:404 body={"strategy":"-android uiautomator","selector":"new UiSelector().textContains(\"Landmarks\").clickabl...
14:03:11.419811 POST /session/db3c0e61-1a46-4eab-823b-e3f8359e145b/element [14.472709ms] ERR:404 body={"strategy":"-android uiautomator","selector":"new UiSelector().descriptionContains(\"Landmarks\").c...
14:03:11.429682 POST /session/db3c0e61-1a46-4eab-823b-e3f8359e145b/element [9.809084ms] OK body={"strategy":"-android uiautomator","selector":"new UiSelector().textContains(\"Landmarks\")"}
14:03:11.455931 GET /session/db3c0e61-1a46-4eab-823b-e3f8359e145b/source [26.103375ms] OK body=
14:03:11.531186 POST /session/db3c0e61-1a46-4eab-823b-e3f8359e145b/appium/gestures/click [74.629333ms] OK body={"offset":{"x":172,"y":2274}}
14:03:11.744228 GET /session/db3c0e61-1a46-4eab-823b-e3f8359e145b/screenshot [212.598708ms] OK body=
14:03:12.228076 GET /session/db3c0e61-1a46-4eab-823b-e3f8359e145b/source [483.395959ms] OK body=
14:03:12.353854 GET /session/db3c0e61-1a46-4eab-823b-e3f8359e145b/screenshot [124.445708ms] OK body=
14:03:12.371623 POST /session/db3c0e61-1a46-4eab-823b-e3f8359e145b/element [17.289792ms] ERR:404 body={"strategy":"-android uiautomator","selector":"new UiSelector().textContains(\"Favorites\").clickabl...
14:03:12.389443 POST /session/db3c0e61-1a46-4eab-823b-e3f8359e145b/element [17.749ms] ERR:404 body={"strategy":"-android uiautomator","selector":"new UiSelector().descriptionContains(\"Favorites\").c...
14:03:12.405977 POST /session/db3c0e61-1a46-4eab-823b-e3f8359e145b/element [16.472ms] OK body={"strategy":"-android uiautomator","selector":"new UiSelector().textContains(\"Favorites\")"}
14:03:12.430640 GET /session/db3c0e61-1a46-4eab-823b-e3f8359e145b/source [24.460583ms] OK body=
14:03:12.498975 POST /session/db3c0e61-1a46-4eab-823b-e3f8359e145b/appium/gestures/click [67.631916ms] OK body={"offset":{"x":540,"y":2232}}
14:03:12.648215 GET /session/db3c0e61-1a46-4eab-823b-e3f8359e145b/screenshot [148.859375ms] OK body=
14:03:12.988643 GET /session/db3c0e61-1a46-4eab-823b-e3f8359e145b/source [339.773ms] OK body=
14:03:13.113851 GET /session/db3c0e61-1a46-4eab-823b-e3f8359e145b/screenshot [124.108791ms] OK body=
14:03:13.119513 POST /session/db3c0e61-1a46-4eab-823b-e3f8359e145b/element [5.346792ms] OK body={"strategy":"-android uiautomator","selector":"new UiSelector().textContains(\"Lake Tahoe\")"}
14:03:13.239597 GET /session/db3c0e61-1a46-4eab-823b-e3f8359e145b/screenshot [119.846042ms] OK body=
14:03:13.260000 GET /session/db3c0e61-1a46-4eab-823b-e3f8359e145b/source [19.991375ms] OK body=
14:03:13.378155 GET /session/db3c0e61-1a46-4eab-823b-e3f8359e145b/screenshot [117.267292ms] OK body=
14:03:13.495003 GET /session/db3c0e61-1a46-4eab-823b-e3f8359e145b/screenshot [116.438375ms] OK body=
14:03:13.621374 GET /session/db3c0e61-1a46-4eab-823b-e3f8359e145b/screenshot [125.888584ms] OK body=
14:03:13.642119 GET /session/db3c0e61-1a46-4eab-823b-e3f8359e145b/source [20.386917ms] OK body=
14:03:13.770345 GET /session/db3c0e61-1a46-4eab-823b-e3f8359e145b/screenshot [127.251667ms] OK body=
14:03:14.240317 GET /session/db3c0e61-1a46-4eab-823b-e3f8359e145b/screenshot [140.917792ms] OK body=
14:03:14.262650 GET /session/db3c0e61-1a46-4eab-823b-e3f8359e145b/source [21.806667ms] OK body=
14:03:14.385897 GET /session/db3c0e61-1a46-4eab-823b-e3f8359e145b/screenshot [122.262542ms] OK body=
14:03:14.409255 POST /session/db3c0e61-1a46-4eab-823b-e3f8359e145b/element [22.985875ms] ERR:404 body={"strategy":"-android uiautomator","selector":"new UiSelector().textContains(\"Remove\").clickable(t...
14:03:14.422335 POST /session/db3c0e61-1a46-4eab-823b-e3f8359e145b/element [12.967209ms] ERR:404 body={"strategy":"-android uiautomator","selector":"new UiSelector().descriptionContains(\"Remove\").clic...
14:03:14.428105 POST /session/db3c0e61-1a46-4eab-823b-e3f8359e145b/element [5.669334ms] OK body={"strategy":"-android uiautomator","selector":"new UiSelector().textContains(\"Remove\")"}
14:03:14.449082 GET /session/db3c0e61-1a46-4eab-823b-e3f8359e145b/source [20.849083ms] OK body=
14:03:14.522902 POST /session/db3c0e61-1a46-4eab-823b-e3f8359e145b/appium/gestures/click [73.251334ms] OK body={"offset":{"x":940,"y":412}}
14:03:14.659780 GET /session/db3c0e61-1a46-4eab-823b-e3f8359e145b/screenshot [136.413583ms] OK body=
14:03:15.113865 GET /session/db3c0e61-1a46-4eab-823b-e3f8359e145b/source [453.70475ms] OK body=
14:03:15.242695 GET /session/db3c0e61-1a46-4eab-823b-e3f8359e145b/screenshot [127.471791ms] OK body=
14:03:15.264334 POST /session/db3c0e61-1a46-4eab-823b-e3f8359e145b/element [21.279041ms] ERR:404 body={"strategy":"-android uiautomator","selector":"new UiSelector().textContains(\"Lake Tahoe\")"}
14:03:15.283253 POST /session/db3c0e61-1a46-4eab-823b-e3f8359e145b/element [18.865833ms] ERR:404 body={"strategy":"-android uiautomator","selector":"new UiSelector().descriptionContains(\"Lake Tahoe\")"...
14:03:15.299455 POST /session/db3c0e61-1a46-4eab-823b-e3f8359e145b/element [16.148584ms] ERR:404 body={"strategy":"-android uiautomator","selector":"new UiSelector().textMatches(\"(?is).*\\QLake Tahoe\\...
14:03:15.316967 POST /session/db3c0e61-1a46-4eab-823b-e3f8359e145b/element [17.374709ms] ERR:404 body={"strategy":"-android uiautomator","selector":"new UiSelector().descriptionMatches(\"(?is).*\\QLake ...
14:03:15.338877 GET /session/db3c0e61-1a46-4eab-823b-e3f8359e145b/source [20.888708ms] OK body=
14:03:15.517922 GET /session/db3c0e61-1a46-4eab-823b-e3f8359e145b/screenshot [177.149459ms] OK body=
14:03:15.548898 GET /session/db3c0e61-1a46-4eab-823b-e3f8359e145b/source [30.0985ms] OK body=
14:03:15.701179 GET /session/db3c0e61-1a46-4eab-823b-e3f8359e145b/screenshot [150.270041ms] OK body=
14:03:15.705854 POST /session/db3c0e61-1a46-4eab-823b-e3f8359e145b/element [4.314459ms] OK body={"strategy":"-android uiautomator","selector":"new UiSelector().textContains(\"Landmarks you favorit...
14:03:15.838013 GET /session/db3c0e61-1a46-4eab-823b-e3f8359e145b/screenshot [131.828458ms] OK body=
14:03:15.859776 GET /session/db3c0e61-1a46-4eab-823b-e3f8359e145b/source [21.452833ms] OK body=
14:03:15.984336 GET /session/db3c0e61-1a46-4eab-823b-e3f8359e145b/screenshot [123.395125ms] OK body=
14:03:16.110208 GET /session/db3c0e61-1a46-4eab-823b-e3f8359e145b/screenshot [125.363292ms] OK body=
14:03:16.236012 GET /session/db3c0e61-1a46-4eab-823b-e3f8359e145b/screenshot [125.327125ms] OK body=
14:03:16.255557 GET /session/db3c0e61-1a46-4eab-823b-e3f8359e145b/source [19.118542ms] OK body=
14:03:16.261288 DELETE /session/db3c0e61-1a46-4eab-823b-e3f8359e145b [2.5775ms] OK body=
