14:02:34.096397 [INFO] === Test execution started ===
14:02:34.096467 [INFO] Output directory: /Users/kyle/Developer/grantiva-cli/.worktrees/qa-android/findings/evidence/AND-040/report
14:02:34.096472 [INFO] Platform: android
14:02:34.096475 [INFO] Driver: uiautomator2
14:02:34.096815 [INFO] Validated 1 flow(s)
14:02:34.096831 [INFO] Single device execution mode
14:02:34.096838 [INFO] Starting flow execution (parallel: false, devices: [])
14:02:34.096842 [INFO] Creating driver for single device execution
14:02:34.096846 [INFO] Connecting to Android device: emulator-5554
14:02:34.184916 [INFO] Device info: google sdk_gphone64_arm64, SDK 35, Serial emulator-5554, Emulator: true
14:02:34.211705 [INFO] Starting UIAutomator2 server on device emulator-5554
14:02:34.641809 [WARN] failed to remove default socket forward for /tmp/uia2-emulator-5554.sock: adb forward --remove localfilesystem:/tmp/uia2-emulator-5554.sock: exit status 1: adb: error: listener 'localfilesystem:/tmp/uia2-emulator-5554.sock' not found
14:02:34.654393 [WARN] failed to remove adb forward for tcp:6790: adb forward --remove tcp:6790: exit status 1: adb: error: listener 'tcp:6790' not found
14:02:35.714376 [INFO] Creating UIAutomator2 session with capabilities: Platform=Android, Device=sdk_gphone64_arm64
14:02:35.721716 [INFO] Session created successfully: cde1dcca-655d-4353-967b-b0455eb66691
14:02:35.772021 [INFO] Driver created: android on google sdk_gphone64_arm64
14:02:35.773508 [INFO] === Starting flow: 99-crash ===
14:02:35.773515 [INFO] Flow file: /var/folders/jv/76l6crmx6nl3hf150gzry_ym0000gn/T/grantiva-823FFDE9-21B1-43EB-877C-BC6A53364C6D/0/99-crash.yaml
14:02:35.773519 [INFO] Total steps: 4
14:02:35.779441 [DEBUG] Executing step 0: launchApp
14:02:37.545756 [DEBUG] Step 0 completed successfully (1766ms): launchApp
14:02:37.546147 [DEBUG] Executing step 1: assertVisible: text="Landmarks"
14:02:37.546377 [DEBUG] Flutter: parallel search (text="Landmarks", id="")
14:02:37.568842 [DEBUG] Flutter fallback: failed to get trees: no Flutter VM service found
14:02:37.593822 [DEBUG] Flutter fallback: failed to get trees: no Flutter VM service found
14:02:37.664861 [DEBUG] Flutter fallback: failed to get trees: no Flutter VM service found
14:02:37.689796 [DEBUG] Flutter fallback: failed to get trees: no Flutter VM service found
14:02:37.709180 [DEBUG] Flutter fallback: failed to get trees: no Flutter VM service found
14:02:37.741440 [DEBUG] Flutter fallback: failed to get trees: no Flutter VM service found
14:02:37.762225 [DEBUG] Flutter fallback: failed to get trees: no Flutter VM service found
14:02:37.792297 [DEBUG] Flutter fallback: failed to get trees: no Flutter VM service found
14:02:37.812738 [DEBUG] Flutter fallback: failed to get trees: no Flutter VM service found
14:02:37.831834 [DEBUG] Flutter fallback: failed to get trees: no Flutter VM service found
14:02:37.850723 [DEBUG] Flutter fallback: failed to get trees: no Flutter VM service found
14:02:37.870246 [DEBUG] Flutter fallback: failed to get trees: no Flutter VM service found
14:02:37.888882 [DEBUG] Flutter fallback: failed to get trees: no Flutter VM service found
14:02:37.907221 [DEBUG] Flutter fallback: failed to get trees: no Flutter VM service found
14:02:37.926437 [DEBUG] Flutter fallback: failed to get trees: no Flutter VM service found
14:02:37.944606 [DEBUG] Flutter fallback: failed to get trees: no Flutter VM service found
14:02:37.962724 [DEBUG] Flutter fallback: failed to get trees: no Flutter VM service found
14:02:37.981465 [DEBUG] Flutter fallback: failed to get trees: no Flutter VM service found
14:02:37.999959 [DEBUG] Flutter fallback: failed to get trees: no Flutter VM service found
14:02:38.018310 [DEBUG] Flutter fallback: failed to get trees: no Flutter VM service found
14:02:38.036865 [DEBUG] Flutter fallback: failed to get trees: no Flutter VM service found
14:02:38.055002 [DEBUG] Flutter fallback: failed to get trees: no Flutter VM service found
14:02:38.073303 [DEBUG] Flutter fallback: failed to get trees: no Flutter VM service found
14:02:38.092127 [DEBUG] Flutter fallback: failed to get trees: no Flutter VM service found
14:02:38.111169 [DEBUG] Flutter fallback: failed to get trees: no Flutter VM service found
14:02:38.130566 [DEBUG] Flutter fallback: failed to get trees: no Flutter VM service found
14:02:38.148658 [DEBUG] Flutter fallback: failed to get trees: no Flutter VM service found
14:02:38.167061 [DEBUG] Flutter fallback: failed to get trees: no Flutter VM service found
14:02:38.189343 [DEBUG] Flutter fallback: failed to get trees: no Flutter VM service found
14:02:38.208464 [DEBUG] Flutter fallback: failed to get trees: no Flutter VM service found
14:02:38.228247 [DEBUG] Flutter fallback: failed to get trees: no Flutter VM service found
14:02:38.228290 [DEBUG] Step 1 completed successfully (682ms): assertVisible: text="Landmarks"
14:02:38.228644 [DEBUG] Executing step 2: assertVisible: text="Featured"
14:02:38.814013 [DEBUG] Step 2 completed successfully (585ms): assertVisible: text="Featured"
14:02:38.814693 [DEBUG] Executing step 3: assertVisible: text="This never appears"
14:02:55.860327 [ERROR] Step 3 failed (17045ms): assertVisible: text="This never appears" - Error: Element not visible: context deadline exceeded: no such element: An element could not be located on the page using the given search parameters (cause: context deadline exceeded: no such element: An element could not be located on the page using the given search parameters)
14:02:56.050796 [INFO] === Flow completed: 99-crash (status: failed, duration: 20277ms, passed: 3, failed: 1, skipped: 0) ===
14:02:56.457128 [WARN] failed to remove default socket forward for /tmp/uia2-emulator-5554.sock: adb forward --remove localfilesystem:/tmp/uia2-emulator-5554.sock: exit status 1: adb: error: listener 'localfilesystem:/tmp/uia2-emulator-5554.sock' not found
14:02:56.471852 [WARN] failed to remove adb forward for tcp:6790: adb forward --remove tcp:6790: exit status 1: adb: error: listener 'tcp:6790' not found
14:02:56.471876 [INFO] Flow execution completed: 0 passed, 1 failed, 0 skipped
14:02:56.472047 [INFO] Generating reports...
14:02:56.472843 [INFO] Shutting down devices started by maestro-runner...
14:02:56.472860 [INFO] Shutting down all tracked emulators
14:02:56.472869 [INFO] Shutting down all tracked simulators
