[
  {
    "message" : "\/Applications\/Xcode-27.0.0.app\/Contents\/Developer",
    "name" : "Xcode",
    "section" : "Required",
    "status" : "ok"
  },
  {
    "message" : "Xcode 27.0",
    "name" : "Xcode Version",
    "section" : "Required",
    "status" : "ok"
  },
  {
    "message" : "iPhone 17 Pro — iOS-26-0",
    "name" : "Booted Simulator",
    "section" : "Required",
    "status" : "ok"
  },
  {
    "message" : "\/Users\/kyle\/Library\/Android\/sdk",
    "name" : "Android SDK",
    "section" : "Required",
    "status" : "ok"
  },
  {
    "message" : "Android Debug Bridge version 1.0.41",
    "name" : "adb",
    "section" : "Required",
    "status" : "ok"
  },
  {
    "message" : "\/Users\/kyle\/Library\/Android\/sdk\/emulator\/emulator",
    "name" : "Android Emulator",
    "section" : "Required",
    "status" : "ok"
  },
  {
    "fix" : "Run: brew install openjdk@21 and set JAVA_HOME (see docs\/android-environment.md)",
    "message" : "No JDK found (JAVA_HOME or \/usr\/libexec\/java_home)",
    "name" : "JDK",
    "section" : "Required",
    "status" : "warning"
  },
  {
    "message" : "Pixel_8_API_35",
    "name" : "Android AVDs",
    "section" : "Required",
    "status" : "ok"
  },
  {
    "message" : "emulator-5554",
    "name" : "Running Emulator",
    "section" : "Required",
    "status" : "ok"
  },
  {
    "message" : "grantiva-runner 1.1.18-grantiva.7+android-drivers-2",
    "name" : "Runner",
    "section" : "Required",
    "status" : "ok"
  },
  {
    "fix" : "Run: grantiva init",
    "message" : "Not found",
    "name" : "grantiva.yml",
    "section" : "Project",
    "status" : "warning"
  },
  {
    "fix" : "Run: grantiva init --platform android",
    "message" : "Not found",
    "name" : "grantiva-android.yml",
    "section" : "Project",
    "status" : "warning"
  },
  {
    "fix" : "Run: git init",
    "message" : "Not a git repository",
    "name" : "Git Repository",
    "section" : "Project",
    "status" : "warning"
  },
  {
    "fix" : "Run: grantiva auth login",
    "message" : "Not authenticated — remote baselines unavailable",
    "name" : "Grantiva Auth",
    "section" : "CI \/ Cloud",
    "status" : "warning"
  },
  {
    "fix" : "Install the GitHub App from your Grantiva dashboard settings",
    "message" : "GitHub App not configured — Check Runs won't be posted",
    "name" : "GitHub App",
    "section" : "CI \/ Cloud",
    "status" : "warning"
  }
]
