14:09:48.252114 [INFO] === Test execution started ===
14:09:48.252767 [INFO] Output directory: /Users/kyle/Developer/grantiva-cli/.worktrees/qa-android/findings/evidence/AND-043/12-quote-label
14:09:48.252774 [INFO] Platform: android
14:09:48.252780 [INFO] Driver: uiautomator2
14:09:48.253214 [INFO] Validated 1 flow(s)
14:09:48.253236 [INFO] Single device execution mode
14:09:48.253243 [INFO] Starting flow execution (parallel: false, devices: [])
14:09:48.253253 [INFO] Creating driver for single device execution
14:09:48.253264 [INFO] Connecting to Android device: emulator-5554
14:09:48.333870 [INFO] Device info: google sdk_gphone64_arm64, SDK 35, Serial emulator-5554, Emulator: true
14:09:48.354843 [INFO] Starting UIAutomator2 server on device emulator-5554
14:09:48.759345 [WARN] failed to remove default socket forward for /tmp/uia2-emulator-5554.sock: adb forward --remove localfilesystem:/tmp/uia2-emulator-5554.sock: exit status 1: adb: error: listener 'localfilesystem:/tmp/uia2-emulator-5554.sock' not found
14:09:48.771957 [WARN] failed to remove adb forward for tcp:6790: adb forward --remove tcp:6790: exit status 1: adb: error: listener 'tcp:6790' not found
14:09:49.829305 [INFO] Creating UIAutomator2 session with capabilities: Platform=Android, Device=sdk_gphone64_arm64
14:09:49.836536 [INFO] Session created successfully: 84e68967-8d97-466b-a6c6-f90d93800812
14:09:49.884088 [INFO] Driver created: android on google sdk_gphone64_arm64
14:09:49.885485 [INFO] === Starting flow: 12-quote-label ===
14:09:49.885490 [INFO] Flow file: /var/folders/jv/76l6crmx6nl3hf150gzry_ym0000gn/T/grantiva-DBAFCC38-7728-4582-9174-2E3E40D9B3EE/0/12-quote-label.yaml
14:09:49.885493 [INFO] Total steps: 5
14:09:49.890120 [DEBUG] Executing step 0: launchApp
14:09:51.578889 [DEBUG] Step 0 completed successfully (1688ms): launchApp
14:09:51.579210 [DEBUG] Executing step 1: tapOn: text="Mountains"
14:09:51.579418 [DEBUG] Flutter: parallel search (text="Mountains", id="")
14:09:51.654070 [DEBUG] Flutter fallback: failed to get trees: no Flutter VM service found
14:09:51.736825 [DEBUG] Flutter fallback: failed to get trees: no Flutter VM service found
14:09:51.819036 [DEBUG] Flutter fallback: failed to get trees: no Flutter VM service found
14:09:51.913349 [DEBUG] Flutter fallback: failed to get trees: no Flutter VM service found
14:09:51.993786 [DEBUG] Flutter fallback: failed to get trees: no Flutter VM service found
14:09:52.065480 [DEBUG] Flutter fallback: failed to get trees: no Flutter VM service found
14:09:52.137672 [DEBUG] Flutter fallback: failed to get trees: no Flutter VM service found
14:09:52.210111 [DEBUG] Flutter fallback: failed to get trees: no Flutter VM service found
14:09:52.281750 [DEBUG] Flutter fallback: failed to get trees: no Flutter VM service found
14:09:52.361475 [DEBUG] Flutter fallback: failed to get trees: no Flutter VM service found
14:09:52.474918 [DEBUG] Flutter fallback: failed to get trees: no Flutter VM service found
14:09:52.563818 [DEBUG] Flutter fallback: failed to get trees: no Flutter VM service found
14:09:52.652985 [DEBUG] Flutter fallback: failed to get trees: no Flutter VM service found
14:09:53.047930 [DEBUG] Flutter fallback: failed to get trees: no Flutter VM service found
14:09:53.048108 [DEBUG] Step 1 completed successfully (1468ms): tapOn: text="Mountains"
14:09:53.048919 [DEBUG] Executing step 2: tapOn: text="Mount "Denali""
14:09:53.722237 [DEBUG] Step 2 completed successfully (673ms): tapOn: text="Mount "Denali""
14:09:53.723344 [DEBUG] Executing step 3: assertVisible: text="Alaska"
14:09:53.832977 [DEBUG] Step 3 completed successfully (109ms): assertVisible: text="Alaska"
14:09:53.833372 [DEBUG] Executing step 4: takeScreenshot
14:09:54.028178 [DEBUG] Step 4 completed successfully (194ms): takeScreenshot
14:09:54.029810 [INFO] === Flow completed: 12-quote-label (status: passed, duration: 4144ms, passed: 5, failed: 0, skipped: 0) ===
14:09:54.543381 [WARN] failed to remove default socket forward for /tmp/uia2-emulator-5554.sock: adb forward --remove localfilesystem:/tmp/uia2-emulator-5554.sock: exit status 1: adb: error: listener 'localfilesystem:/tmp/uia2-emulator-5554.sock' not found
14:09:54.557533 [WARN] failed to remove adb forward for tcp:6790: adb forward --remove tcp:6790: exit status 1: adb: error: listener 'tcp:6790' not found
14:09:54.557560 [INFO] Flow execution completed: 1 passed, 0 failed, 0 skipped
14:09:54.557967 [INFO] Generating reports...
14:09:54.559370 [INFO] Shutting down devices started by maestro-runner...
14:09:54.559385 [INFO] Shutting down all tracked emulators
14:09:54.559392 [INFO] Shutting down all tracked simulators
