14:59:48.941447 [INFO] === Test execution started ===
14:59:48.941529 [INFO] Output directory: /Users/kyle/Developer/grantiva-cli/.worktrees/qa-ios/findings/evidence/triage/F24/a3
14:59:48.941535 [INFO] Platform: ios
14:59:48.941539 [INFO] Driver: uiautomator2
14:59:48.942112 [INFO] Validated 1 flow(s)
14:59:49.059495 [INFO] Single device execution mode
14:59:49.059513 [INFO] Starting flow execution (parallel: false, devices: [])
14:59:49.059527 [INFO] Creating driver for single device execution
14:59:49.059536 [INFO] Using specified iOS device: 93DF5345-8494-4C57-B374-10224C07ED41
14:59:49.180030 [INFO] Device 93DF5345-8494-4C57-B374-10224C07ED41 is a simulator
14:59:49.180101 [INFO] Building WDA for device 93DF5345-8494-4C57-B374-10224C07ED41 (team ID: )
14:59:49.423730 [INFO] WDA build completed successfully
14:59:49.423749 [INFO] Starting WDA on device 93DF5345-8494-4C57-B374-10224C07ED41 (port: 8485)
14:59:51.684192 [INFO] WDA started successfully on port 8485
14:59:52.096087 [DEBUG] WDA GET /window/size
14:59:52.181110 [DEBUG] WDA GET /window/size completed (85ms, status: 200)
14:59:52.181186 [INFO] Driver created: ios on qa-ios-1
14:59:52.182766 [INFO] === Starting flow: 06-visit ===
14:59:52.182772 [INFO] Flow file: /var/folders/jv/76l6crmx6nl3hf150gzry_ym0000gn/T/grantiva-BBBD5420-084D-455D-9C95-583F07F3C028/0/06-visit.yaml
14:59:52.182776 [INFO] Total steps: 8
14:59:52.182909 [DEBUG] WDA POST /appium/settings body={"settings":{"shouldWaitForQuiescence":false,"waitForIdleTimeout":0}}
14:59:52.183567 [DEBUG] WDA POST /appium/settings completed (0ms, status: 404)
14:59:52.183617 [DEBUG] WDA POST /session body={"capabilities":{"alwaysMatch":{"bundleId":"com.kylebrowning.Landmarks","defaultAlertAction":"accept...
14:59:54.805582 [DEBUG] WDA POST /session completed (2621ms, status: 200)
14:59:54.805650 [DEBUG] WDA POST /session/138B4A92-6C49-4026-A58D-EB9DFAE10937/appium/settings body={"settings":{"shouldWaitForQuiescence":false,"waitForIdleTimeout":0}}
14:59:54.963374 [DEBUG] WDA POST /session/138B4A92-6C49-4026-A58D-EB9DFAE10937/appium/settings completed (157ms, status: 200)
14:59:54.964483 [DEBUG] Executing step 0: launchApp
14:59:55.430221 [DEBUG] [wda] launchApp com.kylebrowning.Landmarks: argv=[] env=map[]
14:59:55.430271 [DEBUG] WDA POST /session/138B4A92-6C49-4026-A58D-EB9DFAE10937/appium/settings body={"settings":{"acceptAlertButtonSelector":"**/XCUIElementTypeButton[`label BEGINSWITH[c] 'Allow' OR l...
14:59:55.430896 [DEBUG] WDA POST /session/138B4A92-6C49-4026-A58D-EB9DFAE10937/appium/settings completed (0ms, status: 200)
14:59:55.430967 [DEBUG] WDA POST /session/138B4A92-6C49-4026-A58D-EB9DFAE10937/wda/apps/launch body={"bundleId":"com.kylebrowning.Landmarks"}
14:59:56.953509 [DEBUG] WDA POST /session/138B4A92-6C49-4026-A58D-EB9DFAE10937/wda/apps/launch completed (1522ms, status: 200)
14:59:56.953573 [DEBUG] Step 0 completed successfully (1989ms): launchApp
14:59:56.953945 [DEBUG] Executing step 1: tapOn: text="Half Dome"
14:59:56.954176 [DEBUG] Flutter: parallel search (text="Half Dome", id="")
14:59:56.954216 [DEBUG] WDA POST /session/138B4A92-6C49-4026-A58D-EB9DFAE10937/element body={"using":"predicate string","value":"((type == 'XCUIElementTypeTextField' OR type == 'XCUIElementTyp...
14:59:56.954266 [DEBUG] WDA POST /session/138B4A92-6C49-4026-A58D-EB9DFAE10937/element body={"using":"class chain","value":"**/XCUIElementTypeSecureTextField[`(label CONTAINS[c] 'Half Dome' OR...
14:59:56.954314 [DEBUG] WDA POST /session/138B4A92-6C49-4026-A58D-EB9DFAE10937/element body={"using":"class chain","value":"**/XCUIElementTypeButton[`(label ==[c] 'Half Dome' OR name ==[c] 'Ha...
14:59:56.954337 [DEBUG] WDA POST /session/138B4A92-6C49-4026-A58D-EB9DFAE10937/element body={"using":"class chain","value":"**/XCUIElementTypeTextField[`(label CONTAINS[c] 'Half Dome' OR value...
14:59:57.117024 [DEBUG] WDA POST /session/138B4A92-6C49-4026-A58D-EB9DFAE10937/element completed (162ms, status: 404)
14:59:57.191228 [DEBUG] WDA POST /session/138B4A92-6C49-4026-A58D-EB9DFAE10937/element completed (236ms, status: 404)
14:59:57.235728 [DEBUG] WDA POST /session/138B4A92-6C49-4026-A58D-EB9DFAE10937/element completed (281ms, status: 404)
14:59:57.280327 [DEBUG] WDA POST /session/138B4A92-6C49-4026-A58D-EB9DFAE10937/element completed (326ms, status: 404)
14:59:57.280430 [DEBUG] WDA POST /session/138B4A92-6C49-4026-A58D-EB9DFAE10937/element body={"using":"predicate string","value":"(label == 'Half Dome' OR name == 'Half Dome' OR value == 'Half ...
14:59:57.377670 [DEBUG] WDA POST /session/138B4A92-6C49-4026-A58D-EB9DFAE10937/element completed (97ms, status: 200)
14:59:57.377733 [DEBUG] WDA GET /session/138B4A92-6C49-4026-A58D-EB9DFAE10937/element/98000000-0000-0000-6677-000000000000/text
14:59:57.377751 [DEBUG] WDA GET /session/138B4A92-6C49-4026-A58D-EB9DFAE10937/element/98000000-0000-0000-6677-000000000000/name
14:59:57.377769 [DEBUG] WDA GET /session/138B4A92-6C49-4026-A58D-EB9DFAE10937/element/98000000-0000-0000-6677-000000000000/rect
14:59:57.377788 [DEBUG] WDA GET /session/138B4A92-6C49-4026-A58D-EB9DFAE10937/element/98000000-0000-0000-6677-000000000000/displayed
14:59:57.422856 [DEBUG] WDA GET /session/138B4A92-6C49-4026-A58D-EB9DFAE10937/element/98000000-0000-0000-6677-000000000000/text completed (45ms, status: 200)
14:59:57.470104 [DEBUG] WDA GET /session/138B4A92-6C49-4026-A58D-EB9DFAE10937/element/98000000-0000-0000-6677-000000000000/name completed (92ms, status: 200)
14:59:57.516225 [DEBUG] WDA GET /session/138B4A92-6C49-4026-A58D-EB9DFAE10937/element/98000000-0000-0000-6677-000000000000/rect completed (138ms, status: 200)
14:59:57.567772 [DEBUG] WDA GET /session/138B4A92-6C49-4026-A58D-EB9DFAE10937/element/98000000-0000-0000-6677-000000000000/displayed completed (190ms, status: 200)
14:59:57.567857 [DEBUG] WDA POST /session/138B4A92-6C49-4026-A58D-EB9DFAE10937/element/98000000-0000-0000-6677-000000000000/click body=
14:59:57.951643 [DEBUG] WDA POST /session/138B4A92-6C49-4026-A58D-EB9DFAE10937/element/98000000-0000-0000-6677-000000000000/click completed (383ms, status: 200)
14:59:57.966819 [DEBUG] Flutter fallback: failed to get trees: no Flutter VM service found
14:59:57.966877 [DEBUG] Step 1 completed successfully (1012ms): tapOn: text="Half Dome"
14:59:57.967376 [DEBUG] Executing step 2: tapOn: text="Plan Visit"
14:59:57.967619 [DEBUG] WDA POST /session/138B4A92-6C49-4026-A58D-EB9DFAE10937/element body={"using":"predicate string","value":"((type == 'XCUIElementTypeTextField' OR type == 'XCUIElementTyp...
14:59:57.967633 [DEBUG] WDA POST /session/138B4A92-6C49-4026-A58D-EB9DFAE10937/element body={"using":"class chain","value":"**/XCUIElementTypeButton[`(label ==[c] 'Plan Visit' OR name ==[c] 'P...
14:59:57.967656 [DEBUG] WDA POST /session/138B4A92-6C49-4026-A58D-EB9DFAE10937/element body={"using":"class chain","value":"**/XCUIElementTypeTextField[`(label CONTAINS[c] 'Plan Visit' OR valu...
14:59:57.967685 [DEBUG] WDA POST /session/138B4A92-6C49-4026-A58D-EB9DFAE10937/element body={"using":"class chain","value":"**/XCUIElementTypeSecureTextField[`(label CONTAINS[c] 'Plan Visit' O...
14:59:58.101149 [DEBUG] WDA POST /session/138B4A92-6C49-4026-A58D-EB9DFAE10937/element completed (133ms, status: 200)
14:59:58.224707 [DEBUG] WDA POST /session/138B4A92-6C49-4026-A58D-EB9DFAE10937/element completed (257ms, status: 200)
14:59:58.286670 [DEBUG] WDA POST /session/138B4A92-6C49-4026-A58D-EB9DFAE10937/element completed (319ms, status: 404)
14:59:58.355796 [DEBUG] WDA POST /session/138B4A92-6C49-4026-A58D-EB9DFAE10937/element completed (388ms, status: 404)
14:59:58.355895 [DEBUG] WDA GET /session/138B4A92-6C49-4026-A58D-EB9DFAE10937/element/D1000000-0000-0000-6677-000000000000/name
14:59:58.355908 [DEBUG] WDA GET /session/138B4A92-6C49-4026-A58D-EB9DFAE10937/element/D1000000-0000-0000-6677-000000000000/text
14:59:58.355933 [DEBUG] WDA GET /session/138B4A92-6C49-4026-A58D-EB9DFAE10937/element/D1000000-0000-0000-6677-000000000000/rect
14:59:58.355942 [DEBUG] WDA GET /session/138B4A92-6C49-4026-A58D-EB9DFAE10937/element/D1000000-0000-0000-6677-000000000000/displayed
14:59:58.392041 [DEBUG] WDA GET /session/138B4A92-6C49-4026-A58D-EB9DFAE10937/element/D1000000-0000-0000-6677-000000000000/name completed (36ms, status: 200)
14:59:58.424874 [DEBUG] WDA GET /session/138B4A92-6C49-4026-A58D-EB9DFAE10937/element/D1000000-0000-0000-6677-000000000000/text completed (68ms, status: 200)
14:59:58.460896 [DEBUG] WDA GET /session/138B4A92-6C49-4026-A58D-EB9DFAE10937/element/D1000000-0000-0000-6677-000000000000/rect completed (104ms, status: 200)
14:59:58.499010 [DEBUG] WDA GET /session/138B4A92-6C49-4026-A58D-EB9DFAE10937/element/D1000000-0000-0000-6677-000000000000/displayed completed (143ms, status: 200)
14:59:58.499062 [DEBUG] WDA POST /session/138B4A92-6C49-4026-A58D-EB9DFAE10937/element/D1000000-0000-0000-6677-000000000000/click body=
14:59:58.861217 [DEBUG] WDA POST /session/138B4A92-6C49-4026-A58D-EB9DFAE10937/element/D1000000-0000-0000-6677-000000000000/click completed (362ms, status: 200)
14:59:58.861261 [DEBUG] Step 2 completed successfully (893ms): tapOn: text="Plan Visit"
14:59:58.861609 [DEBUG] Executing step 3: assertVisible: text="Visit Scheduled!"
14:59:58.861795 [DEBUG] WDA POST /session/138B4A92-6C49-4026-A58D-EB9DFAE10937/element body={"using":"predicate string","value":"(label CONTAINS[c] 'Visit Scheduled!' OR name CONTAINS[c] 'Visi...
14:59:58.924146 [DEBUG] WDA POST /session/138B4A92-6C49-4026-A58D-EB9DFAE10937/element completed (62ms, status: 200)
14:59:58.924196 [DEBUG] WDA GET /session/138B4A92-6C49-4026-A58D-EB9DFAE10937/element/E0000000-0000-0000-6677-000000000000/name
14:59:58.924225 [DEBUG] WDA GET /session/138B4A92-6C49-4026-A58D-EB9DFAE10937/element/E0000000-0000-0000-6677-000000000000/rect
14:59:58.924251 [DEBUG] WDA GET /session/138B4A92-6C49-4026-A58D-EB9DFAE10937/element/E0000000-0000-0000-6677-000000000000/text
14:59:58.924273 [DEBUG] WDA GET /session/138B4A92-6C49-4026-A58D-EB9DFAE10937/element/E0000000-0000-0000-6677-000000000000/displayed
14:59:58.952164 [DEBUG] WDA GET /session/138B4A92-6C49-4026-A58D-EB9DFAE10937/element/E0000000-0000-0000-6677-000000000000/name completed (27ms, status: 200)
14:59:58.979647 [DEBUG] WDA GET /session/138B4A92-6C49-4026-A58D-EB9DFAE10937/element/E0000000-0000-0000-6677-000000000000/rect completed (55ms, status: 200)
14:59:59.010264 [DEBUG] WDA GET /session/138B4A92-6C49-4026-A58D-EB9DFAE10937/element/E0000000-0000-0000-6677-000000000000/displayed completed (86ms, status: 200)
14:59:59.036319 [DEBUG] WDA GET /session/138B4A92-6C49-4026-A58D-EB9DFAE10937/element/E0000000-0000-0000-6677-000000000000/text completed (112ms, status: 200)
14:59:59.036376 [DEBUG] Step 3 completed successfully (174ms): assertVisible: text="Visit Scheduled!"
14:59:59.036709 [DEBUG] Executing step 4: assertVisible: text="You're all set to visit Half Dome."
14:59:59.036942 [DEBUG] WDA POST /session/138B4A92-6C49-4026-A58D-EB9DFAE10937/element body={"using":"predicate string","value":"(label CONTAINS[c] 'You're all set to visit Half Dome.' OR name...
14:59:59.038727 [DEBUG] WDA POST /session/138B4A92-6C49-4026-A58D-EB9DFAE10937/element completed (1ms, status: 500)
14:59:59.038789 [DEBUG] WDA GET /session/138B4A92-6C49-4026-A58D-EB9DFAE10937/source
14:59:59.291194 [DEBUG] WDA GET /session/138B4A92-6C49-4026-A58D-EB9DFAE10937/source completed (252ms, status: 200)
14:59:59.291503 [DEBUG] Step 4 completed successfully (254ms): assertVisible: text="You're all set to visit Half Dome."
14:59:59.292463 [DEBUG] Executing step 5: takeScreenshot
14:59:59.292865 [DEBUG] WDA GET /session/138B4A92-6C49-4026-A58D-EB9DFAE10937/screenshot
14:59:59.364820 [DEBUG] WDA GET /session/138B4A92-6C49-4026-A58D-EB9DFAE10937/screenshot completed (71ms, status: 200)
14:59:59.366162 [DEBUG] Step 5 completed successfully (73ms): takeScreenshot
14:59:59.366402 [DEBUG] Executing step 6: tapOn: text="Done"
14:59:59.366614 [DEBUG] WDA POST /session/138B4A92-6C49-4026-A58D-EB9DFAE10937/element body={"using":"predicate string","value":"((type == 'XCUIElementTypeTextField' OR type == 'XCUIElementTyp...
14:59:59.366620 [DEBUG] WDA POST /session/138B4A92-6C49-4026-A58D-EB9DFAE10937/element body={"using":"class chain","value":"**/XCUIElementTypeSecureTextField[`(label CONTAINS[c] 'Done' OR valu...
14:59:59.366662 [DEBUG] WDA POST /session/138B4A92-6C49-4026-A58D-EB9DFAE10937/element body={"using":"class chain","value":"**/XCUIElementTypeTextField[`(label CONTAINS[c] 'Done' OR value CONT...
14:59:59.366679 [DEBUG] WDA POST /session/138B4A92-6C49-4026-A58D-EB9DFAE10937/element body={"using":"class chain","value":"**/XCUIElementTypeButton[`(label ==[c] 'Done' OR name ==[c] 'Done')`...
14:59:59.382001 [DEBUG] WDA POST /session/138B4A92-6C49-4026-A58D-EB9DFAE10937/element completed (15ms, status: 404)
14:59:59.412385 [DEBUG] WDA POST /session/138B4A92-6C49-4026-A58D-EB9DFAE10937/element completed (45ms, status: 200)
14:59:59.442502 [DEBUG] WDA POST /session/138B4A92-6C49-4026-A58D-EB9DFAE10937/element completed (75ms, status: 200)
14:59:59.456538 [DEBUG] WDA POST /session/138B4A92-6C49-4026-A58D-EB9DFAE10937/element completed (89ms, status: 404)
14:59:59.456636 [DEBUG] WDA GET /session/138B4A92-6C49-4026-A58D-EB9DFAE10937/element/E2000000-0000-0000-6677-000000000000/name
14:59:59.456669 [DEBUG] WDA GET /session/138B4A92-6C49-4026-A58D-EB9DFAE10937/element/E2000000-0000-0000-6677-000000000000/rect
14:59:59.456695 [DEBUG] WDA GET /session/138B4A92-6C49-4026-A58D-EB9DFAE10937/element/E2000000-0000-0000-6677-000000000000/text
14:59:59.456724 [DEBUG] WDA GET /session/138B4A92-6C49-4026-A58D-EB9DFAE10937/element/E2000000-0000-0000-6677-000000000000/displayed
14:59:59.471822 [DEBUG] WDA GET /session/138B4A92-6C49-4026-A58D-EB9DFAE10937/element/E2000000-0000-0000-6677-000000000000/name completed (15ms, status: 200)
14:59:59.486249 [DEBUG] WDA GET /session/138B4A92-6C49-4026-A58D-EB9DFAE10937/element/E2000000-0000-0000-6677-000000000000/rect completed (29ms, status: 200)
14:59:59.499281 [DEBUG] WDA GET /session/138B4A92-6C49-4026-A58D-EB9DFAE10937/element/E2000000-0000-0000-6677-000000000000/text completed (42ms, status: 200)
14:59:59.515987 [DEBUG] WDA GET /session/138B4A92-6C49-4026-A58D-EB9DFAE10937/element/E2000000-0000-0000-6677-000000000000/displayed completed (59ms, status: 200)
14:59:59.516028 [DEBUG] WDA POST /session/138B4A92-6C49-4026-A58D-EB9DFAE10937/element/E2000000-0000-0000-6677-000000000000/click body=
14:59:59.839116 [DEBUG] WDA POST /session/138B4A92-6C49-4026-A58D-EB9DFAE10937/element/E2000000-0000-0000-6677-000000000000/click completed (323ms, status: 200)
14:59:59.839179 [DEBUG] Step 6 completed successfully (472ms): tapOn: text="Done"
14:59:59.839623 [DEBUG] Executing step 7: assertVisible: text="Half Dome"
14:59:59.839843 [DEBUG] WDA POST /session/138B4A92-6C49-4026-A58D-EB9DFAE10937/element body={"using":"predicate string","value":"(label CONTAINS[c] 'Half Dome' OR name CONTAINS[c] 'Half Dome' ...
14:59:59.948354 [DEBUG] WDA POST /session/138B4A92-6C49-4026-A58D-EB9DFAE10937/element completed (108ms, status: 200)
14:59:59.948400 [DEBUG] WDA GET /session/138B4A92-6C49-4026-A58D-EB9DFAE10937/element/E1000000-0000-0000-6677-000000000000/name
14:59:59.948413 [DEBUG] WDA GET /session/138B4A92-6C49-4026-A58D-EB9DFAE10937/element/E1000000-0000-0000-6677-000000000000/rect
14:59:59.948429 [DEBUG] WDA GET /session/138B4A92-6C49-4026-A58D-EB9DFAE10937/element/E1000000-0000-0000-6677-000000000000/displayed
14:59:59.948455 [DEBUG] WDA GET /session/138B4A92-6C49-4026-A58D-EB9DFAE10937/element/E1000000-0000-0000-6677-000000000000/text
14:59:59.995101 [DEBUG] WDA GET /session/138B4A92-6C49-4026-A58D-EB9DFAE10937/element/E1000000-0000-0000-6677-000000000000/rect completed (46ms, status: 200)
15:00:00.041625 [DEBUG] WDA GET /session/138B4A92-6C49-4026-A58D-EB9DFAE10937/element/E1000000-0000-0000-6677-000000000000/name completed (93ms, status: 200)
15:00:00.121884 [DEBUG] WDA GET /session/138B4A92-6C49-4026-A58D-EB9DFAE10937/element/E1000000-0000-0000-6677-000000000000/displayed completed (173ms, status: 200)
15:00:00.192690 [DEBUG] WDA GET /session/138B4A92-6C49-4026-A58D-EB9DFAE10937/element/E1000000-0000-0000-6677-000000000000/text completed (244ms, status: 200)
15:00:00.192828 [DEBUG] WDA GET /session/138B4A92-6C49-4026-A58D-EB9DFAE10937/source
15:00:01.443262 [DEBUG] WDA GET /session/138B4A92-6C49-4026-A58D-EB9DFAE10937/source completed (1250ms, status: 200)
15:00:01.444033 [DEBUG] Step 7 completed successfully (1604ms): assertVisible: text="Half Dome"
15:00:01.445130 [INFO] === Flow completed: 06-visit (status: passed, duration: 9262ms, passed: 8, failed: 0, skipped: 0) ===
15:00:01.446080 [INFO] Flow execution completed: 1 passed, 0 failed, 0 skipped
15:00:01.446157 [INFO] Generating reports...
15:00:01.446549 [INFO] Shutting down devices started by maestro-runner...
15:00:01.446560 [INFO] Shutting down all tracked emulators
15:00:01.446564 [INFO] Shutting down all tracked simulators
