14:59:35.777162 [INFO] === Test execution started ===
14:59:35.777205 [INFO] Output directory: /Users/kyle/Developer/grantiva-cli/.worktrees/qa-ios/findings/evidence/triage/F24/a2
14:59:35.777226 [INFO] Platform: ios
14:59:35.777230 [INFO] Driver: uiautomator2
14:59:35.777590 [INFO] Validated 1 flow(s)
14:59:35.904506 [INFO] Single device execution mode
14:59:35.904530 [INFO] Starting flow execution (parallel: false, devices: [])
14:59:35.904566 [INFO] Creating driver for single device execution
14:59:35.904611 [INFO] Using specified iOS device: 93DF5345-8494-4C57-B374-10224C07ED41
14:59:36.028082 [INFO] Device 93DF5345-8494-4C57-B374-10224C07ED41 is a simulator
14:59:36.028165 [INFO] Building WDA for device 93DF5345-8494-4C57-B374-10224C07ED41 (team ID: )
14:59:36.283419 [INFO] WDA build completed successfully
14:59:36.283439 [INFO] Starting WDA on device 93DF5345-8494-4C57-B374-10224C07ED41 (port: 8485)
14:59:38.567540 [INFO] WDA started successfully on port 8485
14:59:39.003071 [DEBUG] WDA GET /window/size
14:59:39.090991 [DEBUG] WDA GET /window/size completed (87ms, status: 200)
14:59:39.091159 [INFO] Driver created: ios on qa-ios-1
14:59:39.092552 [INFO] === Starting flow: 06-visit ===
14:59:39.092557 [INFO] Flow file: /var/folders/jv/76l6crmx6nl3hf150gzry_ym0000gn/T/grantiva-5AA4B7B6-096A-4022-AE5A-7C6B2901A84A/0/06-visit.yaml
14:59:39.092561 [INFO] Total steps: 8
14:59:39.092683 [DEBUG] WDA POST /appium/settings body={"settings":{"shouldWaitForQuiescence":false,"waitForIdleTimeout":0}}
14:59:39.093257 [DEBUG] WDA POST /appium/settings completed (0ms, status: 404)
14:59:39.093310 [DEBUG] WDA POST /session body={"capabilities":{"alwaysMatch":{"bundleId":"com.kylebrowning.Landmarks","defaultAlertAction":"accept...
14:59:40.676783 [DEBUG] WDA POST /session completed (1583ms, status: 200)
14:59:40.676906 [DEBUG] WDA POST /session/4BF96E86-BDBE-4CA3-8A1F-8C2F5E171E5A/appium/settings body={"settings":{"shouldWaitForQuiescence":false,"waitForIdleTimeout":0}}
14:59:40.864057 [DEBUG] WDA POST /session/4BF96E86-BDBE-4CA3-8A1F-8C2F5E171E5A/appium/settings completed (187ms, status: 200)
14:59:40.865299 [DEBUG] Executing step 0: launchApp
14:59:41.560012 [DEBUG] [wda] launchApp com.kylebrowning.Landmarks: argv=[] env=map[]
14:59:41.560082 [DEBUG] WDA POST /session/4BF96E86-BDBE-4CA3-8A1F-8C2F5E171E5A/appium/settings body={"settings":{"acceptAlertButtonSelector":"**/XCUIElementTypeButton[`label BEGINSWITH[c] 'Allow' OR l...
14:59:41.560744 [DEBUG] WDA POST /session/4BF96E86-BDBE-4CA3-8A1F-8C2F5E171E5A/appium/settings completed (0ms, status: 200)
14:59:41.560824 [DEBUG] WDA POST /session/4BF96E86-BDBE-4CA3-8A1F-8C2F5E171E5A/wda/apps/launch body={"bundleId":"com.kylebrowning.Landmarks"}
14:59:43.103126 [DEBUG] WDA POST /session/4BF96E86-BDBE-4CA3-8A1F-8C2F5E171E5A/wda/apps/launch completed (1542ms, status: 200)
14:59:43.103285 [DEBUG] Step 0 completed successfully (2237ms): launchApp
14:59:43.103939 [DEBUG] Executing step 1: tapOn: text="Half Dome"
14:59:43.104388 [DEBUG] Flutter: parallel search (text="Half Dome", id="")
14:59:43.104473 [DEBUG] WDA POST /session/4BF96E86-BDBE-4CA3-8A1F-8C2F5E171E5A/element body={"using":"predicate string","value":"((type == 'XCUIElementTypeTextField' OR type == 'XCUIElementTyp...
14:59:43.104504 [DEBUG] WDA POST /session/4BF96E86-BDBE-4CA3-8A1F-8C2F5E171E5A/element body={"using":"class chain","value":"**/XCUIElementTypeTextField[`(label CONTAINS[c] 'Half Dome' OR value...
14:59:43.104577 [DEBUG] WDA POST /session/4BF96E86-BDBE-4CA3-8A1F-8C2F5E171E5A/element body={"using":"class chain","value":"**/XCUIElementTypeButton[`(label ==[c] 'Half Dome' OR name ==[c] 'Ha...
14:59:43.104603 [DEBUG] WDA POST /session/4BF96E86-BDBE-4CA3-8A1F-8C2F5E171E5A/element body={"using":"class chain","value":"**/XCUIElementTypeSecureTextField[`(label CONTAINS[c] 'Half Dome' OR...
14:59:43.297251 [DEBUG] WDA POST /session/4BF96E86-BDBE-4CA3-8A1F-8C2F5E171E5A/element completed (192ms, status: 404)
14:59:43.343493 [DEBUG] WDA POST /session/4BF96E86-BDBE-4CA3-8A1F-8C2F5E171E5A/element completed (238ms, status: 404)
14:59:43.388887 [DEBUG] WDA POST /session/4BF96E86-BDBE-4CA3-8A1F-8C2F5E171E5A/element completed (284ms, status: 404)
14:59:43.434198 [DEBUG] WDA POST /session/4BF96E86-BDBE-4CA3-8A1F-8C2F5E171E5A/element completed (329ms, status: 404)
14:59:43.434322 [DEBUG] WDA POST /session/4BF96E86-BDBE-4CA3-8A1F-8C2F5E171E5A/element body={"using":"predicate string","value":"(label == 'Half Dome' OR name == 'Half Dome' OR value == 'Half ...
14:59:43.533669 [DEBUG] WDA POST /session/4BF96E86-BDBE-4CA3-8A1F-8C2F5E171E5A/element completed (99ms, status: 200)
14:59:43.533742 [DEBUG] WDA GET /session/4BF96E86-BDBE-4CA3-8A1F-8C2F5E171E5A/element/98000000-0000-0000-6D74-000000000000/name
14:59:43.533787 [DEBUG] WDA GET /session/4BF96E86-BDBE-4CA3-8A1F-8C2F5E171E5A/element/98000000-0000-0000-6D74-000000000000/rect
14:59:43.533824 [DEBUG] WDA GET /session/4BF96E86-BDBE-4CA3-8A1F-8C2F5E171E5A/element/98000000-0000-0000-6D74-000000000000/text
14:59:43.533856 [DEBUG] WDA GET /session/4BF96E86-BDBE-4CA3-8A1F-8C2F5E171E5A/element/98000000-0000-0000-6D74-000000000000/displayed
14:59:43.580611 [DEBUG] WDA GET /session/4BF96E86-BDBE-4CA3-8A1F-8C2F5E171E5A/element/98000000-0000-0000-6D74-000000000000/name completed (46ms, status: 200)
14:59:43.627451 [DEBUG] WDA GET /session/4BF96E86-BDBE-4CA3-8A1F-8C2F5E171E5A/element/98000000-0000-0000-6D74-000000000000/rect completed (93ms, status: 200)
14:59:43.679038 [DEBUG] WDA GET /session/4BF96E86-BDBE-4CA3-8A1F-8C2F5E171E5A/element/98000000-0000-0000-6D74-000000000000/displayed completed (145ms, status: 200)
14:59:43.724709 [DEBUG] WDA GET /session/4BF96E86-BDBE-4CA3-8A1F-8C2F5E171E5A/element/98000000-0000-0000-6D74-000000000000/text completed (190ms, status: 200)
14:59:43.724777 [DEBUG] WDA POST /session/4BF96E86-BDBE-4CA3-8A1F-8C2F5E171E5A/element/98000000-0000-0000-6D74-000000000000/click body=
14:59:44.084192 [DEBUG] Flutter fallback: failed to get trees: no Flutter VM service found
14:59:44.111817 [DEBUG] WDA POST /session/4BF96E86-BDBE-4CA3-8A1F-8C2F5E171E5A/element/98000000-0000-0000-6D74-000000000000/click completed (387ms, status: 200)
14:59:45.053541 [DEBUG] Flutter fallback: failed to get trees: no Flutter VM service found
14:59:45.053567 [DEBUG] Step 1 completed successfully (1949ms): tapOn: text="Half Dome"
14:59:45.053959 [DEBUG] Executing step 2: tapOn: text="Plan Visit"
14:59:45.054267 [DEBUG] WDA POST /session/4BF96E86-BDBE-4CA3-8A1F-8C2F5E171E5A/element body={"using":"predicate string","value":"((type == 'XCUIElementTypeTextField' OR type == 'XCUIElementTyp...
14:59:45.054276 [DEBUG] WDA POST /session/4BF96E86-BDBE-4CA3-8A1F-8C2F5E171E5A/element body={"using":"class chain","value":"**/XCUIElementTypeTextField[`(label CONTAINS[c] 'Plan Visit' OR valu...
14:59:45.054322 [DEBUG] WDA POST /session/4BF96E86-BDBE-4CA3-8A1F-8C2F5E171E5A/element body={"using":"class chain","value":"**/XCUIElementTypeSecureTextField[`(label CONTAINS[c] 'Plan Visit' O...
14:59:45.054392 [DEBUG] WDA POST /session/4BF96E86-BDBE-4CA3-8A1F-8C2F5E171E5A/element body={"using":"class chain","value":"**/XCUIElementTypeButton[`(label ==[c] 'Plan Visit' OR name ==[c] 'P...
14:59:45.132246 [DEBUG] WDA POST /session/4BF96E86-BDBE-4CA3-8A1F-8C2F5E171E5A/element completed (77ms, status: 200)
14:59:45.164524 [DEBUG] WDA POST /session/4BF96E86-BDBE-4CA3-8A1F-8C2F5E171E5A/element completed (110ms, status: 404)
14:59:45.230290 [DEBUG] WDA POST /session/4BF96E86-BDBE-4CA3-8A1F-8C2F5E171E5A/element completed (175ms, status: 200)
14:59:45.262202 [DEBUG] WDA POST /session/4BF96E86-BDBE-4CA3-8A1F-8C2F5E171E5A/element completed (207ms, status: 404)
14:59:45.262316 [DEBUG] WDA GET /session/4BF96E86-BDBE-4CA3-8A1F-8C2F5E171E5A/element/C8000000-0000-0000-6D74-000000000000/name
14:59:45.262323 [DEBUG] WDA GET /session/4BF96E86-BDBE-4CA3-8A1F-8C2F5E171E5A/element/C8000000-0000-0000-6D74-000000000000/rect
14:59:45.262332 [DEBUG] WDA GET /session/4BF96E86-BDBE-4CA3-8A1F-8C2F5E171E5A/element/C8000000-0000-0000-6D74-000000000000/displayed
14:59:45.262347 [DEBUG] WDA GET /session/4BF96E86-BDBE-4CA3-8A1F-8C2F5E171E5A/element/C8000000-0000-0000-6D74-000000000000/text
14:59:45.335764 [DEBUG] WDA GET /session/4BF96E86-BDBE-4CA3-8A1F-8C2F5E171E5A/element/C8000000-0000-0000-6D74-000000000000/rect completed (73ms, status: 200)
14:59:45.371248 [DEBUG] WDA GET /session/4BF96E86-BDBE-4CA3-8A1F-8C2F5E171E5A/element/C8000000-0000-0000-6D74-000000000000/displayed completed (108ms, status: 200)
14:59:45.402300 [DEBUG] WDA GET /session/4BF96E86-BDBE-4CA3-8A1F-8C2F5E171E5A/element/C8000000-0000-0000-6D74-000000000000/text completed (139ms, status: 200)
14:59:45.435257 [DEBUG] WDA GET /session/4BF96E86-BDBE-4CA3-8A1F-8C2F5E171E5A/element/C8000000-0000-0000-6D74-000000000000/name completed (172ms, status: 200)
14:59:45.435314 [DEBUG] WDA POST /session/4BF96E86-BDBE-4CA3-8A1F-8C2F5E171E5A/element/C8000000-0000-0000-6D74-000000000000/click body=
14:59:45.790162 [DEBUG] WDA POST /session/4BF96E86-BDBE-4CA3-8A1F-8C2F5E171E5A/element/C8000000-0000-0000-6D74-000000000000/click completed (354ms, status: 200)
14:59:45.790202 [DEBUG] Step 2 completed successfully (736ms): tapOn: text="Plan Visit"
14:59:45.790567 [DEBUG] Executing step 3: assertVisible: text="Visit Scheduled!"
14:59:45.790779 [DEBUG] WDA POST /session/4BF96E86-BDBE-4CA3-8A1F-8C2F5E171E5A/element body={"using":"predicate string","value":"(label CONTAINS[c] 'Visit Scheduled!' OR name CONTAINS[c] 'Visi...
14:59:45.854039 [DEBUG] WDA POST /session/4BF96E86-BDBE-4CA3-8A1F-8C2F5E171E5A/element completed (63ms, status: 200)
14:59:45.854086 [DEBUG] WDA GET /session/4BF96E86-BDBE-4CA3-8A1F-8C2F5E171E5A/element/D8000000-0000-0000-6D74-000000000000/name
14:59:45.854110 [DEBUG] WDA GET /session/4BF96E86-BDBE-4CA3-8A1F-8C2F5E171E5A/element/D8000000-0000-0000-6D74-000000000000/rect
14:59:45.854127 [DEBUG] WDA GET /session/4BF96E86-BDBE-4CA3-8A1F-8C2F5E171E5A/element/D8000000-0000-0000-6D74-000000000000/text
14:59:45.854145 [DEBUG] WDA GET /session/4BF96E86-BDBE-4CA3-8A1F-8C2F5E171E5A/element/D8000000-0000-0000-6D74-000000000000/displayed
14:59:45.883339 [DEBUG] WDA GET /session/4BF96E86-BDBE-4CA3-8A1F-8C2F5E171E5A/element/D8000000-0000-0000-6D74-000000000000/name completed (29ms, status: 200)
14:59:45.911991 [DEBUG] WDA GET /session/4BF96E86-BDBE-4CA3-8A1F-8C2F5E171E5A/element/D8000000-0000-0000-6D74-000000000000/rect completed (57ms, status: 200)
14:59:45.939526 [DEBUG] WDA GET /session/4BF96E86-BDBE-4CA3-8A1F-8C2F5E171E5A/element/D8000000-0000-0000-6D74-000000000000/text completed (85ms, status: 200)
14:59:45.971935 [DEBUG] WDA GET /session/4BF96E86-BDBE-4CA3-8A1F-8C2F5E171E5A/element/D8000000-0000-0000-6D74-000000000000/displayed completed (117ms, status: 200)
14:59:45.971980 [DEBUG] Step 3 completed successfully (181ms): assertVisible: text="Visit Scheduled!"
14:59:45.972321 [DEBUG] Executing step 4: assertVisible: text="You're all set to visit Half Dome."
14:59:45.972523 [DEBUG] WDA POST /session/4BF96E86-BDBE-4CA3-8A1F-8C2F5E171E5A/element body={"using":"predicate string","value":"(label CONTAINS[c] 'You're all set to visit Half Dome.' OR name...
14:59:45.974404 [DEBUG] WDA POST /session/4BF96E86-BDBE-4CA3-8A1F-8C2F5E171E5A/element completed (1ms, status: 500)
14:59:45.974499 [DEBUG] WDA GET /session/4BF96E86-BDBE-4CA3-8A1F-8C2F5E171E5A/source
14:59:46.233119 [DEBUG] WDA GET /session/4BF96E86-BDBE-4CA3-8A1F-8C2F5E171E5A/source completed (258ms, status: 200)
14:59:46.233305 [DEBUG] Step 4 completed successfully (260ms): assertVisible: text="You're all set to visit Half Dome."
14:59:46.233682 [DEBUG] Executing step 5: takeScreenshot
14:59:46.233864 [DEBUG] WDA GET /session/4BF96E86-BDBE-4CA3-8A1F-8C2F5E171E5A/screenshot
14:59:46.296481 [DEBUG] WDA GET /session/4BF96E86-BDBE-4CA3-8A1F-8C2F5E171E5A/screenshot completed (62ms, status: 200)
14:59:46.297350 [DEBUG] Step 5 completed successfully (63ms): takeScreenshot
14:59:46.297634 [DEBUG] Executing step 6: tapOn: text="Done"
14:59:46.297878 [DEBUG] WDA POST /session/4BF96E86-BDBE-4CA3-8A1F-8C2F5E171E5A/element body={"using":"predicate string","value":"((type == 'XCUIElementTypeTextField' OR type == 'XCUIElementTyp...
14:59:46.297897 [DEBUG] WDA POST /session/4BF96E86-BDBE-4CA3-8A1F-8C2F5E171E5A/element body={"using":"class chain","value":"**/XCUIElementTypeButton[`(label ==[c] 'Done' OR name ==[c] 'Done')`...
14:59:46.297930 [DEBUG] WDA POST /session/4BF96E86-BDBE-4CA3-8A1F-8C2F5E171E5A/element body={"using":"class chain","value":"**/XCUIElementTypeSecureTextField[`(label CONTAINS[c] 'Done' OR valu...
14:59:46.297958 [DEBUG] WDA POST /session/4BF96E86-BDBE-4CA3-8A1F-8C2F5E171E5A/element body={"using":"class chain","value":"**/XCUIElementTypeTextField[`(label CONTAINS[c] 'Done' OR value CONT...
14:59:46.330851 [DEBUG] WDA POST /session/4BF96E86-BDBE-4CA3-8A1F-8C2F5E171E5A/element completed (32ms, status: 200)
14:59:46.361461 [DEBUG] WDA POST /session/4BF96E86-BDBE-4CA3-8A1F-8C2F5E171E5A/element completed (63ms, status: 200)
14:59:46.376218 [DEBUG] WDA POST /session/4BF96E86-BDBE-4CA3-8A1F-8C2F5E171E5A/element completed (78ms, status: 404)
14:59:46.390983 [DEBUG] WDA POST /session/4BF96E86-BDBE-4CA3-8A1F-8C2F5E171E5A/element completed (93ms, status: 404)
14:59:46.391065 [DEBUG] WDA GET /session/4BF96E86-BDBE-4CA3-8A1F-8C2F5E171E5A/element/DA000000-0000-0000-6D74-000000000000/name
14:59:46.391112 [DEBUG] WDA GET /session/4BF96E86-BDBE-4CA3-8A1F-8C2F5E171E5A/element/DA000000-0000-0000-6D74-000000000000/rect
14:59:46.391130 [DEBUG] WDA GET /session/4BF96E86-BDBE-4CA3-8A1F-8C2F5E171E5A/element/DA000000-0000-0000-6D74-000000000000/text
14:59:46.391145 [DEBUG] WDA GET /session/4BF96E86-BDBE-4CA3-8A1F-8C2F5E171E5A/element/DA000000-0000-0000-6D74-000000000000/displayed
14:59:46.406258 [DEBUG] WDA GET /session/4BF96E86-BDBE-4CA3-8A1F-8C2F5E171E5A/element/DA000000-0000-0000-6D74-000000000000/name completed (15ms, status: 200)
14:59:46.421533 [DEBUG] WDA GET /session/4BF96E86-BDBE-4CA3-8A1F-8C2F5E171E5A/element/DA000000-0000-0000-6D74-000000000000/rect completed (30ms, status: 200)
14:59:46.434975 [DEBUG] WDA GET /session/4BF96E86-BDBE-4CA3-8A1F-8C2F5E171E5A/element/DA000000-0000-0000-6D74-000000000000/text completed (43ms, status: 200)
14:59:46.452946 [DEBUG] WDA GET /session/4BF96E86-BDBE-4CA3-8A1F-8C2F5E171E5A/element/DA000000-0000-0000-6D74-000000000000/displayed completed (61ms, status: 200)
14:59:46.452990 [DEBUG] WDA POST /session/4BF96E86-BDBE-4CA3-8A1F-8C2F5E171E5A/element/DA000000-0000-0000-6D74-000000000000/click body=
14:59:46.775365 [DEBUG] WDA POST /session/4BF96E86-BDBE-4CA3-8A1F-8C2F5E171E5A/element/DA000000-0000-0000-6D74-000000000000/click completed (322ms, status: 200)
14:59:46.775413 [DEBUG] Step 6 completed successfully (477ms): tapOn: text="Done"
14:59:46.775812 [DEBUG] Executing step 7: assertVisible: text="Half Dome"
14:59:46.776016 [DEBUG] WDA POST /session/4BF96E86-BDBE-4CA3-8A1F-8C2F5E171E5A/element body={"using":"predicate string","value":"(label CONTAINS[c] 'Half Dome' OR name CONTAINS[c] 'Half Dome' ...
14:59:46.885292 [DEBUG] WDA POST /session/4BF96E86-BDBE-4CA3-8A1F-8C2F5E171E5A/element completed (109ms, status: 200)
14:59:46.885342 [DEBUG] WDA GET /session/4BF96E86-BDBE-4CA3-8A1F-8C2F5E171E5A/element/D9000000-0000-0000-6D74-000000000000/name
14:59:46.885359 [DEBUG] WDA GET /session/4BF96E86-BDBE-4CA3-8A1F-8C2F5E171E5A/element/D9000000-0000-0000-6D74-000000000000/displayed
14:59:46.885384 [DEBUG] WDA GET /session/4BF96E86-BDBE-4CA3-8A1F-8C2F5E171E5A/element/D9000000-0000-0000-6D74-000000000000/rect
14:59:46.885401 [DEBUG] WDA GET /session/4BF96E86-BDBE-4CA3-8A1F-8C2F5E171E5A/element/D9000000-0000-0000-6D74-000000000000/text
14:59:46.944234 [DEBUG] WDA GET /session/4BF96E86-BDBE-4CA3-8A1F-8C2F5E171E5A/element/D9000000-0000-0000-6D74-000000000000/displayed completed (58ms, status: 200)
14:59:46.990318 [DEBUG] WDA GET /session/4BF96E86-BDBE-4CA3-8A1F-8C2F5E171E5A/element/D9000000-0000-0000-6D74-000000000000/name completed (104ms, status: 200)
14:59:47.036628 [DEBUG] WDA GET /session/4BF96E86-BDBE-4CA3-8A1F-8C2F5E171E5A/element/D9000000-0000-0000-6D74-000000000000/rect completed (151ms, status: 200)
14:59:47.081441 [DEBUG] WDA GET /session/4BF96E86-BDBE-4CA3-8A1F-8C2F5E171E5A/element/D9000000-0000-0000-6D74-000000000000/text completed (196ms, status: 200)
14:59:47.081497 [DEBUG] WDA GET /session/4BF96E86-BDBE-4CA3-8A1F-8C2F5E171E5A/source
14:59:47.796437 [DEBUG] WDA GET /session/4BF96E86-BDBE-4CA3-8A1F-8C2F5E171E5A/source completed (714ms, status: 200)
14:59:47.797281 [DEBUG] Step 7 completed successfully (1021ms): assertVisible: text="Half Dome"
14:59:47.798545 [INFO] === Flow completed: 06-visit (status: passed, duration: 8705ms, passed: 8, failed: 0, skipped: 0) ===
14:59:47.799554 [INFO] Flow execution completed: 1 passed, 0 failed, 0 skipped
14:59:47.799634 [INFO] Generating reports...
14:59:47.800120 [INFO] Shutting down devices started by maestro-runner...
14:59:47.800125 [INFO] Shutting down all tracked emulators
14:59:47.800129 [INFO] Shutting down all tracked simulators
