14:09:37.805318 POST /session [7.72575ms] OK body={"capabilities":{"platformName":"Android","deviceName":"sdk_gphone64_arm64"}}
14:09:37.808994 POST /session/9d1c3dac-8126-42d1-8166-47f20b907b15/appium/settings [3.589833ms] OK body={"settings":{"enableMultiWindows":true,"waitForIdleTimeout":200}}
14:09:37.811912 POST /session/9d1c3dac-8126-42d1-8166-47f20b907b15/appium/settings [2.874125ms] OK body={"settings":{"implicitWait":100}}
14:09:37.854278 GET /session/9d1c3dac-8126-42d1-8166-47f20b907b15/appium/device/info [19.771917ms] OK body=
14:09:37.861385 POST /session/9d1c3dac-8126-42d1-8166-47f20b907b15/appium/settings [4.474ms] OK body={"settings":{"waitForIdleTimeout":200}}
14:09:38.530179 POST /session/9d1c3dac-8126-42d1-8166-47f20b907b15/appium/device/launch_app [9.06325ms] OK body={"appId":"com.kylebrowning.landmarks"}
14:09:42.332663 POST /session/9d1c3dac-8126-42d1-8166-47f20b907b15/element [2.79455625s] ERR:404 body={"strategy":"-android uiautomator","selector":"new UiSelector().textContains(\"Deep Links\").clickab...
14:09:42.559389 POST /session/9d1c3dac-8126-42d1-8166-47f20b907b15/element [226.537416ms] ERR:404 body={"strategy":"-android uiautomator","selector":"new UiSelector().descriptionContains(\"Deep Links\")....
14:09:42.623601 POST /session/9d1c3dac-8126-42d1-8166-47f20b907b15/element [64.086291ms] OK body={"strategy":"-android uiautomator","selector":"new UiSelector().textContains(\"Deep Links\")"}
14:09:42.760080 GET /session/9d1c3dac-8126-42d1-8166-47f20b907b15/source [136.15725ms] OK body=
14:09:42.846498 POST /session/9d1c3dac-8126-42d1-8166-47f20b907b15/appium/gestures/click [85.079959ms] OK body={"offset":{"x":907,"y":2232}}
14:09:43.553678 POST /session/9d1c3dac-8126-42d1-8166-47f20b907b15/element [684.801583ms] ERR:404 body={"strategy":"-android uiautomator","selector":"new UiSelector().textContains(\"Slow Screen\").clicka...
14:09:43.580518 POST /session/9d1c3dac-8126-42d1-8166-47f20b907b15/element [26.643667ms] ERR:404 body={"strategy":"-android uiautomator","selector":"new UiSelector().descriptionContains(\"Slow Screen\")...
14:09:43.597637 POST /session/9d1c3dac-8126-42d1-8166-47f20b907b15/element [17.064458ms] OK body={"strategy":"-android uiautomator","selector":"new UiSelector().textContains(\"Slow Screen\")"}
14:09:43.643863 GET /session/9d1c3dac-8126-42d1-8166-47f20b907b15/source [46.074125ms] OK body=
14:09:43.707142 POST /session/9d1c3dac-8126-42d1-8166-47f20b907b15/appium/gestures/click [62.627375ms] OK body={"offset":{"x":540,"y":1220}}
14:09:44.308104 POST /session/9d1c3dac-8126-42d1-8166-47f20b907b15/element [600.386958ms] OK body={"strategy":"-android uiautomator","selector":"new UiSelector().textContains(\"Loading…\")"}
14:09:44.319373 POST /session/9d1c3dac-8126-42d1-8166-47f20b907b15/element [10.566292ms] ERR:404 body={"strategy":"-android uiautomator","selector":"new UiSelector().textContains(\"Loaded after delay\")...
14:09:44.330447 POST /session/9d1c3dac-8126-42d1-8166-47f20b907b15/element [11.020375ms] ERR:404 body={"strategy":"-android uiautomator","selector":"new UiSelector().descriptionContains(\"Loaded after d...
14:09:44.341708 POST /session/9d1c3dac-8126-42d1-8166-47f20b907b15/element [11.2035ms] ERR:404 body={"strategy":"-android uiautomator","selector":"new UiSelector().textMatches(\"(?is).*\\QLoaded after...
14:09:44.350957 POST /session/9d1c3dac-8126-42d1-8166-47f20b907b15/element [9.18925ms] ERR:404 body={"strategy":"-android uiautomator","selector":"new UiSelector().descriptionMatches(\"(?is).*\\QLoade...
14:09:44.374531 GET /session/9d1c3dac-8126-42d1-8166-47f20b907b15/source [23.333333ms] OK body=
14:09:44.386257 POST /session/9d1c3dac-8126-42d1-8166-47f20b907b15/element [11.043084ms] ERR:404 body={"strategy":"-android uiautomator","selector":"new UiSelector().textContains(\"Loaded after delay\")...
14:09:44.397034 POST /session/9d1c3dac-8126-42d1-8166-47f20b907b15/element [10.702958ms] ERR:404 body={"strategy":"-android uiautomator","selector":"new UiSelector().descriptionContains(\"Loaded after d...
14:09:44.407828 POST /session/9d1c3dac-8126-42d1-8166-47f20b907b15/element [10.715333ms] ERR:404 body={"strategy":"-android uiautomator","selector":"new UiSelector().textMatches(\"(?is).*\\QLoaded after...
14:09:44.418334 POST /session/9d1c3dac-8126-42d1-8166-47f20b907b15/element [10.424584ms] ERR:404 body={"strategy":"-android uiautomator","selector":"new UiSelector().descriptionMatches(\"(?is).*\\QLoade...
14:09:44.440856 GET /session/9d1c3dac-8126-42d1-8166-47f20b907b15/source [22.416292ms] OK body=
14:09:44.454016 POST /session/9d1c3dac-8126-42d1-8166-47f20b907b15/element [12.656708ms] ERR:404 body={"strategy":"-android uiautomator","selector":"new UiSelector().textContains(\"Loaded after delay\")...
14:09:44.469121 POST /session/9d1c3dac-8126-42d1-8166-47f20b907b15/element [15.055084ms] ERR:404 body={"strategy":"-android uiautomator","selector":"new UiSelector().descriptionContains(\"Loaded after d...
14:09:44.479980 POST /session/9d1c3dac-8126-42d1-8166-47f20b907b15/element [10.799917ms] ERR:404 body={"strategy":"-android uiautomator","selector":"new UiSelector().textMatches(\"(?is).*\\QLoaded after...
14:09:44.490878 POST /session/9d1c3dac-8126-42d1-8166-47f20b907b15/element [10.8405ms] ERR:404 body={"strategy":"-android uiautomator","selector":"new UiSelector().descriptionMatches(\"(?is).*\\QLoade...
14:09:44.512029 GET /session/9d1c3dac-8126-42d1-8166-47f20b907b15/source [21.054208ms] OK body=
14:09:44.524581 POST /session/9d1c3dac-8126-42d1-8166-47f20b907b15/element [12.018125ms] ERR:404 body={"strategy":"-android uiautomator","selector":"new UiSelector().textContains(\"Loaded after delay\")...
14:09:44.536030 POST /session/9d1c3dac-8126-42d1-8166-47f20b907b15/element [11.394083ms] ERR:404 body={"strategy":"-android uiautomator","selector":"new UiSelector().descriptionContains(\"Loaded after d...
14:09:44.546778 POST /session/9d1c3dac-8126-42d1-8166-47f20b907b15/element [10.691792ms] ERR:404 body={"strategy":"-android uiautomator","selector":"new UiSelector().textMatches(\"(?is).*\\QLoaded after...
14:09:44.560145 POST /session/9d1c3dac-8126-42d1-8166-47f20b907b15/element [13.313542ms] ERR:404 body={"strategy":"-android uiautomator","selector":"new UiSelector().descriptionMatches(\"(?is).*\\QLoade...
14:09:44.583470 GET /session/9d1c3dac-8126-42d1-8166-47f20b907b15/source [23.13525ms] OK body=
14:09:44.595372 POST /session/9d1c3dac-8126-42d1-8166-47f20b907b15/element [10.9625ms] ERR:404 body={"strategy":"-android uiautomator","selector":"new UiSelector().textContains(\"Loaded after delay\")...
14:09:44.608583 POST /session/9d1c3dac-8126-42d1-8166-47f20b907b15/element [13.149875ms] ERR:404 body={"strategy":"-android uiautomator","selector":"new UiSelector().descriptionContains(\"Loaded after d...
14:09:44.616623 POST /session/9d1c3dac-8126-42d1-8166-47f20b907b15/element [7.987667ms] ERR:404 body={"strategy":"-android uiautomator","selector":"new UiSelector().textMatches(\"(?is).*\\QLoaded after...
14:09:44.637055 POST /session/9d1c3dac-8126-42d1-8166-47f20b907b15/element [20.381916ms] ERR:404 body={"strategy":"-android uiautomator","selector":"new UiSelector().descriptionMatches(\"(?is).*\\QLoade...
14:09:44.658859 GET /session/9d1c3dac-8126-42d1-8166-47f20b907b15/source [21.707416ms] OK body=
14:09:44.669402 POST /session/9d1c3dac-8126-42d1-8166-47f20b907b15/element [10.029958ms] ERR:404 body={"strategy":"-android uiautomator","selector":"new UiSelector().textContains(\"Loaded after delay\")...
14:09:44.678432 POST /session/9d1c3dac-8126-42d1-8166-47f20b907b15/element [8.82025ms] ERR:404 body={"strategy":"-android uiautomator","selector":"new UiSelector().descriptionContains(\"Loaded after d...
14:09:44.689272 POST /session/9d1c3dac-8126-42d1-8166-47f20b907b15/element [10.794333ms] ERR:404 body={"strategy":"-android uiautomator","selector":"new UiSelector().textMatches(\"(?is).*\\QLoaded after...
14:09:44.697203 POST /session/9d1c3dac-8126-42d1-8166-47f20b907b15/element [7.877875ms] ERR:404 body={"strategy":"-android uiautomator","selector":"new UiSelector().descriptionMatches(\"(?is).*\\QLoade...
14:09:44.718629 GET /session/9d1c3dac-8126-42d1-8166-47f20b907b15/source [21.314041ms] OK body=
14:09:44.729669 POST /session/9d1c3dac-8126-42d1-8166-47f20b907b15/element [10.492333ms] ERR:404 body={"strategy":"-android uiautomator","selector":"new UiSelector().textContains(\"Loaded after delay\")...
14:09:44.742608 POST /session/9d1c3dac-8126-42d1-8166-47f20b907b15/element [12.887542ms] ERR:404 body={"strategy":"-android uiautomator","selector":"new UiSelector().descriptionContains(\"Loaded after d...
14:09:44.752195 POST /session/9d1c3dac-8126-42d1-8166-47f20b907b15/element [9.534958ms] ERR:404 body={"strategy":"-android uiautomator","selector":"new UiSelector().textMatches(\"(?is).*\\QLoaded after...
14:09:44.759547 POST /session/9d1c3dac-8126-42d1-8166-47f20b907b15/element [7.296792ms] ERR:404 body={"strategy":"-android uiautomator","selector":"new UiSelector().descriptionMatches(\"(?is).*\\QLoade...
14:09:44.779683 GET /session/9d1c3dac-8126-42d1-8166-47f20b907b15/source [19.981083ms] OK body=
14:09:44.788852 POST /session/9d1c3dac-8126-42d1-8166-47f20b907b15/element [8.640625ms] ERR:404 body={"strategy":"-android uiautomator","selector":"new UiSelector().textContains(\"Loaded after delay\")...
14:09:44.799373 POST /session/9d1c3dac-8126-42d1-8166-47f20b907b15/element [10.471333ms] ERR:404 body={"strategy":"-android uiautomator","selector":"new UiSelector().descriptionContains(\"Loaded after d...
14:09:44.808654 POST /session/9d1c3dac-8126-42d1-8166-47f20b907b15/element [8.909416ms] ERR:404 body={"strategy":"-android uiautomator","selector":"new UiSelector().textMatches(\"(?is).*\\QLoaded after...
14:09:44.818544 POST /session/9d1c3dac-8126-42d1-8166-47f20b907b15/element [9.837ms] ERR:404 body={"strategy":"-android uiautomator","selector":"new UiSelector().descriptionMatches(\"(?is).*\\QLoade...
14:09:44.833780 GET /session/9d1c3dac-8126-42d1-8166-47f20b907b15/source [15.040417ms] OK body=
14:09:44.844720 POST /session/9d1c3dac-8126-42d1-8166-47f20b907b15/element [7.688666ms] ERR:404 body={"strategy":"-android uiautomator","selector":"new UiSelector().textContains(\"Loaded after delay\")...
14:09:44.855233 POST /session/9d1c3dac-8126-42d1-8166-47f20b907b15/element [10.45ms] ERR:404 body={"strategy":"-android uiautomator","selector":"new UiSelector().descriptionContains(\"Loaded after d...
14:09:44.866149 POST /session/9d1c3dac-8126-42d1-8166-47f20b907b15/element [10.864209ms] ERR:404 body={"strategy":"-android uiautomator","selector":"new UiSelector().textMatches(\"(?is).*\\QLoaded after...
14:09:44.873877 POST /session/9d1c3dac-8126-42d1-8166-47f20b907b15/element [7.678125ms] ERR:404 body={"strategy":"-android uiautomator","selector":"new UiSelector().descriptionMatches(\"(?is).*\\QLoade...
14:09:44.890416 GET /session/9d1c3dac-8126-42d1-8166-47f20b907b15/source [16.39675ms] OK body=
14:09:44.902376 POST /session/9d1c3dac-8126-42d1-8166-47f20b907b15/element [11.446667ms] ERR:404 body={"strategy":"-android uiautomator","selector":"new UiSelector().textContains(\"Loaded after delay\")...
14:09:44.914341 POST /session/9d1c3dac-8126-42d1-8166-47f20b907b15/element [11.912208ms] ERR:404 body={"strategy":"-android uiautomator","selector":"new UiSelector().descriptionContains(\"Loaded after d...
14:09:44.923847 POST /session/9d1c3dac-8126-42d1-8166-47f20b907b15/element [9.452208ms] ERR:404 body={"strategy":"-android uiautomator","selector":"new UiSelector().textMatches(\"(?is).*\\QLoaded after...
14:09:44.934810 POST /session/9d1c3dac-8126-42d1-8166-47f20b907b15/element [10.907625ms] ERR:404 body={"strategy":"-android uiautomator","selector":"new UiSelector().descriptionMatches(\"(?is).*\\QLoade...
14:09:44.951396 GET /session/9d1c3dac-8126-42d1-8166-47f20b907b15/source [16.252041ms] OK body=
14:09:44.960473 POST /session/9d1c3dac-8126-42d1-8166-47f20b907b15/element [8.574625ms] ERR:404 body={"strategy":"-android uiautomator","selector":"new UiSelector().textContains(\"Loaded after delay\")...
14:09:44.969182 POST /session/9d1c3dac-8126-42d1-8166-47f20b907b15/element [8.656167ms] ERR:404 body={"strategy":"-android uiautomator","selector":"new UiSelector().descriptionContains(\"Loaded after d...
14:09:44.980747 POST /session/9d1c3dac-8126-42d1-8166-47f20b907b15/element [11.485ms] ERR:404 body={"strategy":"-android uiautomator","selector":"new UiSelector().textMatches(\"(?is).*\\QLoaded after...
14:09:44.988920 POST /session/9d1c3dac-8126-42d1-8166-47f20b907b15/element [8.117083ms] ERR:404 body={"strategy":"-android uiautomator","selector":"new UiSelector().descriptionMatches(\"(?is).*\\QLoade...
14:09:45.006717 GET /session/9d1c3dac-8126-42d1-8166-47f20b907b15/source [17.623459ms] OK body=
14:09:45.021274 POST /session/9d1c3dac-8126-42d1-8166-47f20b907b15/element [14.044625ms] ERR:404 body={"strategy":"-android uiautomator","selector":"new UiSelector().textContains(\"Loaded after delay\")...
14:09:45.039523 POST /session/9d1c3dac-8126-42d1-8166-47f20b907b15/element [18.192125ms] ERR:404 body={"strategy":"-android uiautomator","selector":"new UiSelector().descriptionContains(\"Loaded after d...
14:09:45.048388 POST /session/9d1c3dac-8126-42d1-8166-47f20b907b15/element [8.8025ms] ERR:404 body={"strategy":"-android uiautomator","selector":"new UiSelector().textMatches(\"(?is).*\\QLoaded after...
14:09:45.057696 POST /session/9d1c3dac-8126-42d1-8166-47f20b907b15/element [9.244083ms] ERR:404 body={"strategy":"-android uiautomator","selector":"new UiSelector().descriptionMatches(\"(?is).*\\QLoade...
14:09:45.077051 GET /session/9d1c3dac-8126-42d1-8166-47f20b907b15/source [18.751042ms] OK body=
14:09:45.117965 POST /session/9d1c3dac-8126-42d1-8166-47f20b907b15/element [39.778959ms] ERR:404 body={"strategy":"-android uiautomator","selector":"new UiSelector().textContains(\"Loaded after delay\")...
14:09:45.137621 POST /session/9d1c3dac-8126-42d1-8166-47f20b907b15/element [19.59925ms] ERR:404 body={"strategy":"-android uiautomator","selector":"new UiSelector().descriptionContains(\"Loaded after d...
14:09:45.153273 POST /session/9d1c3dac-8126-42d1-8166-47f20b907b15/element [15.597625ms] ERR:404 body={"strategy":"-android uiautomator","selector":"new UiSelector().textMatches(\"(?is).*\\QLoaded after...
14:09:45.167017 POST /session/9d1c3dac-8126-42d1-8166-47f20b907b15/element [13.676375ms] ERR:404 body={"strategy":"-android uiautomator","selector":"new UiSelector().descriptionMatches(\"(?is).*\\QLoade...
14:09:45.187841 GET /session/9d1c3dac-8126-42d1-8166-47f20b907b15/source [20.593292ms] OK body=
14:09:45.206825 POST /session/9d1c3dac-8126-42d1-8166-47f20b907b15/element [18.465958ms] ERR:404 body={"strategy":"-android uiautomator","selector":"new UiSelector().textContains(\"Loaded after delay\")...
14:09:45.213837 POST /session/9d1c3dac-8126-42d1-8166-47f20b907b15/element [6.955541ms] ERR:404 body={"strategy":"-android uiautomator","selector":"new UiSelector().descriptionContains(\"Loaded after d...
14:09:45.221942 POST /session/9d1c3dac-8126-42d1-8166-47f20b907b15/element [8.059333ms] ERR:404 body={"strategy":"-android uiautomator","selector":"new UiSelector().textMatches(\"(?is).*\\QLoaded after...
14:09:45.229837 POST /session/9d1c3dac-8126-42d1-8166-47f20b907b15/element [7.8515ms] ERR:404 body={"strategy":"-android uiautomator","selector":"new UiSelector().descriptionMatches(\"(?is).*\\QLoade...
14:09:45.249134 GET /session/9d1c3dac-8126-42d1-8166-47f20b907b15/source [19.1675ms] OK body=
14:09:45.260293 POST /session/9d1c3dac-8126-42d1-8166-47f20b907b15/element [10.577625ms] ERR:404 body={"strategy":"-android uiautomator","selector":"new UiSelector().textContains(\"Loaded after delay\")...
14:09:45.269430 POST /session/9d1c3dac-8126-42d1-8166-47f20b907b15/element [9.080958ms] ERR:404 body={"strategy":"-android uiautomator","selector":"new UiSelector().descriptionContains(\"Loaded after d...
14:09:45.279550 POST /session/9d1c3dac-8126-42d1-8166-47f20b907b15/element [10.066916ms] ERR:404 body={"strategy":"-android uiautomator","selector":"new UiSelector().textMatches(\"(?is).*\\QLoaded after...
14:09:45.289469 POST /session/9d1c3dac-8126-42d1-8166-47f20b907b15/element [9.866833ms] ERR:404 body={"strategy":"-android uiautomator","selector":"new UiSelector().descriptionMatches(\"(?is).*\\QLoade...
14:09:45.308476 GET /session/9d1c3dac-8126-42d1-8166-47f20b907b15/source [18.895792ms] OK body=
14:09:45.319488 POST /session/9d1c3dac-8126-42d1-8166-47f20b907b15/element [10.109542ms] ERR:404 body={"strategy":"-android uiautomator","selector":"new UiSelector().textContains(\"Loaded after delay\")...
14:09:45.329836 POST /session/9d1c3dac-8126-42d1-8166-47f20b907b15/element [10.287416ms] ERR:404 body={"strategy":"-android uiautomator","selector":"new UiSelector().descriptionContains(\"Loaded after d...
14:09:45.340562 POST /session/9d1c3dac-8126-42d1-8166-47f20b907b15/element [10.669625ms] ERR:404 body={"strategy":"-android uiautomator","selector":"new UiSelector().textMatches(\"(?is).*\\QLoaded after...
14:09:45.350315 POST /session/9d1c3dac-8126-42d1-8166-47f20b907b15/element [9.705ms] ERR:404 body={"strategy":"-android uiautomator","selector":"new UiSelector().descriptionMatches(\"(?is).*\\QLoade...
14:09:45.366706 GET /session/9d1c3dac-8126-42d1-8166-47f20b907b15/source [16.271583ms] OK body=
14:09:45.376864 POST /session/9d1c3dac-8126-42d1-8166-47f20b907b15/element [9.6555ms] ERR:404 body={"strategy":"-android uiautomator","selector":"new UiSelector().textContains(\"Loaded after delay\")...
14:09:45.385000 POST /session/9d1c3dac-8126-42d1-8166-47f20b907b15/element [8.076417ms] ERR:404 body={"strategy":"-android uiautomator","selector":"new UiSelector().descriptionContains(\"Loaded after d...
14:09:45.391926 POST /session/9d1c3dac-8126-42d1-8166-47f20b907b15/element [6.875667ms] ERR:404 body={"strategy":"-android uiautomator","selector":"new UiSelector().textMatches(\"(?is).*\\QLoaded after...
14:09:45.399816 POST /session/9d1c3dac-8126-42d1-8166-47f20b907b15/element [7.839833ms] ERR:404 body={"strategy":"-android uiautomator","selector":"new UiSelector().descriptionMatches(\"(?is).*\\QLoade...
14:09:45.419358 GET /session/9d1c3dac-8126-42d1-8166-47f20b907b15/source [19.397125ms] OK body=
14:09:45.429109 POST /session/9d1c3dac-8126-42d1-8166-47f20b907b15/element [9.218417ms] ERR:404 body={"strategy":"-android uiautomator","selector":"new UiSelector().textContains(\"Loaded after delay\")...
14:09:45.438238 POST /session/9d1c3dac-8126-42d1-8166-47f20b907b15/element [9.081416ms] ERR:404 body={"strategy":"-android uiautomator","selector":"new UiSelector().descriptionContains(\"Loaded after d...
14:09:45.447053 POST /session/9d1c3dac-8126-42d1-8166-47f20b907b15/element [8.7675ms] ERR:404 body={"strategy":"-android uiautomator","selector":"new UiSelector().textMatches(\"(?is).*\\QLoaded after...
14:09:45.455003 POST /session/9d1c3dac-8126-42d1-8166-47f20b907b15/element [7.900041ms] ERR:404 body={"strategy":"-android uiautomator","selector":"new UiSelector().descriptionMatches(\"(?is).*\\QLoade...
14:09:45.468159 GET /session/9d1c3dac-8126-42d1-8166-47f20b907b15/source [13.037917ms] OK body=
14:09:45.478280 POST /session/9d1c3dac-8126-42d1-8166-47f20b907b15/element [9.599125ms] ERR:404 body={"strategy":"-android uiautomator","selector":"new UiSelector().textContains(\"Loaded after delay\")...
14:09:45.485988 POST /session/9d1c3dac-8126-42d1-8166-47f20b907b15/element [7.656584ms] ERR:404 body={"strategy":"-android uiautomator","selector":"new UiSelector().descriptionContains(\"Loaded after d...
14:09:45.493724 POST /session/9d1c3dac-8126-42d1-8166-47f20b907b15/element [7.668125ms] ERR:404 body={"strategy":"-android uiautomator","selector":"new UiSelector().textMatches(\"(?is).*\\QLoaded after...
14:09:45.500349 POST /session/9d1c3dac-8126-42d1-8166-47f20b907b15/element [6.561041ms] ERR:404 body={"strategy":"-android uiautomator","selector":"new UiSelector().descriptionMatches(\"(?is).*\\QLoade...
14:09:45.518980 GET /session/9d1c3dac-8126-42d1-8166-47f20b907b15/source [18.513958ms] OK body=
14:09:45.529141 POST /session/9d1c3dac-8126-42d1-8166-47f20b907b15/element [9.654666ms] ERR:404 body={"strategy":"-android uiautomator","selector":"new UiSelector().textContains(\"Loaded after delay\")...
14:09:45.539765 POST /session/9d1c3dac-8126-42d1-8166-47f20b907b15/element [10.566458ms] ERR:404 body={"strategy":"-android uiautomator","selector":"new UiSelector().descriptionContains(\"Loaded after d...
14:09:45.548457 POST /session/9d1c3dac-8126-42d1-8166-47f20b907b15/element [8.6285ms] ERR:404 body={"strategy":"-android uiautomator","selector":"new UiSelector().textMatches(\"(?is).*\\QLoaded after...
14:09:45.559562 POST /session/9d1c3dac-8126-42d1-8166-47f20b907b15/element [9.424542ms] ERR:404 body={"strategy":"-android uiautomator","selector":"new UiSelector().descriptionMatches(\"(?is).*\\QLoade...
14:09:45.582832 GET /session/9d1c3dac-8126-42d1-8166-47f20b907b15/source [23.094667ms] OK body=
14:09:45.592391 POST /session/9d1c3dac-8126-42d1-8166-47f20b907b15/element [9.034ms] ERR:404 body={"strategy":"-android uiautomator","selector":"new UiSelector().textContains(\"Loaded after delay\")...
14:09:45.601453 POST /session/9d1c3dac-8126-42d1-8166-47f20b907b15/element [8.998625ms] ERR:404 body={"strategy":"-android uiautomator","selector":"new UiSelector().descriptionContains(\"Loaded after d...
14:09:45.610430 POST /session/9d1c3dac-8126-42d1-8166-47f20b907b15/element [8.918584ms] ERR:404 body={"strategy":"-android uiautomator","selector":"new UiSelector().textMatches(\"(?is).*\\QLoaded after...
14:09:45.619503 POST /session/9d1c3dac-8126-42d1-8166-47f20b907b15/element [9.02175ms] ERR:404 body={"strategy":"-android uiautomator","selector":"new UiSelector().descriptionMatches(\"(?is).*\\QLoade...
14:09:45.633939 GET /session/9d1c3dac-8126-42d1-8166-47f20b907b15/source [14.271958ms] OK body=
14:09:45.647262 POST /session/9d1c3dac-8126-42d1-8166-47f20b907b15/element [12.805834ms] ERR:404 body={"strategy":"-android uiautomator","selector":"new UiSelector().textContains(\"Loaded after delay\")...
14:09:45.655355 POST /session/9d1c3dac-8126-42d1-8166-47f20b907b15/element [8.045ms] ERR:404 body={"strategy":"-android uiautomator","selector":"new UiSelector().descriptionContains(\"Loaded after d...
14:09:45.664212 POST /session/9d1c3dac-8126-42d1-8166-47f20b907b15/element [8.804292ms] ERR:404 body={"strategy":"-android uiautomator","selector":"new UiSelector().textMatches(\"(?is).*\\QLoaded after...
14:09:45.672619 POST /session/9d1c3dac-8126-42d1-8166-47f20b907b15/element [8.347959ms] ERR:404 body={"strategy":"-android uiautomator","selector":"new UiSelector().descriptionMatches(\"(?is).*\\QLoade...
14:09:45.689607 GET /session/9d1c3dac-8126-42d1-8166-47f20b907b15/source [16.877125ms] OK body=
14:09:45.698137 POST /session/9d1c3dac-8126-42d1-8166-47f20b907b15/element [7.588958ms] ERR:404 body={"strategy":"-android uiautomator","selector":"new UiSelector().textContains(\"Loaded after delay\")...
14:09:45.705044 POST /session/9d1c3dac-8126-42d1-8166-47f20b907b15/element [6.846708ms] ERR:404 body={"strategy":"-android uiautomator","selector":"new UiSelector().descriptionContains(\"Loaded after d...
14:09:45.711920 POST /session/9d1c3dac-8126-42d1-8166-47f20b907b15/element [6.824666ms] ERR:404 body={"strategy":"-android uiautomator","selector":"new UiSelector().textMatches(\"(?is).*\\QLoaded after...
14:09:45.719754 POST /session/9d1c3dac-8126-42d1-8166-47f20b907b15/element [7.781167ms] ERR:404 body={"strategy":"-android uiautomator","selector":"new UiSelector().descriptionMatches(\"(?is).*\\QLoade...
14:09:45.734831 GET /session/9d1c3dac-8126-42d1-8166-47f20b907b15/source [14.928625ms] OK body=
14:09:45.743586 POST /session/9d1c3dac-8126-42d1-8166-47f20b907b15/element [8.244625ms] ERR:404 body={"strategy":"-android uiautomator","selector":"new UiSelector().textContains(\"Loaded after delay\")...
14:09:45.752469 POST /session/9d1c3dac-8126-42d1-8166-47f20b907b15/element [8.826542ms] ERR:404 body={"strategy":"-android uiautomator","selector":"new UiSelector().descriptionContains(\"Loaded after d...
14:09:45.760701 POST /session/9d1c3dac-8126-42d1-8166-47f20b907b15/element [8.186208ms] ERR:404 body={"strategy":"-android uiautomator","selector":"new UiSelector().textMatches(\"(?is).*\\QLoaded after...
14:09:45.767965 POST /session/9d1c3dac-8126-42d1-8166-47f20b907b15/element [7.213916ms] ERR:404 body={"strategy":"-android uiautomator","selector":"new UiSelector().descriptionMatches(\"(?is).*\\QLoade...
14:09:45.784829 GET /session/9d1c3dac-8126-42d1-8166-47f20b907b15/source [16.724208ms] OK body=
14:09:45.794217 POST /session/9d1c3dac-8126-42d1-8166-47f20b907b15/element [8.875708ms] ERR:404 body={"strategy":"-android uiautomator","selector":"new UiSelector().textContains(\"Loaded after delay\")...
14:09:45.800649 POST /session/9d1c3dac-8126-42d1-8166-47f20b907b15/element [6.287916ms] ERR:404 body={"strategy":"-android uiautomator","selector":"new UiSelector().descriptionContains(\"Loaded after d...
14:09:45.808976 POST /session/9d1c3dac-8126-42d1-8166-47f20b907b15/element [8.28025ms] ERR:404 body={"strategy":"-android uiautomator","selector":"new UiSelector().textMatches(\"(?is).*\\QLoaded after...
14:09:45.817865 POST /session/9d1c3dac-8126-42d1-8166-47f20b907b15/element [6.923916ms] ERR:404 body={"strategy":"-android uiautomator","selector":"new UiSelector().descriptionMatches(\"(?is).*\\QLoade...
14:09:45.832140 GET /session/9d1c3dac-8126-42d1-8166-47f20b907b15/source [14.139417ms] OK body=
14:09:45.840690 POST /session/9d1c3dac-8126-42d1-8166-47f20b907b15/element [7.667958ms] ERR:404 body={"strategy":"-android uiautomator","selector":"new UiSelector().textContains(\"Loaded after delay\")...
14:09:45.848993 POST /session/9d1c3dac-8126-42d1-8166-47f20b907b15/element [8.244083ms] ERR:404 body={"strategy":"-android uiautomator","selector":"new UiSelector().descriptionContains(\"Loaded after d...
14:09:45.857452 POST /session/9d1c3dac-8126-42d1-8166-47f20b907b15/element [8.411375ms] ERR:404 body={"strategy":"-android uiautomator","selector":"new UiSelector().textMatches(\"(?is).*\\QLoaded after...
14:09:45.866630 POST /session/9d1c3dac-8126-42d1-8166-47f20b907b15/element [9.129333ms] ERR:404 body={"strategy":"-android uiautomator","selector":"new UiSelector().descriptionMatches(\"(?is).*\\QLoade...
14:09:45.880769 GET /session/9d1c3dac-8126-42d1-8166-47f20b907b15/source [13.966125ms] OK body=
14:09:45.889358 POST /session/9d1c3dac-8126-42d1-8166-47f20b907b15/element [8.060375ms] ERR:404 body={"strategy":"-android uiautomator","selector":"new UiSelector().textContains(\"Loaded after delay\")...
14:09:45.896366 POST /session/9d1c3dac-8126-42d1-8166-47f20b907b15/element [6.95625ms] ERR:404 body={"strategy":"-android uiautomator","selector":"new UiSelector().descriptionContains(\"Loaded after d...
14:09:45.903884 POST /session/9d1c3dac-8126-42d1-8166-47f20b907b15/element [7.468167ms] ERR:404 body={"strategy":"-android uiautomator","selector":"new UiSelector().textMatches(\"(?is).*\\QLoaded after...
14:09:45.911624 POST /session/9d1c3dac-8126-42d1-8166-47f20b907b15/element [7.690291ms] ERR:404 body={"strategy":"-android uiautomator","selector":"new UiSelector().descriptionMatches(\"(?is).*\\QLoade...
14:09:45.926757 GET /session/9d1c3dac-8126-42d1-8166-47f20b907b15/source [15.00725ms] OK body=
14:09:45.937022 POST /session/9d1c3dac-8126-42d1-8166-47f20b907b15/element [9.745208ms] ERR:404 body={"strategy":"-android uiautomator","selector":"new UiSelector().textContains(\"Loaded after delay\")...
14:09:45.943947 POST /session/9d1c3dac-8126-42d1-8166-47f20b907b15/element [6.870375ms] ERR:404 body={"strategy":"-android uiautomator","selector":"new UiSelector().descriptionContains(\"Loaded after d...
14:09:45.952128 POST /session/9d1c3dac-8126-42d1-8166-47f20b907b15/element [8.126958ms] ERR:404 body={"strategy":"-android uiautomator","selector":"new UiSelector().textMatches(\"(?is).*\\QLoaded after...
14:09:45.960476 POST /session/9d1c3dac-8126-42d1-8166-47f20b907b15/element [8.287959ms] ERR:404 body={"strategy":"-android uiautomator","selector":"new UiSelector().descriptionMatches(\"(?is).*\\QLoade...
14:09:45.977897 GET /session/9d1c3dac-8126-42d1-8166-47f20b907b15/source [17.250417ms] OK body=
14:09:45.987024 POST /session/9d1c3dac-8126-42d1-8166-47f20b907b15/element [8.624167ms] ERR:404 body={"strategy":"-android uiautomator","selector":"new UiSelector().textContains(\"Loaded after delay\")...
14:09:45.994557 POST /session/9d1c3dac-8126-42d1-8166-47f20b907b15/element [7.467667ms] ERR:404 body={"strategy":"-android uiautomator","selector":"new UiSelector().descriptionContains(\"Loaded after d...
14:09:46.000953 POST /session/9d1c3dac-8126-42d1-8166-47f20b907b15/element [6.33875ms] ERR:404 body={"strategy":"-android uiautomator","selector":"new UiSelector().textMatches(\"(?is).*\\QLoaded after...
14:09:46.008280 POST /session/9d1c3dac-8126-42d1-8166-47f20b907b15/element [7.259875ms] ERR:404 body={"strategy":"-android uiautomator","selector":"new UiSelector().descriptionMatches(\"(?is).*\\QLoade...
14:09:46.026130 GET /session/9d1c3dac-8126-42d1-8166-47f20b907b15/source [17.732084ms] OK body=
14:09:46.034549 POST /session/9d1c3dac-8126-42d1-8166-47f20b907b15/element [7.904584ms] ERR:404 body={"strategy":"-android uiautomator","selector":"new UiSelector().textContains(\"Loaded after delay\")...
14:09:46.042866 POST /session/9d1c3dac-8126-42d1-8166-47f20b907b15/element [8.272333ms] ERR:404 body={"strategy":"-android uiautomator","selector":"new UiSelector().descriptionContains(\"Loaded after d...
14:09:46.049631 POST /session/9d1c3dac-8126-42d1-8166-47f20b907b15/element [6.71575ms] ERR:404 body={"strategy":"-android uiautomator","selector":"new UiSelector().textMatches(\"(?is).*\\QLoaded after...
14:09:46.057911 POST /session/9d1c3dac-8126-42d1-8166-47f20b907b15/element [8.228ms] ERR:404 body={"strategy":"-android uiautomator","selector":"new UiSelector().descriptionMatches(\"(?is).*\\QLoade...
14:09:46.073103 GET /session/9d1c3dac-8126-42d1-8166-47f20b907b15/source [15.061583ms] OK body=
14:09:46.085370 POST /session/9d1c3dac-8126-42d1-8166-47f20b907b15/element [11.748542ms] ERR:404 body={"strategy":"-android uiautomator","selector":"new UiSelector().textContains(\"Loaded after delay\")...
14:09:46.093307 POST /session/9d1c3dac-8126-42d1-8166-47f20b907b15/element [7.879583ms] ERR:404 body={"strategy":"-android uiautomator","selector":"new UiSelector().descriptionContains(\"Loaded after d...
14:09:46.099995 POST /session/9d1c3dac-8126-42d1-8166-47f20b907b15/element [6.637625ms] ERR:404 body={"strategy":"-android uiautomator","selector":"new UiSelector().textMatches(\"(?is).*\\QLoaded after...
14:09:46.107220 POST /session/9d1c3dac-8126-42d1-8166-47f20b907b15/element [7.176708ms] ERR:404 body={"strategy":"-android uiautomator","selector":"new UiSelector().descriptionMatches(\"(?is).*\\QLoade...
14:09:46.119618 GET /session/9d1c3dac-8126-42d1-8166-47f20b907b15/source [12.245583ms] OK body=
14:09:46.128139 POST /session/9d1c3dac-8126-42d1-8166-47f20b907b15/element [8.005375ms] ERR:404 body={"strategy":"-android uiautomator","selector":"new UiSelector().textContains(\"Loaded after delay\")...
14:09:46.135582 POST /session/9d1c3dac-8126-42d1-8166-47f20b907b15/element [7.395917ms] ERR:404 body={"strategy":"-android uiautomator","selector":"new UiSelector().descriptionContains(\"Loaded after d...
14:09:46.143080 POST /session/9d1c3dac-8126-42d1-8166-47f20b907b15/element [7.453125ms] ERR:404 body={"strategy":"-android uiautomator","selector":"new UiSelector().textMatches(\"(?is).*\\QLoaded after...
14:09:46.150638 POST /session/9d1c3dac-8126-42d1-8166-47f20b907b15/element [7.510708ms] ERR:404 body={"strategy":"-android uiautomator","selector":"new UiSelector().descriptionMatches(\"(?is).*\\QLoade...
14:09:46.165265 GET /session/9d1c3dac-8126-42d1-8166-47f20b907b15/source [14.494333ms] OK body=
14:09:46.172951 POST /session/9d1c3dac-8126-42d1-8166-47f20b907b15/element [7.163166ms] ERR:404 body={"strategy":"-android uiautomator","selector":"new UiSelector().textContains(\"Loaded after delay\")...
14:09:46.182546 POST /session/9d1c3dac-8126-42d1-8166-47f20b907b15/element [9.523709ms] ERR:404 body={"strategy":"-android uiautomator","selector":"new UiSelector().descriptionContains(\"Loaded after d...
14:09:46.190617 POST /session/9d1c3dac-8126-42d1-8166-47f20b907b15/element [8.020667ms] ERR:404 body={"strategy":"-android uiautomator","selector":"new UiSelector().textMatches(\"(?is).*\\QLoaded after...
14:09:46.197078 POST /session/9d1c3dac-8126-42d1-8166-47f20b907b15/element [6.411041ms] ERR:404 body={"strategy":"-android uiautomator","selector":"new UiSelector().descriptionMatches(\"(?is).*\\QLoade...
14:09:46.210678 GET /session/9d1c3dac-8126-42d1-8166-47f20b907b15/source [13.51725ms] OK body=
14:09:46.224406 POST /session/9d1c3dac-8126-42d1-8166-47f20b907b15/element [13.2215ms] ERR:404 body={"strategy":"-android uiautomator","selector":"new UiSelector().textContains(\"Loaded after delay\")...
14:09:46.233976 POST /session/9d1c3dac-8126-42d1-8166-47f20b907b15/element [9.5155ms] ERR:404 body={"strategy":"-android uiautomator","selector":"new UiSelector().descriptionContains(\"Loaded after d...
14:09:46.242432 POST /session/9d1c3dac-8126-42d1-8166-47f20b907b15/element [8.406042ms] ERR:404 body={"strategy":"-android uiautomator","selector":"new UiSelector().textMatches(\"(?is).*\\QLoaded after...
14:09:46.250769 POST /session/9d1c3dac-8126-42d1-8166-47f20b907b15/element [8.270166ms] ERR:404 body={"strategy":"-android uiautomator","selector":"new UiSelector().descriptionMatches(\"(?is).*\\QLoade...
14:09:46.266720 GET /session/9d1c3dac-8126-42d1-8166-47f20b907b15/source [15.412833ms] OK body=
14:09:46.275706 POST /session/9d1c3dac-8126-42d1-8166-47f20b907b15/element [8.452791ms] ERR:404 body={"strategy":"-android uiautomator","selector":"new UiSelector().textContains(\"Loaded after delay\")...
14:09:46.282395 POST /session/9d1c3dac-8126-42d1-8166-47f20b907b15/element [6.63925ms] ERR:404 body={"strategy":"-android uiautomator","selector":"new UiSelector().descriptionContains(\"Loaded after d...
14:09:46.290694 POST /session/9d1c3dac-8126-42d1-8166-47f20b907b15/element [8.240042ms] ERR:404 body={"strategy":"-android uiautomator","selector":"new UiSelector().textMatches(\"(?is).*\\QLoaded after...
14:09:46.297022 POST /session/9d1c3dac-8126-42d1-8166-47f20b907b15/element [6.262708ms] ERR:404 body={"strategy":"-android uiautomator","selector":"new UiSelector().descriptionMatches(\"(?is).*\\QLoade...
14:09:46.315826 GET /session/9d1c3dac-8126-42d1-8166-47f20b907b15/source [18.653209ms] OK body=
14:09:46.325092 POST /session/9d1c3dac-8126-42d1-8166-47f20b907b15/element [8.765334ms] ERR:404 body={"strategy":"-android uiautomator","selector":"new UiSelector().textContains(\"Loaded after delay\")...
14:09:46.332526 POST /session/9d1c3dac-8126-42d1-8166-47f20b907b15/element [7.383167ms] ERR:404 body={"strategy":"-android uiautomator","selector":"new UiSelector().descriptionContains(\"Loaded after d...
14:09:46.338921 POST /session/9d1c3dac-8126-42d1-8166-47f20b907b15/element [6.352667ms] ERR:404 body={"strategy":"-android uiautomator","selector":"new UiSelector().textMatches(\"(?is).*\\QLoaded after...
14:09:46.345624 POST /session/9d1c3dac-8126-42d1-8166-47f20b907b15/element [6.6535ms] ERR:404 body={"strategy":"-android uiautomator","selector":"new UiSelector().descriptionMatches(\"(?is).*\\QLoade...
14:09:46.359305 GET /session/9d1c3dac-8126-42d1-8166-47f20b907b15/source [13.54725ms] OK body=
14:09:46.371744 POST /session/9d1c3dac-8126-42d1-8166-47f20b907b15/element [11.902125ms] ERR:404 body={"strategy":"-android uiautomator","selector":"new UiSelector().textContains(\"Loaded after delay\")...
14:09:46.380921 POST /session/9d1c3dac-8126-42d1-8166-47f20b907b15/element [9.117084ms] ERR:404 body={"strategy":"-android uiautomator","selector":"new UiSelector().descriptionContains(\"Loaded after d...
14:09:46.389203 POST /session/9d1c3dac-8126-42d1-8166-47f20b907b15/element [8.228458ms] ERR:404 body={"strategy":"-android uiautomator","selector":"new UiSelector().textMatches(\"(?is).*\\QLoaded after...
14:09:46.396719 POST /session/9d1c3dac-8126-42d1-8166-47f20b907b15/element [7.46325ms] ERR:404 body={"strategy":"-android uiautomator","selector":"new UiSelector().descriptionMatches(\"(?is).*\\QLoade...
14:09:46.412592 GET /session/9d1c3dac-8126-42d1-8166-47f20b907b15/source [15.757625ms] OK body=
14:09:46.421217 POST /session/9d1c3dac-8126-42d1-8166-47f20b907b15/element [8.118167ms] ERR:404 body={"strategy":"-android uiautomator","selector":"new UiSelector().textContains(\"Loaded after delay\")...
14:09:46.427257 POST /session/9d1c3dac-8126-42d1-8166-47f20b907b15/element [5.993375ms] ERR:404 body={"strategy":"-android uiautomator","selector":"new UiSelector().descriptionContains(\"Loaded after d...
14:09:46.434261 POST /session/9d1c3dac-8126-42d1-8166-47f20b907b15/element [6.949333ms] ERR:404 body={"strategy":"-android uiautomator","selector":"new UiSelector().textMatches(\"(?is).*\\QLoaded after...
14:09:46.441195 POST /session/9d1c3dac-8126-42d1-8166-47f20b907b15/element [6.891875ms] ERR:404 body={"strategy":"-android uiautomator","selector":"new UiSelector().descriptionMatches(\"(?is).*\\QLoade...
14:09:46.454823 GET /session/9d1c3dac-8126-42d1-8166-47f20b907b15/source [13.52725ms] OK body=
14:09:46.462654 POST /session/9d1c3dac-8126-42d1-8166-47f20b907b15/element [7.326584ms] ERR:404 body={"strategy":"-android uiautomator","selector":"new UiSelector().textContains(\"Loaded after delay\")...
14:09:46.470976 POST /session/9d1c3dac-8126-42d1-8166-47f20b907b15/element [8.270875ms] ERR:404 body={"strategy":"-android uiautomator","selector":"new UiSelector().descriptionContains(\"Loaded after d...
14:09:46.479570 POST /session/9d1c3dac-8126-42d1-8166-47f20b907b15/element [8.537833ms] ERR:404 body={"strategy":"-android uiautomator","selector":"new UiSelector().textMatches(\"(?is).*\\QLoaded after...
14:09:46.487680 POST /session/9d1c3dac-8126-42d1-8166-47f20b907b15/element [8.057459ms] ERR:404 body={"strategy":"-android uiautomator","selector":"new UiSelector().descriptionMatches(\"(?is).*\\QLoade...
14:09:46.500934 GET /session/9d1c3dac-8126-42d1-8166-47f20b907b15/source [13.052167ms] OK body=
14:09:46.510244 POST /session/9d1c3dac-8126-42d1-8166-47f20b907b15/element [8.801083ms] ERR:404 body={"strategy":"-android uiautomator","selector":"new UiSelector().textContains(\"Loaded after delay\")...
14:09:46.518207 POST /session/9d1c3dac-8126-42d1-8166-47f20b907b15/element [7.914042ms] ERR:404 body={"strategy":"-android uiautomator","selector":"new UiSelector().descriptionContains(\"Loaded after d...
14:09:46.524847 POST /session/9d1c3dac-8126-42d1-8166-47f20b907b15/element [6.59425ms] ERR:404 body={"strategy":"-android uiautomator","selector":"new UiSelector().textMatches(\"(?is).*\\QLoaded after...
14:09:46.530478 POST /session/9d1c3dac-8126-42d1-8166-47f20b907b15/element [5.580667ms] ERR:404 body={"strategy":"-android uiautomator","selector":"new UiSelector().descriptionMatches(\"(?is).*\\QLoade...
14:09:46.542768 GET /session/9d1c3dac-8126-42d1-8166-47f20b907b15/source [12.166583ms] OK body=
14:09:46.552633 POST /session/9d1c3dac-8126-42d1-8166-47f20b907b15/element [9.068625ms] ERR:404 body={"strategy":"-android uiautomator","selector":"new UiSelector().textContains(\"Loaded after delay\")...
14:09:46.558826 POST /session/9d1c3dac-8126-42d1-8166-47f20b907b15/element [6.132583ms] ERR:404 body={"strategy":"-android uiautomator","selector":"new UiSelector().descriptionContains(\"Loaded after d...
14:09:46.565312 POST /session/9d1c3dac-8126-42d1-8166-47f20b907b15/element [6.435875ms] ERR:404 body={"strategy":"-android uiautomator","selector":"new UiSelector().textMatches(\"(?is).*\\QLoaded after...
14:09:46.570893 POST /session/9d1c3dac-8126-42d1-8166-47f20b907b15/element [5.538917ms] ERR:404 body={"strategy":"-android uiautomator","selector":"new UiSelector().descriptionMatches(\"(?is).*\\QLoade...
14:09:46.584429 GET /session/9d1c3dac-8126-42d1-8166-47f20b907b15/source [13.414916ms] OK body=
14:09:46.591700 POST /session/9d1c3dac-8126-42d1-8166-47f20b907b15/element [6.724292ms] ERR:404 body={"strategy":"-android uiautomator","selector":"new UiSelector().textContains(\"Loaded after delay\")...
14:09:46.599677 POST /session/9d1c3dac-8126-42d1-8166-47f20b907b15/element [7.928ms] ERR:404 body={"strategy":"-android uiautomator","selector":"new UiSelector().descriptionContains(\"Loaded after d...
14:09:46.608366 POST /session/9d1c3dac-8126-42d1-8166-47f20b907b15/element [8.640584ms] ERR:404 body={"strategy":"-android uiautomator","selector":"new UiSelector().textMatches(\"(?is).*\\QLoaded after...
14:09:46.615917 POST /session/9d1c3dac-8126-42d1-8166-47f20b907b15/element [7.493125ms] ERR:404 body={"strategy":"-android uiautomator","selector":"new UiSelector().descriptionMatches(\"(?is).*\\QLoade...
14:09:46.631538 GET /session/9d1c3dac-8126-42d1-8166-47f20b907b15/source [15.466666ms] OK body=
14:09:46.639957 POST /session/9d1c3dac-8126-42d1-8166-47f20b907b15/element [7.904875ms] ERR:404 body={"strategy":"-android uiautomator","selector":"new UiSelector().textContains(\"Loaded after delay\")...
14:09:46.646439 POST /session/9d1c3dac-8126-42d1-8166-47f20b907b15/element [6.436ms] ERR:404 body={"strategy":"-android uiautomator","selector":"new UiSelector().descriptionContains(\"Loaded after d...
14:09:46.654155 POST /session/9d1c3dac-8126-42d1-8166-47f20b907b15/element [7.663209ms] ERR:404 body={"strategy":"-android uiautomator","selector":"new UiSelector().textMatches(\"(?is).*\\QLoaded after...
14:09:46.660239 POST /session/9d1c3dac-8126-42d1-8166-47f20b907b15/element [6.03125ms] ERR:404 body={"strategy":"-android uiautomator","selector":"new UiSelector().descriptionMatches(\"(?is).*\\QLoade...
14:09:46.673249 GET /session/9d1c3dac-8126-42d1-8166-47f20b907b15/source [12.888542ms] OK body=
14:09:46.682187 POST /session/9d1c3dac-8126-42d1-8166-47f20b907b15/element [8.432583ms] ERR:404 body={"strategy":"-android uiautomator","selector":"new UiSelector().textContains(\"Loaded after delay\")...
14:09:46.689486 POST /session/9d1c3dac-8126-42d1-8166-47f20b907b15/element [7.25175ms] ERR:404 body={"strategy":"-android uiautomator","selector":"new UiSelector().descriptionContains(\"Loaded after d...
14:09:46.696812 POST /session/9d1c3dac-8126-42d1-8166-47f20b907b15/element [7.2825ms] ERR:404 body={"strategy":"-android uiautomator","selector":"new UiSelector().textMatches(\"(?is).*\\QLoaded after...
14:09:46.702752 POST /session/9d1c3dac-8126-42d1-8166-47f20b907b15/element [5.898292ms] ERR:404 body={"strategy":"-android uiautomator","selector":"new UiSelector().descriptionMatches(\"(?is).*\\QLoade...
14:09:46.716791 GET /session/9d1c3dac-8126-42d1-8166-47f20b907b15/source [13.374541ms] OK body=
14:09:46.726805 POST /session/9d1c3dac-8126-42d1-8166-47f20b907b15/element [9.434916ms] ERR:404 body={"strategy":"-android uiautomator","selector":"new UiSelector().textContains(\"Loaded after delay\")...
14:09:46.732072 POST /session/9d1c3dac-8126-42d1-8166-47f20b907b15/element [5.203625ms] ERR:404 body={"strategy":"-android uiautomator","selector":"new UiSelector().descriptionContains(\"Loaded after d...
14:09:46.740539 POST /session/9d1c3dac-8126-42d1-8166-47f20b907b15/element [8.416917ms] ERR:404 body={"strategy":"-android uiautomator","selector":"new UiSelector().textMatches(\"(?is).*\\QLoaded after...
14:09:46.746417 POST /session/9d1c3dac-8126-42d1-8166-47f20b907b15/element [5.830334ms] ERR:404 body={"strategy":"-android uiautomator","selector":"new UiSelector().descriptionMatches(\"(?is).*\\QLoade...
14:09:46.762262 GET /session/9d1c3dac-8126-42d1-8166-47f20b907b15/source [15.745292ms] OK body=
14:09:46.767588 POST /session/9d1c3dac-8126-42d1-8166-47f20b907b15/element [4.836667ms] ERR:404 body={"strategy":"-android uiautomator","selector":"new UiSelector().textContains(\"Loaded after delay\")...
14:09:46.794141 POST /session/9d1c3dac-8126-42d1-8166-47f20b907b15/element [26.492791ms] ERR:404 body={"strategy":"-android uiautomator","selector":"new UiSelector().descriptionContains(\"Loaded after d...
14:09:46.803806 POST /session/9d1c3dac-8126-42d1-8166-47f20b907b15/element [9.605625ms] OK body={"strategy":"-android uiautomator","selector":"new UiSelector().textMatches(\"(?is).*\\QLoaded after...
14:09:46.811876 GET /session/9d1c3dac-8126-42d1-8166-47f20b907b15/element/00000000-0000-05a1-0000-00d000000004/text [8.024166ms] OK body=
14:09:46.815836 GET /session/9d1c3dac-8126-42d1-8166-47f20b907b15/element/00000000-0000-05a1-0000-00d000000004/rect [3.921334ms] OK body=
14:09:46.951405 GET /session/9d1c3dac-8126-42d1-8166-47f20b907b15/screenshot [134.819834ms] OK body=
14:09:46.957063 DELETE /session/9d1c3dac-8126-42d1-8166-47f20b907b15 [2.109458ms] OK body=
