14:49:50.671410 [INFO] === Test execution started ===
14:49:50.671483 [INFO] Output directory: /Users/kyle/Developer/grantiva-cli/.worktrees/qa-ios/findings/evidence/triage/02-favorite
14:49:50.671490 [INFO] Platform: ios
14:49:50.671498 [INFO] Driver: uiautomator2
14:49:50.671777 [INFO] Validated 1 flow(s)
14:49:50.781722 [INFO] Single device execution mode
14:49:50.781753 [INFO] Starting flow execution (parallel: false, devices: [])
14:49:50.781760 [INFO] Creating driver for single device execution
14:49:50.781764 [INFO] Using specified iOS device: 93DF5345-8494-4C57-B374-10224C07ED41
14:49:50.894305 [INFO] Device 93DF5345-8494-4C57-B374-10224C07ED41 is a simulator
14:49:50.894401 [INFO] Building WDA for device 93DF5345-8494-4C57-B374-10224C07ED41 (team ID: )
14:49:51.116546 [INFO] WDA build completed successfully
14:49:51.116571 [INFO] Starting WDA on device 93DF5345-8494-4C57-B374-10224C07ED41 (port: 8485)
14:49:53.854274 [INFO] WDA started successfully on port 8485
14:49:54.234353 [DEBUG] WDA GET /window/size
14:49:54.310437 [DEBUG] WDA GET /window/size completed (76ms, status: 200)
14:49:54.310515 [INFO] Driver created: ios on qa-ios-1
14:49:54.312097 [INFO] === Starting flow: 02-favorite ===
14:49:54.312103 [INFO] Flow file: /var/folders/jv/76l6crmx6nl3hf150gzry_ym0000gn/T/grantiva-516267F2-2643-4ED2-BDEB-1BF4EF3A3A77/0/02-favorite.yaml
14:49:54.312112 [INFO] Total steps: 13
14:49:54.312239 [DEBUG] WDA POST /appium/settings body={"settings":{"shouldWaitForQuiescence":false,"waitForIdleTimeout":0}}
14:49:54.312778 [DEBUG] WDA POST /appium/settings completed (0ms, status: 404)
14:49:54.312846 [DEBUG] WDA POST /session body={"capabilities":{"alwaysMatch":{"bundleId":"com.kylebrowning.Landmarks","defaultAlertAction":"accept...
14:49:56.898936 [DEBUG] WDA POST /session completed (2586ms, status: 200)
14:49:56.899219 [DEBUG] WDA POST /session/4F407F13-F81E-41CD-B446-99AB0161740D/appium/settings body={"settings":{"shouldWaitForQuiescence":false,"waitForIdleTimeout":0}}
14:49:57.079860 [DEBUG] WDA POST /session/4F407F13-F81E-41CD-B446-99AB0161740D/appium/settings completed (180ms, status: 200)
14:49:57.080874 [DEBUG] Executing step 0: launchApp
14:49:57.539756 [DEBUG] [wda] launchApp com.kylebrowning.Landmarks: argv=[] env=map[]
14:49:57.539823 [DEBUG] WDA POST /session/4F407F13-F81E-41CD-B446-99AB0161740D/appium/settings body={"settings":{"acceptAlertButtonSelector":"**/XCUIElementTypeButton[`label BEGINSWITH[c] 'Allow' OR l...
14:49:57.540455 [DEBUG] WDA POST /session/4F407F13-F81E-41CD-B446-99AB0161740D/appium/settings completed (0ms, status: 200)
14:49:57.540520 [DEBUG] WDA POST /session/4F407F13-F81E-41CD-B446-99AB0161740D/wda/apps/launch body={"bundleId":"com.kylebrowning.Landmarks"}
14:49:59.080992 [DEBUG] WDA POST /session/4F407F13-F81E-41CD-B446-99AB0161740D/wda/apps/launch completed (1540ms, status: 200)
14:49:59.081136 [DEBUG] Step 0 completed successfully (2000ms): launchApp
14:49:59.082242 [DEBUG] Executing step 1: tapOn: text="Lake Tahoe"
14:49:59.082842 [DEBUG] Flutter: parallel search (text="Lake Tahoe", id="")
14:49:59.083203 [DEBUG] WDA POST /session/4F407F13-F81E-41CD-B446-99AB0161740D/element body={"using":"predicate string","value":"((type == 'XCUIElementTypeTextField' OR type == 'XCUIElementTyp...
14:49:59.083237 [DEBUG] WDA POST /session/4F407F13-F81E-41CD-B446-99AB0161740D/element body={"using":"class chain","value":"**/XCUIElementTypeSecureTextField[`(label CONTAINS[c] 'Lake Tahoe' O...
14:49:59.083265 [DEBUG] WDA POST /session/4F407F13-F81E-41CD-B446-99AB0161740D/element body={"using":"class chain","value":"**/XCUIElementTypeTextField[`(label CONTAINS[c] 'Lake Tahoe' OR valu...
14:49:59.083394 [DEBUG] WDA POST /session/4F407F13-F81E-41CD-B446-99AB0161740D/element body={"using":"class chain","value":"**/XCUIElementTypeButton[`(label ==[c] 'Lake Tahoe' OR name ==[c] 'L...
14:49:59.291367 [DEBUG] WDA POST /session/4F407F13-F81E-41CD-B446-99AB0161740D/element completed (208ms, status: 404)
14:49:59.346756 [DEBUG] WDA POST /session/4F407F13-F81E-41CD-B446-99AB0161740D/element completed (263ms, status: 404)
14:49:59.390850 [DEBUG] WDA POST /session/4F407F13-F81E-41CD-B446-99AB0161740D/element completed (307ms, status: 404)
14:49:59.434915 [DEBUG] WDA POST /session/4F407F13-F81E-41CD-B446-99AB0161740D/element completed (351ms, status: 404)
14:49:59.435062 [DEBUG] WDA POST /session/4F407F13-F81E-41CD-B446-99AB0161740D/element body={"using":"predicate string","value":"(label == 'Lake Tahoe' OR name == 'Lake Tahoe' OR value == 'Lak...
14:49:59.532382 [DEBUG] WDA POST /session/4F407F13-F81E-41CD-B446-99AB0161740D/element completed (97ms, status: 200)
14:49:59.532464 [DEBUG] WDA GET /session/4F407F13-F81E-41CD-B446-99AB0161740D/element/AB000000-0000-0000-1B45-000000000000/text
14:49:59.532888 [DEBUG] WDA GET /session/4F407F13-F81E-41CD-B446-99AB0161740D/element/AB000000-0000-0000-1B45-000000000000/name
14:49:59.532956 [DEBUG] WDA GET /session/4F407F13-F81E-41CD-B446-99AB0161740D/element/AB000000-0000-0000-1B45-000000000000/displayed
14:49:59.533030 [DEBUG] WDA GET /session/4F407F13-F81E-41CD-B446-99AB0161740D/element/AB000000-0000-0000-1B45-000000000000/rect
14:49:59.578099 [DEBUG] WDA GET /session/4F407F13-F81E-41CD-B446-99AB0161740D/element/AB000000-0000-0000-1B45-000000000000/text completed (45ms, status: 200)
14:49:59.624850 [DEBUG] WDA GET /session/4F407F13-F81E-41CD-B446-99AB0161740D/element/AB000000-0000-0000-1B45-000000000000/name completed (92ms, status: 200)
14:49:59.669377 [DEBUG] WDA GET /session/4F407F13-F81E-41CD-B446-99AB0161740D/element/AB000000-0000-0000-1B45-000000000000/rect completed (136ms, status: 200)
14:49:59.719128 [DEBUG] WDA GET /session/4F407F13-F81E-41CD-B446-99AB0161740D/element/AB000000-0000-0000-1B45-000000000000/displayed completed (186ms, status: 200)
14:49:59.719275 [DEBUG] WDA POST /session/4F407F13-F81E-41CD-B446-99AB0161740D/element/AB000000-0000-0000-1B45-000000000000/click body=
14:50:00.219890 [DEBUG] WDA POST /session/4F407F13-F81E-41CD-B446-99AB0161740D/element/AB000000-0000-0000-1B45-000000000000/click completed (500ms, status: 200)
14:50:02.076204 [DEBUG] Flutter fallback: failed to get trees: no Flutter VM service found
14:50:02.076331 [DEBUG] Step 1 completed successfully (2994ms): tapOn: text="Lake Tahoe"
14:50:02.078464 [DEBUG] Executing step 2: tapOn: text="Favorite"
14:50:02.079299 [DEBUG] WDA POST /session/4F407F13-F81E-41CD-B446-99AB0161740D/element body={"using":"class chain","value":"**/XCUIElementTypeSecureTextField[`(label CONTAINS[c] 'Favorite' OR ...
14:50:02.079343 [DEBUG] WDA POST /session/4F407F13-F81E-41CD-B446-99AB0161740D/element body={"using":"class chain","value":"**/XCUIElementTypeButton[`(label ==[c] 'Favorite' OR name ==[c] 'Fav...
14:50:02.079374 [DEBUG] WDA POST /session/4F407F13-F81E-41CD-B446-99AB0161740D/element body={"using":"predicate string","value":"((type == 'XCUIElementTypeTextField' OR type == 'XCUIElementTyp...
14:50:02.079419 [DEBUG] WDA POST /session/4F407F13-F81E-41CD-B446-99AB0161740D/element body={"using":"class chain","value":"**/XCUIElementTypeTextField[`(label CONTAINS[c] 'Favorite' OR value ...
14:50:02.113058 [DEBUG] WDA POST /session/4F407F13-F81E-41CD-B446-99AB0161740D/element completed (33ms, status: 404)
14:50:02.174936 [DEBUG] WDA POST /session/4F407F13-F81E-41CD-B446-99AB0161740D/element completed (95ms, status: 200)
14:50:02.235856 [DEBUG] WDA POST /session/4F407F13-F81E-41CD-B446-99AB0161740D/element completed (156ms, status: 200)
14:50:02.265611 [DEBUG] WDA POST /session/4F407F13-F81E-41CD-B446-99AB0161740D/element completed (186ms, status: 404)
14:50:02.266049 [DEBUG] WDA GET /session/4F407F13-F81E-41CD-B446-99AB0161740D/element/BB000000-0000-0000-1B45-000000000000/name
14:50:02.266162 [DEBUG] WDA GET /session/4F407F13-F81E-41CD-B446-99AB0161740D/element/BB000000-0000-0000-1B45-000000000000/rect
14:50:02.266221 [DEBUG] WDA GET /session/4F407F13-F81E-41CD-B446-99AB0161740D/element/BB000000-0000-0000-1B45-000000000000/text
14:50:02.266335 [DEBUG] WDA GET /session/4F407F13-F81E-41CD-B446-99AB0161740D/element/BB000000-0000-0000-1B45-000000000000/displayed
14:50:02.295954 [DEBUG] WDA GET /session/4F407F13-F81E-41CD-B446-99AB0161740D/element/BB000000-0000-0000-1B45-000000000000/name completed (29ms, status: 200)
14:50:02.325580 [DEBUG] WDA GET /session/4F407F13-F81E-41CD-B446-99AB0161740D/element/BB000000-0000-0000-1B45-000000000000/rect completed (59ms, status: 200)
14:50:02.354744 [DEBUG] WDA GET /session/4F407F13-F81E-41CD-B446-99AB0161740D/element/BB000000-0000-0000-1B45-000000000000/text completed (88ms, status: 200)
14:50:02.394706 [DEBUG] WDA GET /session/4F407F13-F81E-41CD-B446-99AB0161740D/element/BB000000-0000-0000-1B45-000000000000/displayed completed (128ms, status: 200)
14:50:02.394766 [DEBUG] WDA POST /session/4F407F13-F81E-41CD-B446-99AB0161740D/element/BB000000-0000-0000-1B45-000000000000/click body=
14:50:02.757648 [DEBUG] WDA POST /session/4F407F13-F81E-41CD-B446-99AB0161740D/element/BB000000-0000-0000-1B45-000000000000/click completed (362ms, status: 200)
14:50:02.757691 [DEBUG] Step 2 completed successfully (679ms): tapOn: text="Favorite"
14:50:02.758136 [DEBUG] Executing step 3: assertVisible: text="Unfavorite"
14:50:02.758441 [DEBUG] WDA POST /session/4F407F13-F81E-41CD-B446-99AB0161740D/element body={"using":"predicate string","value":"(label CONTAINS[c] 'Unfavorite' OR name CONTAINS[c] 'Unfavorite...
14:50:02.800790 [DEBUG] WDA POST /session/4F407F13-F81E-41CD-B446-99AB0161740D/element completed (42ms, status: 404)
14:50:02.801016 [DEBUG] WDA GET /session/4F407F13-F81E-41CD-B446-99AB0161740D/source
14:50:03.966416 [DEBUG] WDA GET /session/4F407F13-F81E-41CD-B446-99AB0161740D/source completed (1165ms, status: 200)
14:50:03.966682 [DEBUG] Step 3 completed successfully (1208ms): assertVisible: text="Unfavorite"
14:50:03.967006 [DEBUG] Executing step 4: tapOn: text="Landmarks"
14:50:03.967228 [DEBUG] WDA POST /session/4F407F13-F81E-41CD-B446-99AB0161740D/element body={"using":"predicate string","value":"((type == 'XCUIElementTypeTextField' OR type == 'XCUIElementTyp...
14:50:03.967256 [DEBUG] WDA POST /session/4F407F13-F81E-41CD-B446-99AB0161740D/element body={"using":"class chain","value":"**/XCUIElementTypeButton[`(label ==[c] 'Landmarks' OR name ==[c] 'La...
14:50:03.967267 [DEBUG] WDA POST /session/4F407F13-F81E-41CD-B446-99AB0161740D/element body={"using":"class chain","value":"**/XCUIElementTypeTextField[`(label CONTAINS[c] 'Landmarks' OR value...
14:50:03.967288 [DEBUG] WDA POST /session/4F407F13-F81E-41CD-B446-99AB0161740D/element body={"using":"class chain","value":"**/XCUIElementTypeSecureTextField[`(label CONTAINS[c] 'Landmarks' OR...
14:50:04.075298 [DEBUG] WDA POST /session/4F407F13-F81E-41CD-B446-99AB0161740D/element completed (108ms, status: 200)
14:50:04.138125 [DEBUG] WDA POST /session/4F407F13-F81E-41CD-B446-99AB0161740D/element completed (170ms, status: 200)
14:50:04.169916 [DEBUG] WDA POST /session/4F407F13-F81E-41CD-B446-99AB0161740D/element completed (202ms, status: 404)
14:50:04.200906 [DEBUG] WDA POST /session/4F407F13-F81E-41CD-B446-99AB0161740D/element completed (233ms, status: 404)
14:50:04.201018 [DEBUG] WDA GET /session/4F407F13-F81E-41CD-B446-99AB0161740D/element/B6000000-0000-0000-1B45-000000000000/name
14:50:04.201035 [DEBUG] WDA GET /session/4F407F13-F81E-41CD-B446-99AB0161740D/element/B6000000-0000-0000-1B45-000000000000/rect
14:50:04.201046 [DEBUG] WDA GET /session/4F407F13-F81E-41CD-B446-99AB0161740D/element/B6000000-0000-0000-1B45-000000000000/text
14:50:04.201068 [DEBUG] WDA GET /session/4F407F13-F81E-41CD-B446-99AB0161740D/element/B6000000-0000-0000-1B45-000000000000/displayed
14:50:04.232998 [DEBUG] WDA GET /session/4F407F13-F81E-41CD-B446-99AB0161740D/element/B6000000-0000-0000-1B45-000000000000/rect completed (31ms, status: 200)
14:50:04.263561 [DEBUG] WDA GET /session/4F407F13-F81E-41CD-B446-99AB0161740D/element/B6000000-0000-0000-1B45-000000000000/name completed (62ms, status: 200)
14:50:04.293181 [DEBUG] WDA GET /session/4F407F13-F81E-41CD-B446-99AB0161740D/element/B6000000-0000-0000-1B45-000000000000/text completed (92ms, status: 200)
14:50:04.331965 [DEBUG] WDA GET /session/4F407F13-F81E-41CD-B446-99AB0161740D/element/B6000000-0000-0000-1B45-000000000000/displayed completed (130ms, status: 200)
14:50:04.332028 [DEBUG] WDA POST /session/4F407F13-F81E-41CD-B446-99AB0161740D/element/B6000000-0000-0000-1B45-000000000000/click body=
14:50:04.692309 [DEBUG] WDA POST /session/4F407F13-F81E-41CD-B446-99AB0161740D/element/B6000000-0000-0000-1B45-000000000000/click completed (360ms, status: 200)
14:50:04.692377 [DEBUG] Step 4 completed successfully (725ms): tapOn: text="Landmarks"
14:50:04.693218 [DEBUG] Executing step 5: tapOn: text="Favorites"
14:50:04.693776 [DEBUG] WDA POST /session/4F407F13-F81E-41CD-B446-99AB0161740D/element body={"using":"predicate string","value":"((type == 'XCUIElementTypeTextField' OR type == 'XCUIElementTyp...
14:50:04.693805 [DEBUG] WDA POST /session/4F407F13-F81E-41CD-B446-99AB0161740D/element body={"using":"class chain","value":"**/XCUIElementTypeSecureTextField[`(label CONTAINS[c] 'Favorites' OR...
14:50:04.693829 [DEBUG] WDA POST /session/4F407F13-F81E-41CD-B446-99AB0161740D/element body={"using":"class chain","value":"**/XCUIElementTypeButton[`(label ==[c] 'Favorites' OR name ==[c] 'Fa...
14:50:04.693878 [DEBUG] WDA POST /session/4F407F13-F81E-41CD-B446-99AB0161740D/element body={"using":"class chain","value":"**/XCUIElementTypeTextField[`(label CONTAINS[c] 'Favorites' OR value...
14:50:04.756464 [DEBUG] WDA POST /session/4F407F13-F81E-41CD-B446-99AB0161740D/element completed (62ms, status: 404)
14:50:04.810482 [DEBUG] WDA POST /session/4F407F13-F81E-41CD-B446-99AB0161740D/element completed (116ms, status: 404)
14:50:04.862481 [DEBUG] WDA POST /session/4F407F13-F81E-41CD-B446-99AB0161740D/element completed (168ms, status: 404)
14:50:04.914217 [DEBUG] WDA POST /session/4F407F13-F81E-41CD-B446-99AB0161740D/element completed (220ms, status: 404)
14:50:04.917507 [DEBUG] WDA POST /session/4F407F13-F81E-41CD-B446-99AB0161740D/element body={"using":"predicate string","value":"(label == 'Favorites' OR name == 'Favorites' OR value == 'Favor...
14:50:04.972937 [DEBUG] WDA POST /session/4F407F13-F81E-41CD-B446-99AB0161740D/element completed (55ms, status: 404)
14:50:04.973024 [DEBUG] WDA POST /session/4F407F13-F81E-41CD-B446-99AB0161740D/element body={"using":"predicate string","value":"(label CONTAINS[c] 'Favorites' OR name CONTAINS[c] 'Favorites' ...
14:50:05.043170 [DEBUG] WDA POST /session/4F407F13-F81E-41CD-B446-99AB0161740D/element completed (70ms, status: 404)
14:50:05.043259 [DEBUG] WDA GET /session/4F407F13-F81E-41CD-B446-99AB0161740D/source
14:50:06.049513 [DEBUG] WDA GET /session/4F407F13-F81E-41CD-B446-99AB0161740D/source completed (1006ms, status: 200)
14:50:06.051083 [DEBUG] WDA POST /session/4F407F13-F81E-41CD-B446-99AB0161740D/wda/tap body={"x":201,"y":822}
14:50:06.470180 [DEBUG] WDA POST /session/4F407F13-F81E-41CD-B446-99AB0161740D/wda/tap completed (419ms, status: 200)
14:50:06.470267 [DEBUG] Step 5 completed successfully (1777ms): tapOn: text="Favorites"
14:50:06.471315 [DEBUG] Executing step 6: assertVisible: text="Lake Tahoe"
14:50:06.472397 [DEBUG] WDA POST /session/4F407F13-F81E-41CD-B446-99AB0161740D/element body={"using":"predicate string","value":"(label CONTAINS[c] 'Lake Tahoe' OR name CONTAINS[c] 'Lake Tahoe...
14:50:06.540661 [DEBUG] WDA POST /session/4F407F13-F81E-41CD-B446-99AB0161740D/element completed (68ms, status: 200)
14:50:06.540723 [DEBUG] WDA GET /session/4F407F13-F81E-41CD-B446-99AB0161740D/element/06010000-0000-0000-1B45-000000000000/name
14:50:06.540762 [DEBUG] WDA GET /session/4F407F13-F81E-41CD-B446-99AB0161740D/element/06010000-0000-0000-1B45-000000000000/text
14:50:06.540801 [DEBUG] WDA GET /session/4F407F13-F81E-41CD-B446-99AB0161740D/element/06010000-0000-0000-1B45-000000000000/rect
14:50:06.540823 [DEBUG] WDA GET /session/4F407F13-F81E-41CD-B446-99AB0161740D/element/06010000-0000-0000-1B45-000000000000/displayed
14:50:06.568568 [DEBUG] WDA GET /session/4F407F13-F81E-41CD-B446-99AB0161740D/element/06010000-0000-0000-1B45-000000000000/name completed (27ms, status: 200)
14:50:06.593792 [DEBUG] WDA GET /session/4F407F13-F81E-41CD-B446-99AB0161740D/element/06010000-0000-0000-1B45-000000000000/text completed (53ms, status: 200)
14:50:06.624565 [DEBUG] WDA GET /session/4F407F13-F81E-41CD-B446-99AB0161740D/element/06010000-0000-0000-1B45-000000000000/displayed completed (83ms, status: 200)
14:50:06.653729 [DEBUG] WDA GET /session/4F407F13-F81E-41CD-B446-99AB0161740D/element/06010000-0000-0000-1B45-000000000000/rect completed (113ms, status: 200)
14:50:06.653879 [DEBUG] Step 6 completed successfully (182ms): assertVisible: text="Lake Tahoe"
14:50:06.655218 [DEBUG] Executing step 7: takeScreenshot
14:50:06.655772 [DEBUG] WDA GET /session/4F407F13-F81E-41CD-B446-99AB0161740D/screenshot
14:50:06.724505 [DEBUG] WDA GET /session/4F407F13-F81E-41CD-B446-99AB0161740D/screenshot completed (68ms, status: 200)
14:50:06.727229 [DEBUG] Step 7 completed successfully (72ms): takeScreenshot
14:50:06.728198 [DEBUG] Executing step 8: swipe: LEFT
14:50:06.728947 [DEBUG] WDA POST /session/4F407F13-F81E-41CD-B446-99AB0161740D/wda/dragfromtoforduration body={"duration":0.1,"fromX":361.8,"fromY":437,"toX":40.2,"toY":437}
14:50:07.826015 [DEBUG] WDA POST /session/4F407F13-F81E-41CD-B446-99AB0161740D/wda/dragfromtoforduration completed (1097ms, status: 200)
14:50:07.826409 [DEBUG] Step 8 completed successfully (1098ms): swipe: LEFT
14:50:07.827360 [DEBUG] Executing step 9: tapOn: text="Remove"
14:50:07.828026 [DEBUG] WDA POST /session/4F407F13-F81E-41CD-B446-99AB0161740D/element body={"using":"predicate string","value":"((type == 'XCUIElementTypeTextField' OR type == 'XCUIElementTyp...
14:50:07.828062 [DEBUG] WDA POST /session/4F407F13-F81E-41CD-B446-99AB0161740D/element body={"using":"class chain","value":"**/XCUIElementTypeSecureTextField[`(label CONTAINS[c] 'Remove' OR va...
14:50:07.828099 [DEBUG] WDA POST /session/4F407F13-F81E-41CD-B446-99AB0161740D/element body={"using":"class chain","value":"**/XCUIElementTypeTextField[`(label CONTAINS[c] 'Remove' OR value CO...
14:50:07.828133 [DEBUG] WDA POST /session/4F407F13-F81E-41CD-B446-99AB0161740D/element body={"using":"class chain","value":"**/XCUIElementTypeButton[`(label ==[c] 'Remove' OR name ==[c] 'Remov...
14:50:07.864762 [DEBUG] WDA POST /session/4F407F13-F81E-41CD-B446-99AB0161740D/element completed (36ms, status: 404)
14:50:07.889315 [DEBUG] WDA POST /session/4F407F13-F81E-41CD-B446-99AB0161740D/element completed (61ms, status: 404)
14:50:07.911977 [DEBUG] WDA POST /session/4F407F13-F81E-41CD-B446-99AB0161740D/element completed (83ms, status: 404)
14:50:07.934059 [DEBUG] WDA POST /session/4F407F13-F81E-41CD-B446-99AB0161740D/element completed (106ms, status: 404)
14:50:07.934247 [DEBUG] WDA POST /session/4F407F13-F81E-41CD-B446-99AB0161740D/element body={"using":"predicate string","value":"(label == 'Remove' OR name == 'Remove' OR value == 'Remove')"}
14:50:07.958782 [DEBUG] WDA POST /session/4F407F13-F81E-41CD-B446-99AB0161740D/element completed (24ms, status: 404)
14:50:07.958970 [DEBUG] WDA POST /session/4F407F13-F81E-41CD-B446-99AB0161740D/element body={"using":"predicate string","value":"(label CONTAINS[c] 'Remove' OR name CONTAINS[c] 'Remove' OR val...
14:50:07.983053 [DEBUG] WDA POST /session/4F407F13-F81E-41CD-B446-99AB0161740D/element completed (24ms, status: 404)
14:50:07.983288 [DEBUG] WDA GET /session/4F407F13-F81E-41CD-B446-99AB0161740D/source
14:50:08.201456 [DEBUG] WDA GET /session/4F407F13-F81E-41CD-B446-99AB0161740D/source completed (218ms, status: 200)
14:50:08.203980 [DEBUG] WDA POST /session/4F407F13-F81E-41CD-B446-99AB0161740D/element body={"using":"predicate string","value":"((type == 'XCUIElementTypeTextField' OR type == 'XCUIElementTyp...
14:50:08.204154 [DEBUG] WDA POST /session/4F407F13-F81E-41CD-B446-99AB0161740D/element body={"using":"class chain","value":"**/XCUIElementTypeTextField[`(label CONTAINS[c] 'Remove' OR value CO...
14:50:08.204329 [DEBUG] WDA POST /session/4F407F13-F81E-41CD-B446-99AB0161740D/element body={"using":"class chain","value":"**/XCUIElementTypeSecureTextField[`(label CONTAINS[c] 'Remove' OR va...
14:50:08.204377 [DEBUG] WDA POST /session/4F407F13-F81E-41CD-B446-99AB0161740D/element body={"using":"class chain","value":"**/XCUIElementTypeButton[`(label ==[c] 'Remove' OR name ==[c] 'Remov...
14:50:08.241321 [DEBUG] WDA POST /session/4F407F13-F81E-41CD-B446-99AB0161740D/element completed (37ms, status: 404)
14:50:08.278197 [DEBUG] WDA POST /session/4F407F13-F81E-41CD-B446-99AB0161740D/element completed (74ms, status: 404)
14:50:08.287433 [DEBUG] WDA POST /session/4F407F13-F81E-41CD-B446-99AB0161740D/element completed (83ms, status: 404)
14:50:08.310627 [DEBUG] WDA POST /session/4F407F13-F81E-41CD-B446-99AB0161740D/element completed (106ms, status: 404)
14:50:08.310718 [DEBUG] WDA POST /session/4F407F13-F81E-41CD-B446-99AB0161740D/element body={"using":"predicate string","value":"(label == 'Remove' OR name == 'Remove' OR value == 'Remove')"}
14:50:08.335652 [DEBUG] WDA POST /session/4F407F13-F81E-41CD-B446-99AB0161740D/element completed (24ms, status: 404)
14:50:08.335828 [DEBUG] WDA POST /session/4F407F13-F81E-41CD-B446-99AB0161740D/element body={"using":"predicate string","value":"(label CONTAINS[c] 'Remove' OR name CONTAINS[c] 'Remove' OR val...
14:50:08.360458 [DEBUG] WDA POST /session/4F407F13-F81E-41CD-B446-99AB0161740D/element completed (24ms, status: 404)
14:50:08.360696 [DEBUG] WDA GET /session/4F407F13-F81E-41CD-B446-99AB0161740D/source
14:50:08.575196 [DEBUG] WDA GET /session/4F407F13-F81E-41CD-B446-99AB0161740D/source completed (214ms, status: 200)
14:50:08.576884 [DEBUG] WDA POST /session/4F407F13-F81E-41CD-B446-99AB0161740D/element body={"using":"predicate string","value":"((type == 'XCUIElementTypeTextField' OR type == 'XCUIElementTyp...
14:50:08.576960 [DEBUG] WDA POST /session/4F407F13-F81E-41CD-B446-99AB0161740D/element body={"using":"class chain","value":"**/XCUIElementTypeTextField[`(label CONTAINS[c] 'Remove' OR value CO...
14:50:08.576996 [DEBUG] WDA POST /session/4F407F13-F81E-41CD-B446-99AB0161740D/element body={"using":"class chain","value":"**/XCUIElementTypeSecureTextField[`(label CONTAINS[c] 'Remove' OR va...
14:50:08.577060 [DEBUG] WDA POST /session/4F407F13-F81E-41CD-B446-99AB0161740D/element body={"using":"class chain","value":"**/XCUIElementTypeButton[`(label ==[c] 'Remove' OR name ==[c] 'Remov...
14:50:08.599365 [DEBUG] WDA POST /session/4F407F13-F81E-41CD-B446-99AB0161740D/element completed (22ms, status: 404)
14:50:08.623221 [DEBUG] WDA POST /session/4F407F13-F81E-41CD-B446-99AB0161740D/element completed (46ms, status: 404)
14:50:08.646000 [DEBUG] WDA POST /session/4F407F13-F81E-41CD-B446-99AB0161740D/element completed (69ms, status: 404)
14:50:08.667953 [DEBUG] WDA POST /session/4F407F13-F81E-41CD-B446-99AB0161740D/element completed (91ms, status: 404)
14:50:08.668038 [DEBUG] WDA POST /session/4F407F13-F81E-41CD-B446-99AB0161740D/element body={"using":"predicate string","value":"(label == 'Remove' OR name == 'Remove' OR value == 'Remove')"}
14:50:08.693027 [DEBUG] WDA POST /session/4F407F13-F81E-41CD-B446-99AB0161740D/element completed (24ms, status: 404)
14:50:08.693101 [DEBUG] WDA POST /session/4F407F13-F81E-41CD-B446-99AB0161740D/element body={"using":"predicate string","value":"(label CONTAINS[c] 'Remove' OR name CONTAINS[c] 'Remove' OR val...
14:50:08.718013 [DEBUG] WDA POST /session/4F407F13-F81E-41CD-B446-99AB0161740D/element completed (24ms, status: 404)
14:50:08.718083 [DEBUG] WDA GET /session/4F407F13-F81E-41CD-B446-99AB0161740D/source
14:50:08.942754 [DEBUG] WDA GET /session/4F407F13-F81E-41CD-B446-99AB0161740D/source completed (224ms, status: 200)
14:50:08.943499 [DEBUG] WDA POST /session/4F407F13-F81E-41CD-B446-99AB0161740D/element body={"using":"predicate string","value":"((type == 'XCUIElementTypeTextField' OR type == 'XCUIElementTyp...
14:50:08.943573 [DEBUG] WDA POST /session/4F407F13-F81E-41CD-B446-99AB0161740D/element body={"using":"class chain","value":"**/XCUIElementTypeTextField[`(label CONTAINS[c] 'Remove' OR value CO...
14:50:08.943828 [DEBUG] WDA POST /session/4F407F13-F81E-41CD-B446-99AB0161740D/element body={"using":"class chain","value":"**/XCUIElementTypeSecureTextField[`(label CONTAINS[c] 'Remove' OR va...
14:50:08.943936 [DEBUG] WDA POST /session/4F407F13-F81E-41CD-B446-99AB0161740D/element body={"using":"class chain","value":"**/XCUIElementTypeButton[`(label ==[c] 'Remove' OR name ==[c] 'Remov...
14:50:08.967286 [DEBUG] WDA POST /session/4F407F13-F81E-41CD-B446-99AB0161740D/element completed (23ms, status: 404)
14:50:08.989600 [DEBUG] WDA POST /session/4F407F13-F81E-41CD-B446-99AB0161740D/element completed (46ms, status: 404)
14:50:09.012374 [DEBUG] WDA POST /session/4F407F13-F81E-41CD-B446-99AB0161740D/element completed (68ms, status: 404)
14:50:09.035226 [DEBUG] WDA POST /session/4F407F13-F81E-41CD-B446-99AB0161740D/element completed (91ms, status: 404)
14:50:09.035385 [DEBUG] WDA POST /session/4F407F13-F81E-41CD-B446-99AB0161740D/element body={"using":"predicate string","value":"(label == 'Remove' OR name == 'Remove' OR value == 'Remove')"}
14:50:09.060392 [DEBUG] WDA POST /session/4F407F13-F81E-41CD-B446-99AB0161740D/element completed (25ms, status: 404)
14:50:09.060542 [DEBUG] WDA POST /session/4F407F13-F81E-41CD-B446-99AB0161740D/element body={"using":"predicate string","value":"(label CONTAINS[c] 'Remove' OR name CONTAINS[c] 'Remove' OR val...
14:50:09.085742 [DEBUG] WDA POST /session/4F407F13-F81E-41CD-B446-99AB0161740D/element completed (25ms, status: 404)
14:50:09.085888 [DEBUG] WDA GET /session/4F407F13-F81E-41CD-B446-99AB0161740D/source
14:50:09.302043 [DEBUG] WDA GET /session/4F407F13-F81E-41CD-B446-99AB0161740D/source completed (216ms, status: 200)
14:50:09.302805 [DEBUG] WDA POST /session/4F407F13-F81E-41CD-B446-99AB0161740D/element body={"using":"predicate string","value":"((type == 'XCUIElementTypeTextField' OR type == 'XCUIElementTyp...
14:50:09.302827 [DEBUG] WDA POST /session/4F407F13-F81E-41CD-B446-99AB0161740D/element body={"using":"class chain","value":"**/XCUIElementTypeSecureTextField[`(label CONTAINS[c] 'Remove' OR va...
14:50:09.302854 [DEBUG] WDA POST /session/4F407F13-F81E-41CD-B446-99AB0161740D/element body={"using":"class chain","value":"**/XCUIElementTypeTextField[`(label CONTAINS[c] 'Remove' OR value CO...
14:50:09.302898 [DEBUG] WDA POST /session/4F407F13-F81E-41CD-B446-99AB0161740D/element body={"using":"class chain","value":"**/XCUIElementTypeButton[`(label ==[c] 'Remove' OR name ==[c] 'Remov...
14:50:09.327189 [DEBUG] WDA POST /session/4F407F13-F81E-41CD-B446-99AB0161740D/element completed (24ms, status: 404)
14:50:09.349876 [DEBUG] WDA POST /session/4F407F13-F81E-41CD-B446-99AB0161740D/element completed (47ms, status: 404)
14:50:09.373566 [DEBUG] WDA POST /session/4F407F13-F81E-41CD-B446-99AB0161740D/element completed (70ms, status: 404)
14:50:09.395274 [DEBUG] WDA POST /session/4F407F13-F81E-41CD-B446-99AB0161740D/element completed (92ms, status: 404)
14:50:09.395545 [DEBUG] WDA POST /session/4F407F13-F81E-41CD-B446-99AB0161740D/element body={"using":"predicate string","value":"(label == 'Remove' OR name == 'Remove' OR value == 'Remove')"}
14:50:09.420126 [DEBUG] WDA POST /session/4F407F13-F81E-41CD-B446-99AB0161740D/element completed (24ms, status: 404)
14:50:09.420274 [DEBUG] WDA POST /session/4F407F13-F81E-41CD-B446-99AB0161740D/element body={"using":"predicate string","value":"(label CONTAINS[c] 'Remove' OR name CONTAINS[c] 'Remove' OR val...
14:50:09.445133 [DEBUG] WDA POST /session/4F407F13-F81E-41CD-B446-99AB0161740D/element completed (24ms, status: 404)
14:50:09.445264 [DEBUG] WDA GET /session/4F407F13-F81E-41CD-B446-99AB0161740D/source
14:50:09.657997 [DEBUG] WDA GET /session/4F407F13-F81E-41CD-B446-99AB0161740D/source completed (212ms, status: 200)
14:50:09.658767 [DEBUG] WDA POST /session/4F407F13-F81E-41CD-B446-99AB0161740D/element body={"using":"predicate string","value":"((type == 'XCUIElementTypeTextField' OR type == 'XCUIElementTyp...
14:50:09.658891 [DEBUG] WDA POST /session/4F407F13-F81E-41CD-B446-99AB0161740D/element body={"using":"class chain","value":"**/XCUIElementTypeTextField[`(label CONTAINS[c] 'Remove' OR value CO...
14:50:09.658941 [DEBUG] WDA POST /session/4F407F13-F81E-41CD-B446-99AB0161740D/element body={"using":"class chain","value":"**/XCUIElementTypeSecureTextField[`(label CONTAINS[c] 'Remove' OR va...
14:50:09.659306 [DEBUG] WDA POST /session/4F407F13-F81E-41CD-B446-99AB0161740D/element body={"using":"class chain","value":"**/XCUIElementTypeButton[`(label ==[c] 'Remove' OR name ==[c] 'Remov...
14:50:09.682652 [DEBUG] WDA POST /session/4F407F13-F81E-41CD-B446-99AB0161740D/element completed (23ms, status: 404)
14:50:09.705210 [DEBUG] WDA POST /session/4F407F13-F81E-41CD-B446-99AB0161740D/element completed (46ms, status: 404)
14:50:09.728866 [DEBUG] WDA POST /session/4F407F13-F81E-41CD-B446-99AB0161740D/element completed (69ms, status: 404)
14:50:09.751317 [DEBUG] WDA POST /session/4F407F13-F81E-41CD-B446-99AB0161740D/element completed (92ms, status: 404)
14:50:09.751472 [DEBUG] WDA POST /session/4F407F13-F81E-41CD-B446-99AB0161740D/element body={"using":"predicate string","value":"(label == 'Remove' OR name == 'Remove' OR value == 'Remove')"}
14:50:09.776336 [DEBUG] WDA POST /session/4F407F13-F81E-41CD-B446-99AB0161740D/element completed (24ms, status: 404)
14:50:09.776418 [DEBUG] WDA POST /session/4F407F13-F81E-41CD-B446-99AB0161740D/element body={"using":"predicate string","value":"(label CONTAINS[c] 'Remove' OR name CONTAINS[c] 'Remove' OR val...
14:50:09.801661 [DEBUG] WDA POST /session/4F407F13-F81E-41CD-B446-99AB0161740D/element completed (25ms, status: 404)
14:50:09.801858 [DEBUG] WDA GET /session/4F407F13-F81E-41CD-B446-99AB0161740D/source
14:50:10.013745 [DEBUG] WDA GET /session/4F407F13-F81E-41CD-B446-99AB0161740D/source completed (211ms, status: 200)
14:50:10.015820 [DEBUG] WDA POST /session/4F407F13-F81E-41CD-B446-99AB0161740D/element body={"using":"predicate string","value":"((type == 'XCUIElementTypeTextField' OR type == 'XCUIElementTyp...
14:50:10.015889 [DEBUG] WDA POST /session/4F407F13-F81E-41CD-B446-99AB0161740D/element body={"using":"class chain","value":"**/XCUIElementTypeSecureTextField[`(label CONTAINS[c] 'Remove' OR va...
14:50:10.015925 [DEBUG] WDA POST /session/4F407F13-F81E-41CD-B446-99AB0161740D/element body={"using":"class chain","value":"**/XCUIElementTypeTextField[`(label CONTAINS[c] 'Remove' OR value CO...
14:50:10.015978 [DEBUG] WDA POST /session/4F407F13-F81E-41CD-B446-99AB0161740D/element body={"using":"class chain","value":"**/XCUIElementTypeButton[`(label ==[c] 'Remove' OR name ==[c] 'Remov...
14:50:10.038445 [DEBUG] WDA POST /session/4F407F13-F81E-41CD-B446-99AB0161740D/element completed (22ms, status: 404)
14:50:10.062351 [DEBUG] WDA POST /session/4F407F13-F81E-41CD-B446-99AB0161740D/element completed (46ms, status: 404)
14:50:10.084582 [DEBUG] WDA POST /session/4F407F13-F81E-41CD-B446-99AB0161740D/element completed (68ms, status: 404)
14:50:10.107348 [DEBUG] WDA POST /session/4F407F13-F81E-41CD-B446-99AB0161740D/element completed (91ms, status: 404)
14:50:10.107665 [DEBUG] WDA POST /session/4F407F13-F81E-41CD-B446-99AB0161740D/element body={"using":"predicate string","value":"(label == 'Remove' OR name == 'Remove' OR value == 'Remove')"}
14:50:10.132181 [DEBUG] WDA POST /session/4F407F13-F81E-41CD-B446-99AB0161740D/element completed (24ms, status: 404)
14:50:10.132358 [DEBUG] WDA POST /session/4F407F13-F81E-41CD-B446-99AB0161740D/element body={"using":"predicate string","value":"(label CONTAINS[c] 'Remove' OR name CONTAINS[c] 'Remove' OR val...
14:50:10.156550 [DEBUG] WDA POST /session/4F407F13-F81E-41CD-B446-99AB0161740D/element completed (24ms, status: 404)
14:50:10.156735 [DEBUG] WDA GET /session/4F407F13-F81E-41CD-B446-99AB0161740D/source
14:50:10.370018 [DEBUG] WDA GET /session/4F407F13-F81E-41CD-B446-99AB0161740D/source completed (213ms, status: 200)
14:50:10.370622 [DEBUG] WDA POST /session/4F407F13-F81E-41CD-B446-99AB0161740D/element body={"using":"predicate string","value":"((type == 'XCUIElementTypeTextField' OR type == 'XCUIElementTyp...
14:50:10.370642 [DEBUG] WDA POST /session/4F407F13-F81E-41CD-B446-99AB0161740D/element body={"using":"class chain","value":"**/XCUIElementTypeButton[`(label ==[c] 'Remove' OR name ==[c] 'Remov...
14:50:10.370672 [DEBUG] WDA POST /session/4F407F13-F81E-41CD-B446-99AB0161740D/element body={"using":"class chain","value":"**/XCUIElementTypeSecureTextField[`(label CONTAINS[c] 'Remove' OR va...
14:50:10.370699 [DEBUG] WDA POST /session/4F407F13-F81E-41CD-B446-99AB0161740D/element body={"using":"class chain","value":"**/XCUIElementTypeTextField[`(label CONTAINS[c] 'Remove' OR value CO...
14:50:10.410808 [DEBUG] WDA POST /session/4F407F13-F81E-41CD-B446-99AB0161740D/element completed (40ms, status: 404)
14:50:10.434575 [DEBUG] WDA POST /session/4F407F13-F81E-41CD-B446-99AB0161740D/element completed (63ms, status: 404)
14:50:10.456899 [DEBUG] WDA POST /session/4F407F13-F81E-41CD-B446-99AB0161740D/element completed (86ms, status: 404)
14:50:10.480030 [DEBUG] WDA POST /session/4F407F13-F81E-41CD-B446-99AB0161740D/element completed (109ms, status: 404)
14:50:10.480125 [DEBUG] WDA POST /session/4F407F13-F81E-41CD-B446-99AB0161740D/element body={"using":"predicate string","value":"(label == 'Remove' OR name == 'Remove' OR value == 'Remove')"}
14:50:10.505146 [DEBUG] WDA POST /session/4F407F13-F81E-41CD-B446-99AB0161740D/element completed (25ms, status: 404)
14:50:10.505227 [DEBUG] WDA POST /session/4F407F13-F81E-41CD-B446-99AB0161740D/element body={"using":"predicate string","value":"(label CONTAINS[c] 'Remove' OR name CONTAINS[c] 'Remove' OR val...
14:50:10.530740 [DEBUG] WDA POST /session/4F407F13-F81E-41CD-B446-99AB0161740D/element completed (25ms, status: 404)
14:50:10.530807 [DEBUG] WDA GET /session/4F407F13-F81E-41CD-B446-99AB0161740D/source
14:50:10.752713 [DEBUG] WDA GET /session/4F407F13-F81E-41CD-B446-99AB0161740D/source completed (221ms, status: 200)
14:50:10.753601 [DEBUG] WDA POST /session/4F407F13-F81E-41CD-B446-99AB0161740D/element body={"using":"predicate string","value":"((type == 'XCUIElementTypeTextField' OR type == 'XCUIElementTyp...
14:50:10.753640 [DEBUG] WDA POST /session/4F407F13-F81E-41CD-B446-99AB0161740D/element body={"using":"class chain","value":"**/XCUIElementTypeSecureTextField[`(label CONTAINS[c] 'Remove' OR va...
14:50:10.753679 [DEBUG] WDA POST /session/4F407F13-F81E-41CD-B446-99AB0161740D/element body={"using":"class chain","value":"**/XCUIElementTypeTextField[`(label CONTAINS[c] 'Remove' OR value CO...
14:50:10.753721 [DEBUG] WDA POST /session/4F407F13-F81E-41CD-B446-99AB0161740D/element body={"using":"class chain","value":"**/XCUIElementTypeButton[`(label ==[c] 'Remove' OR name ==[c] 'Remov...
14:50:10.777040 [DEBUG] WDA POST /session/4F407F13-F81E-41CD-B446-99AB0161740D/element completed (23ms, status: 404)
14:50:10.799333 [DEBUG] WDA POST /session/4F407F13-F81E-41CD-B446-99AB0161740D/element completed (45ms, status: 404)
14:50:10.821213 [DEBUG] WDA POST /session/4F407F13-F81E-41CD-B446-99AB0161740D/element completed (67ms, status: 404)
14:50:10.843168 [DEBUG] WDA POST /session/4F407F13-F81E-41CD-B446-99AB0161740D/element completed (89ms, status: 404)
14:50:10.843362 [DEBUG] WDA POST /session/4F407F13-F81E-41CD-B446-99AB0161740D/element body={"using":"predicate string","value":"(label == 'Remove' OR name == 'Remove' OR value == 'Remove')"}
14:50:10.867877 [DEBUG] WDA POST /session/4F407F13-F81E-41CD-B446-99AB0161740D/element completed (24ms, status: 404)
14:50:10.867970 [DEBUG] WDA POST /session/4F407F13-F81E-41CD-B446-99AB0161740D/element body={"using":"predicate string","value":"(label CONTAINS[c] 'Remove' OR name CONTAINS[c] 'Remove' OR val...
14:50:10.892552 [DEBUG] WDA POST /session/4F407F13-F81E-41CD-B446-99AB0161740D/element completed (24ms, status: 404)
14:50:10.892907 [DEBUG] WDA GET /session/4F407F13-F81E-41CD-B446-99AB0161740D/source
14:50:11.112689 [DEBUG] WDA GET /session/4F407F13-F81E-41CD-B446-99AB0161740D/source completed (219ms, status: 200)
14:50:11.113576 [DEBUG] WDA POST /session/4F407F13-F81E-41CD-B446-99AB0161740D/element body={"using":"predicate string","value":"((type == 'XCUIElementTypeTextField' OR type == 'XCUIElementTyp...
14:50:11.113779 [DEBUG] WDA POST /session/4F407F13-F81E-41CD-B446-99AB0161740D/element body={"using":"class chain","value":"**/XCUIElementTypeButton[`(label ==[c] 'Remove' OR name ==[c] 'Remov...
14:50:11.113803 [DEBUG] WDA POST /session/4F407F13-F81E-41CD-B446-99AB0161740D/element body={"using":"class chain","value":"**/XCUIElementTypeTextField[`(label CONTAINS[c] 'Remove' OR value CO...
14:50:11.113926 [DEBUG] WDA POST /session/4F407F13-F81E-41CD-B446-99AB0161740D/element body={"using":"class chain","value":"**/XCUIElementTypeSecureTextField[`(label CONTAINS[c] 'Remove' OR va...
14:50:11.137513 [DEBUG] WDA POST /session/4F407F13-F81E-41CD-B446-99AB0161740D/element completed (23ms, status: 404)
14:50:11.160033 [DEBUG] WDA POST /session/4F407F13-F81E-41CD-B446-99AB0161740D/element completed (46ms, status: 404)
14:50:11.183038 [DEBUG] WDA POST /session/4F407F13-F81E-41CD-B446-99AB0161740D/element completed (69ms, status: 404)
14:50:11.205405 [DEBUG] WDA POST /session/4F407F13-F81E-41CD-B446-99AB0161740D/element completed (91ms, status: 404)
14:50:11.205666 [DEBUG] WDA POST /session/4F407F13-F81E-41CD-B446-99AB0161740D/element body={"using":"predicate string","value":"(label == 'Remove' OR name == 'Remove' OR value == 'Remove')"}
14:50:11.231566 [DEBUG] WDA POST /session/4F407F13-F81E-41CD-B446-99AB0161740D/element completed (25ms, status: 404)
14:50:11.231733 [DEBUG] WDA POST /session/4F407F13-F81E-41CD-B446-99AB0161740D/element body={"using":"predicate string","value":"(label CONTAINS[c] 'Remove' OR name CONTAINS[c] 'Remove' OR val...
14:50:11.256996 [DEBUG] WDA POST /session/4F407F13-F81E-41CD-B446-99AB0161740D/element completed (25ms, status: 404)
14:50:11.257126 [DEBUG] WDA GET /session/4F407F13-F81E-41CD-B446-99AB0161740D/source
14:50:11.478867 [DEBUG] WDA GET /session/4F407F13-F81E-41CD-B446-99AB0161740D/source completed (221ms, status: 200)
14:50:11.479762 [DEBUG] WDA POST /session/4F407F13-F81E-41CD-B446-99AB0161740D/element body={"using":"class chain","value":"**/XCUIElementTypeSecureTextField[`(label CONTAINS[c] 'Remove' OR va...
14:50:11.479790 [DEBUG] WDA POST /session/4F407F13-F81E-41CD-B446-99AB0161740D/element body={"using":"class chain","value":"**/XCUIElementTypeButton[`(label ==[c] 'Remove' OR name ==[c] 'Remov...
14:50:11.479807 [DEBUG] WDA POST /session/4F407F13-F81E-41CD-B446-99AB0161740D/element body={"using":"class chain","value":"**/XCUIElementTypeTextField[`(label CONTAINS[c] 'Remove' OR value CO...
14:50:11.479827 [DEBUG] WDA POST /session/4F407F13-F81E-41CD-B446-99AB0161740D/element body={"using":"predicate string","value":"((type == 'XCUIElementTypeTextField' OR type == 'XCUIElementTyp...
14:50:11.502806 [DEBUG] WDA POST /session/4F407F13-F81E-41CD-B446-99AB0161740D/element completed (23ms, status: 404)
14:50:11.524918 [DEBUG] WDA POST /session/4F407F13-F81E-41CD-B446-99AB0161740D/element completed (45ms, status: 404)
14:50:11.549132 [DEBUG] WDA POST /session/4F407F13-F81E-41CD-B446-99AB0161740D/element completed (69ms, status: 404)
14:50:11.571190 [DEBUG] WDA POST /session/4F407F13-F81E-41CD-B446-99AB0161740D/element completed (91ms, status: 404)
14:50:11.571341 [DEBUG] WDA POST /session/4F407F13-F81E-41CD-B446-99AB0161740D/element body={"using":"predicate string","value":"(label == 'Remove' OR name == 'Remove' OR value == 'Remove')"}
14:50:11.596159 [DEBUG] WDA POST /session/4F407F13-F81E-41CD-B446-99AB0161740D/element completed (24ms, status: 404)
14:50:11.596435 [DEBUG] WDA POST /session/4F407F13-F81E-41CD-B446-99AB0161740D/element body={"using":"predicate string","value":"(label CONTAINS[c] 'Remove' OR name CONTAINS[c] 'Remove' OR val...
14:50:11.621504 [DEBUG] WDA POST /session/4F407F13-F81E-41CD-B446-99AB0161740D/element completed (25ms, status: 404)
14:50:11.621652 [DEBUG] WDA GET /session/4F407F13-F81E-41CD-B446-99AB0161740D/source
14:50:11.844108 [DEBUG] WDA GET /session/4F407F13-F81E-41CD-B446-99AB0161740D/source completed (222ms, status: 200)
14:50:11.845009 [DEBUG] WDA POST /session/4F407F13-F81E-41CD-B446-99AB0161740D/element body={"using":"predicate string","value":"((type == 'XCUIElementTypeTextField' OR type == 'XCUIElementTyp...
14:50:11.845036 [DEBUG] WDA POST /session/4F407F13-F81E-41CD-B446-99AB0161740D/element body={"using":"class chain","value":"**/XCUIElementTypeSecureTextField[`(label CONTAINS[c] 'Remove' OR va...
14:50:11.845058 [DEBUG] WDA POST /session/4F407F13-F81E-41CD-B446-99AB0161740D/element body={"using":"class chain","value":"**/XCUIElementTypeTextField[`(label CONTAINS[c] 'Remove' OR value CO...
14:50:11.845160 [DEBUG] WDA POST /session/4F407F13-F81E-41CD-B446-99AB0161740D/element body={"using":"class chain","value":"**/XCUIElementTypeButton[`(label ==[c] 'Remove' OR name ==[c] 'Remov...
14:50:11.869402 [DEBUG] WDA POST /session/4F407F13-F81E-41CD-B446-99AB0161740D/element completed (24ms, status: 404)
14:50:11.891640 [DEBUG] WDA POST /session/4F407F13-F81E-41CD-B446-99AB0161740D/element completed (46ms, status: 404)
14:50:11.915008 [DEBUG] WDA POST /session/4F407F13-F81E-41CD-B446-99AB0161740D/element completed (69ms, status: 404)
14:50:11.936146 [DEBUG] WDA POST /session/4F407F13-F81E-41CD-B446-99AB0161740D/element completed (91ms, status: 404)
14:50:11.936462 [DEBUG] WDA POST /session/4F407F13-F81E-41CD-B446-99AB0161740D/element body={"using":"predicate string","value":"(label == 'Remove' OR name == 'Remove' OR value == 'Remove')"}
14:50:11.960897 [DEBUG] WDA POST /session/4F407F13-F81E-41CD-B446-99AB0161740D/element completed (24ms, status: 404)
14:50:11.961059 [DEBUG] WDA POST /session/4F407F13-F81E-41CD-B446-99AB0161740D/element body={"using":"predicate string","value":"(label CONTAINS[c] 'Remove' OR name CONTAINS[c] 'Remove' OR val...
14:50:11.985293 [DEBUG] WDA POST /session/4F407F13-F81E-41CD-B446-99AB0161740D/element completed (24ms, status: 404)
14:50:11.985503 [DEBUG] WDA GET /session/4F407F13-F81E-41CD-B446-99AB0161740D/source
14:50:12.203896 [DEBUG] WDA GET /session/4F407F13-F81E-41CD-B446-99AB0161740D/source completed (218ms, status: 200)
14:50:12.205091 [DEBUG] WDA POST /session/4F407F13-F81E-41CD-B446-99AB0161740D/element body={"using":"predicate string","value":"((type == 'XCUIElementTypeTextField' OR type == 'XCUIElementTyp...
14:50:12.205157 [DEBUG] WDA POST /session/4F407F13-F81E-41CD-B446-99AB0161740D/element body={"using":"class chain","value":"**/XCUIElementTypeSecureTextField[`(label CONTAINS[c] 'Remove' OR va...
14:50:12.205226 [DEBUG] WDA POST /session/4F407F13-F81E-41CD-B446-99AB0161740D/element body={"using":"class chain","value":"**/XCUIElementTypeTextField[`(label CONTAINS[c] 'Remove' OR value CO...
14:50:12.205378 [DEBUG] WDA POST /session/4F407F13-F81E-41CD-B446-99AB0161740D/element body={"using":"class chain","value":"**/XCUIElementTypeButton[`(label ==[c] 'Remove' OR name ==[c] 'Remov...
14:50:12.229177 [DEBUG] WDA POST /session/4F407F13-F81E-41CD-B446-99AB0161740D/element completed (24ms, status: 404)
14:50:12.251899 [DEBUG] WDA POST /session/4F407F13-F81E-41CD-B446-99AB0161740D/element completed (46ms, status: 404)
14:50:12.274286 [DEBUG] WDA POST /session/4F407F13-F81E-41CD-B446-99AB0161740D/element completed (69ms, status: 404)
14:50:12.296677 [DEBUG] WDA POST /session/4F407F13-F81E-41CD-B446-99AB0161740D/element completed (91ms, status: 404)
14:50:12.296886 [DEBUG] WDA POST /session/4F407F13-F81E-41CD-B446-99AB0161740D/element body={"using":"predicate string","value":"(label == 'Remove' OR name == 'Remove' OR value == 'Remove')"}
14:50:12.321508 [DEBUG] WDA POST /session/4F407F13-F81E-41CD-B446-99AB0161740D/element completed (24ms, status: 404)
14:50:12.321656 [DEBUG] WDA POST /session/4F407F13-F81E-41CD-B446-99AB0161740D/element body={"using":"predicate string","value":"(label CONTAINS[c] 'Remove' OR name CONTAINS[c] 'Remove' OR val...
14:50:12.346034 [DEBUG] WDA POST /session/4F407F13-F81E-41CD-B446-99AB0161740D/element completed (24ms, status: 404)
14:50:12.346112 [DEBUG] WDA GET /session/4F407F13-F81E-41CD-B446-99AB0161740D/source
14:50:12.577439 [DEBUG] WDA GET /session/4F407F13-F81E-41CD-B446-99AB0161740D/source completed (231ms, status: 200)
14:50:12.582074 [DEBUG] WDA POST /session/4F407F13-F81E-41CD-B446-99AB0161740D/element body={"using":"predicate string","value":"((type == 'XCUIElementTypeTextField' OR type == 'XCUIElementTyp...
14:50:12.582231 [DEBUG] WDA POST /session/4F407F13-F81E-41CD-B446-99AB0161740D/element body={"using":"class chain","value":"**/XCUIElementTypeTextField[`(label CONTAINS[c] 'Remove' OR value CO...
14:50:12.582280 [DEBUG] WDA POST /session/4F407F13-F81E-41CD-B446-99AB0161740D/element body={"using":"class chain","value":"**/XCUIElementTypeSecureTextField[`(label CONTAINS[c] 'Remove' OR va...
14:50:12.584826 [DEBUG] WDA POST /session/4F407F13-F81E-41CD-B446-99AB0161740D/element body={"using":"class chain","value":"**/XCUIElementTypeButton[`(label ==[c] 'Remove' OR name ==[c] 'Remov...
14:50:12.617229 [DEBUG] WDA POST /session/4F407F13-F81E-41CD-B446-99AB0161740D/element completed (35ms, status: 404)
14:50:12.639962 [DEBUG] WDA POST /session/4F407F13-F81E-41CD-B446-99AB0161740D/element completed (57ms, status: 404)
14:50:12.662779 [DEBUG] WDA POST /session/4F407F13-F81E-41CD-B446-99AB0161740D/element completed (77ms, status: 404)
14:50:12.685687 [DEBUG] WDA POST /session/4F407F13-F81E-41CD-B446-99AB0161740D/element completed (103ms, status: 404)
14:50:12.685788 [DEBUG] WDA POST /session/4F407F13-F81E-41CD-B446-99AB0161740D/element body={"using":"predicate string","value":"(label == 'Remove' OR name == 'Remove' OR value == 'Remove')"}
14:50:12.711426 [DEBUG] WDA POST /session/4F407F13-F81E-41CD-B446-99AB0161740D/element completed (25ms, status: 404)
14:50:12.711509 [DEBUG] WDA POST /session/4F407F13-F81E-41CD-B446-99AB0161740D/element body={"using":"predicate string","value":"(label CONTAINS[c] 'Remove' OR name CONTAINS[c] 'Remove' OR val...
14:50:12.736652 [DEBUG] WDA POST /session/4F407F13-F81E-41CD-B446-99AB0161740D/element completed (25ms, status: 404)
14:50:12.736720 [DEBUG] WDA GET /session/4F407F13-F81E-41CD-B446-99AB0161740D/source
14:50:12.962714 [DEBUG] WDA GET /session/4F407F13-F81E-41CD-B446-99AB0161740D/source completed (225ms, status: 200)
14:50:12.963546 [DEBUG] WDA POST /session/4F407F13-F81E-41CD-B446-99AB0161740D/element body={"using":"predicate string","value":"((type == 'XCUIElementTypeTextField' OR type == 'XCUIElementTyp...
14:50:12.963655 [DEBUG] WDA POST /session/4F407F13-F81E-41CD-B446-99AB0161740D/element body={"using":"class chain","value":"**/XCUIElementTypeButton[`(label ==[c] 'Remove' OR name ==[c] 'Remov...
14:50:12.963698 [DEBUG] WDA POST /session/4F407F13-F81E-41CD-B446-99AB0161740D/element body={"using":"class chain","value":"**/XCUIElementTypeTextField[`(label CONTAINS[c] 'Remove' OR value CO...
14:50:12.965504 [DEBUG] WDA POST /session/4F407F13-F81E-41CD-B446-99AB0161740D/element body={"using":"class chain","value":"**/XCUIElementTypeSecureTextField[`(label CONTAINS[c] 'Remove' OR va...
14:50:12.988462 [DEBUG] WDA POST /session/4F407F13-F81E-41CD-B446-99AB0161740D/element completed (24ms, status: 404)
14:50:13.011802 [DEBUG] WDA POST /session/4F407F13-F81E-41CD-B446-99AB0161740D/element completed (48ms, status: 404)
14:50:13.034344 [DEBUG] WDA POST /session/4F407F13-F81E-41CD-B446-99AB0161740D/element completed (70ms, status: 404)
14:50:13.056699 [DEBUG] WDA POST /session/4F407F13-F81E-41CD-B446-99AB0161740D/element completed (93ms, status: 404)
14:50:13.056929 [DEBUG] WDA POST /session/4F407F13-F81E-41CD-B446-99AB0161740D/element body={"using":"predicate string","value":"(label == 'Remove' OR name == 'Remove' OR value == 'Remove')"}
14:50:13.082431 [DEBUG] WDA POST /session/4F407F13-F81E-41CD-B446-99AB0161740D/element completed (25ms, status: 404)
14:50:13.082576 [DEBUG] WDA POST /session/4F407F13-F81E-41CD-B446-99AB0161740D/element body={"using":"predicate string","value":"(label CONTAINS[c] 'Remove' OR name CONTAINS[c] 'Remove' OR val...
14:50:13.109764 [DEBUG] WDA POST /session/4F407F13-F81E-41CD-B446-99AB0161740D/element completed (27ms, status: 404)
14:50:13.109898 [DEBUG] WDA GET /session/4F407F13-F81E-41CD-B446-99AB0161740D/source
14:50:13.344400 [DEBUG] WDA GET /session/4F407F13-F81E-41CD-B446-99AB0161740D/source completed (234ms, status: 200)
14:50:13.344761 [DEBUG] WDA POST /session/4F407F13-F81E-41CD-B446-99AB0161740D/element body={"using":"class chain","value":"**/XCUIElementTypeSecureTextField[`(label CONTAINS[c] 'Remove' OR va...
14:50:13.344781 [DEBUG] WDA POST /session/4F407F13-F81E-41CD-B446-99AB0161740D/element body={"using":"predicate string","value":"((type == 'XCUIElementTypeTextField' OR type == 'XCUIElementTyp...
14:50:13.344816 [DEBUG] WDA POST /session/4F407F13-F81E-41CD-B446-99AB0161740D/element body={"using":"class chain","value":"**/XCUIElementTypeButton[`(label ==[c] 'Remove' OR name ==[c] 'Remov...
14:50:13.344832 [DEBUG] WDA POST /session/4F407F13-F81E-41CD-B446-99AB0161740D/element body={"using":"class chain","value":"**/XCUIElementTypeTextField[`(label CONTAINS[c] 'Remove' OR value CO...
14:50:13.367444 [DEBUG] WDA POST /session/4F407F13-F81E-41CD-B446-99AB0161740D/element completed (22ms, status: 404)
14:50:13.391093 [DEBUG] WDA POST /session/4F407F13-F81E-41CD-B446-99AB0161740D/element completed (46ms, status: 404)
14:50:13.414085 [DEBUG] WDA POST /session/4F407F13-F81E-41CD-B446-99AB0161740D/element completed (69ms, status: 404)
14:50:13.437031 [DEBUG] WDA POST /session/4F407F13-F81E-41CD-B446-99AB0161740D/element completed (92ms, status: 404)
14:50:13.437122 [DEBUG] WDA POST /session/4F407F13-F81E-41CD-B446-99AB0161740D/element body={"using":"predicate string","value":"(label == 'Remove' OR name == 'Remove' OR value == 'Remove')"}
14:50:13.462830 [DEBUG] WDA POST /session/4F407F13-F81E-41CD-B446-99AB0161740D/element completed (25ms, status: 404)
14:50:13.462902 [DEBUG] WDA POST /session/4F407F13-F81E-41CD-B446-99AB0161740D/element body={"using":"predicate string","value":"(label CONTAINS[c] 'Remove' OR name CONTAINS[c] 'Remove' OR val...
14:50:13.489734 [DEBUG] WDA POST /session/4F407F13-F81E-41CD-B446-99AB0161740D/element completed (26ms, status: 404)
14:50:13.489806 [DEBUG] WDA GET /session/4F407F13-F81E-41CD-B446-99AB0161740D/source
14:50:13.717520 [DEBUG] WDA GET /session/4F407F13-F81E-41CD-B446-99AB0161740D/source completed (227ms, status: 200)
14:50:13.717944 [DEBUG] WDA POST /session/4F407F13-F81E-41CD-B446-99AB0161740D/element body={"using":"predicate string","value":"((type == 'XCUIElementTypeTextField' OR type == 'XCUIElementTyp...
14:50:13.717952 [DEBUG] WDA POST /session/4F407F13-F81E-41CD-B446-99AB0161740D/element body={"using":"class chain","value":"**/XCUIElementTypeSecureTextField[`(label CONTAINS[c] 'Remove' OR va...
14:50:13.717967 [DEBUG] WDA POST /session/4F407F13-F81E-41CD-B446-99AB0161740D/element body={"using":"class chain","value":"**/XCUIElementTypeTextField[`(label CONTAINS[c] 'Remove' OR value CO...
14:50:13.717998 [DEBUG] WDA POST /session/4F407F13-F81E-41CD-B446-99AB0161740D/element body={"using":"class chain","value":"**/XCUIElementTypeButton[`(label ==[c] 'Remove' OR name ==[c] 'Remov...
14:50:13.742404 [DEBUG] WDA POST /session/4F407F13-F81E-41CD-B446-99AB0161740D/element completed (24ms, status: 404)
14:50:13.765642 [DEBUG] WDA POST /session/4F407F13-F81E-41CD-B446-99AB0161740D/element completed (47ms, status: 404)
14:50:13.787582 [DEBUG] WDA POST /session/4F407F13-F81E-41CD-B446-99AB0161740D/element completed (69ms, status: 404)
14:50:13.809954 [DEBUG] WDA POST /session/4F407F13-F81E-41CD-B446-99AB0161740D/element completed (91ms, status: 404)
14:50:13.810062 [DEBUG] WDA POST /session/4F407F13-F81E-41CD-B446-99AB0161740D/element body={"using":"predicate string","value":"(label == 'Remove' OR name == 'Remove' OR value == 'Remove')"}
14:50:13.835365 [DEBUG] WDA POST /session/4F407F13-F81E-41CD-B446-99AB0161740D/element completed (25ms, status: 404)
14:50:13.835515 [DEBUG] WDA POST /session/4F407F13-F81E-41CD-B446-99AB0161740D/element body={"using":"predicate string","value":"(label CONTAINS[c] 'Remove' OR name CONTAINS[c] 'Remove' OR val...
14:50:13.860795 [DEBUG] WDA POST /session/4F407F13-F81E-41CD-B446-99AB0161740D/element completed (25ms, status: 404)
14:50:13.861061 [DEBUG] WDA GET /session/4F407F13-F81E-41CD-B446-99AB0161740D/source
14:50:14.094945 [DEBUG] WDA GET /session/4F407F13-F81E-41CD-B446-99AB0161740D/source completed (233ms, status: 200)
14:50:14.095312 [DEBUG] WDA POST /session/4F407F13-F81E-41CD-B446-99AB0161740D/element body={"using":"predicate string","value":"((type == 'XCUIElementTypeTextField' OR type == 'XCUIElementTyp...
14:50:14.095325 [DEBUG] WDA POST /session/4F407F13-F81E-41CD-B446-99AB0161740D/element body={"using":"class chain","value":"**/XCUIElementTypeTextField[`(label CONTAINS[c] 'Remove' OR value CO...
14:50:14.095360 [DEBUG] WDA POST /session/4F407F13-F81E-41CD-B446-99AB0161740D/element body={"using":"class chain","value":"**/XCUIElementTypeSecureTextField[`(label CONTAINS[c] 'Remove' OR va...
14:50:14.095373 [DEBUG] WDA POST /session/4F407F13-F81E-41CD-B446-99AB0161740D/element body={"using":"class chain","value":"**/XCUIElementTypeButton[`(label ==[c] 'Remove' OR name ==[c] 'Remov...
14:50:14.118450 [DEBUG] WDA POST /session/4F407F13-F81E-41CD-B446-99AB0161740D/element completed (23ms, status: 404)
14:50:14.141645 [DEBUG] WDA POST /session/4F407F13-F81E-41CD-B446-99AB0161740D/element completed (46ms, status: 404)
14:50:14.165455 [DEBUG] WDA POST /session/4F407F13-F81E-41CD-B446-99AB0161740D/element completed (70ms, status: 404)
14:50:14.188979 [DEBUG] WDA POST /session/4F407F13-F81E-41CD-B446-99AB0161740D/element completed (93ms, status: 404)
14:50:14.189069 [DEBUG] WDA POST /session/4F407F13-F81E-41CD-B446-99AB0161740D/element body={"using":"predicate string","value":"(label == 'Remove' OR name == 'Remove' OR value == 'Remove')"}
14:50:14.214583 [DEBUG] WDA POST /session/4F407F13-F81E-41CD-B446-99AB0161740D/element completed (25ms, status: 404)
14:50:14.214661 [DEBUG] WDA POST /session/4F407F13-F81E-41CD-B446-99AB0161740D/element body={"using":"predicate string","value":"(label CONTAINS[c] 'Remove' OR name CONTAINS[c] 'Remove' OR val...
14:50:14.240627 [DEBUG] WDA POST /session/4F407F13-F81E-41CD-B446-99AB0161740D/element completed (25ms, status: 404)
14:50:14.240701 [DEBUG] WDA GET /session/4F407F13-F81E-41CD-B446-99AB0161740D/source
14:50:14.529950 [DEBUG] WDA GET /session/4F407F13-F81E-41CD-B446-99AB0161740D/source completed (289ms, status: 200)
14:50:14.530617 [DEBUG] WDA POST /session/4F407F13-F81E-41CD-B446-99AB0161740D/element body={"using":"class chain","value":"**/XCUIElementTypeSecureTextField[`(label CONTAINS[c] 'Remove' OR va...
14:50:14.530625 [DEBUG] WDA POST /session/4F407F13-F81E-41CD-B446-99AB0161740D/element body={"using":"class chain","value":"**/XCUIElementTypeButton[`(label ==[c] 'Remove' OR name ==[c] 'Remov...
14:50:14.530676 [DEBUG] WDA POST /session/4F407F13-F81E-41CD-B446-99AB0161740D/element body={"using":"class chain","value":"**/XCUIElementTypeTextField[`(label CONTAINS[c] 'Remove' OR value CO...
14:50:14.530697 [DEBUG] WDA POST /session/4F407F13-F81E-41CD-B446-99AB0161740D/element body={"using":"predicate string","value":"((type == 'XCUIElementTypeTextField' OR type == 'XCUIElementTyp...
14:50:14.557456 [DEBUG] WDA POST /session/4F407F13-F81E-41CD-B446-99AB0161740D/element completed (26ms, status: 404)
14:50:14.581424 [DEBUG] WDA POST /session/4F407F13-F81E-41CD-B446-99AB0161740D/element completed (50ms, status: 404)
14:50:14.605860 [DEBUG] WDA POST /session/4F407F13-F81E-41CD-B446-99AB0161740D/element completed (75ms, status: 404)
14:50:14.649425 [DEBUG] WDA POST /session/4F407F13-F81E-41CD-B446-99AB0161740D/element completed (118ms, status: 404)
14:50:14.649522 [DEBUG] WDA POST /session/4F407F13-F81E-41CD-B446-99AB0161740D/element body={"using":"predicate string","value":"(label == 'Remove' OR name == 'Remove' OR value == 'Remove')"}
14:50:14.675034 [DEBUG] WDA POST /session/4F407F13-F81E-41CD-B446-99AB0161740D/element completed (25ms, status: 404)
14:50:14.675161 [DEBUG] WDA POST /session/4F407F13-F81E-41CD-B446-99AB0161740D/element body={"using":"predicate string","value":"(label CONTAINS[c] 'Remove' OR name CONTAINS[c] 'Remove' OR val...
14:50:14.699811 [DEBUG] WDA POST /session/4F407F13-F81E-41CD-B446-99AB0161740D/element completed (24ms, status: 404)
14:50:14.699881 [DEBUG] WDA GET /session/4F407F13-F81E-41CD-B446-99AB0161740D/source
14:50:14.915556 [DEBUG] WDA GET /session/4F407F13-F81E-41CD-B446-99AB0161740D/source completed (215ms, status: 200)
14:50:14.916408 [DEBUG] WDA POST /session/4F407F13-F81E-41CD-B446-99AB0161740D/element body={"using":"predicate string","value":"((type == 'XCUIElementTypeTextField' OR type == 'XCUIElementTyp...
14:50:14.916451 [DEBUG] WDA POST /session/4F407F13-F81E-41CD-B446-99AB0161740D/element body={"using":"class chain","value":"**/XCUIElementTypeSecureTextField[`(label CONTAINS[c] 'Remove' OR va...
14:50:14.916504 [DEBUG] WDA POST /session/4F407F13-F81E-41CD-B446-99AB0161740D/element body={"using":"class chain","value":"**/XCUIElementTypeTextField[`(label CONTAINS[c] 'Remove' OR value CO...
14:50:14.916554 [DEBUG] WDA POST /session/4F407F13-F81E-41CD-B446-99AB0161740D/element body={"using":"class chain","value":"**/XCUIElementTypeButton[`(label ==[c] 'Remove' OR name ==[c] 'Remov...
14:50:14.940579 [DEBUG] WDA POST /session/4F407F13-F81E-41CD-B446-99AB0161740D/element completed (24ms, status: 404)
14:50:14.961764 [DEBUG] WDA POST /session/4F407F13-F81E-41CD-B446-99AB0161740D/element completed (45ms, status: 404)
14:50:14.983600 [DEBUG] WDA POST /session/4F407F13-F81E-41CD-B446-99AB0161740D/element completed (67ms, status: 404)
14:50:15.005774 [DEBUG] WDA POST /session/4F407F13-F81E-41CD-B446-99AB0161740D/element completed (89ms, status: 404)
14:50:15.005946 [DEBUG] WDA POST /session/4F407F13-F81E-41CD-B446-99AB0161740D/element body={"using":"predicate string","value":"(label == 'Remove' OR name == 'Remove' OR value == 'Remove')"}
14:50:15.030047 [DEBUG] WDA POST /session/4F407F13-F81E-41CD-B446-99AB0161740D/element completed (24ms, status: 404)
14:50:15.030186 [DEBUG] WDA POST /session/4F407F13-F81E-41CD-B446-99AB0161740D/element body={"using":"predicate string","value":"(label CONTAINS[c] 'Remove' OR name CONTAINS[c] 'Remove' OR val...
14:50:15.054756 [DEBUG] WDA POST /session/4F407F13-F81E-41CD-B446-99AB0161740D/element completed (24ms, status: 404)
14:50:15.054884 [DEBUG] WDA GET /session/4F407F13-F81E-41CD-B446-99AB0161740D/source
14:50:15.271366 [DEBUG] WDA GET /session/4F407F13-F81E-41CD-B446-99AB0161740D/source completed (216ms, status: 200)
14:50:15.271745 [DEBUG] WDA POST /session/4F407F13-F81E-41CD-B446-99AB0161740D/element body={"using":"predicate string","value":"((type == 'XCUIElementTypeTextField' OR type == 'XCUIElementTyp...
14:50:15.271795 [DEBUG] WDA POST /session/4F407F13-F81E-41CD-B446-99AB0161740D/element body={"using":"class chain","value":"**/XCUIElementTypeSecureTextField[`(label CONTAINS[c] 'Remove' OR va...
14:50:15.271814 [DEBUG] WDA POST /session/4F407F13-F81E-41CD-B446-99AB0161740D/element body={"using":"class chain","value":"**/XCUIElementTypeButton[`(label ==[c] 'Remove' OR name ==[c] 'Remov...
14:50:15.271834 [DEBUG] WDA POST /session/4F407F13-F81E-41CD-B446-99AB0161740D/element body={"using":"class chain","value":"**/XCUIElementTypeTextField[`(label CONTAINS[c] 'Remove' OR value CO...
14:50:15.295646 [DEBUG] WDA POST /session/4F407F13-F81E-41CD-B446-99AB0161740D/element completed (23ms, status: 404)
14:50:15.318258 [DEBUG] WDA POST /session/4F407F13-F81E-41CD-B446-99AB0161740D/element completed (46ms, status: 404)
14:50:15.340682 [DEBUG] WDA POST /session/4F407F13-F81E-41CD-B446-99AB0161740D/element completed (68ms, status: 404)
14:50:15.363359 [DEBUG] WDA POST /session/4F407F13-F81E-41CD-B446-99AB0161740D/element completed (91ms, status: 404)
14:50:15.363798 [DEBUG] WDA POST /session/4F407F13-F81E-41CD-B446-99AB0161740D/element body={"using":"predicate string","value":"(label == 'Remove' OR name == 'Remove' OR value == 'Remove')"}
14:50:15.388153 [DEBUG] WDA POST /session/4F407F13-F81E-41CD-B446-99AB0161740D/element completed (24ms, status: 404)
14:50:15.388332 [DEBUG] WDA POST /session/4F407F13-F81E-41CD-B446-99AB0161740D/element body={"using":"predicate string","value":"(label CONTAINS[c] 'Remove' OR name CONTAINS[c] 'Remove' OR val...
14:50:15.413227 [DEBUG] WDA POST /session/4F407F13-F81E-41CD-B446-99AB0161740D/element completed (24ms, status: 404)
14:50:15.413428 [DEBUG] WDA GET /session/4F407F13-F81E-41CD-B446-99AB0161740D/source
14:50:15.624156 [DEBUG] WDA GET /session/4F407F13-F81E-41CD-B446-99AB0161740D/source completed (210ms, status: 200)
14:50:15.625430 [DEBUG] WDA POST /session/4F407F13-F81E-41CD-B446-99AB0161740D/element body={"using":"predicate string","value":"((type == 'XCUIElementTypeTextField' OR type == 'XCUIElementTyp...
14:50:15.625532 [DEBUG] WDA POST /session/4F407F13-F81E-41CD-B446-99AB0161740D/element body={"using":"class chain","value":"**/XCUIElementTypeTextField[`(label CONTAINS[c] 'Remove' OR value CO...
14:50:15.625922 [DEBUG] WDA POST /session/4F407F13-F81E-41CD-B446-99AB0161740D/element body={"using":"class chain","value":"**/XCUIElementTypeSecureTextField[`(label CONTAINS[c] 'Remove' OR va...
14:50:15.627195 [DEBUG] WDA POST /session/4F407F13-F81E-41CD-B446-99AB0161740D/element body={"using":"class chain","value":"**/XCUIElementTypeButton[`(label ==[c] 'Remove' OR name ==[c] 'Remov...
14:50:15.648899 [DEBUG] WDA POST /session/4F407F13-F81E-41CD-B446-99AB0161740D/element completed (23ms, status: 404)
14:50:15.671617 [DEBUG] WDA POST /session/4F407F13-F81E-41CD-B446-99AB0161740D/element completed (45ms, status: 404)
14:50:15.694108 [DEBUG] WDA POST /session/4F407F13-F81E-41CD-B446-99AB0161740D/element completed (68ms, status: 404)
14:50:15.715915 [DEBUG] WDA POST /session/4F407F13-F81E-41CD-B446-99AB0161740D/element completed (88ms, status: 404)
14:50:15.716066 [DEBUG] WDA POST /session/4F407F13-F81E-41CD-B446-99AB0161740D/element body={"using":"predicate string","value":"(label == 'Remove' OR name == 'Remove' OR value == 'Remove')"}
14:50:15.740532 [DEBUG] WDA POST /session/4F407F13-F81E-41CD-B446-99AB0161740D/element completed (24ms, status: 404)
14:50:15.740690 [DEBUG] WDA POST /session/4F407F13-F81E-41CD-B446-99AB0161740D/element body={"using":"predicate string","value":"(label CONTAINS[c] 'Remove' OR name CONTAINS[c] 'Remove' OR val...
14:50:15.765495 [DEBUG] WDA POST /session/4F407F13-F81E-41CD-B446-99AB0161740D/element completed (24ms, status: 404)
14:50:15.765569 [DEBUG] WDA GET /session/4F407F13-F81E-41CD-B446-99AB0161740D/source
14:50:15.973949 [DEBUG] WDA GET /session/4F407F13-F81E-41CD-B446-99AB0161740D/source completed (208ms, status: 200)
14:50:15.975455 [DEBUG] WDA POST /session/4F407F13-F81E-41CD-B446-99AB0161740D/element body={"using":"class chain","value":"**/XCUIElementTypeSecureTextField[`(label CONTAINS[c] 'Remove' OR va...
14:50:15.975668 [DEBUG] WDA POST /session/4F407F13-F81E-41CD-B446-99AB0161740D/element body={"using":"class chain","value":"**/XCUIElementTypeButton[`(label ==[c] 'Remove' OR name ==[c] 'Remov...
14:50:15.975754 [DEBUG] WDA POST /session/4F407F13-F81E-41CD-B446-99AB0161740D/element body={"using":"class chain","value":"**/XCUIElementTypeTextField[`(label CONTAINS[c] 'Remove' OR value CO...
14:50:15.975842 [DEBUG] WDA POST /session/4F407F13-F81E-41CD-B446-99AB0161740D/element body={"using":"predicate string","value":"((type == 'XCUIElementTypeTextField' OR type == 'XCUIElementTyp...
14:50:15.997204 [DEBUG] WDA POST /session/4F407F13-F81E-41CD-B446-99AB0161740D/element completed (21ms, status: 404)
14:50:16.018722 [DEBUG] WDA POST /session/4F407F13-F81E-41CD-B446-99AB0161740D/element completed (43ms, status: 404)
14:50:16.040443 [DEBUG] WDA POST /session/4F407F13-F81E-41CD-B446-99AB0161740D/element completed (64ms, status: 404)
14:50:16.061077 [DEBUG] WDA POST /session/4F407F13-F81E-41CD-B446-99AB0161740D/element completed (85ms, status: 404)
14:50:16.061319 [DEBUG] WDA POST /session/4F407F13-F81E-41CD-B446-99AB0161740D/element body={"using":"predicate string","value":"(label == 'Remove' OR name == 'Remove' OR value == 'Remove')"}
14:50:16.085099 [DEBUG] WDA POST /session/4F407F13-F81E-41CD-B446-99AB0161740D/element completed (23ms, status: 404)
14:50:16.085261 [DEBUG] WDA POST /session/4F407F13-F81E-41CD-B446-99AB0161740D/element body={"using":"predicate string","value":"(label CONTAINS[c] 'Remove' OR name CONTAINS[c] 'Remove' OR val...
14:50:16.108761 [DEBUG] WDA POST /session/4F407F13-F81E-41CD-B446-99AB0161740D/element completed (23ms, status: 404)
14:50:16.108899 [DEBUG] WDA GET /session/4F407F13-F81E-41CD-B446-99AB0161740D/source
14:50:16.314829 [DEBUG] WDA GET /session/4F407F13-F81E-41CD-B446-99AB0161740D/source completed (205ms, status: 200)
14:50:16.315723 [DEBUG] WDA POST /session/4F407F13-F81E-41CD-B446-99AB0161740D/element body={"using":"predicate string","value":"((type == 'XCUIElementTypeTextField' OR type == 'XCUIElementTyp...
14:50:16.315791 [DEBUG] WDA POST /session/4F407F13-F81E-41CD-B446-99AB0161740D/element body={"using":"class chain","value":"**/XCUIElementTypeSecureTextField[`(label CONTAINS[c] 'Remove' OR va...
14:50:16.315830 [DEBUG] WDA POST /session/4F407F13-F81E-41CD-B446-99AB0161740D/element body={"using":"class chain","value":"**/XCUIElementTypeButton[`(label ==[c] 'Remove' OR name ==[c] 'Remov...
14:50:16.315870 [DEBUG] WDA POST /session/4F407F13-F81E-41CD-B446-99AB0161740D/element body={"using":"class chain","value":"**/XCUIElementTypeTextField[`(label CONTAINS[c] 'Remove' OR value CO...
14:50:16.338621 [DEBUG] WDA POST /session/4F407F13-F81E-41CD-B446-99AB0161740D/element completed (22ms, status: 404)
14:50:16.359800 [DEBUG] WDA POST /session/4F407F13-F81E-41CD-B446-99AB0161740D/element completed (44ms, status: 404)
14:50:16.381717 [DEBUG] WDA POST /session/4F407F13-F81E-41CD-B446-99AB0161740D/element completed (65ms, status: 404)
14:50:16.403118 [DEBUG] WDA POST /session/4F407F13-F81E-41CD-B446-99AB0161740D/element completed (87ms, status: 404)
14:50:16.403541 [DEBUG] WDA POST /session/4F407F13-F81E-41CD-B446-99AB0161740D/element body={"using":"predicate string","value":"(label == 'Remove' OR name == 'Remove' OR value == 'Remove')"}
14:50:16.426613 [DEBUG] WDA POST /session/4F407F13-F81E-41CD-B446-99AB0161740D/element completed (23ms, status: 404)
14:50:16.426749 [DEBUG] WDA POST /session/4F407F13-F81E-41CD-B446-99AB0161740D/element body={"using":"predicate string","value":"(label CONTAINS[c] 'Remove' OR name CONTAINS[c] 'Remove' OR val...
14:50:16.450222 [DEBUG] WDA POST /session/4F407F13-F81E-41CD-B446-99AB0161740D/element completed (23ms, status: 404)
14:50:16.450373 [DEBUG] WDA GET /session/4F407F13-F81E-41CD-B446-99AB0161740D/source
14:50:16.659084 [DEBUG] WDA GET /session/4F407F13-F81E-41CD-B446-99AB0161740D/source completed (208ms, status: 200)
14:50:16.661072 [DEBUG] WDA POST /session/4F407F13-F81E-41CD-B446-99AB0161740D/element body={"using":"predicate string","value":"((type == 'XCUIElementTypeTextField' OR type == 'XCUIElementTyp...
14:50:16.661204 [DEBUG] WDA POST /session/4F407F13-F81E-41CD-B446-99AB0161740D/element body={"using":"class chain","value":"**/XCUIElementTypeSecureTextField[`(label CONTAINS[c] 'Remove' OR va...
14:50:16.661257 [DEBUG] WDA POST /session/4F407F13-F81E-41CD-B446-99AB0161740D/element body={"using":"class chain","value":"**/XCUIElementTypeButton[`(label ==[c] 'Remove' OR name ==[c] 'Remov...
14:50:16.661285 [DEBUG] WDA POST /session/4F407F13-F81E-41CD-B446-99AB0161740D/element body={"using":"class chain","value":"**/XCUIElementTypeTextField[`(label CONTAINS[c] 'Remove' OR value CO...
14:50:16.697813 [DEBUG] WDA POST /session/4F407F13-F81E-41CD-B446-99AB0161740D/element completed (36ms, status: 404)
14:50:16.719386 [DEBUG] WDA POST /session/4F407F13-F81E-41CD-B446-99AB0161740D/element completed (58ms, status: 404)
14:50:16.741064 [DEBUG] WDA POST /session/4F407F13-F81E-41CD-B446-99AB0161740D/element completed (79ms, status: 404)
14:50:16.762178 [DEBUG] WDA POST /session/4F407F13-F81E-41CD-B446-99AB0161740D/element completed (100ms, status: 404)
14:50:16.762420 [DEBUG] WDA POST /session/4F407F13-F81E-41CD-B446-99AB0161740D/element body={"using":"predicate string","value":"(label == 'Remove' OR name == 'Remove' OR value == 'Remove')"}
14:50:16.786580 [DEBUG] WDA POST /session/4F407F13-F81E-41CD-B446-99AB0161740D/element completed (24ms, status: 404)
14:50:16.786753 [DEBUG] WDA POST /session/4F407F13-F81E-41CD-B446-99AB0161740D/element body={"using":"predicate string","value":"(label CONTAINS[c] 'Remove' OR name CONTAINS[c] 'Remove' OR val...
14:50:16.810934 [DEBUG] WDA POST /session/4F407F13-F81E-41CD-B446-99AB0161740D/element completed (24ms, status: 404)
14:50:16.811066 [DEBUG] WDA GET /session/4F407F13-F81E-41CD-B446-99AB0161740D/source
14:50:17.015627 [DEBUG] WDA GET /session/4F407F13-F81E-41CD-B446-99AB0161740D/source completed (204ms, status: 200)
14:50:17.016516 [DEBUG] WDA POST /session/4F407F13-F81E-41CD-B446-99AB0161740D/element body={"using":"class chain","value":"**/XCUIElementTypeSecureTextField[`(label CONTAINS[c] 'Remove' OR va...
14:50:17.016585 [DEBUG] WDA POST /session/4F407F13-F81E-41CD-B446-99AB0161740D/element body={"using":"predicate string","value":"((type == 'XCUIElementTypeTextField' OR type == 'XCUIElementTyp...
14:50:17.016619 [DEBUG] WDA POST /session/4F407F13-F81E-41CD-B446-99AB0161740D/element body={"using":"class chain","value":"**/XCUIElementTypeTextField[`(label CONTAINS[c] 'Remove' OR value CO...
14:50:17.016657 [DEBUG] WDA POST /session/4F407F13-F81E-41CD-B446-99AB0161740D/element body={"using":"class chain","value":"**/XCUIElementTypeButton[`(label ==[c] 'Remove' OR name ==[c] 'Remov...
14:50:17.038627 [DEBUG] WDA POST /session/4F407F13-F81E-41CD-B446-99AB0161740D/element completed (22ms, status: 404)
14:50:17.060970 [DEBUG] WDA POST /session/4F407F13-F81E-41CD-B446-99AB0161740D/element completed (44ms, status: 404)
14:50:17.083175 [DEBUG] WDA POST /session/4F407F13-F81E-41CD-B446-99AB0161740D/element completed (66ms, status: 404)
14:50:17.104428 [DEBUG] WDA POST /session/4F407F13-F81E-41CD-B446-99AB0161740D/element completed (87ms, status: 404)
14:50:17.104768 [DEBUG] WDA POST /session/4F407F13-F81E-41CD-B446-99AB0161740D/element body={"using":"predicate string","value":"(label == 'Remove' OR name == 'Remove' OR value == 'Remove')"}
14:50:17.128253 [DEBUG] WDA POST /session/4F407F13-F81E-41CD-B446-99AB0161740D/element completed (23ms, status: 404)
14:50:17.128407 [DEBUG] WDA POST /session/4F407F13-F81E-41CD-B446-99AB0161740D/element body={"using":"predicate string","value":"(label CONTAINS[c] 'Remove' OR name CONTAINS[c] 'Remove' OR val...
14:50:17.151739 [DEBUG] WDA POST /session/4F407F13-F81E-41CD-B446-99AB0161740D/element completed (23ms, status: 404)
14:50:17.151947 [DEBUG] WDA GET /session/4F407F13-F81E-41CD-B446-99AB0161740D/source
14:50:17.356842 [DEBUG] WDA GET /session/4F407F13-F81E-41CD-B446-99AB0161740D/source completed (204ms, status: 200)
14:50:17.358768 [DEBUG] WDA POST /session/4F407F13-F81E-41CD-B446-99AB0161740D/element body={"using":"predicate string","value":"((type == 'XCUIElementTypeTextField' OR type == 'XCUIElementTyp...
14:50:17.358830 [DEBUG] WDA POST /session/4F407F13-F81E-41CD-B446-99AB0161740D/element body={"using":"class chain","value":"**/XCUIElementTypeSecureTextField[`(label CONTAINS[c] 'Remove' OR va...
14:50:17.358865 [DEBUG] WDA POST /session/4F407F13-F81E-41CD-B446-99AB0161740D/element body={"using":"class chain","value":"**/XCUIElementTypeButton[`(label ==[c] 'Remove' OR name ==[c] 'Remov...
14:50:17.358900 [DEBUG] WDA POST /session/4F407F13-F81E-41CD-B446-99AB0161740D/element body={"using":"class chain","value":"**/XCUIElementTypeTextField[`(label CONTAINS[c] 'Remove' OR value CO...
14:50:17.380698 [DEBUG] WDA POST /session/4F407F13-F81E-41CD-B446-99AB0161740D/element completed (21ms, status: 404)
14:50:17.403476 [DEBUG] WDA POST /session/4F407F13-F81E-41CD-B446-99AB0161740D/element completed (44ms, status: 404)
14:50:17.425360 [DEBUG] WDA POST /session/4F407F13-F81E-41CD-B446-99AB0161740D/element completed (66ms, status: 404)
14:50:17.446342 [DEBUG] WDA POST /session/4F407F13-F81E-41CD-B446-99AB0161740D/element completed (87ms, status: 404)
14:50:17.446584 [DEBUG] WDA POST /session/4F407F13-F81E-41CD-B446-99AB0161740D/element body={"using":"predicate string","value":"(label == 'Remove' OR name == 'Remove' OR value == 'Remove')"}
14:50:17.470685 [DEBUG] WDA POST /session/4F407F13-F81E-41CD-B446-99AB0161740D/element completed (24ms, status: 404)
14:50:17.470833 [DEBUG] WDA POST /session/4F407F13-F81E-41CD-B446-99AB0161740D/element body={"using":"predicate string","value":"(label CONTAINS[c] 'Remove' OR name CONTAINS[c] 'Remove' OR val...
14:50:17.495254 [DEBUG] WDA POST /session/4F407F13-F81E-41CD-B446-99AB0161740D/element completed (24ms, status: 404)
14:50:17.495402 [DEBUG] WDA GET /session/4F407F13-F81E-41CD-B446-99AB0161740D/source
14:50:17.700345 [DEBUG] WDA GET /session/4F407F13-F81E-41CD-B446-99AB0161740D/source completed (204ms, status: 200)
14:50:17.701418 [DEBUG] WDA POST /session/4F407F13-F81E-41CD-B446-99AB0161740D/element body={"using":"predicate string","value":"((type == 'XCUIElementTypeTextField' OR type == 'XCUIElementTyp...
14:50:17.701467 [DEBUG] WDA POST /session/4F407F13-F81E-41CD-B446-99AB0161740D/element body={"using":"class chain","value":"**/XCUIElementTypeSecureTextField[`(label CONTAINS[c] 'Remove' OR va...
14:50:17.701526 [DEBUG] WDA POST /session/4F407F13-F81E-41CD-B446-99AB0161740D/element body={"using":"class chain","value":"**/XCUIElementTypeTextField[`(label CONTAINS[c] 'Remove' OR value CO...
14:50:17.701565 [DEBUG] WDA POST /session/4F407F13-F81E-41CD-B446-99AB0161740D/element body={"using":"class chain","value":"**/XCUIElementTypeButton[`(label ==[c] 'Remove' OR name ==[c] 'Remov...
14:50:17.724729 [DEBUG] WDA POST /session/4F407F13-F81E-41CD-B446-99AB0161740D/element completed (23ms, status: 404)
14:50:17.746094 [DEBUG] WDA POST /session/4F407F13-F81E-41CD-B446-99AB0161740D/element completed (44ms, status: 404)
14:50:17.767288 [DEBUG] WDA POST /session/4F407F13-F81E-41CD-B446-99AB0161740D/element completed (65ms, status: 404)
14:50:17.788030 [DEBUG] WDA POST /session/4F407F13-F81E-41CD-B446-99AB0161740D/element completed (86ms, status: 404)
14:50:17.788205 [DEBUG] WDA POST /session/4F407F13-F81E-41CD-B446-99AB0161740D/element body={"using":"predicate string","value":"(label == 'Remove' OR name == 'Remove' OR value == 'Remove')"}
14:50:17.812018 [DEBUG] WDA POST /session/4F407F13-F81E-41CD-B446-99AB0161740D/element completed (23ms, status: 404)
14:50:17.812194 [DEBUG] WDA POST /session/4F407F13-F81E-41CD-B446-99AB0161740D/element body={"using":"predicate string","value":"(label CONTAINS[c] 'Remove' OR name CONTAINS[c] 'Remove' OR val...
14:50:17.836453 [DEBUG] WDA POST /session/4F407F13-F81E-41CD-B446-99AB0161740D/element completed (24ms, status: 404)
14:50:17.836665 [DEBUG] WDA GET /session/4F407F13-F81E-41CD-B446-99AB0161740D/source
14:50:18.042870 [DEBUG] WDA GET /session/4F407F13-F81E-41CD-B446-99AB0161740D/source completed (206ms, status: 200)
14:50:18.045901 [DEBUG] WDA POST /session/4F407F13-F81E-41CD-B446-99AB0161740D/element body={"using":"predicate string","value":"((type == 'XCUIElementTypeTextField' OR type == 'XCUIElementTyp...
14:50:18.045954 [DEBUG] WDA POST /session/4F407F13-F81E-41CD-B446-99AB0161740D/element body={"using":"class chain","value":"**/XCUIElementTypeButton[`(label ==[c] 'Remove' OR name ==[c] 'Remov...
14:50:18.046027 [DEBUG] WDA POST /session/4F407F13-F81E-41CD-B446-99AB0161740D/element body={"using":"class chain","value":"**/XCUIElementTypeSecureTextField[`(label CONTAINS[c] 'Remove' OR va...
14:50:18.046066 [DEBUG] WDA POST /session/4F407F13-F81E-41CD-B446-99AB0161740D/element body={"using":"class chain","value":"**/XCUIElementTypeTextField[`(label CONTAINS[c] 'Remove' OR value CO...
14:50:18.069245 [DEBUG] WDA POST /session/4F407F13-F81E-41CD-B446-99AB0161740D/element completed (23ms, status: 404)
14:50:18.092205 [DEBUG] WDA POST /session/4F407F13-F81E-41CD-B446-99AB0161740D/element completed (46ms, status: 404)
14:50:18.114217 [DEBUG] WDA POST /session/4F407F13-F81E-41CD-B446-99AB0161740D/element completed (68ms, status: 404)
14:50:18.135894 [DEBUG] WDA POST /session/4F407F13-F81E-41CD-B446-99AB0161740D/element completed (89ms, status: 404)
14:50:18.136058 [DEBUG] WDA POST /session/4F407F13-F81E-41CD-B446-99AB0161740D/element body={"using":"predicate string","value":"(label == 'Remove' OR name == 'Remove' OR value == 'Remove')"}
14:50:18.160360 [DEBUG] WDA POST /session/4F407F13-F81E-41CD-B446-99AB0161740D/element completed (24ms, status: 404)
14:50:18.160641 [DEBUG] WDA POST /session/4F407F13-F81E-41CD-B446-99AB0161740D/element body={"using":"predicate string","value":"(label CONTAINS[c] 'Remove' OR name CONTAINS[c] 'Remove' OR val...
14:50:18.184906 [DEBUG] WDA POST /session/4F407F13-F81E-41CD-B446-99AB0161740D/element completed (24ms, status: 404)
14:50:18.185042 [DEBUG] WDA GET /session/4F407F13-F81E-41CD-B446-99AB0161740D/source
14:50:18.389400 [DEBUG] WDA GET /session/4F407F13-F81E-41CD-B446-99AB0161740D/source completed (204ms, status: 200)
14:50:18.390307 [DEBUG] WDA POST /session/4F407F13-F81E-41CD-B446-99AB0161740D/element body={"using":"class chain","value":"**/XCUIElementTypeTextField[`(label CONTAINS[c] 'Remove' OR value CO...
14:50:18.390365 [DEBUG] WDA POST /session/4F407F13-F81E-41CD-B446-99AB0161740D/element body={"using":"predicate string","value":"((type == 'XCUIElementTypeTextField' OR type == 'XCUIElementTyp...
14:50:18.390414 [DEBUG] WDA POST /session/4F407F13-F81E-41CD-B446-99AB0161740D/element body={"using":"class chain","value":"**/XCUIElementTypeSecureTextField[`(label CONTAINS[c] 'Remove' OR va...
14:50:18.390477 [DEBUG] WDA POST /session/4F407F13-F81E-41CD-B446-99AB0161740D/element body={"using":"class chain","value":"**/XCUIElementTypeButton[`(label ==[c] 'Remove' OR name ==[c] 'Remov...
14:50:18.412682 [DEBUG] WDA POST /session/4F407F13-F81E-41CD-B446-99AB0161740D/element completed (22ms, status: 404)
14:50:18.434679 [DEBUG] WDA POST /session/4F407F13-F81E-41CD-B446-99AB0161740D/element completed (44ms, status: 404)
14:50:18.455998 [DEBUG] WDA POST /session/4F407F13-F81E-41CD-B446-99AB0161740D/element completed (65ms, status: 404)
14:50:18.477753 [DEBUG] WDA POST /session/4F407F13-F81E-41CD-B446-99AB0161740D/element completed (87ms, status: 404)
14:50:18.478365 [DEBUG] WDA POST /session/4F407F13-F81E-41CD-B446-99AB0161740D/element body={"using":"predicate string","value":"(label == 'Remove' OR name == 'Remove' OR value == 'Remove')"}
14:50:18.502266 [DEBUG] WDA POST /session/4F407F13-F81E-41CD-B446-99AB0161740D/element completed (23ms, status: 404)
14:50:18.502807 [DEBUG] WDA POST /session/4F407F13-F81E-41CD-B446-99AB0161740D/element body={"using":"predicate string","value":"(label CONTAINS[c] 'Remove' OR name CONTAINS[c] 'Remove' OR val...
14:50:18.526654 [DEBUG] WDA POST /session/4F407F13-F81E-41CD-B446-99AB0161740D/element completed (23ms, status: 404)
14:50:18.526964 [DEBUG] WDA GET /session/4F407F13-F81E-41CD-B446-99AB0161740D/source
14:50:18.728034 [DEBUG] WDA GET /session/4F407F13-F81E-41CD-B446-99AB0161740D/source completed (201ms, status: 200)
14:50:18.729421 [DEBUG] WDA POST /session/4F407F13-F81E-41CD-B446-99AB0161740D/element body={"using":"predicate string","value":"((type == 'XCUIElementTypeTextField' OR type == 'XCUIElementTyp...
14:50:18.729506 [DEBUG] WDA POST /session/4F407F13-F81E-41CD-B446-99AB0161740D/element body={"using":"class chain","value":"**/XCUIElementTypeSecureTextField[`(label CONTAINS[c] 'Remove' OR va...
14:50:18.729597 [DEBUG] WDA POST /session/4F407F13-F81E-41CD-B446-99AB0161740D/element body={"using":"class chain","value":"**/XCUIElementTypeButton[`(label ==[c] 'Remove' OR name ==[c] 'Remov...
14:50:18.729621 [DEBUG] WDA POST /session/4F407F13-F81E-41CD-B446-99AB0161740D/element body={"using":"class chain","value":"**/XCUIElementTypeTextField[`(label CONTAINS[c] 'Remove' OR value CO...
14:50:18.764485 [DEBUG] WDA POST /session/4F407F13-F81E-41CD-B446-99AB0161740D/element completed (35ms, status: 404)
14:50:18.786846 [DEBUG] WDA POST /session/4F407F13-F81E-41CD-B446-99AB0161740D/element completed (57ms, status: 404)
14:50:18.807663 [DEBUG] WDA POST /session/4F407F13-F81E-41CD-B446-99AB0161740D/element completed (78ms, status: 404)
14:50:18.828684 [DEBUG] WDA POST /session/4F407F13-F81E-41CD-B446-99AB0161740D/element completed (99ms, status: 404)
14:50:18.829097 [DEBUG] WDA POST /session/4F407F13-F81E-41CD-B446-99AB0161740D/element body={"using":"predicate string","value":"(label == 'Remove' OR name == 'Remove' OR value == 'Remove')"}
14:50:18.852332 [DEBUG] WDA POST /session/4F407F13-F81E-41CD-B446-99AB0161740D/element completed (23ms, status: 404)
14:50:18.852498 [DEBUG] WDA POST /session/4F407F13-F81E-41CD-B446-99AB0161740D/element body={"using":"predicate string","value":"(label CONTAINS[c] 'Remove' OR name CONTAINS[c] 'Remove' OR val...
14:50:18.876442 [DEBUG] WDA POST /session/4F407F13-F81E-41CD-B446-99AB0161740D/element completed (23ms, status: 404)
14:50:18.876576 [DEBUG] WDA GET /session/4F407F13-F81E-41CD-B446-99AB0161740D/source
14:50:19.083488 [DEBUG] WDA GET /session/4F407F13-F81E-41CD-B446-99AB0161740D/source completed (206ms, status: 200)
14:50:19.083864 [DEBUG] WDA POST /session/4F407F13-F81E-41CD-B446-99AB0161740D/element body={"using":"class chain","value":"**/XCUIElementTypeSecureTextField[`(label CONTAINS[c] 'Remove' OR va...
14:50:19.083887 [DEBUG] WDA POST /session/4F407F13-F81E-41CD-B446-99AB0161740D/element body={"using":"class chain","value":"**/XCUIElementTypeButton[`(label ==[c] 'Remove' OR name ==[c] 'Remov...
14:50:19.083911 [DEBUG] WDA POST /session/4F407F13-F81E-41CD-B446-99AB0161740D/element body={"using":"predicate string","value":"((type == 'XCUIElementTypeTextField' OR type == 'XCUIElementTyp...
14:50:19.083940 [DEBUG] WDA POST /session/4F407F13-F81E-41CD-B446-99AB0161740D/element body={"using":"class chain","value":"**/XCUIElementTypeTextField[`(label CONTAINS[c] 'Remove' OR value CO...
14:50:19.106885 [DEBUG] WDA POST /session/4F407F13-F81E-41CD-B446-99AB0161740D/element completed (23ms, status: 404)
14:50:19.128807 [DEBUG] WDA POST /session/4F407F13-F81E-41CD-B446-99AB0161740D/element completed (44ms, status: 404)
14:50:19.151895 [DEBUG] WDA POST /session/4F407F13-F81E-41CD-B446-99AB0161740D/element completed (68ms, status: 404)
14:50:19.172815 [DEBUG] WDA POST /session/4F407F13-F81E-41CD-B446-99AB0161740D/element completed (88ms, status: 404)
14:50:19.173041 [DEBUG] WDA POST /session/4F407F13-F81E-41CD-B446-99AB0161740D/element body={"using":"predicate string","value":"(label == 'Remove' OR name == 'Remove' OR value == 'Remove')"}
14:50:19.196594 [DEBUG] WDA POST /session/4F407F13-F81E-41CD-B446-99AB0161740D/element completed (23ms, status: 404)
14:50:19.196755 [DEBUG] WDA POST /session/4F407F13-F81E-41CD-B446-99AB0161740D/element body={"using":"predicate string","value":"(label CONTAINS[c] 'Remove' OR name CONTAINS[c] 'Remove' OR val...
14:50:19.220216 [DEBUG] WDA POST /session/4F407F13-F81E-41CD-B446-99AB0161740D/element completed (23ms, status: 404)
14:50:19.220438 [DEBUG] WDA GET /session/4F407F13-F81E-41CD-B446-99AB0161740D/source
14:50:19.423104 [DEBUG] WDA GET /session/4F407F13-F81E-41CD-B446-99AB0161740D/source completed (202ms, status: 200)
14:50:19.424665 [DEBUG] WDA POST /session/4F407F13-F81E-41CD-B446-99AB0161740D/element body={"using":"class chain","value":"**/XCUIElementTypeSecureTextField[`(label CONTAINS[c] 'Remove' OR va...
14:50:19.424724 [DEBUG] WDA POST /session/4F407F13-F81E-41CD-B446-99AB0161740D/element body={"using":"class chain","value":"**/XCUIElementTypeTextField[`(label CONTAINS[c] 'Remove' OR value CO...
14:50:19.424787 [DEBUG] WDA POST /session/4F407F13-F81E-41CD-B446-99AB0161740D/element body={"using":"predicate string","value":"((type == 'XCUIElementTypeTextField' OR type == 'XCUIElementTyp...
14:50:19.424838 [DEBUG] WDA POST /session/4F407F13-F81E-41CD-B446-99AB0161740D/element body={"using":"class chain","value":"**/XCUIElementTypeButton[`(label ==[c] 'Remove' OR name ==[c] 'Remov...
14:50:19.446577 [DEBUG] WDA POST /session/4F407F13-F81E-41CD-B446-99AB0161740D/element completed (21ms, status: 404)
14:50:19.468871 [DEBUG] WDA POST /session/4F407F13-F81E-41CD-B446-99AB0161740D/element completed (44ms, status: 404)
14:50:19.492007 [DEBUG] WDA POST /session/4F407F13-F81E-41CD-B446-99AB0161740D/element completed (67ms, status: 404)
14:50:19.514396 [DEBUG] WDA POST /session/4F407F13-F81E-41CD-B446-99AB0161740D/element completed (89ms, status: 404)
14:50:19.514568 [DEBUG] WDA POST /session/4F407F13-F81E-41CD-B446-99AB0161740D/element body={"using":"predicate string","value":"(label == 'Remove' OR name == 'Remove' OR value == 'Remove')"}
14:50:19.539971 [DEBUG] WDA POST /session/4F407F13-F81E-41CD-B446-99AB0161740D/element completed (25ms, status: 404)
14:50:19.540346 [DEBUG] WDA POST /session/4F407F13-F81E-41CD-B446-99AB0161740D/element body={"using":"predicate string","value":"(label CONTAINS[c] 'Remove' OR name CONTAINS[c] 'Remove' OR val...
14:50:19.566105 [DEBUG] WDA POST /session/4F407F13-F81E-41CD-B446-99AB0161740D/element completed (25ms, status: 404)
14:50:19.566245 [DEBUG] WDA GET /session/4F407F13-F81E-41CD-B446-99AB0161740D/source
14:50:19.779677 [DEBUG] WDA GET /session/4F407F13-F81E-41CD-B446-99AB0161740D/source completed (213ms, status: 200)
14:50:19.781486 [DEBUG] WDA POST /session/4F407F13-F81E-41CD-B446-99AB0161740D/element body={"using":"predicate string","value":"((type == 'XCUIElementTypeTextField' OR type == 'XCUIElementTyp...
14:50:19.781561 [DEBUG] WDA POST /session/4F407F13-F81E-41CD-B446-99AB0161740D/element body={"using":"class chain","value":"**/XCUIElementTypeSecureTextField[`(label CONTAINS[c] 'Remove' OR va...
14:50:19.781621 [DEBUG] WDA POST /session/4F407F13-F81E-41CD-B446-99AB0161740D/element body={"using":"class chain","value":"**/XCUIElementTypeTextField[`(label CONTAINS[c] 'Remove' OR value CO...
14:50:19.781678 [DEBUG] WDA POST /session/4F407F13-F81E-41CD-B446-99AB0161740D/element body={"using":"class chain","value":"**/XCUIElementTypeButton[`(label ==[c] 'Remove' OR name ==[c] 'Remov...
14:50:19.803543 [DEBUG] WDA POST /session/4F407F13-F81E-41CD-B446-99AB0161740D/element completed (21ms, status: 404)
14:50:19.825673 [DEBUG] WDA POST /session/4F407F13-F81E-41CD-B446-99AB0161740D/element completed (44ms, status: 404)
14:50:19.846924 [DEBUG] WDA POST /session/4F407F13-F81E-41CD-B446-99AB0161740D/element completed (65ms, status: 404)
14:50:19.868327 [DEBUG] WDA POST /session/4F407F13-F81E-41CD-B446-99AB0161740D/element completed (86ms, status: 404)
14:50:19.868486 [DEBUG] WDA POST /session/4F407F13-F81E-41CD-B446-99AB0161740D/element body={"using":"predicate string","value":"(label == 'Remove' OR name == 'Remove' OR value == 'Remove')"}
14:50:19.891993 [DEBUG] WDA POST /session/4F407F13-F81E-41CD-B446-99AB0161740D/element completed (23ms, status: 404)
14:50:19.892171 [DEBUG] WDA POST /session/4F407F13-F81E-41CD-B446-99AB0161740D/element body={"using":"predicate string","value":"(label CONTAINS[c] 'Remove' OR name CONTAINS[c] 'Remove' OR val...
14:50:19.915638 [DEBUG] WDA POST /session/4F407F13-F81E-41CD-B446-99AB0161740D/element completed (23ms, status: 404)
14:50:19.915782 [DEBUG] WDA GET /session/4F407F13-F81E-41CD-B446-99AB0161740D/source
14:50:20.126569 [DEBUG] WDA GET /session/4F407F13-F81E-41CD-B446-99AB0161740D/source completed (210ms, status: 200)
14:50:20.127577 [ERROR] Step 9 failed (12300ms): tapOn: text="Remove" - Error: Element not found: text='Remove' (cause: context deadline exceeded: WDA error: unable to find an element using 'predicate string', value '(label CONTAINS[c] 'Remove' OR name CONTAINS[c] 'Remove' OR value CONTAINS[c] 'Remove')'; page source: no elements match selector; closest on-screen texts: "love", "water.waves", "Vertical scroll bar, 1 page")
14:50:20.127606 [DEBUG] WDA GET /session/4F407F13-F81E-41CD-B446-99AB0161740D/screenshot
14:50:20.214912 [DEBUG] WDA GET /session/4F407F13-F81E-41CD-B446-99AB0161740D/screenshot completed (87ms, status: 200)
14:50:20.217160 [DEBUG] WDA GET /session/4F407F13-F81E-41CD-B446-99AB0161740D/source
14:50:20.421547 [DEBUG] WDA GET /session/4F407F13-F81E-41CD-B446-99AB0161740D/source completed (204ms, status: 200)
14:50:20.428466 [INFO] === Flow completed: 02-favorite (status: failed, duration: 26116ms, passed: 9, failed: 1, skipped: 3) ===
14:50:20.430103 [INFO] Flow execution completed: 0 passed, 1 failed, 0 skipped
14:50:20.430329 [INFO] Generating reports...
14:50:20.431302 [INFO] Shutting down devices started by maestro-runner...
14:50:20.431311 [INFO] Shutting down all tracked emulators
14:50:20.431319 [INFO] Shutting down all tracked simulators
