Resolved: scheme=Landmarks (UI Testing) simulator=93DF5345-8494-4C57-B374-10224C07ED41 screens=0 flows=1
Preparing runner...
Runner ready
Booting simulator: 93DF5345-8494-4C57-B374-10224C07ED41
Simulator booted: qa-ios-1 (93DF5345-8494-4C57-B374-10224C07ED41)
Skipping build and install (--no-build)
Running 1 flow(s)...
Running 1 flow(s) in one GrantivaAgent session: .maestro/06-visit.yaml

  grantiva-runner 1.1.18-grantiva.7 - by Grantiva
  Fast, lightweight UI test runner


Setup
────────────────────────────────────────
  ✓ Found 1 test flow(s)
  ✓ Report directory: /Users/kyle/Developer/grantiva-cli/.worktrees/qa-ios/findings/evidence/triage/F24/a1

Execution
────────────────────────────────────────
  ⏳ Checking GrantivaAgent installation...
  ✓ GrantivaAgent installed
  ⏳ Building GrantivaAgent...
  ✓ Using cached GrantivaAgent build (sim-ios26.0-iphone)
  ✓ GrantivaAgent built
  ⏳ Starting GrantivaAgent...
Starting GrantivaAgent...
GrantivaAgent started
  ✓ GrantivaAgent started
  ✓ GrantivaAgent port: 8485

  [1/1] 06-visit (06-visit.yaml)
────────────────────────────────────────────────────────────
    ✗ launchApp (2.3s)
      ╰─ Failed to create session for app: com.kylebrowning.Landmarks — failed to create session: Post "http://localhost:8485/session": dial tcp [::1]:8485: connect: connection refused. Check that WebDriverAgent is still running on http://localhost:8485 and that no other run holds its port. (cause: failed to create session: Post "http://localhost:8485/session": dial tcp [::1]:8485: connect: connection refused)
✗ 06-visit 3.8s

  [1/1] 06-visit (.maestro/06-visit.yaml) - Device: qa-ios-1 (ios 26.0 Simulator)
  ────────────────────────────────────────────────────────────
    ✗ launchApp (2.3s)
      ╰─ Failed to create session for app: com.kylebrowning.Landmarks — failed to create session: Post "http://localhost:8485/session": dial tcp [::1]:8485: connect: connection refused. Check that WebDriverAgent is still running on http://localhost:8485 and that no other run holds its port. (cause: failed to create session: Post "http://localhost:8485/session": dial tcp [::1]:8485: connect: connection refused)
    ✗ tapOn (0ms)
    ✗ tapOn (0ms)
    ✗ assertVisible (0ms)
    ✗ assertVisible (0ms)
    ✗ takeScreenshot (0ms)
    ✗ tapOn (0ms)
    ✗ assertVisible (0ms)
✗ 06-visit 2.3s

  1 steps failing
  7 steps skipped

════════════════════════════════════════════════════════════════════════════════════════════════════════════════════
  Flow                           Status   Steps   Pass   Fail   Skip   Duration  Device
────────────────────────────────────────────────────────────────────────────────────────────────────────────────────
  06-visit                       ✗ FAIL       8      0      1      7       3.8s  qa-ios-1 (ios 26.0 Simulator)
────────────────────────────────────────────────────────────────────────────────────────────────────────────────────
  TOTAL                             0/1       8      0      1      7       3.8s
════════════════════════════════════════════════════════════════════════════════════════════════════════════════════

  ✓ Tests completed. Generating reports...

  Reports: /Users/kyle/Developer/grantiva-cli/.worktrees/qa-ios/findings/evidence/triage/F24/a1
    ├── report.json
    ├── junit-report.xml
    └── allure-results/

  Paths:
    JSON:   /Users/kyle/Developer/grantiva-cli/.worktrees/qa-ios/findings/evidence/triage/F24/a1/report.json
    JUnit:  /Users/kyle/Developer/grantiva-cli/.worktrees/qa-ios/findings/evidence/triage/F24/a1/junit-report.xml
    Allure: /Users/kyle/Developer/grantiva-cli/.worktrees/qa-ios/findings/evidence/triage/F24/a1/allure-results

  Built by Grantiva

Failure screenshot: /Users/kyle/Developer/grantiva-cli/.worktrees/qa-ios/findings/evidence/triage/F24/a1/captures/failure-1791583169.png
Error: Runner failed (exit 1):
 exited with code 1
