Resolved: scheme=Landmarks (UI Testing) simulator=0897A224-E85E-47D7-BC1B-EDA95DD34DC5 screens=0 flows=1
Preparing runner...
Runner ready
Booting simulator: 0897A224-E85E-47D7-BC1B-EDA95DD34DC5
Simulator booted: qa-ios-2 (0897A224-E85E-47D7-BC1B-EDA95DD34DC5)
Skipping build and install (--no-build)
Running 1 flow(s)...
Running 1 flow(s) in one GrantivaAgent session: .maestro/07-deeplink.yaml

  grantiva-runner 1.1.18-grantiva.7 - by Grantiva
  Fast, lightweight UI test runner


Setup
────────────────────────────────────────
  ✓ Found 1 test flow(s)
  ✓ Report directory: /Users/kyle/Developer/grantiva-cli/.worktrees/qa-ios/findings/evidence/triage/F24/b1

Execution
────────────────────────────────────────
  ⏳ Checking GrantivaAgent installation...
  ✓ GrantivaAgent installed
  ⏳ Building GrantivaAgent...
  ✓ Using cached GrantivaAgent build (sim-ios26.0-iphone)
  ✓ GrantivaAgent built
  ⏳ Starting GrantivaAgent...
Starting GrantivaAgent...
GrantivaAgent started
  ✓ GrantivaAgent started
  ✓ GrantivaAgent port: 8129

  [1/1] 07-deeplink (07-deeplink.yaml)
────────────────────────────────────────────────────────────
    ✓ launchApp (2.0s)
    ✓ tapOn: text="Deep Links" (1.9s)
    ✓ tapOn: text="landmarks://category/lakes" (866ms)
    ✓ assertVisible: text="Mono Lake" (1.4s)
    ✓ takeScreenshot (69ms)
✓ 07-deeplink 8.9s

  [1/1] 07-deeplink (.maestro/07-deeplink.yaml) - Device: qa-ios-2 (ios 26.0 Simulator)
  ────────────────────────────────────────────────────────────
    ✓ launchApp (2.0s)
    ✓ tapOn (1.9s)
    ✓ tapOn (866ms)
    ✓ assertVisible (1.4s)
    ✓ takeScreenshot (69ms)
✓ 07-deeplink 6.2s

  5 steps passing (8.9s)

════════════════════════════════════════════════════════════════════════════════════════════════════════════════════
  Flow                           Status   Steps   Pass   Fail   Skip   Duration  Device
────────────────────────────────────────────────────────────────────────────────────────────────────────────────────
  07-deeplink                    ✓ PASS       5      5      0      0       8.9s  qa-ios-2 (ios 26.0 Simulator)
────────────────────────────────────────────────────────────────────────────────────────────────────────────────────
  TOTAL                             1/1       5      5      0      0       8.9s
════════════════════════════════════════════════════════════════════════════════════════════════════════════════════

  ✓ Tests completed. Generating reports...

  Reports: /Users/kyle/Developer/grantiva-cli/.worktrees/qa-ios/findings/evidence/triage/F24/b1
    ├── report.json
    ├── junit-report.xml
    └── allure-results/

  Paths:
    JSON:   /Users/kyle/Developer/grantiva-cli/.worktrees/qa-ios/findings/evidence/triage/F24/b1/report.json
    JUnit:  /Users/kyle/Developer/grantiva-cli/.worktrees/qa-ios/findings/evidence/triage/F24/b1/junit-report.xml
    Allure: /Users/kyle/Developer/grantiva-cli/.worktrees/qa-ios/findings/evidence/triage/F24/b1/allure-results

  Built by Grantiva

