14:08:44.716930 [INFO] === Test execution started ===
14:08:44.717001 [INFO] Output directory: /Users/kyle/Developer/grantiva-cli/.worktrees/qa-android/findings/evidence/AND-043/09-seed-empty
14:08:44.717008 [INFO] Platform: android
14:08:44.717012 [INFO] Driver: uiautomator2
14:08:44.717305 [INFO] Validated 1 flow(s)
14:08:44.717322 [INFO] Single device execution mode
14:08:44.717330 [INFO] Starting flow execution (parallel: false, devices: [])
14:08:44.717337 [INFO] Creating driver for single device execution
14:08:44.717344 [INFO] Connecting to Android device: emulator-5554
14:08:44.807969 [INFO] Device info: google sdk_gphone64_arm64, SDK 35, Serial emulator-5554, Emulator: true
14:08:44.833516 [INFO] Starting UIAutomator2 server on device emulator-5554
14:08:45.249049 [WARN] failed to remove default socket forward for /tmp/uia2-emulator-5554.sock: adb forward --remove localfilesystem:/tmp/uia2-emulator-5554.sock: exit status 1: adb: error: listener 'localfilesystem:/tmp/uia2-emulator-5554.sock' not found
14:08:45.263118 [WARN] failed to remove adb forward for tcp:6790: adb forward --remove tcp:6790: exit status 1: adb: error: listener 'tcp:6790' not found
14:08:46.417389 [INFO] Creating UIAutomator2 session with capabilities: Platform=Android, Device=sdk_gphone64_arm64
14:08:46.438253 [INFO] Session created successfully: bc763643-8652-4d35-ba30-986d1fb87677
14:08:46.574390 [INFO] Driver created: android on google sdk_gphone64_arm64
14:08:46.580412 [INFO] === Starting flow: 09-seed-empty ===
14:08:46.580433 [INFO] Flow file: /var/folders/jv/76l6crmx6nl3hf150gzry_ym0000gn/T/grantiva-FD046784-0F27-4061-B11D-78758A10E88C/0/09-seed-empty.yaml
14:08:46.580441 [INFO] Total steps: 3
14:08:46.629970 [DEBUG] Executing step 0: launchApp
14:08:51.845330 [DEBUG] Step 0 completed successfully (5215ms): launchApp
14:08:51.847939 [DEBUG] Executing step 1: assertVisible: text="No landmarks yet"
14:08:51.851186 [DEBUG] Flutter: parallel search (text="No landmarks yet", id="")
14:08:52.102207 [DEBUG] Flutter fallback: failed to get trees: no Flutter VM service found
14:08:52.243271 [DEBUG] Flutter fallback: failed to get trees: no Flutter VM service found
14:08:52.408419 [DEBUG] Flutter fallback: failed to get trees: no Flutter VM service found
14:08:52.710637 [DEBUG] Flutter fallback: failed to get trees: no Flutter VM service found
14:08:53.042895 [DEBUG] Flutter fallback: failed to get trees: no Flutter VM service found
14:08:53.416246 [DEBUG] Flutter fallback: failed to get trees: no Flutter VM service found
14:08:54.403624 [DEBUG] Flutter fallback: failed to get trees: no Flutter VM service found
14:08:55.054246 [DEBUG] Flutter fallback: failed to get trees: no Flutter VM service found
14:08:55.280238 [DEBUG] Flutter fallback: failed to get trees: no Flutter VM service found
14:08:55.553664 [DEBUG] Flutter fallback: failed to get trees: no Flutter VM service found
14:08:56.140469 [DEBUG] Flutter fallback: failed to get trees: no Flutter VM service found
14:08:56.376110 [DEBUG] Flutter fallback: failed to get trees: no Flutter VM service found
14:08:56.511561 [DEBUG] Flutter fallback: failed to get trees: no Flutter VM service found
14:08:56.657261 [DEBUG] Flutter fallback: failed to get trees: no Flutter VM service found
14:08:56.867173 [DEBUG] Flutter fallback: failed to get trees: no Flutter VM service found
14:08:57.138051 [DEBUG] Flutter fallback: failed to get trees: no Flutter VM service found
14:08:57.271554 [DEBUG] Flutter fallback: failed to get trees: no Flutter VM service found
14:08:57.444722 [DEBUG] Flutter fallback: failed to get trees: no Flutter VM service found
14:08:57.551252 [DEBUG] Flutter fallback: failed to get trees: no Flutter VM service found
14:08:57.653684 [DEBUG] Flutter fallback: failed to get trees: no Flutter VM service found
14:08:57.755234 [DEBUG] Flutter fallback: failed to get trees: no Flutter VM service found
14:08:57.870959 [DEBUG] Flutter fallback: failed to get trees: no Flutter VM service found
14:08:57.961992 [DEBUG] Flutter fallback: failed to get trees: no Flutter VM service found
14:08:58.065832 [DEBUG] Flutter fallback: failed to get trees: no Flutter VM service found
14:08:58.449471 [DEBUG] Flutter fallback: failed to get trees: no Flutter VM service found
14:08:58.657497 [DEBUG] Flutter fallback: failed to get trees: no Flutter VM service found
14:08:58.815845 [DEBUG] Flutter fallback: failed to get trees: no Flutter VM service found
14:08:58.926105 [DEBUG] Flutter fallback: failed to get trees: no Flutter VM service found
14:08:59.026042 [DEBUG] Flutter fallback: failed to get trees: no Flutter VM service found
14:08:59.138153 [DEBUG] Flutter fallback: failed to get trees: no Flutter VM service found
14:08:59.272133 [DEBUG] Flutter fallback: failed to get trees: no Flutter VM service found
14:08:59.531897 [DEBUG] Flutter fallback: failed to get trees: no Flutter VM service found
14:08:59.638476 [DEBUG] Flutter fallback: failed to get trees: no Flutter VM service found
14:08:59.740090 [DEBUG] Flutter fallback: failed to get trees: no Flutter VM service found
14:08:59.860173 [DEBUG] Flutter fallback: failed to get trees: no Flutter VM service found
14:08:59.970973 [DEBUG] Flutter fallback: failed to get trees: no Flutter VM service found
14:09:00.074772 [DEBUG] Flutter fallback: failed to get trees: no Flutter VM service found
14:09:00.170918 [DEBUG] Flutter fallback: failed to get trees: no Flutter VM service found
14:09:00.264556 [DEBUG] Flutter fallback: failed to get trees: no Flutter VM service found
14:09:00.369212 [DEBUG] Flutter fallback: failed to get trees: no Flutter VM service found
14:09:00.473106 [DEBUG] Flutter fallback: failed to get trees: no Flutter VM service found
14:09:00.682052 [DEBUG] Flutter fallback: failed to get trees: no Flutter VM service found
14:09:00.789131 [DEBUG] Flutter fallback: failed to get trees: no Flutter VM service found
14:09:00.901297 [DEBUG] Flutter fallback: failed to get trees: no Flutter VM service found
14:09:01.110912 [DEBUG] Flutter fallback: failed to get trees: no Flutter VM service found
14:09:01.227640 [DEBUG] Flutter fallback: failed to get trees: no Flutter VM service found
14:09:01.324673 [DEBUG] Flutter fallback: failed to get trees: no Flutter VM service found
14:09:01.417311 [DEBUG] Flutter fallback: failed to get trees: no Flutter VM service found
14:09:01.511610 [DEBUG] Flutter fallback: failed to get trees: no Flutter VM service found
14:09:01.615546 [DEBUG] Flutter fallback: failed to get trees: no Flutter VM service found
14:09:01.721844 [DEBUG] Flutter fallback: failed to get trees: no Flutter VM service found
14:09:01.896310 [DEBUG] Flutter fallback: failed to get trees: no Flutter VM service found
14:09:02.706450 [DEBUG] Flutter fallback: failed to get trees: no Flutter VM service found
14:09:03.088370 [DEBUG] Flutter fallback: failed to get trees: no Flutter VM service found
14:09:03.305686 [DEBUG] Flutter fallback: failed to get trees: no Flutter VM service found
14:09:03.469739 [DEBUG] Flutter fallback: failed to get trees: no Flutter VM service found
14:09:03.606688 [DEBUG] Flutter fallback: failed to get trees: no Flutter VM service found
14:09:03.868770 [DEBUG] Flutter fallback: failed to get trees: no Flutter VM service found
14:09:03.982734 [DEBUG] Flutter fallback: failed to get trees: no Flutter VM service found
14:09:04.096612 [DEBUG] Flutter fallback: failed to get trees: no Flutter VM service found
14:09:04.342969 [DEBUG] Flutter fallback: failed to get trees: no Flutter VM service found
14:09:04.664651 [DEBUG] Flutter fallback: failed to get trees: no Flutter VM service found
14:09:05.627476 [DEBUG] Flutter fallback: failed to get trees: no Flutter VM service found
14:09:05.791020 [DEBUG] Flutter fallback: failed to get trees: no Flutter VM service found
14:09:05.907966 [DEBUG] Flutter fallback: failed to get trees: no Flutter VM service found
14:09:06.021472 [DEBUG] Flutter fallback: failed to get trees: no Flutter VM service found
14:09:06.125902 [DEBUG] Flutter fallback: failed to get trees: no Flutter VM service found
14:09:06.210180 [DEBUG] Flutter fallback: failed to get trees: no Flutter VM service found
14:09:06.376945 [DEBUG] Flutter fallback: failed to get trees: no Flutter VM service found
14:09:07.189467 [DEBUG] Flutter fallback: failed to get trees: no Flutter VM service found
14:09:07.556135 [DEBUG] Flutter fallback: failed to get trees: no Flutter VM service found
14:09:07.740225 [DEBUG] Flutter fallback: failed to get trees: no Flutter VM service found
14:09:07.892869 [DEBUG] Flutter fallback: failed to get trees: no Flutter VM service found
14:09:07.989247 [DEBUG] Flutter fallback: failed to get trees: no Flutter VM service found
14:09:08.089492 [DEBUG] Flutter fallback: failed to get trees: no Flutter VM service found
14:09:08.185719 [DEBUG] Flutter fallback: failed to get trees: no Flutter VM service found
14:09:08.315032 [DEBUG] Flutter fallback: failed to get trees: no Flutter VM service found
14:09:08.450233 [DEBUG] Flutter fallback: failed to get trees: no Flutter VM service found
14:09:08.650003 [DEBUG] Flutter fallback: failed to get trees: no Flutter VM service found
14:09:08.762716 [DEBUG] Flutter fallback: failed to get trees: no Flutter VM service found
14:09:08.862037 [DEBUG] Flutter fallback: failed to get trees: no Flutter VM service found
14:09:09.732019 [ERROR] Step 1 failed (17883ms): assertVisible: text="No landmarks yet" - Error: Element not visible: context deadline exceeded: no such element: An element could not be located on the page using the given search parameters (cause: context deadline exceeded: no such element: An element could not be located on the page using the given search parameters)
14:09:09.983167 [INFO] === Flow completed: 09-seed-empty (status: failed, duration: 23402ms, passed: 1, failed: 1, skipped: 1) ===
14:09:10.411350 [WARN] failed to remove default socket forward for /tmp/uia2-emulator-5554.sock: adb forward --remove localfilesystem:/tmp/uia2-emulator-5554.sock: exit status 1: adb: error: listener 'localfilesystem:/tmp/uia2-emulator-5554.sock' not found
14:09:10.428766 [WARN] failed to remove adb forward for tcp:6790: adb forward --remove tcp:6790: exit status 1: adb: error: listener 'tcp:6790' not found
14:09:10.428797 [INFO] Flow execution completed: 0 passed, 1 failed, 0 skipped
14:09:10.428985 [INFO] Generating reports...
14:09:10.430668 [INFO] Shutting down devices started by maestro-runner...
14:09:10.430680 [INFO] Shutting down all tracked emulators
14:09:10.430691 [INFO] Shutting down all tracked simulators
