14:01:22.736622 [INFO] === Test execution started ===
14:01:22.736700 [INFO] Output directory: /Users/kyle/Developer/grantiva-cli/.worktrees/qa-android/findings/evidence/AND-037/report
14:01:22.736706 [INFO] Platform: android
14:01:22.736710 [INFO] Driver: uiautomator2
14:01:22.736997 [INFO] Validated 1 flow(s)
14:01:22.737015 [INFO] Single device execution mode
14:01:22.737021 [INFO] Starting flow execution (parallel: false, devices: [])
14:01:22.737027 [INFO] Creating driver for single device execution
14:01:22.737033 [INFO] Connecting to Android device: emulator-5554
14:01:22.831660 [INFO] Device info: google sdk_gphone64_arm64, SDK 35, Serial emulator-5554, Emulator: true
14:01:22.856165 [INFO] Starting UIAutomator2 server on device emulator-5554
14:01:23.282978 [WARN] failed to remove default socket forward for /tmp/uia2-emulator-5554.sock: adb forward --remove localfilesystem:/tmp/uia2-emulator-5554.sock: exit status 1: adb: error: listener 'localfilesystem:/tmp/uia2-emulator-5554.sock' not found
14:01:23.305048 [WARN] failed to remove adb forward for tcp:6790: adb forward --remove tcp:6790: exit status 1: adb: error: listener 'tcp:6790' not found
14:01:24.371125 [INFO] Creating UIAutomator2 session with capabilities: Platform=Android, Device=sdk_gphone64_arm64
14:01:24.379026 [INFO] Session created successfully: 3e353224-9f02-4fc2-9e0c-ee168cb733b6
14:01:24.429883 [INFO] Driver created: android on google sdk_gphone64_arm64
14:01:24.431359 [INFO] === Starting flow: qa-note-hello ===
14:01:24.431364 [INFO] Flow file: /var/folders/jv/76l6crmx6nl3hf150gzry_ym0000gn/T/grantiva-22ED40A0-AA12-4BA4-A3C7-08F95BD62074/0/qa-note-hello.yaml
14:01:24.431367 [INFO] Total steps: 4
14:01:24.439092 [DEBUG] Executing step 0: launchApp
14:01:26.161613 [DEBUG] Step 0 completed successfully (1722ms): launchApp
14:01:26.162073 [DEBUG] Executing step 1: tapOn: text="Deep Links"
14:01:26.162318 [DEBUG] Flutter: parallel search (text="Deep Links", id="")
14:01:26.182592 [DEBUG] Flutter fallback: failed to get trees: no Flutter VM service found
14:01:26.200693 [DEBUG] Flutter fallback: failed to get trees: no Flutter VM service found
14:01:26.223281 [DEBUG] Flutter fallback: failed to get trees: no Flutter VM service found
14:01:26.246605 [DEBUG] Flutter fallback: failed to get trees: no Flutter VM service found
14:01:26.265601 [DEBUG] Flutter fallback: failed to get trees: no Flutter VM service found
14:01:26.284928 [DEBUG] Flutter fallback: failed to get trees: no Flutter VM service found
14:01:26.308508 [DEBUG] Flutter fallback: failed to get trees: no Flutter VM service found
14:01:26.327693 [DEBUG] Flutter fallback: failed to get trees: no Flutter VM service found
14:01:26.347409 [DEBUG] Flutter fallback: failed to get trees: no Flutter VM service found
14:01:26.367874 [DEBUG] Flutter fallback: failed to get trees: no Flutter VM service found
14:01:26.434197 [DEBUG] Flutter fallback: failed to get trees: no Flutter VM service found
14:01:26.503128 [DEBUG] Flutter fallback: failed to get trees: no Flutter VM service found
14:01:26.552301 [DEBUG] Flutter fallback: failed to get trees: no Flutter VM service found
14:01:26.573975 [DEBUG] Flutter fallback: failed to get trees: no Flutter VM service found
14:01:26.595738 [DEBUG] Flutter fallback: failed to get trees: no Flutter VM service found
14:01:26.620289 [DEBUG] Flutter fallback: failed to get trees: no Flutter VM service found
14:01:26.645144 [DEBUG] Flutter fallback: failed to get trees: no Flutter VM service found
14:01:26.674002 [DEBUG] Flutter fallback: failed to get trees: no Flutter VM service found
14:01:26.694209 [DEBUG] Flutter fallback: failed to get trees: no Flutter VM service found
14:01:26.715445 [DEBUG] Flutter fallback: failed to get trees: no Flutter VM service found
14:01:26.735730 [DEBUG] Flutter fallback: failed to get trees: no Flutter VM service found
14:01:26.754369 [DEBUG] Flutter fallback: failed to get trees: no Flutter VM service found
14:01:26.772926 [DEBUG] Flutter fallback: failed to get trees: no Flutter VM service found
14:01:26.791650 [DEBUG] Flutter fallback: failed to get trees: no Flutter VM service found
14:01:26.810284 [DEBUG] Flutter fallback: failed to get trees: no Flutter VM service found
14:01:26.829171 [DEBUG] Flutter fallback: failed to get trees: no Flutter VM service found
14:01:26.847867 [DEBUG] Flutter fallback: failed to get trees: no Flutter VM service found
14:01:26.866506 [DEBUG] Flutter fallback: failed to get trees: no Flutter VM service found
14:01:26.885757 [DEBUG] Flutter fallback: failed to get trees: no Flutter VM service found
14:01:26.904053 [DEBUG] Flutter fallback: failed to get trees: no Flutter VM service found
14:01:26.922425 [DEBUG] Flutter fallback: failed to get trees: no Flutter VM service found
14:01:26.940603 [DEBUG] Flutter fallback: failed to get trees: no Flutter VM service found
14:01:26.959204 [DEBUG] Flutter fallback: failed to get trees: no Flutter VM service found
14:01:26.977644 [DEBUG] Flutter fallback: failed to get trees: no Flutter VM service found
14:01:26.996561 [DEBUG] Flutter fallback: failed to get trees: no Flutter VM service found
14:01:27.015813 [DEBUG] Flutter fallback: failed to get trees: no Flutter VM service found
14:01:27.035346 [DEBUG] Flutter fallback: failed to get trees: no Flutter VM service found
14:01:27.054946 [DEBUG] Flutter fallback: failed to get trees: no Flutter VM service found
14:01:27.074067 [DEBUG] Flutter fallback: failed to get trees: no Flutter VM service found
14:01:27.093209 [DEBUG] Flutter fallback: failed to get trees: no Flutter VM service found
14:01:27.112567 [DEBUG] Flutter fallback: failed to get trees: no Flutter VM service found
14:01:27.131144 [DEBUG] Flutter fallback: failed to get trees: no Flutter VM service found
14:01:27.150029 [DEBUG] Flutter fallback: failed to get trees: no Flutter VM service found
14:01:27.167997 [DEBUG] Flutter fallback: failed to get trees: no Flutter VM service found
14:01:27.188461 [DEBUG] Flutter fallback: failed to get trees: no Flutter VM service found
14:01:27.208485 [DEBUG] Flutter fallback: failed to get trees: no Flutter VM service found
14:01:27.228672 [DEBUG] Flutter fallback: failed to get trees: no Flutter VM service found
14:01:27.249367 [DEBUG] Flutter fallback: failed to get trees: no Flutter VM service found
14:01:27.269437 [DEBUG] Flutter fallback: failed to get trees: no Flutter VM service found
14:01:27.288109 [DEBUG] Flutter fallback: failed to get trees: no Flutter VM service found
14:01:27.313854 [DEBUG] Flutter fallback: failed to get trees: no Flutter VM service found
14:01:27.345044 [DEBUG] Flutter fallback: failed to get trees: no Flutter VM service found
14:01:27.365993 [DEBUG] Flutter fallback: failed to get trees: no Flutter VM service found
14:01:27.366032 [DEBUG] Step 1 completed successfully (1203ms): tapOn: text="Deep Links"
14:01:27.366431 [DEBUG] Executing step 2: assertVisible: text="hello"
14:01:44.441137 [ERROR] Step 2 failed (17074ms): assertVisible: text="hello" - Error: Element not visible: context deadline exceeded: no such element: An element could not be located on the page using the given search parameters (cause: context deadline exceeded: no such element: An element could not be located on the page using the given search parameters)
14:01:44.640396 [INFO] === Flow completed: qa-note-hello (status: failed, duration: 20208ms, passed: 2, failed: 1, skipped: 1) ===
14:01:45.077088 [WARN] failed to remove default socket forward for /tmp/uia2-emulator-5554.sock: adb forward --remove localfilesystem:/tmp/uia2-emulator-5554.sock: exit status 1: adb: error: listener 'localfilesystem:/tmp/uia2-emulator-5554.sock' not found
14:01:45.095250 [WARN] failed to remove adb forward for tcp:6790: adb forward --remove tcp:6790: exit status 1: adb: error: listener 'tcp:6790' not found
14:01:45.095281 [INFO] Flow execution completed: 0 passed, 1 failed, 0 skipped
14:01:45.095494 [INFO] Generating reports...
14:01:45.096123 [INFO] Shutting down devices started by maestro-runner...
14:01:45.096153 [INFO] Shutting down all tracked emulators
14:01:45.096164 [INFO] Shutting down all tracked simulators
