Resolved: scheme=(none) simulator=EBA79807-737B-44AB-BC98-8721A33F82EB screens=0 flows=1
Preparing runner...
Runner ready
Booting simulator: EBA79807-737B-44AB-BC98-8721A33F82EB
Simulator booted: qa-ios-manual (EBA79807-737B-44AB-BC98-8721A33F82EB)
Using pre-built binary: Landmarks.app
Installing com.kylebrowning.Landmarks...
Running 1 flow(s)...
Running 1 flow(s) in one GrantivaAgent session: .maestro/01-browse.yaml

  grantiva-runner 1.1.18-grantiva.7 - by Grantiva
  Fast, lightweight UI test runner


Setup
────────────────────────────────────────
  ✓ Found 1 test flow(s)
  ✓ Report directory: /var/folders/jv/76l6crmx6nl3hf150gzry_ym0000gn/T/grantiva-report-49DA0CA7-4B55-4A5F-A338-54711406DBD8

Execution
────────────────────────────────────────
  ⏳ Checking GrantivaAgent installation...
  ✓ GrantivaAgent installed
  ⏳ Building GrantivaAgent...
  ✓ Using cached GrantivaAgent build (sim-ios26.0-iphone)
  ✓ GrantivaAgent built
  ⏳ Starting GrantivaAgent...
Starting GrantivaAgent...
GrantivaAgent started
  ✓ GrantivaAgent started
  ✓ GrantivaAgent port: 8119

  [1/1] 01-browse (01-browse.yaml)
────────────────────────────────────────────────────────────
    ✓ launchApp (2.6s)
    ✓ assertVisible: text="Landmarks" (3.1s)
    ✓ assertVisible: text="Featured" (304ms)
    ✓ takeScreenshot (84ms)
    ✓ tapOn: text="Golden Gate Bridge" (1.1s)
    ✓ assertVisible: text="San Francisco, CA" (672ms)
    ✓ assertVisible: text="Plan Visit" (334ms)
    ✓ takeScreenshot (103ms)
✓ 01-browse 10.3s

  [1/1] 01-browse (.maestro/01-browse.yaml) - Device: qa-ios-manual (ios 26.0 Simulator)
  ────────────────────────────────────────────────────────────
    ✓ launchApp (2.6s)
    ✓ assertVisible (3.1s)
    ✓ assertVisible (304ms)
    ✓ takeScreenshot (84ms)
    ✓ tapOn (1.1s)
    ✓ assertVisible (672ms)
    ✓ assertVisible (336ms)
    ✓ takeScreenshot (103ms)
✓ 01-browse 8.3s

  8 steps passing (10.3s)

════════════════════════════════════════════════════════════════════════════════════════════════════════════════════
  Flow                           Status   Steps   Pass   Fail   Skip   Duration  Device
────────────────────────────────────────────────────────────────────────────────────────────────────────────────────
  01-browse                      ✓ PASS       8      8      0      0      10.3s  qa-ios-manual (ios 26.0 Sim...
────────────────────────────────────────────────────────────────────────────────────────────────────────────────────
  TOTAL                             1/1       8      8      0      0      10.3s
════════════════════════════════════════════════════════════════════════════════════════════════════════════════════

  ✓ Tests completed. Generating reports...

  Reports: /var/folders/jv/76l6crmx6nl3hf150gzry_ym0000gn/T/grantiva-report-49DA0CA7-4B55-4A5F-A338-54711406DBD8
    ├── report.json
    ├── junit-report.xml
    └── allure-results/

  Paths:
    JSON:   /var/folders/jv/76l6crmx6nl3hf150gzry_ym0000gn/T/grantiva-report-49DA0CA7-4B55-4A5F-A338-54711406DBD8/report.json
    JUnit:  /var/folders/jv/76l6crmx6nl3hf150gzry_ym0000gn/T/grantiva-report-49DA0CA7-4B55-4A5F-A338-54711406DBD8/junit-report.xml
    Allure: /var/folders/jv/76l6crmx6nl3hf150gzry_ym0000gn/T/grantiva-report-49DA0CA7-4B55-4A5F-A338-54711406DBD8/allure-results

  Built by Grantiva

