Resolved: scheme=Landmarks (UI Testing) simulator=qa-ios-1 screens=0 flows=1
Preparing runner...
Runner ready
Booting simulator: qa-ios-1
Simulator booted: qa-ios-1 (6EEDCB1A-E693-488A-B34C-5A0AB5DE9400)
Skipping build and install (--no-build)
Running 1 flow(s)...
Running 1 flow(s) in one GrantivaAgent session: .maestro/04-discard.yaml

  grantiva-runner 1.1.18-grantiva.7 - by Grantiva
  Fast, lightweight UI test runner


Setup
────────────────────────────────────────
  ✓ Found 1 test flow(s)
  ✓ Report directory: /Users/kyle/Developer/grantiva-cli/.worktrees/qa-ios/findings/evidence/IOS-F-04flaky/run1

Execution
────────────────────────────────────────
  ⏳ Checking GrantivaAgent installation...
  ✓ GrantivaAgent installed
  ⏳ Building GrantivaAgent...
  ✓ Using cached GrantivaAgent build (sim-ios26.0-iphone)
  ✓ GrantivaAgent built
  ⏳ Starting GrantivaAgent...
Starting GrantivaAgent...
GrantivaAgent started
  ✓ GrantivaAgent started
  ✓ GrantivaAgent port: 8876

  [1/1] 04-discard (04-discard.yaml)
────────────────────────────────────────────────────────────
    ✓ launchApp (2.0s)
    ✓ tapOn: text="Deep Links" (1.9s)
    ✓ tapOn: text="Edit Landmark" (850ms)
    ✓ tapOn: text="Location" (850ms)
    ✓ inputText: "X" (280ms)
    ✓ tapOn: text="Cancel" (905ms)
    ✓ assertVisible: text="You have unsaved changes that will be lost." (261ms)
    ✓ takeScreenshot (72ms)
    ✓ tapOn: text="Keep Editing" (789ms)
    ✓ assertVisible: text="Edit Landmark" (363ms)
    ✓ tapOn: text="Cancel" (864ms)
    ✓ tapOn: text="Discard" (798ms)
    ✓ assertVisible: text="Deep Links" (1.6s)
✓ 04-discard 14.2s

  [1/1] 04-discard (.maestro/04-discard.yaml) - Device: qa-ios-1 (ios 26.0 Simulator)
  ────────────────────────────────────────────────────────────
    ✓ launchApp (2.0s)
    ✓ tapOn (1.9s)
    ✓ tapOn (850ms)
    ✓ tapOn (850ms)
    ✓ inputText (280ms)
    ✓ tapOn (905ms)
    ✓ assertVisible (261ms)
    ✓ takeScreenshot (72ms)
    ✓ tapOn (789ms)
    ✓ assertVisible (363ms)
    ✓ tapOn (864ms)
    ✓ tapOn (798ms)
    ✓ assertVisible (1.6s)
✓ 04-discard 11.5s

  13 steps passing (14.2s)

════════════════════════════════════════════════════════════════════════════════════════════════════════════════════
  Flow                           Status   Steps   Pass   Fail   Skip   Duration  Device
────────────────────────────────────────────────────────────────────────────────────────────────────────────────────
  04-discard                     ✓ PASS      13     13      0      0      14.2s  qa-ios-1 (ios 26.0 Simulator)
────────────────────────────────────────────────────────────────────────────────────────────────────────────────────
  TOTAL                             1/1      13     13      0      0      14.2s
════════════════════════════════════════════════════════════════════════════════════════════════════════════════════

  ✓ Tests completed. Generating reports...

  Reports: /Users/kyle/Developer/grantiva-cli/.worktrees/qa-ios/findings/evidence/IOS-F-04flaky/run1
    ├── report.json
    ├── junit-report.xml
    └── allure-results/

  Paths:
    JSON:   /Users/kyle/Developer/grantiva-cli/.worktrees/qa-ios/findings/evidence/IOS-F-04flaky/run1/report.json
    JUnit:  /Users/kyle/Developer/grantiva-cli/.worktrees/qa-ios/findings/evidence/IOS-F-04flaky/run1/junit-report.xml
    Allure: /Users/kyle/Developer/grantiva-cli/.worktrees/qa-ios/findings/evidence/IOS-F-04flaky/run1/allure-results

  Built by Grantiva

