Resolved: scheme=Landmarks (UI Testing) simulator=qa-ios-1 screens=0 flows=1
Preparing runner...
Runner ready
Booting simulator: qa-ios-1
Simulator booted: qa-ios-1 (6EEDCB1A-E693-488A-B34C-5A0AB5DE9400)
Skipping build and install (--no-build)
Running 1 flow(s)...
Running 1 flow(s) in one GrantivaAgent session: .maestro/04-discard.yaml

  grantiva-runner 1.1.18-grantiva.7 - by Grantiva
  Fast, lightweight UI test runner


Setup
────────────────────────────────────────
  ✓ Found 1 test flow(s)
  ✓ Report directory: /Users/kyle/Developer/grantiva-cli/.worktrees/qa-ios/findings/evidence/IOS-F-04flaky/run2

Execution
────────────────────────────────────────
  ⏳ Checking GrantivaAgent installation...
  ✓ GrantivaAgent installed
  ⏳ Building GrantivaAgent...
  ✓ Using cached GrantivaAgent build (sim-ios26.0-iphone)
  ✓ GrantivaAgent built
  ⏳ Starting GrantivaAgent...
Starting GrantivaAgent...
GrantivaAgent started
  ✓ GrantivaAgent started
  ✓ GrantivaAgent port: 8876

  [1/1] 04-discard (04-discard.yaml)
────────────────────────────────────────────────────────────
    ✓ launchApp (1.9s)
    ✓ tapOn: text="Deep Links" (1.0s)
    ✓ tapOn: text="Edit Landmark" (877ms)
    ✓ tapOn: text="Location" (835ms)
    ✓ inputText: "X" (278ms)
    ✓ tapOn: text="Cancel" (854ms)
    ✓ assertVisible: text="You have unsaved changes that will be lost." (273ms)
    ✓ takeScreenshot (69ms)
    ✓ tapOn: text="Keep Editing" (3.5s)
    ✗ assertVisible: text="Edit Landmark" (12.3s)
      ╰─ Element not visible: text='Edit Landmark' (cause: context deadline exceeded: no elements match selector; closest on-screen texts: "Landmarks", "Mono Lake", "Crater Lake")
✗ 04-discard 25.1s

  [1/1] 04-discard (.maestro/04-discard.yaml) - Device: qa-ios-1 (ios 26.0 Simulator)
  ────────────────────────────────────────────────────────────
    ✓ launchApp (1.9s)
    ✓ tapOn (1.0s)
    ✓ tapOn (877ms)
    ✓ tapOn (835ms)
    ✓ inputText (279ms)
    ✓ tapOn (854ms)
    ✓ assertVisible (273ms)
    ✓ takeScreenshot (69ms)
    ✓ tapOn (3.5s)
    ✗ assertVisible (12.7s)
      ╰─ Element not visible: text='Edit Landmark' (cause: context deadline exceeded: no elements match selector; closest on-screen texts: "Landmarks", "Mono Lake", "Crater Lake")
    ✗ tapOn (0ms)
    ✗ tapOn (0ms)
    ✗ assertVisible (0ms)
✗ 04-discard 22.4s

  9 steps passing (25.1s)
  1 steps failing
  3 steps skipped

════════════════════════════════════════════════════════════════════════════════════════════════════════════════════
  Flow                           Status   Steps   Pass   Fail   Skip   Duration  Device
────────────────────────────────────────────────────────────────────────────────────────────────────────────────────
  04-discard                     ✗ FAIL      13      9      1      3      25.1s  qa-ios-1 (ios 26.0 Simulator)
────────────────────────────────────────────────────────────────────────────────────────────────────────────────────
  TOTAL                             0/1      13      9      1      3      25.1s
════════════════════════════════════════════════════════════════════════════════════════════════════════════════════

  ✓ Tests completed. Generating reports...

  Reports: /Users/kyle/Developer/grantiva-cli/.worktrees/qa-ios/findings/evidence/IOS-F-04flaky/run2
    ├── report.json
    ├── junit-report.xml
    └── allure-results/

  Paths:
    JSON:   /Users/kyle/Developer/grantiva-cli/.worktrees/qa-ios/findings/evidence/IOS-F-04flaky/run2/report.json
    JUnit:  /Users/kyle/Developer/grantiva-cli/.worktrees/qa-ios/findings/evidence/IOS-F-04flaky/run2/junit-report.xml
    Allure: /Users/kyle/Developer/grantiva-cli/.worktrees/qa-ios/findings/evidence/IOS-F-04flaky/run2/allure-results

  Built by Grantiva

Failure screenshot: /Users/kyle/Developer/grantiva-cli/.worktrees/qa-ios/findings/evidence/IOS-F-04flaky/run2/captures/failure-1791582081.png
Error: Runner failed (exit 1):
 exited with code 1
