Resolved: scheme=Landmarks (UI Testing) simulator=qa-ios-1 screens=0 flows=1
Preparing runner...
Runner ready
Booting simulator: qa-ios-1
Simulator booted: qa-ios-1 (6EEDCB1A-E693-488A-B34C-5A0AB5DE9400)
Skipping build and install (--no-build)
Running 1 flow(s)...
Running 1 flow(s) in one GrantivaAgent session: .maestro/04-discard.yaml

  grantiva-runner 1.1.18-grantiva.7 - by Grantiva
  Fast, lightweight UI test runner


Setup
────────────────────────────────────────
  ✓ Found 1 test flow(s)
  ✓ Report directory: /Users/kyle/Developer/grantiva-cli/.worktrees/qa-ios/findings/evidence/IOS-F-04flaky/run3

Execution
────────────────────────────────────────
  ⏳ Checking GrantivaAgent installation...
  ✓ GrantivaAgent installed
  ⏳ Building GrantivaAgent...
  ✓ Using cached GrantivaAgent build (sim-ios26.0-iphone)
  ✓ GrantivaAgent built
  ⏳ Starting GrantivaAgent...
Starting GrantivaAgent...
GrantivaAgent started
  ✓ GrantivaAgent started
  ✓ GrantivaAgent port: 8876

  [1/1] 04-discard (04-discard.yaml)
────────────────────────────────────────────────────────────
    ✓ launchApp (2.0s)
    ✓ tapOn: text="Deep Links" (1.1s)
    ✓ tapOn: text="Edit Landmark" (870ms)
    ✓ tapOn: text="Location" (871ms)
    ✓ inputText: "X" (383ms)
    ✓ tapOn: text="Cancel" (875ms)
    ✓ assertVisible: text="You have unsaved changes that will be lost." (2.9s)
    ✓ takeScreenshot (103ms)
    ✗ tapOn: text="Keep Editing" (12.5s)
      ╰─ Element not found: text='Keep Editing' (cause: context deadline exceeded: WDA error: unable to find an element using 'predicate string', value '(label CONTAINS[c] 'Keep Editing' OR name CONTAINS[c] 'Keep Editing' OR value CONTAINS[c] 'Keep Editing')'; page source: no elements match selector; closest on-screen texts: "Deep Links", "AdditionalDimmingOverlay", "link")
✗ 04-discard 25.1s

  [1/1] 04-discard (.maestro/04-discard.yaml) - Device: qa-ios-1 (ios 26.0 Simulator)
  ────────────────────────────────────────────────────────────
    ✓ launchApp (2.0s)
    ✓ tapOn (1.1s)
    ✓ tapOn (870ms)
    ✓ tapOn (871ms)
    ✓ inputText (383ms)
    ✓ tapOn (875ms)
    ✓ assertVisible (2.9s)
    ✓ takeScreenshot (103ms)
    ✗ tapOn (13.2s)
      ╰─ Element not found: text='Keep Editing' (cause: context deadline exceeded: WDA error: unable to find an element using 'predicate string', value '(label CONTAINS[c] 'Keep Editing' OR name CONTAINS[c] 'Keep Editing' OR value CONTAINS[c] 'Keep Editing')'; page source: no elements match selector; closest on-screen texts: "Deep Links", "AdditionalDimmingOverlay", "link")
    ✗ assertVisible (0ms)
    ✗ tapOn (0ms)
    ✗ tapOn (0ms)
    ✗ assertVisible (0ms)
✗ 04-discard 22.3s

  8 steps passing (25.1s)
  1 steps failing
  4 steps skipped

════════════════════════════════════════════════════════════════════════════════════════════════════════════════════
  Flow                           Status   Steps   Pass   Fail   Skip   Duration  Device
────────────────────────────────────────────────────────────────────────────────────────────────────────────────────
  04-discard                     ✗ FAIL      13      8      1      4      25.1s  qa-ios-1 (ios 26.0 Simulator)
────────────────────────────────────────────────────────────────────────────────────────────────────────────────────
  TOTAL                             0/1      13      8      1      4      25.1s
════════════════════════════════════════════════════════════════════════════════════════════════════════════════════

  ✓ Tests completed. Generating reports...

  Reports: /Users/kyle/Developer/grantiva-cli/.worktrees/qa-ios/findings/evidence/IOS-F-04flaky/run3
    ├── report.json
    ├── junit-report.xml
    └── allure-results/

  Paths:
    JSON:   /Users/kyle/Developer/grantiva-cli/.worktrees/qa-ios/findings/evidence/IOS-F-04flaky/run3/report.json
    JUnit:  /Users/kyle/Developer/grantiva-cli/.worktrees/qa-ios/findings/evidence/IOS-F-04flaky/run3/junit-report.xml
    Allure: /Users/kyle/Developer/grantiva-cli/.worktrees/qa-ios/findings/evidence/IOS-F-04flaky/run3/allure-results

  Built by Grantiva

Failure screenshot: /Users/kyle/Developer/grantiva-cli/.worktrees/qa-ios/findings/evidence/IOS-F-04flaky/run3/captures/failure-1791582110.png
Error: Runner failed (exit 1):
 exited with code 1
