Resolved: scheme=Landmarks (UI Testing) simulator=qa-ios-1 screens=0 flows=1
Preparing runner...
Runner ready
Booting simulator: qa-ios-1
Simulator booted: qa-ios-1 (6EEDCB1A-E693-488A-B34C-5A0AB5DE9400)
Skipping build and install (--no-build)
Running 1 flow(s)...
Running 1 flow(s) in one GrantivaAgent session: .maestro/04-discard.yaml

  grantiva-runner 1.1.18-grantiva.7 - by Grantiva
  Fast, lightweight UI test runner


Setup
────────────────────────────────────────
  ✓ Found 1 test flow(s)
  ✓ Report directory: /Users/kyle/Developer/grantiva-cli/.worktrees/qa-ios/findings/evidence/IOS-F-04flaky/run5

Execution
────────────────────────────────────────
  ⏳ Checking GrantivaAgent installation...
  ✓ GrantivaAgent installed
  ⏳ Building GrantivaAgent...
  ✓ Using cached GrantivaAgent build (sim-ios26.0-iphone)
  ✓ GrantivaAgent built
  ⏳ Starting GrantivaAgent...
Starting GrantivaAgent...
GrantivaAgent started
  ✓ GrantivaAgent started
  ✓ GrantivaAgent port: 8876

  [1/1] 04-discard (04-discard.yaml)
────────────────────────────────────────────────────────────
    ✓ launchApp (2.1s)
    ✓ tapOn: text="Deep Links" (1.3s)
    ✓ tapOn: text="Edit Landmark" (867ms)
    ✓ tapOn: text="Location" (868ms)
    ✓ inputText: "X" (286ms)
    ✓ tapOn: text="Cancel" (862ms)
    ⚠ assertVisible: text="You have unsaved changes that will be lost." (7.3s)
    ✓ takeScreenshot (110ms)
    ✗ tapOn: text="Keep Editing" (12.9s)
      ╰─ Element not found: text='Keep Editing' (cause: context deadline exceeded: WDA error: unable to find an element using 'predicate string', value '(label CONTAINS[c] 'Keep Editing' OR name CONTAINS[c] 'Keep Editing' OR value CONTAINS[c] 'Keep Editing')'; page source: no elements match selector; closest on-screen texts: "Deep Links", "AdditionalDimmingOverlay", "link")
✗ 04-discard 30.3s

  [1/1] 04-discard (.maestro/04-discard.yaml) - Device: qa-ios-1 (ios 26.0 Simulator)
  ────────────────────────────────────────────────────────────
    ✓ launchApp (2.1s)
    ✓ tapOn (1.3s)
    ✓ tapOn (867ms)
    ✓ tapOn (868ms)
    ✓ inputText (286ms)
    ✓ tapOn (862ms)
    ⚠ assertVisible (7.3s)
    ✓ takeScreenshot (110ms)
    ✗ tapOn (13.8s)
      ╰─ Element not found: text='Keep Editing' (cause: context deadline exceeded: WDA error: unable to find an element using 'predicate string', value '(label CONTAINS[c] 'Keep Editing' OR name CONTAINS[c] 'Keep Editing' OR value CONTAINS[c] 'Keep Editing')'; page source: no elements match selector; closest on-screen texts: "Deep Links", "AdditionalDimmingOverlay", "link")
    ✗ assertVisible (0ms)
    ✗ tapOn (0ms)
    ✗ tapOn (0ms)
    ✗ assertVisible (0ms)
✗ 04-discard 27.4s

  8 steps passing (30.3s)
  1 steps failing
  4 steps skipped

════════════════════════════════════════════════════════════════════════════════════════════════════════════════════
  Flow                           Status   Steps   Pass   Fail   Skip   Duration  Device
────────────────────────────────────────────────────────────────────────────────────────────────────────────────────
  04-discard                     ✗ FAIL      13      8      1      4      30.3s  qa-ios-1 (ios 26.0 Simulator)
────────────────────────────────────────────────────────────────────────────────────────────────────────────────────
  TOTAL                             0/1      13      8      1      4      30.3s
════════════════════════════════════════════════════════════════════════════════════════════════════════════════════

  ✓ Tests completed. Generating reports...

  Reports: /Users/kyle/Developer/grantiva-cli/.worktrees/qa-ios/findings/evidence/IOS-F-04flaky/run5
    ├── report.json
    ├── junit-report.xml
    └── allure-results/

  Paths:
    JSON:   /Users/kyle/Developer/grantiva-cli/.worktrees/qa-ios/findings/evidence/IOS-F-04flaky/run5/report.json
    JUnit:  /Users/kyle/Developer/grantiva-cli/.worktrees/qa-ios/findings/evidence/IOS-F-04flaky/run5/junit-report.xml
    Allure: /Users/kyle/Developer/grantiva-cli/.worktrees/qa-ios/findings/evidence/IOS-F-04flaky/run5/allure-results

  Built by Grantiva

Failure screenshot: /Users/kyle/Developer/grantiva-cli/.worktrees/qa-ios/findings/evidence/IOS-F-04flaky/run5/captures/failure-1791582179.png
Error: Runner failed (exit 1):
 exited with code 1
