Capturing 3 screen(s)...

  grantiva-runner 1.1.18-grantiva.7 - by Grantiva
  Fast, lightweight UI test runner


Setup
────────────────────────────────────────
  ✓ Found 1 test flow(s)
  ✓ Report directory: /var/folders/jv/76l6crmx6nl3hf150gzry_ym0000gn/T/grantiva-report-B7E22D51-365F-4510-A3DC-CFE50E1FF662

Execution
────────────────────────────────────────
  ⏳ Connecting to device emulator-5554...
  ✓ Connected to google sdk_gphone64_arm64 (SDK 35)
  ⏳ Starting UIAutomator2 server...
  → Socket: /tmp/uia2-emulator-5554.sock
  ✓ UIAutomator2 server started
  ⏳ Creating session...
  ✓ Session created

  [1/1] flow (flow.yaml)
────────────────────────────────────────────────────────────
    ✓ launchApp (1.6s)
    ✓ takeScreenshot (146ms)
    ✓ tapOn: text="Deep Links" (965ms)
    ✓ takeScreenshot (143ms)
    ✓ tapOn: text="Favorites" (577ms)
    ✓ takeScreenshot (133ms)
✓ flow 3.6s

  [1/1] flow (/var/folders/jv/76l6crmx6nl3hf150gzry_ym0000gn/T/grantiva-flows-41697715-C5CA-45A0-BD4B-EAD730E95D7D/flow.yaml) - Device: google sdk_gphone64_arm64 (android 35 Simulator)
  ────────────────────────────────────────────────────────────
    ✓ launchApp (1.6s)
    ✓ takeScreenshot (146ms)
    ✓ tapOn (965ms)
    ✓ takeScreenshot (143ms)
    ✓ tapOn (577ms)
    ✓ takeScreenshot (133ms)
✓ flow 3.6s

  6 steps passing (3.6s)

════════════════════════════════════════════════════════════════════════════════════════════════════════════════════
  Flow                           Status   Steps   Pass   Fail   Skip   Duration  Device
────────────────────────────────────────────────────────────────────────────────────────────────────────────────────
  flow                           ✓ PASS       6      6      0      0       3.6s  google sdk_gphone64_arm64 (...
────────────────────────────────────────────────────────────────────────────────────────────────────────────────────
  TOTAL                             1/1       6      6      0      0       3.6s
════════════════════════════════════════════════════════════════════════════════════════════════════════════════════

  ✓ Tests completed. Generating reports...

  Reports: /var/folders/jv/76l6crmx6nl3hf150gzry_ym0000gn/T/grantiva-report-B7E22D51-365F-4510-A3DC-CFE50E1FF662
    ├── report.json
    ├── junit-report.xml
    └── allure-results/

  Paths:
    JSON:   /var/folders/jv/76l6crmx6nl3hf150gzry_ym0000gn/T/grantiva-report-B7E22D51-365F-4510-A3DC-CFE50E1FF662/report.json
    JUnit:  /var/folders/jv/76l6crmx6nl3hf150gzry_ym0000gn/T/grantiva-report-B7E22D51-365F-4510-A3DC-CFE50E1FF662/junit-report.xml
    Allure: /var/folders/jv/76l6crmx6nl3hf150gzry_ym0000gn/T/grantiva-report-B7E22D51-365F-4510-A3DC-CFE50E1FF662/allure-results

  Built by Grantiva

