Capturing 3 screen(s)...

  grantiva-runner 1.1.18-grantiva.7 - by Grantiva
  Fast, lightweight UI test runner


Setup
────────────────────────────────────────
  ✓ Found 1 test flow(s)
  ✓ Report directory: /var/folders/jv/76l6crmx6nl3hf150gzry_ym0000gn/T/grantiva-report-2D1FDCAD-65ED-4ED2-85DE-74D6F5A1D8FB

Execution
────────────────────────────────────────
  ⏳ Connecting to device emulator-5554...
  ✓ Connected to google sdk_gphone64_arm64 (SDK 35)
  ⏳ Starting UIAutomator2 server...
  → Socket: /tmp/uia2-emulator-5554.sock
  ✓ UIAutomator2 server started
  ⏳ Creating session...
  ✓ Session created

  [1/1] flow (flow.yaml)
────────────────────────────────────────────────────────────
    ✓ launchApp (1.7s)
    ✓ takeScreenshot (148ms)
    ✓ tapOn: text="Deep Links" (917ms)
    ✓ takeScreenshot (185ms)
    ✓ tapOn: text="Favorites" (534ms)
    ✓ takeScreenshot (143ms)
✓ flow 3.7s

  [1/1] flow (/var/folders/jv/76l6crmx6nl3hf150gzry_ym0000gn/T/grantiva-flows-DDE8DF5F-3CC9-48F3-AE59-2FF02B298919/flow.yaml) - Device: google sdk_gphone64_arm64 (android 35 Simulator)
  ────────────────────────────────────────────────────────────
    ✓ launchApp (1.7s)
    ✓ takeScreenshot (148ms)
    ✓ tapOn (917ms)
    ✓ takeScreenshot (185ms)
    ✓ tapOn (534ms)
    ✓ takeScreenshot (143ms)
✓ flow 3.6s

  6 steps passing (3.7s)

════════════════════════════════════════════════════════════════════════════════════════════════════════════════════
  Flow                           Status   Steps   Pass   Fail   Skip   Duration  Device
────────────────────────────────────────────────────────────────────────────────────────────────────────────────────
  flow                           ✓ PASS       6      6      0      0       3.7s  google sdk_gphone64_arm64 (...
────────────────────────────────────────────────────────────────────────────────────────────────────────────────────
  TOTAL                             1/1       6      6      0      0       3.7s
════════════════════════════════════════════════════════════════════════════════════════════════════════════════════

  ✓ Tests completed. Generating reports...

  Reports: /var/folders/jv/76l6crmx6nl3hf150gzry_ym0000gn/T/grantiva-report-2D1FDCAD-65ED-4ED2-85DE-74D6F5A1D8FB
    ├── report.json
    ├── junit-report.xml
    └── allure-results/

  Paths:
    JSON:   /var/folders/jv/76l6crmx6nl3hf150gzry_ym0000gn/T/grantiva-report-2D1FDCAD-65ED-4ED2-85DE-74D6F5A1D8FB/report.json
    JUnit:  /var/folders/jv/76l6crmx6nl3hf150gzry_ym0000gn/T/grantiva-report-2D1FDCAD-65ED-4ED2-85DE-74D6F5A1D8FB/junit-report.xml
    Allure: /var/folders/jv/76l6crmx6nl3hf150gzry_ym0000gn/T/grantiva-report-2D1FDCAD-65ED-4ED2-85DE-74D6F5A1D8FB/allure-results

  Built by Grantiva

