14:09:11.975246 [INFO] === Test execution started ===
14:09:11.975327 [INFO] Output directory: /Users/kyle/Developer/grantiva-cli/.worktrees/qa-android/findings/evidence/AND-043/10-seed-many
14:09:11.975339 [INFO] Platform: android
14:09:11.975347 [INFO] Driver: uiautomator2
14:09:11.975705 [INFO] Validated 1 flow(s)
14:09:11.975721 [INFO] Single device execution mode
14:09:11.975727 [INFO] Starting flow execution (parallel: false, devices: [])
14:09:11.975734 [INFO] Creating driver for single device execution
14:09:11.975740 [INFO] Connecting to Android device: emulator-5554
14:09:12.060514 [INFO] Device info: google sdk_gphone64_arm64, SDK 35, Serial emulator-5554, Emulator: true
14:09:12.083700 [INFO] Starting UIAutomator2 server on device emulator-5554
14:09:12.510652 [WARN] failed to remove default socket forward for /tmp/uia2-emulator-5554.sock: adb forward --remove localfilesystem:/tmp/uia2-emulator-5554.sock: exit status 1: adb: error: listener 'localfilesystem:/tmp/uia2-emulator-5554.sock' not found
14:09:12.524027 [WARN] failed to remove adb forward for tcp:6790: adb forward --remove tcp:6790: exit status 1: adb: error: listener 'tcp:6790' not found
14:09:13.648576 [INFO] Creating UIAutomator2 session with capabilities: Platform=Android, Device=sdk_gphone64_arm64
14:09:13.668796 [INFO] Session created successfully: e81b9c42-6e15-47a9-88fd-afe42e5cfe7b
14:09:13.783586 [INFO] Driver created: android on google sdk_gphone64_arm64
14:09:13.786270 [INFO] === Starting flow: 10-seed-many ===
14:09:13.786278 [INFO] Flow file: /var/folders/jv/76l6crmx6nl3hf150gzry_ym0000gn/T/grantiva-A730752F-6D6F-4BDD-94F5-0114B5E98C49/0/10-seed-many.yaml
14:09:13.786282 [INFO] Total steps: 7
14:09:13.796934 [DEBUG] Executing step 0: launchApp
14:09:16.230332 [DEBUG] Step 0 completed successfully (2433ms): launchApp
14:09:16.230715 [DEBUG] Executing step 1: scroll
14:09:16.626236 [DEBUG] Step 1 completed successfully (395ms): scroll
14:09:16.626658 [DEBUG] Executing step 2: scroll
14:09:16.983542 [DEBUG] Step 2 completed successfully (356ms): scroll
14:09:16.983932 [DEBUG] Executing step 3: scroll
14:09:17.366458 [DEBUG] Step 3 completed successfully (382ms): scroll
14:09:17.366994 [DEBUG] Executing step 4: scroll
14:09:17.732479 [DEBUG] Step 4 completed successfully (365ms): scroll
14:09:17.732917 [DEBUG] Executing step 5: assertVisible: text="Landmark 30"
14:09:17.733133 [DEBUG] Flutter: parallel search (text="Landmark 30", id="")
14:09:17.853974 [DEBUG] Flutter fallback: failed to get trees: no Flutter VM service found
14:09:17.926694 [DEBUG] Flutter fallback: failed to get trees: no Flutter VM service found
14:09:18.005410 [DEBUG] Flutter fallback: failed to get trees: no Flutter VM service found
14:09:18.075075 [DEBUG] Flutter fallback: failed to get trees: no Flutter VM service found
14:09:18.150541 [DEBUG] Flutter fallback: failed to get trees: no Flutter VM service found
14:09:18.221723 [DEBUG] Flutter fallback: failed to get trees: no Flutter VM service found
14:09:18.300343 [DEBUG] Flutter fallback: failed to get trees: no Flutter VM service found
14:09:18.380663 [DEBUG] Flutter fallback: failed to get trees: no Flutter VM service found
14:09:18.462177 [DEBUG] Flutter fallback: failed to get trees: no Flutter VM service found
14:09:18.547094 [DEBUG] Flutter fallback: failed to get trees: no Flutter VM service found
14:09:18.627936 [DEBUG] Flutter fallback: failed to get trees: no Flutter VM service found
14:09:18.755508 [DEBUG] Flutter fallback: failed to get trees: no Flutter VM service found
14:09:18.857500 [DEBUG] Flutter fallback: failed to get trees: no Flutter VM service found
14:09:18.967459 [DEBUG] Flutter fallback: failed to get trees: no Flutter VM service found
14:09:19.059300 [DEBUG] Flutter fallback: failed to get trees: no Flutter VM service found
14:09:19.152090 [DEBUG] Flutter fallback: failed to get trees: no Flutter VM service found
14:09:19.239354 [DEBUG] Flutter fallback: failed to get trees: no Flutter VM service found
14:09:19.338185 [DEBUG] Flutter fallback: failed to get trees: no Flutter VM service found
14:09:19.888905 [DEBUG] Flutter fallback: failed to get trees: no Flutter VM service found
14:09:19.977854 [DEBUG] Flutter fallback: failed to get trees: no Flutter VM service found
14:09:20.067666 [DEBUG] Flutter fallback: failed to get trees: no Flutter VM service found
14:09:20.146917 [DEBUG] Flutter fallback: failed to get trees: no Flutter VM service found
14:09:20.226274 [DEBUG] Flutter fallback: failed to get trees: no Flutter VM service found
14:09:20.307534 [DEBUG] Flutter fallback: failed to get trees: no Flutter VM service found
14:09:20.394444 [DEBUG] Flutter fallback: failed to get trees: no Flutter VM service found
14:09:20.476978 [DEBUG] Flutter fallback: failed to get trees: no Flutter VM service found
14:09:20.560031 [DEBUG] Flutter fallback: failed to get trees: no Flutter VM service found
14:09:20.664846 [DEBUG] Flutter fallback: failed to get trees: no Flutter VM service found
14:09:20.743243 [DEBUG] Flutter fallback: failed to get trees: no Flutter VM service found
14:09:20.818728 [DEBUG] Flutter fallback: failed to get trees: no Flutter VM service found
14:09:20.893783 [DEBUG] Flutter fallback: failed to get trees: no Flutter VM service found
14:09:20.967825 [DEBUG] Flutter fallback: failed to get trees: no Flutter VM service found
14:09:21.039057 [DEBUG] Flutter fallback: failed to get trees: no Flutter VM service found
14:09:21.115344 [DEBUG] Flutter fallback: failed to get trees: no Flutter VM service found
14:09:21.189462 [DEBUG] Flutter fallback: failed to get trees: no Flutter VM service found
14:09:21.263712 [DEBUG] Flutter fallback: failed to get trees: no Flutter VM service found
14:09:21.335581 [DEBUG] Flutter fallback: failed to get trees: no Flutter VM service found
14:09:21.409500 [DEBUG] Flutter fallback: failed to get trees: no Flutter VM service found
14:09:21.486087 [DEBUG] Flutter fallback: failed to get trees: no Flutter VM service found
14:09:21.564746 [DEBUG] Flutter fallback: failed to get trees: no Flutter VM service found
14:09:21.652705 [DEBUG] Flutter fallback: failed to get trees: no Flutter VM service found
14:09:21.748240 [DEBUG] Flutter fallback: failed to get trees: no Flutter VM service found
14:09:21.852121 [DEBUG] Flutter fallback: failed to get trees: no Flutter VM service found
14:09:21.940911 [DEBUG] Flutter fallback: failed to get trees: no Flutter VM service found
14:09:22.025842 [DEBUG] Flutter fallback: failed to get trees: no Flutter VM service found
14:09:22.115391 [DEBUG] Flutter fallback: failed to get trees: no Flutter VM service found
14:09:22.203152 [DEBUG] Flutter fallback: failed to get trees: no Flutter VM service found
14:09:22.284140 [DEBUG] Flutter fallback: failed to get trees: no Flutter VM service found
14:09:22.362444 [DEBUG] Flutter fallback: failed to get trees: no Flutter VM service found
14:09:22.455791 [DEBUG] Flutter fallback: failed to get trees: no Flutter VM service found
14:09:22.538898 [DEBUG] Flutter fallback: failed to get trees: no Flutter VM service found
14:09:22.617766 [DEBUG] Flutter fallback: failed to get trees: no Flutter VM service found
14:09:22.706494 [DEBUG] Flutter fallback: failed to get trees: no Flutter VM service found
14:09:22.786282 [DEBUG] Flutter fallback: failed to get trees: no Flutter VM service found
14:09:22.864976 [DEBUG] Flutter fallback: failed to get trees: no Flutter VM service found
14:09:22.946774 [DEBUG] Flutter fallback: failed to get trees: no Flutter VM service found
14:09:23.024507 [DEBUG] Flutter fallback: failed to get trees: no Flutter VM service found
14:09:23.103223 [DEBUG] Flutter fallback: failed to get trees: no Flutter VM service found
14:09:23.177501 [DEBUG] Flutter fallback: failed to get trees: no Flutter VM service found
14:09:23.253320 [DEBUG] Flutter fallback: failed to get trees: no Flutter VM service found
14:09:23.330482 [DEBUG] Flutter fallback: failed to get trees: no Flutter VM service found
14:09:23.407976 [DEBUG] Flutter fallback: failed to get trees: no Flutter VM service found
14:09:23.485832 [DEBUG] Flutter fallback: failed to get trees: no Flutter VM service found
14:09:23.568555 [DEBUG] Flutter fallback: failed to get trees: no Flutter VM service found
14:09:23.647813 [DEBUG] Flutter fallback: failed to get trees: no Flutter VM service found
14:09:23.725217 [DEBUG] Flutter fallback: failed to get trees: no Flutter VM service found
14:09:23.801924 [DEBUG] Flutter fallback: failed to get trees: no Flutter VM service found
14:09:23.879353 [DEBUG] Flutter fallback: failed to get trees: no Flutter VM service found
14:09:23.958903 [DEBUG] Flutter fallback: failed to get trees: no Flutter VM service found
14:09:24.035418 [DEBUG] Flutter fallback: failed to get trees: no Flutter VM service found
14:09:24.117405 [DEBUG] Flutter fallback: failed to get trees: no Flutter VM service found
14:09:24.209123 [DEBUG] Flutter fallback: failed to get trees: no Flutter VM service found
14:09:24.302015 [DEBUG] Flutter fallback: failed to get trees: no Flutter VM service found
14:09:24.381680 [DEBUG] Flutter fallback: failed to get trees: no Flutter VM service found
14:09:24.468860 [DEBUG] Flutter fallback: failed to get trees: no Flutter VM service found
14:09:24.551285 [DEBUG] Flutter fallback: failed to get trees: no Flutter VM service found
14:09:24.629663 [DEBUG] Flutter fallback: failed to get trees: no Flutter VM service found
14:09:24.709198 [DEBUG] Flutter fallback: failed to get trees: no Flutter VM service found
14:09:24.790650 [DEBUG] Flutter fallback: failed to get trees: no Flutter VM service found
14:09:24.868019 [DEBUG] Flutter fallback: failed to get trees: no Flutter VM service found
14:09:24.945117 [DEBUG] Flutter fallback: failed to get trees: no Flutter VM service found
14:09:25.025170 [DEBUG] Flutter fallback: failed to get trees: no Flutter VM service found
14:09:25.111847 [DEBUG] Flutter fallback: failed to get trees: no Flutter VM service found
14:09:25.191316 [DEBUG] Flutter fallback: failed to get trees: no Flutter VM service found
14:09:25.268009 [DEBUG] Flutter fallback: failed to get trees: no Flutter VM service found
14:09:25.349612 [DEBUG] Flutter fallback: failed to get trees: no Flutter VM service found
14:09:25.430552 [DEBUG] Flutter fallback: failed to get trees: no Flutter VM service found
14:09:25.505968 [DEBUG] Flutter fallback: failed to get trees: no Flutter VM service found
14:09:25.589327 [DEBUG] Flutter fallback: failed to get trees: no Flutter VM service found
14:09:25.674053 [DEBUG] Flutter fallback: failed to get trees: no Flutter VM service found
14:09:25.755742 [DEBUG] Flutter fallback: failed to get trees: no Flutter VM service found
14:09:25.837739 [DEBUG] Flutter fallback: failed to get trees: no Flutter VM service found
14:09:25.923076 [DEBUG] Flutter fallback: failed to get trees: no Flutter VM service found
14:09:26.000333 [DEBUG] Flutter fallback: failed to get trees: no Flutter VM service found
14:09:26.081471 [DEBUG] Flutter fallback: failed to get trees: no Flutter VM service found
14:09:26.159438 [DEBUG] Flutter fallback: failed to get trees: no Flutter VM service found
14:09:26.239448 [DEBUG] Flutter fallback: failed to get trees: no Flutter VM service found
14:09:26.317840 [DEBUG] Flutter fallback: failed to get trees: no Flutter VM service found
14:09:26.399703 [DEBUG] Flutter fallback: failed to get trees: no Flutter VM service found
14:09:26.484102 [DEBUG] Flutter fallback: failed to get trees: no Flutter VM service found
14:09:26.572430 [DEBUG] Flutter fallback: failed to get trees: no Flutter VM service found
14:09:26.652694 [DEBUG] Flutter fallback: failed to get trees: no Flutter VM service found
14:09:26.735142 [DEBUG] Flutter fallback: failed to get trees: no Flutter VM service found
14:09:26.814273 [DEBUG] Flutter fallback: failed to get trees: no Flutter VM service found
14:09:26.896786 [DEBUG] Flutter fallback: failed to get trees: no Flutter VM service found
14:09:26.975562 [DEBUG] Flutter fallback: failed to get trees: no Flutter VM service found
14:09:27.059666 [DEBUG] Flutter fallback: failed to get trees: no Flutter VM service found
14:09:27.145782 [DEBUG] Flutter fallback: failed to get trees: no Flutter VM service found
14:09:27.226075 [DEBUG] Flutter fallback: failed to get trees: no Flutter VM service found
14:09:27.881478 [DEBUG] Flutter fallback: failed to get trees: no Flutter VM service found
14:09:27.962832 [DEBUG] Flutter fallback: failed to get trees: no Flutter VM service found
14:09:28.045766 [DEBUG] Flutter fallback: failed to get trees: no Flutter VM service found
14:09:28.136043 [DEBUG] Flutter fallback: failed to get trees: no Flutter VM service found
14:09:28.217192 [DEBUG] Flutter fallback: failed to get trees: no Flutter VM service found
14:09:28.297403 [DEBUG] Flutter fallback: failed to get trees: no Flutter VM service found
14:09:28.379738 [DEBUG] Flutter fallback: failed to get trees: no Flutter VM service found
14:09:28.460627 [DEBUG] Flutter fallback: failed to get trees: no Flutter VM service found
14:09:28.545209 [DEBUG] Flutter fallback: failed to get trees: no Flutter VM service found
14:09:28.623575 [DEBUG] Flutter fallback: failed to get trees: no Flutter VM service found
14:09:28.705257 [DEBUG] Flutter fallback: failed to get trees: no Flutter VM service found
14:09:28.790569 [DEBUG] Flutter fallback: failed to get trees: no Flutter VM service found
14:09:28.871695 [DEBUG] Flutter fallback: failed to get trees: no Flutter VM service found
14:09:28.965297 [DEBUG] Flutter fallback: failed to get trees: no Flutter VM service found
14:09:29.053536 [DEBUG] Flutter fallback: failed to get trees: no Flutter VM service found
14:09:29.145807 [DEBUG] Flutter fallback: failed to get trees: no Flutter VM service found
14:09:29.235699 [DEBUG] Flutter fallback: failed to get trees: no Flutter VM service found
14:09:29.316086 [DEBUG] Flutter fallback: failed to get trees: no Flutter VM service found
14:09:29.395668 [DEBUG] Flutter fallback: failed to get trees: no Flutter VM service found
14:09:29.475257 [DEBUG] Flutter fallback: failed to get trees: no Flutter VM service found
14:09:29.557476 [DEBUG] Flutter fallback: failed to get trees: no Flutter VM service found
14:09:29.638538 [DEBUG] Flutter fallback: failed to get trees: no Flutter VM service found
14:09:29.721145 [DEBUG] Flutter fallback: failed to get trees: no Flutter VM service found
14:09:29.804741 [DEBUG] Flutter fallback: failed to get trees: no Flutter VM service found
14:09:29.881870 [DEBUG] Flutter fallback: failed to get trees: no Flutter VM service found
14:09:29.960619 [DEBUG] Flutter fallback: failed to get trees: no Flutter VM service found
14:09:30.042774 [DEBUG] Flutter fallback: failed to get trees: no Flutter VM service found
14:09:30.124925 [DEBUG] Flutter fallback: failed to get trees: no Flutter VM service found
14:09:30.208660 [DEBUG] Flutter fallback: failed to get trees: no Flutter VM service found
14:09:30.290230 [DEBUG] Flutter fallback: failed to get trees: no Flutter VM service found
14:09:30.376074 [DEBUG] Flutter fallback: failed to get trees: no Flutter VM service found
14:09:30.460371 [DEBUG] Flutter fallback: failed to get trees: no Flutter VM service found
14:09:30.544762 [DEBUG] Flutter fallback: failed to get trees: no Flutter VM service found
14:09:30.630532 [DEBUG] Flutter fallback: failed to get trees: no Flutter VM service found
14:09:30.721470 [DEBUG] Flutter fallback: failed to get trees: no Flutter VM service found
14:09:30.805749 [DEBUG] Flutter fallback: failed to get trees: no Flutter VM service found
14:09:30.892336 [DEBUG] Flutter fallback: failed to get trees: no Flutter VM service found
14:09:30.972479 [DEBUG] Flutter fallback: failed to get trees: no Flutter VM service found
14:09:31.056242 [DEBUG] Flutter fallback: failed to get trees: no Flutter VM service found
14:09:31.134723 [DEBUG] Flutter fallback: failed to get trees: no Flutter VM service found
14:09:31.217483 [DEBUG] Flutter fallback: failed to get trees: no Flutter VM service found
14:09:31.301746 [DEBUG] Flutter fallback: failed to get trees: no Flutter VM service found
14:09:31.383982 [DEBUG] Flutter fallback: failed to get trees: no Flutter VM service found
14:09:31.466873 [DEBUG] Flutter fallback: failed to get trees: no Flutter VM service found
14:09:31.553435 [DEBUG] Flutter fallback: failed to get trees: no Flutter VM service found
14:09:31.638257 [DEBUG] Flutter fallback: failed to get trees: no Flutter VM service found
14:09:31.724938 [DEBUG] Flutter fallback: failed to get trees: no Flutter VM service found
14:09:31.812300 [DEBUG] Flutter fallback: failed to get trees: no Flutter VM service found
14:09:31.902115 [DEBUG] Flutter fallback: failed to get trees: no Flutter VM service found
14:09:31.986864 [DEBUG] Flutter fallback: failed to get trees: no Flutter VM service found
14:09:32.064678 [DEBUG] Flutter fallback: failed to get trees: no Flutter VM service found
14:09:32.148325 [DEBUG] Flutter fallback: failed to get trees: no Flutter VM service found
14:09:32.263353 [DEBUG] Flutter fallback: failed to get trees: no Flutter VM service found
14:09:32.376432 [DEBUG] Flutter fallback: failed to get trees: no Flutter VM service found
14:09:32.460992 [DEBUG] Flutter fallback: failed to get trees: no Flutter VM service found
14:09:32.551357 [DEBUG] Flutter fallback: failed to get trees: no Flutter VM service found
14:09:32.635947 [DEBUG] Flutter fallback: failed to get trees: no Flutter VM service found
14:09:32.717889 [DEBUG] Flutter fallback: failed to get trees: no Flutter VM service found
14:09:32.799100 [DEBUG] Flutter fallback: failed to get trees: no Flutter VM service found
14:09:32.881407 [DEBUG] Flutter fallback: failed to get trees: no Flutter VM service found
14:09:32.963562 [DEBUG] Flutter fallback: failed to get trees: no Flutter VM service found
14:09:33.041043 [DEBUG] Flutter fallback: failed to get trees: no Flutter VM service found
14:09:33.141119 [DEBUG] Flutter fallback: failed to get trees: no Flutter VM service found
14:09:33.227019 [DEBUG] Flutter fallback: failed to get trees: no Flutter VM service found
14:09:33.315449 [DEBUG] Flutter fallback: failed to get trees: no Flutter VM service found
14:09:33.410119 [DEBUG] Flutter fallback: failed to get trees: no Flutter VM service found
14:09:33.498138 [DEBUG] Flutter fallback: failed to get trees: no Flutter VM service found
14:09:33.581081 [DEBUG] Flutter fallback: failed to get trees: no Flutter VM service found
14:09:33.660448 [DEBUG] Flutter fallback: failed to get trees: no Flutter VM service found
14:09:33.745078 [DEBUG] Flutter fallback: failed to get trees: no Flutter VM service found
14:09:33.825958 [DEBUG] Flutter fallback: failed to get trees: no Flutter VM service found
14:09:33.911358 [DEBUG] Flutter fallback: failed to get trees: no Flutter VM service found
14:09:33.996477 [DEBUG] Flutter fallback: failed to get trees: no Flutter VM service found
14:09:34.082756 [DEBUG] Flutter fallback: failed to get trees: no Flutter VM service found
14:09:34.162571 [DEBUG] Flutter fallback: failed to get trees: no Flutter VM service found
14:09:34.267771 [DEBUG] Flutter fallback: failed to get trees: no Flutter VM service found
14:09:34.351649 [DEBUG] Flutter fallback: failed to get trees: no Flutter VM service found
14:09:34.436890 [DEBUG] Flutter fallback: failed to get trees: no Flutter VM service found
14:09:34.519003 [DEBUG] Flutter fallback: failed to get trees: no Flutter VM service found
14:09:34.609227 [DEBUG] Flutter fallback: failed to get trees: no Flutter VM service found
14:09:34.694903 [DEBUG] Flutter fallback: failed to get trees: no Flutter VM service found
14:09:34.779079 [DEBUG] Flutter fallback: failed to get trees: no Flutter VM service found
14:09:35.171960 [ERROR] Step 5 failed (17438ms): assertVisible: text="Landmark 30" - Error: Element not visible: context deadline exceeded: no such element: An element could not be located on the page using the given search parameters (cause: context deadline exceeded: no such element: An element could not be located on the page using the given search parameters)
14:09:35.328055 [INFO] === Flow completed: 10-seed-many (status: failed, duration: 21541ms, passed: 5, failed: 1, skipped: 1) ===
14:09:35.723501 [WARN] failed to remove default socket forward for /tmp/uia2-emulator-5554.sock: adb forward --remove localfilesystem:/tmp/uia2-emulator-5554.sock: exit status 1: adb: error: listener 'localfilesystem:/tmp/uia2-emulator-5554.sock' not found
14:09:35.737540 [WARN] failed to remove adb forward for tcp:6790: adb forward --remove tcp:6790: exit status 1: adb: error: listener 'tcp:6790' not found
14:09:35.737565 [INFO] Flow execution completed: 0 passed, 1 failed, 0 skipped
14:09:35.737916 [INFO] Generating reports...
14:09:35.739014 [INFO] Shutting down devices started by maestro-runner...
14:09:35.739036 [INFO] Shutting down all tracked emulators
14:09:35.739045 [INFO] Shutting down all tracked simulators
