14:24:38.097512 POST /session [9.095541ms] OK body={"capabilities":{"platformName":"Android","deviceName":"sdk_gphone64_arm64"}}
14:24:38.102166 POST /session/f895ee8d-32ab-4c8c-9828-e64f9843c6ed/appium/settings [4.502125ms] OK body={"settings":{"enableMultiWindows":true,"waitForIdleTimeout":200}}
14:24:38.104769 POST /session/f895ee8d-32ab-4c8c-9828-e64f9843c6ed/appium/settings [2.54075ms] OK body={"settings":{"implicitWait":100}}
14:24:38.183956 GET /session/f895ee8d-32ab-4c8c-9828-e64f9843c6ed/appium/device/info [20.895ms] OK body=
14:24:38.191453 POST /session/f895ee8d-32ab-4c8c-9828-e64f9843c6ed/appium/settings [5.125042ms] OK body={"settings":{"waitForIdleTimeout":200}}
14:24:38.909883 POST /session/f895ee8d-32ab-4c8c-9828-e64f9843c6ed/appium/device/launch_app [9.055625ms] OK body={"appId":"com.kylebrowning.landmarks"}
14:24:40.212182 POST /session/f895ee8d-32ab-4c8c-9828-e64f9843c6ed/element [300.495083ms] ERR:404 body={"strategy":"-android uiautomator","selector":"new UiSelector().textContains(\"Deep Links\").clickab...
14:24:40.781103 POST /session/f895ee8d-32ab-4c8c-9828-e64f9843c6ed/element [568.791458ms] ERR:404 body={"strategy":"-android uiautomator","selector":"new UiSelector().descriptionContains(\"Deep Links\")....
14:24:40.809114 POST /session/f895ee8d-32ab-4c8c-9828-e64f9843c6ed/element [27.896959ms] OK body={"strategy":"-android uiautomator","selector":"new UiSelector().textContains(\"Deep Links\")"}
14:24:40.866340 GET /session/f895ee8d-32ab-4c8c-9828-e64f9843c6ed/source [56.947125ms] OK body=
14:24:40.912304 POST /session/f895ee8d-32ab-4c8c-9828-e64f9843c6ed/appium/gestures/click [44.739083ms] OK body={"offset":{"x":907,"y":2232}}
14:24:41.542821 POST /session/f895ee8d-32ab-4c8c-9828-e64f9843c6ed/element [609.493375ms] ERR:404 body={"strategy":"-android uiautomator","selector":"new UiSelector().textContains(\"Edit Landmark\").clic...
14:24:41.563337 POST /session/f895ee8d-32ab-4c8c-9828-e64f9843c6ed/element [20.397083ms] ERR:404 body={"strategy":"-android uiautomator","selector":"new UiSelector().descriptionContains(\"Edit Landmark\...
14:24:41.570466 POST /session/f895ee8d-32ab-4c8c-9828-e64f9843c6ed/element [7.043875ms] OK body={"strategy":"-android uiautomator","selector":"new UiSelector().textContains(\"Edit Landmark\")"}
14:24:41.608317 GET /session/f895ee8d-32ab-4c8c-9828-e64f9843c6ed/source [37.656791ms] OK body=
14:24:41.646667 POST /session/f895ee8d-32ab-4c8c-9828-e64f9843c6ed/appium/gestures/click [37.596333ms] OK body={"offset":{"x":540,"y":569}}
14:24:42.270706 POST /session/f895ee8d-32ab-4c8c-9828-e64f9843c6ed/element [623.19ms] OK body={"strategy":"-android uiautomator","selector":"new UiSelector().textContains(\"Edit Landmark\")"}
14:24:42.304894 POST /session/f895ee8d-32ab-4c8c-9828-e64f9843c6ed/element [32.695959ms] ERR:404 body={"strategy":"-android uiautomator","selector":"new UiSelector().textContains(\"Name\").clickable(tru...
14:24:42.321704 POST /session/f895ee8d-32ab-4c8c-9828-e64f9843c6ed/element [16.727291ms] ERR:404 body={"strategy":"-android uiautomator","selector":"new UiSelector().descriptionContains(\"Name\").clicka...
14:24:42.327235 POST /session/f895ee8d-32ab-4c8c-9828-e64f9843c6ed/element [5.452541ms] OK body={"strategy":"-android uiautomator","selector":"new UiSelector().textContains(\"Name\")"}
14:24:42.356105 GET /session/f895ee8d-32ab-4c8c-9828-e64f9843c6ed/source [28.7405ms] OK body=
14:24:42.400220 POST /session/f895ee8d-32ab-4c8c-9828-e64f9843c6ed/appium/gestures/click [42.95875ms] OK body={"offset":{"x":540,"y":442}}
14:24:43.447039 POST /session/f895ee8d-32ab-4c8c-9828-e64f9843c6ed/actions [1.046181875s] OK body={"actions":[{"actions":[{"type":"keyDown","value":" "},{"type":"keyUp","value":" "},{"type":"keyDown...
14:24:44.252032 POST /session/f895ee8d-32ab-4c8c-9828-e64f9843c6ed/element [804.345541ms] OK body={"strategy":"-android uiautomator","selector":"new UiSelector().textContains(\"Done\")"}
14:24:44.261043 GET /session/f895ee8d-32ab-4c8c-9828-e64f9843c6ed/element/00000000-0000-002e-0000-00ce00000004/text [8.968333ms] OK body=
14:24:44.266818 GET /session/f895ee8d-32ab-4c8c-9828-e64f9843c6ed/element/00000000-0000-002e-0000-00ce00000004/rect [5.736375ms] OK body=
14:24:44.310625 POST /session/f895ee8d-32ab-4c8c-9828-e64f9843c6ed/element [18.142416ms] ERR:404 body={"strategy":"-android uiautomator","selector":"new UiSelector().textContains(\"Done\").clickable(tru...
14:24:44.327866 POST /session/f895ee8d-32ab-4c8c-9828-e64f9843c6ed/element [17.123833ms] ERR:404 body={"strategy":"-android uiautomator","selector":"new UiSelector().descriptionContains(\"Done\").clicka...
14:24:44.339829 POST /session/f895ee8d-32ab-4c8c-9828-e64f9843c6ed/element [11.904791ms] OK body={"strategy":"-android uiautomator","selector":"new UiSelector().textContains(\"Done\")"}
14:24:44.442564 GET /session/f895ee8d-32ab-4c8c-9828-e64f9843c6ed/source [102.224958ms] OK body=
14:24:44.491685 POST /session/f895ee8d-32ab-4c8c-9828-e64f9843c6ed/appium/gestures/click [46.875834ms] OK body={"offset":{"x":994,"y":2196}}
14:24:45.064684 POST /session/f895ee8d-32ab-4c8c-9828-e64f9843c6ed/element [572.179958ms] OK body={"strategy":"-android uiautomator","selector":"new UiSelector().textContains(\"Golden Gate Bridge Re...
14:24:45.201103 GET /session/f895ee8d-32ab-4c8c-9828-e64f9843c6ed/screenshot [135.666ms] OK body=
14:24:45.205359 DELETE /session/f895ee8d-32ab-4c8c-9828-e64f9843c6ed [2.040459ms] OK body=
