14:24:36.476501 [INFO] === Test execution started ===
14:24:36.476566 [INFO] Output directory: /Users/kyle/Developer/grantiva-cli/.worktrees/qa-android/findings/evidence/AND-gboard/report
14:24:36.476571 [INFO] Platform: android
14:24:36.476576 [INFO] Driver: uiautomator2
14:24:36.476824 [INFO] Validated 1 flow(s)
14:24:36.476838 [INFO] Single device execution mode
14:24:36.476844 [INFO] Starting flow execution (parallel: false, devices: [])
14:24:36.476848 [INFO] Creating driver for single device execution
14:24:36.476853 [INFO] Connecting to Android device: emulator-5556
14:24:36.559371 [INFO] Device info: google sdk_gphone64_arm64, SDK 35, Serial emulator-5556, Emulator: true
14:24:36.581556 [INFO] Starting UIAutomator2 server on device emulator-5556
14:24:37.001188 [WARN] failed to remove adb forward for tcp:6790: adb forward --remove tcp:6790: exit status 1: adb: error: listener 'tcp:6790' not found
14:24:38.088356 [INFO] Creating UIAutomator2 session with capabilities: Platform=Android, Device=sdk_gphone64_arm64
14:24:38.097626 [INFO] Session created successfully: f895ee8d-32ab-4c8c-9828-e64f9843c6ed
14:24:38.184048 [INFO] Driver created: android on google sdk_gphone64_arm64
14:24:38.186198 [INFO] === Starting flow: 03-edit ===
14:24:38.186205 [INFO] Flow file: /var/folders/jv/76l6crmx6nl3hf150gzry_ym0000gn/T/grantiva-E4E114D2-617B-4041-B061-23E75F798451/0/03-edit.yaml
14:24:38.186209 [INFO] Total steps: 9
14:24:38.191816 [DEBUG] Executing step 0: launchApp
14:24:39.910977 [DEBUG] Step 0 completed successfully (1719ms): launchApp
14:24:39.911368 [DEBUG] Executing step 1: tapOn: text="Deep Links"
14:24:39.911605 [DEBUG] Flutter: parallel search (text="Deep Links", id="")
14:24:39.956331 [DEBUG] Flutter fallback: failed to get trees: no Flutter VM service found
14:24:40.000234 [DEBUG] Flutter fallback: failed to get trees: no Flutter VM service found
14:24:40.054000 [DEBUG] Flutter fallback: failed to get trees: no Flutter VM service found
14:24:40.102049 [DEBUG] Flutter fallback: failed to get trees: no Flutter VM service found
14:24:40.142588 [DEBUG] Flutter fallback: failed to get trees: no Flutter VM service found
14:24:40.201925 [DEBUG] Flutter fallback: failed to get trees: no Flutter VM service found
14:24:40.249348 [DEBUG] Flutter fallback: failed to get trees: no Flutter VM service found
14:24:40.296722 [DEBUG] Flutter fallback: failed to get trees: no Flutter VM service found
14:24:40.337829 [DEBUG] Flutter fallback: failed to get trees: no Flutter VM service found
14:24:40.380798 [DEBUG] Flutter fallback: failed to get trees: no Flutter VM service found
14:24:40.425542 [DEBUG] Flutter fallback: failed to get trees: no Flutter VM service found
14:24:40.469779 [DEBUG] Flutter fallback: failed to get trees: no Flutter VM service found
14:24:40.511269 [DEBUG] Flutter fallback: failed to get trees: no Flutter VM service found
14:24:40.552253 [DEBUG] Flutter fallback: failed to get trees: no Flutter VM service found
14:24:40.598996 [DEBUG] Flutter fallback: failed to get trees: no Flutter VM service found
14:24:40.648470 [DEBUG] Flutter fallback: failed to get trees: no Flutter VM service found
14:24:40.692682 [DEBUG] Flutter fallback: failed to get trees: no Flutter VM service found
14:24:40.737629 [DEBUG] Flutter fallback: failed to get trees: no Flutter VM service found
14:24:40.784267 [DEBUG] Flutter fallback: failed to get trees: no Flutter VM service found
14:24:40.831833 [DEBUG] Flutter fallback: failed to get trees: no Flutter VM service found
14:24:40.875829 [DEBUG] Flutter fallback: failed to get trees: no Flutter VM service found
14:24:40.932626 [DEBUG] Flutter fallback: failed to get trees: no Flutter VM service found
14:24:40.932675 [DEBUG] Step 1 completed successfully (1021ms): tapOn: text="Deep Links"
14:24:40.933095 [DEBUG] Executing step 2: tapOn: text="Edit Landmark"
14:24:41.646717 [DEBUG] Step 2 completed successfully (713ms): tapOn: text="Edit Landmark"
14:24:41.647159 [DEBUG] Executing step 3: assertVisible: text="Edit Landmark"
14:24:42.270791 [DEBUG] Step 3 completed successfully (623ms): assertVisible: text="Edit Landmark"
14:24:42.271633 [DEBUG] Executing step 4: tapOn: text="Name"
14:24:42.400268 [DEBUG] Step 4 completed successfully (128ms): tapOn: text="Name"
14:24:42.400629 [DEBUG] Executing step 5: inputText: " Renamed"
14:24:43.447079 [DEBUG] Step 5 completed successfully (1046ms): inputText: " Renamed"
14:24:43.447442 [DEBUG] Executing step 6: tapOn: text="Done"
14:24:44.491906 [DEBUG] Step 6 completed successfully (1044ms): tapOn: text="Done"
14:24:44.492295 [DEBUG] Executing step 7: assertVisible: text="Golden Gate Bridge Renamed"
14:24:45.064723 [DEBUG] Step 7 completed successfully (572ms): assertVisible: text="Golden Gate Bridge Renamed"
14:24:45.065091 [DEBUG] Executing step 8: takeScreenshot
14:24:45.201401 [DEBUG] Step 8 completed successfully (136ms): takeScreenshot
14:24:45.202385 [INFO] === Flow completed: 03-edit (status: passed, duration: 7016ms, passed: 9, failed: 0, skipped: 0) ===
14:24:45.595401 [WARN] failed to remove default socket forward for /tmp/uia2-emulator-5556.sock: adb forward --remove localfilesystem:/tmp/uia2-emulator-5556.sock: exit status 1: adb: error: listener 'localfilesystem:/tmp/uia2-emulator-5556.sock' not found
14:24:45.607621 [WARN] failed to remove adb forward for tcp:6790: adb forward --remove tcp:6790: exit status 1: adb: error: listener 'tcp:6790' not found
14:24:45.607662 [INFO] Flow execution completed: 1 passed, 0 failed, 0 skipped
14:24:45.607858 [INFO] Generating reports...
14:24:45.608443 [INFO] Shutting down devices started by maestro-runner...
14:24:45.608453 [INFO] Shutting down all tracked emulators
14:24:45.608458 [INFO] Shutting down all tracked simulators
