14:07:44.843669 POST /session [7.035292ms] OK body={"capabilities":{"platformName":"Android","deviceName":"sdk_gphone64_arm64"}}
14:07:44.846782 POST /session/9528216c-2dc6-4adf-8fe6-a343774b1d62/appium/settings [3.02975ms] OK body={"settings":{"enableMultiWindows":true,"waitForIdleTimeout":200}}
14:07:44.848702 POST /session/9528216c-2dc6-4adf-8fe6-a343774b1d62/appium/settings [1.901125ms] OK body={"settings":{"implicitWait":100}}
14:07:44.889534 GET /session/9528216c-2dc6-4adf-8fe6-a343774b1d62/appium/device/info [18.274917ms] OK body=
14:07:44.894971 POST /session/9528216c-2dc6-4adf-8fe6-a343774b1d62/appium/settings [3.62625ms] OK body={"settings":{"waitForIdleTimeout":200}}
14:07:45.566835 POST /session/9528216c-2dc6-4adf-8fe6-a343774b1d62/appium/device/launch_app [7.6405ms] OK body={"appId":"com.kylebrowning.landmarks"}
14:07:47.062165 POST /session/9528216c-2dc6-4adf-8fe6-a343774b1d62/element [492.452792ms] ERR:404 body={"strategy":"-android uiautomator","selector":"new UiSelector().textContains(\"Lake Tahoe\").clickab...
14:07:47.577899 POST /session/9528216c-2dc6-4adf-8fe6-a343774b1d62/element [515.566959ms] ERR:404 body={"strategy":"-android uiautomator","selector":"new UiSelector().descriptionContains(\"Lake Tahoe\")....
14:07:47.596398 POST /session/9528216c-2dc6-4adf-8fe6-a343774b1d62/element [18.427042ms] OK body={"strategy":"-android uiautomator","selector":"new UiSelector().textContains(\"Lake Tahoe\")"}
14:07:47.664266 GET /session/9528216c-2dc6-4adf-8fe6-a343774b1d62/source [67.361667ms] OK body=
14:07:47.741298 POST /session/9528216c-2dc6-4adf-8fe6-a343774b1d62/appium/gestures/click [76.004583ms] OK body={"offset":{"x":540,"y":1745}}
14:07:48.346410 POST /session/9528216c-2dc6-4adf-8fe6-a343774b1d62/element [532.070583ms] ERR:404 body={"strategy":"-android uiautomator","selector":"new UiSelector().textContains(\"Favorite\").clickable...
14:07:48.356574 POST /session/9528216c-2dc6-4adf-8fe6-a343774b1d62/element [10.089458ms] OK body={"strategy":"-android uiautomator","selector":"new UiSelector().descriptionContains(\"Favorite\").cl...
14:07:48.360813 GET /session/9528216c-2dc6-4adf-8fe6-a343774b1d62/element/00000000-0000-0528-0000-00a700000004/text [4.176084ms] OK body=
14:07:48.364738 GET /session/9528216c-2dc6-4adf-8fe6-a343774b1d62/element/00000000-0000-0528-0000-00a700000004/rect [3.884458ms] OK body=
14:07:48.913206 POST /session/9528216c-2dc6-4adf-8fe6-a343774b1d62/element/00000000-0000-0528-0000-00a700000004/click [548.41225ms] OK body=
14:07:48.935221 POST /session/9528216c-2dc6-4adf-8fe6-a343774b1d62/element [21.425708ms] ERR:404 body={"strategy":"-android uiautomator","selector":"new UiSelector().textContains(\"Unfavorite\")"}
14:07:48.946541 POST /session/9528216c-2dc6-4adf-8fe6-a343774b1d62/element [11.258666ms] OK body={"strategy":"-android uiautomator","selector":"new UiSelector().descriptionContains(\"Unfavorite\")"...
14:07:48.963911 POST /session/9528216c-2dc6-4adf-8fe6-a343774b1d62/element [16.676958ms] ERR:404 body={"strategy":"-android uiautomator","selector":"new UiSelector().textContains(\"Landmarks\").clickabl...
14:07:48.980274 POST /session/9528216c-2dc6-4adf-8fe6-a343774b1d62/element [16.297375ms] ERR:404 body={"strategy":"-android uiautomator","selector":"new UiSelector().descriptionContains(\"Landmarks\").c...
14:07:48.991116 POST /session/9528216c-2dc6-4adf-8fe6-a343774b1d62/element [10.727209ms] OK body={"strategy":"-android uiautomator","selector":"new UiSelector().textContains(\"Landmarks\")"}
14:07:49.024748 GET /session/9528216c-2dc6-4adf-8fe6-a343774b1d62/source [33.519709ms] OK body=
14:07:49.092426 POST /session/9528216c-2dc6-4adf-8fe6-a343774b1d62/appium/gestures/click [67.022833ms] OK body={"offset":{"x":172,"y":2274}}
14:07:49.696115 POST /session/9528216c-2dc6-4adf-8fe6-a343774b1d62/element [602.934041ms] ERR:404 body={"strategy":"-android uiautomator","selector":"new UiSelector().textContains(\"Favorites\").clickabl...
14:07:49.716520 POST /session/9528216c-2dc6-4adf-8fe6-a343774b1d62/element [20.341208ms] ERR:404 body={"strategy":"-android uiautomator","selector":"new UiSelector().descriptionContains(\"Favorites\").c...
14:07:49.734676 POST /session/9528216c-2dc6-4adf-8fe6-a343774b1d62/element [18.067791ms] OK body={"strategy":"-android uiautomator","selector":"new UiSelector().textContains(\"Favorites\")"}
14:07:49.773538 GET /session/9528216c-2dc6-4adf-8fe6-a343774b1d62/source [38.42025ms] OK body=
14:07:49.840523 POST /session/9528216c-2dc6-4adf-8fe6-a343774b1d62/appium/gestures/click [66.107833ms] OK body={"offset":{"x":540,"y":2232}}
14:07:50.309704 POST /session/9528216c-2dc6-4adf-8fe6-a343774b1d62/element [468.58625ms] OK body={"strategy":"-android uiautomator","selector":"new UiSelector().textContains(\"Lake Tahoe\")"}
14:07:50.447956 GET /session/9528216c-2dc6-4adf-8fe6-a343774b1d62/screenshot [137.514542ms] OK body=
14:07:50.794305 POST /session/9528216c-2dc6-4adf-8fe6-a343774b1d62/element [19.178542ms] ERR:404 body={"strategy":"-android uiautomator","selector":"new UiSelector().textContains(\"Remove\").clickable(t...
14:07:50.807527 POST /session/9528216c-2dc6-4adf-8fe6-a343774b1d62/element [12.958292ms] ERR:404 body={"strategy":"-android uiautomator","selector":"new UiSelector().descriptionContains(\"Remove\").clic...
14:07:50.812898 POST /session/9528216c-2dc6-4adf-8fe6-a343774b1d62/element [5.304375ms] OK body={"strategy":"-android uiautomator","selector":"new UiSelector().textContains(\"Remove\")"}
14:07:50.835151 GET /session/9528216c-2dc6-4adf-8fe6-a343774b1d62/source [22.155208ms] OK body=
14:07:50.905889 POST /session/9528216c-2dc6-4adf-8fe6-a343774b1d62/appium/gestures/click [70.166292ms] OK body={"offset":{"x":940,"y":412}}
14:07:51.481562 POST /session/9528216c-2dc6-4adf-8fe6-a343774b1d62/element [575.004042ms] ERR:404 body={"strategy":"-android uiautomator","selector":"new UiSelector().textContains(\"Lake Tahoe\")"}
14:07:51.490123 POST /session/9528216c-2dc6-4adf-8fe6-a343774b1d62/element [8.493708ms] ERR:404 body={"strategy":"-android uiautomator","selector":"new UiSelector().descriptionContains(\"Lake Tahoe\")"...
14:07:51.499452 POST /session/9528216c-2dc6-4adf-8fe6-a343774b1d62/element [9.266125ms] ERR:404 body={"strategy":"-android uiautomator","selector":"new UiSelector().textMatches(\"(?is).*\\QLake Tahoe\\...
14:07:51.506453 POST /session/9528216c-2dc6-4adf-8fe6-a343774b1d62/element [6.943791ms] ERR:404 body={"strategy":"-android uiautomator","selector":"new UiSelector().descriptionMatches(\"(?is).*\\QLake ...
14:07:51.527622 GET /session/9528216c-2dc6-4adf-8fe6-a343774b1d62/source [21.036292ms] OK body=
14:07:51.533204 POST /session/9528216c-2dc6-4adf-8fe6-a343774b1d62/element [4.419917ms] OK body={"strategy":"-android uiautomator","selector":"new UiSelector().textContains(\"Landmarks you favorit...
14:07:51.648395 GET /session/9528216c-2dc6-4adf-8fe6-a343774b1d62/screenshot [114.297709ms] OK body=
14:07:51.652914 DELETE /session/9528216c-2dc6-4adf-8fe6-a343774b1d62 [1.901833ms] OK body=
