14:08:02.807859 POST /session [6.733292ms] OK body={"capabilities":{"platformName":"Android","deviceName":"sdk_gphone64_arm64"}}
14:08:02.811722 POST /session/8a57500b-55d3-4680-95a0-2066fb1f8e00/appium/settings [3.79675ms] OK body={"settings":{"enableMultiWindows":true,"waitForIdleTimeout":200}}
14:08:02.813914 POST /session/8a57500b-55d3-4680-95a0-2066fb1f8e00/appium/settings [2.167334ms] OK body={"settings":{"implicitWait":100}}
14:08:02.851592 GET /session/8a57500b-55d3-4680-95a0-2066fb1f8e00/appium/device/info [16.543584ms] OK body=
14:08:02.857885 POST /session/8a57500b-55d3-4680-95a0-2066fb1f8e00/appium/settings [4.146875ms] OK body={"settings":{"waitForIdleTimeout":200}}
14:08:03.509652 POST /session/8a57500b-55d3-4680-95a0-2066fb1f8e00/appium/device/launch_app [17.760958ms] OK body={"appId":"com.kylebrowning.landmarks"}
14:08:04.840141 POST /session/8a57500b-55d3-4680-95a0-2066fb1f8e00/element [327.31575ms] ERR:404 body={"strategy":"-android uiautomator","selector":"new UiSelector().textContains(\"Deep Links\").clickab...
14:08:05.410846 POST /session/8a57500b-55d3-4680-95a0-2066fb1f8e00/element [570.522625ms] ERR:404 body={"strategy":"-android uiautomator","selector":"new UiSelector().descriptionContains(\"Deep Links\")....
14:08:05.428549 POST /session/8a57500b-55d3-4680-95a0-2066fb1f8e00/element [17.610083ms] OK body={"strategy":"-android uiautomator","selector":"new UiSelector().textContains(\"Deep Links\")"}
14:08:05.482953 GET /session/8a57500b-55d3-4680-95a0-2066fb1f8e00/source [53.998167ms] OK body=
14:08:05.552482 POST /session/8a57500b-55d3-4680-95a0-2066fb1f8e00/appium/gestures/click [68.550042ms] OK body={"offset":{"x":907,"y":2232}}
14:08:05.687526 POST /session/8a57500b-55d3-4680-95a0-2066fb1f8e00/element [119.442959ms] ERR:404 body={"strategy":"-android uiautomator","selector":"new UiSelector().textContains(\"Edit Landmark\").clic...
14:08:06.151920 POST /session/8a57500b-55d3-4680-95a0-2066fb1f8e00/element [464.287166ms] ERR:404 body={"strategy":"-android uiautomator","selector":"new UiSelector().descriptionContains(\"Edit Landmark\...
14:08:06.158812 POST /session/8a57500b-55d3-4680-95a0-2066fb1f8e00/element [6.808083ms] OK body={"strategy":"-android uiautomator","selector":"new UiSelector().textContains(\"Edit Landmark\")"}
14:08:06.190557 GET /session/8a57500b-55d3-4680-95a0-2066fb1f8e00/source [31.57775ms] OK body=
14:08:06.255868 POST /session/8a57500b-55d3-4680-95a0-2066fb1f8e00/appium/gestures/click [64.555833ms] OK body={"offset":{"x":540,"y":569}}
14:08:06.870647 POST /session/8a57500b-55d3-4680-95a0-2066fb1f8e00/element [614.093667ms] ERR:404 body={"strategy":"-android uiautomator","selector":"new UiSelector().textContains(\"Location\").clickable...
14:08:06.885291 POST /session/8a57500b-55d3-4680-95a0-2066fb1f8e00/element [14.553334ms] ERR:404 body={"strategy":"-android uiautomator","selector":"new UiSelector().descriptionContains(\"Location\").cl...
14:08:06.891690 POST /session/8a57500b-55d3-4680-95a0-2066fb1f8e00/element [6.329417ms] OK body={"strategy":"-android uiautomator","selector":"new UiSelector().textContains(\"Location\")"}
14:08:06.919018 GET /session/8a57500b-55d3-4680-95a0-2066fb1f8e00/source [27.151125ms] OK body=
14:08:06.987647 POST /session/8a57500b-55d3-4680-95a0-2066fb1f8e00/appium/gestures/click [67.606459ms] OK body={"offset":{"x":540,"y":642}}
14:08:07.232777 POST /session/8a57500b-55d3-4680-95a0-2066fb1f8e00/actions [244.389792ms] OK body={"actions":[{"actions":[{"type":"keyDown","value":"X"},{"type":"keyUp","value":"X"}],"id":"keyboard"...
14:08:07.748598 POST /session/8a57500b-55d3-4680-95a0-2066fb1f8e00/element [515.049208ms] OK body={"strategy":"-android uiautomator","selector":"new UiSelector().textContains(\"Cancel\")"}
14:08:07.753968 GET /session/8a57500b-55d3-4680-95a0-2066fb1f8e00/element/00000000-0000-0543-0000-00c700000004/text [5.298083ms] OK body=
14:08:07.758558 GET /session/8a57500b-55d3-4680-95a0-2066fb1f8e00/element/00000000-0000-0543-0000-00c700000004/rect [4.532625ms] OK body=
14:08:07.794227 POST /session/8a57500b-55d3-4680-95a0-2066fb1f8e00/element [14.448458ms] ERR:404 body={"strategy":"-android uiautomator","selector":"new UiSelector().textContains(\"Cancel\").clickable(t...
14:08:07.806825 POST /session/8a57500b-55d3-4680-95a0-2066fb1f8e00/element [12.488167ms] ERR:404 body={"strategy":"-android uiautomator","selector":"new UiSelector().descriptionContains(\"Cancel\").clic...
14:08:07.812914 POST /session/8a57500b-55d3-4680-95a0-2066fb1f8e00/element [6.035042ms] OK body={"strategy":"-android uiautomator","selector":"new UiSelector().textContains(\"Cancel\")"}
14:08:07.845892 GET /session/8a57500b-55d3-4680-95a0-2066fb1f8e00/source [32.827792ms] OK body=
14:08:07.906430 POST /session/8a57500b-55d3-4680-95a0-2066fb1f8e00/appium/gestures/click [59.668209ms] OK body={"offset":{"x":99,"y":233}}
14:08:08.575119 POST /session/8a57500b-55d3-4680-95a0-2066fb1f8e00/element [667.936333ms] OK body={"strategy":"-android uiautomator","selector":"new UiSelector().textContains(\"You have unsaved chan...
14:08:08.724787 GET /session/8a57500b-55d3-4680-95a0-2066fb1f8e00/screenshot [147.631417ms] OK body=
14:08:09.183282 POST /session/8a57500b-55d3-4680-95a0-2066fb1f8e00/element [457.523791ms] ERR:404 body={"strategy":"-android uiautomator","selector":"new UiSelector().textContains(\"Keep Editing\").click...
14:08:09.194526 POST /session/8a57500b-55d3-4680-95a0-2066fb1f8e00/element [11.132458ms] ERR:404 body={"strategy":"-android uiautomator","selector":"new UiSelector().descriptionContains(\"Keep Editing\"...
14:08:09.200577 POST /session/8a57500b-55d3-4680-95a0-2066fb1f8e00/element [5.998416ms] OK body={"strategy":"-android uiautomator","selector":"new UiSelector().textContains(\"Keep Editing\")"}
14:08:09.220389 GET /session/8a57500b-55d3-4680-95a0-2066fb1f8e00/source [19.69525ms] OK body=
14:08:09.290862 POST /session/8a57500b-55d3-4680-95a0-2066fb1f8e00/appium/gestures/click [69.973292ms] OK body={"offset":{"x":552,"y":1320}}
14:08:09.957514 POST /session/8a57500b-55d3-4680-95a0-2066fb1f8e00/element [665.940833ms] OK body={"strategy":"-android uiautomator","selector":"new UiSelector().textContains(\"Edit Landmark\")"}
14:08:09.975183 POST /session/8a57500b-55d3-4680-95a0-2066fb1f8e00/element [15.91925ms] ERR:404 body={"strategy":"-android uiautomator","selector":"new UiSelector().textContains(\"Cancel\").clickable(t...
14:08:09.989496 POST /session/8a57500b-55d3-4680-95a0-2066fb1f8e00/element [14.242875ms] ERR:404 body={"strategy":"-android uiautomator","selector":"new UiSelector().descriptionContains(\"Cancel\").clic...
14:08:09.997976 POST /session/8a57500b-55d3-4680-95a0-2066fb1f8e00/element [8.42ms] OK body={"strategy":"-android uiautomator","selector":"new UiSelector().textContains(\"Cancel\")"}
14:08:10.027970 GET /session/8a57500b-55d3-4680-95a0-2066fb1f8e00/source [29.729084ms] OK body=
14:08:10.093691 POST /session/8a57500b-55d3-4680-95a0-2066fb1f8e00/appium/gestures/click [64.901291ms] OK body={"offset":{"x":99,"y":233}}
14:08:10.754702 POST /session/8a57500b-55d3-4680-95a0-2066fb1f8e00/element [660.244333ms] ERR:404 body={"strategy":"-android uiautomator","selector":"new UiSelector().textContains(\"Discard\").clickable(...
14:08:11.356660 POST /session/8a57500b-55d3-4680-95a0-2066fb1f8e00/element [601.862083ms] ERR:404 body={"strategy":"-android uiautomator","selector":"new UiSelector().descriptionContains(\"Discard\").cli...
14:08:11.366280 POST /session/8a57500b-55d3-4680-95a0-2066fb1f8e00/element [9.481209ms] OK body={"strategy":"-android uiautomator","selector":"new UiSelector().textContains(\"Discard\")"}
14:08:11.386192 GET /session/8a57500b-55d3-4680-95a0-2066fb1f8e00/source [19.809667ms] OK body=
14:08:11.459253 POST /session/8a57500b-55d3-4680-95a0-2066fb1f8e00/appium/gestures/click [72.478625ms] OK body={"offset":{"x":802,"y":1320}}
14:08:12.064256 POST /session/8a57500b-55d3-4680-95a0-2066fb1f8e00/element [604.123584ms] OK body={"strategy":"-android uiautomator","selector":"new UiSelector().textContains(\"Deep Links\")"}
14:08:12.070785 DELETE /session/8a57500b-55d3-4680-95a0-2066fb1f8e00 [2.297625ms] OK body=
