14:08:01.729473 [INFO] === Test execution started ===
14:08:01.729541 [INFO] Output directory: /Users/kyle/Developer/grantiva-cli/.worktrees/qa-android/findings/evidence/AND-043/04-discard
14:08:01.729546 [INFO] Platform: android
14:08:01.729550 [INFO] Driver: uiautomator2
14:08:01.729809 [INFO] Validated 1 flow(s)
14:08:01.729823 [INFO] Single device execution mode
14:08:01.729828 [INFO] Starting flow execution (parallel: false, devices: [])
14:08:01.729832 [INFO] Creating driver for single device execution
14:08:01.729836 [INFO] Connecting to Android device: emulator-5554
14:08:01.805727 [INFO] Device info: google sdk_gphone64_arm64, SDK 35, Serial emulator-5554, Emulator: true
14:08:01.826007 [INFO] Starting UIAutomator2 server on device emulator-5554
14:08:02.233926 [WARN] failed to remove default socket forward for /tmp/uia2-emulator-5554.sock: adb forward --remove localfilesystem:/tmp/uia2-emulator-5554.sock: exit status 1: adb: error: listener 'localfilesystem:/tmp/uia2-emulator-5554.sock' not found
14:08:02.245218 [WARN] failed to remove adb forward for tcp:6790: adb forward --remove tcp:6790: exit status 1: adb: error: listener 'tcp:6790' not found
14:08:02.801096 [INFO] Creating UIAutomator2 session with capabilities: Platform=Android, Device=sdk_gphone64_arm64
14:08:02.807909 [INFO] Session created successfully: 8a57500b-55d3-4680-95a0-2066fb1f8e00
14:08:02.851908 [INFO] Driver created: android on google sdk_gphone64_arm64
14:08:02.853629 [INFO] === Starting flow: 04-discard ===
14:08:02.853636 [INFO] Flow file: /var/folders/jv/76l6crmx6nl3hf150gzry_ym0000gn/T/grantiva-F25D752F-2C12-4673-82E1-FF7982DAEC4B/0/04-discard.yaml
14:08:02.853640 [INFO] Total steps: 13
14:08:02.858147 [DEBUG] Executing step 0: launchApp
14:08:04.511792 [DEBUG] Step 0 completed successfully (1653ms): launchApp
14:08:04.512374 [DEBUG] Executing step 1: tapOn: text="Deep Links"
14:08:04.512742 [DEBUG] Flutter: parallel search (text="Deep Links", id="")
14:08:04.576512 [DEBUG] Flutter fallback: failed to get trees: no Flutter VM service found
14:08:04.636505 [DEBUG] Flutter fallback: failed to get trees: no Flutter VM service found
14:08:04.695474 [DEBUG] Flutter fallback: failed to get trees: no Flutter VM service found
14:08:04.754370 [DEBUG] Flutter fallback: failed to get trees: no Flutter VM service found
14:08:04.828802 [DEBUG] Flutter fallback: failed to get trees: no Flutter VM service found
14:08:04.889434 [DEBUG] Flutter fallback: failed to get trees: no Flutter VM service found
14:08:04.947981 [DEBUG] Flutter fallback: failed to get trees: no Flutter VM service found
14:08:05.006020 [DEBUG] Flutter fallback: failed to get trees: no Flutter VM service found
14:08:05.064639 [DEBUG] Flutter fallback: failed to get trees: no Flutter VM service found
14:08:05.122121 [DEBUG] Flutter fallback: failed to get trees: no Flutter VM service found
14:08:05.180507 [DEBUG] Flutter fallback: failed to get trees: no Flutter VM service found
14:08:05.238508 [DEBUG] Flutter fallback: failed to get trees: no Flutter VM service found
14:08:05.299406 [DEBUG] Flutter fallback: failed to get trees: no Flutter VM service found
14:08:05.358921 [DEBUG] Flutter fallback: failed to get trees: no Flutter VM service found
14:08:05.421589 [DEBUG] Flutter fallback: failed to get trees: no Flutter VM service found
14:08:05.484335 [DEBUG] Flutter fallback: failed to get trees: no Flutter VM service found
14:08:05.567298 [DEBUG] Flutter fallback: failed to get trees: no Flutter VM service found
14:08:05.567343 [DEBUG] Step 1 completed successfully (1054ms): tapOn: text="Deep Links"
14:08:05.567828 [DEBUG] Executing step 2: tapOn: text="Edit Landmark"
14:08:06.255904 [DEBUG] Step 2 completed successfully (688ms): tapOn: text="Edit Landmark"
14:08:06.256299 [DEBUG] Executing step 3: tapOn: text="Location"
14:08:06.987713 [DEBUG] Step 3 completed successfully (731ms): tapOn: text="Location"
14:08:06.988142 [DEBUG] Executing step 4: inputText: "X"
14:08:07.232833 [DEBUG] Step 4 completed successfully (244ms): inputText: "X"
14:08:07.233271 [DEBUG] Executing step 5: tapOn: text="Cancel"
14:08:07.906482 [DEBUG] Step 5 completed successfully (673ms): tapOn: text="Cancel"
14:08:07.906944 [DEBUG] Executing step 6: assertVisible: text="You have unsaved changes that will be lost."
14:08:08.575181 [DEBUG] Step 6 completed successfully (668ms): assertVisible: text="You have unsaved changes that will be lost."
14:08:08.576511 [DEBUG] Executing step 7: takeScreenshot
14:08:08.725193 [DEBUG] Step 7 completed successfully (148ms): takeScreenshot
14:08:08.725495 [DEBUG] Executing step 8: tapOn: text="Keep Editing"
14:08:09.290904 [DEBUG] Step 8 completed successfully (565ms): tapOn: text="Keep Editing"
14:08:09.291338 [DEBUG] Executing step 9: assertVisible: text="Edit Landmark"
14:08:09.957582 [DEBUG] Step 9 completed successfully (666ms): assertVisible: text="Edit Landmark"
14:08:09.958964 [DEBUG] Executing step 10: tapOn: text="Cancel"
14:08:10.093728 [DEBUG] Step 10 completed successfully (134ms): tapOn: text="Cancel"
14:08:10.094155 [DEBUG] Executing step 11: tapOn: text="Discard"
14:08:11.459301 [DEBUG] Step 11 completed successfully (1365ms): tapOn: text="Discard"
14:08:11.459747 [DEBUG] Executing step 12: assertVisible: text="Deep Links"
14:08:12.064332 [DEBUG] Step 12 completed successfully (604ms): assertVisible: text="Deep Links"
14:08:12.066741 [INFO] === Flow completed: 04-discard (status: passed, duration: 9213ms, passed: 13, failed: 0, skipped: 0) ===
14:08:12.465248 [WARN] failed to remove default socket forward for /tmp/uia2-emulator-5554.sock: adb forward --remove localfilesystem:/tmp/uia2-emulator-5554.sock: exit status 1: adb: error: listener 'localfilesystem:/tmp/uia2-emulator-5554.sock' not found
14:08:12.478743 [WARN] failed to remove adb forward for tcp:6790: adb forward --remove tcp:6790: exit status 1: adb: error: listener 'tcp:6790' not found
14:08:12.478772 [INFO] Flow execution completed: 1 passed, 0 failed, 0 skipped
14:08:12.478995 [INFO] Generating reports...
14:08:12.479692 [INFO] Shutting down devices started by maestro-runner...
14:08:12.479719 [INFO] Shutting down all tracked emulators
14:08:12.479728 [INFO] Shutting down all tracked simulators
