Resolved: scheme=Landmarks (UI Testing) simulator=6EEDCB1A-E693-488A-B34C-5A0AB5DE9400 screens=0 flows=1
Preparing runner...
Runner ready
Booting simulator: 6EEDCB1A-E693-488A-B34C-5A0AB5DE9400
Simulator booted: qa-ios-1 (6EEDCB1A-E693-488A-B34C-5A0AB5DE9400)
Skipping build and install (--no-build)
Running 1 flow(s)...
Running 1 flow(s) in one GrantivaAgent session: .maestro/01-browse.yaml

  grantiva-runner 1.1.18-grantiva.7 - by Grantiva
  Fast, lightweight UI test runner


Setup
────────────────────────────────────────
  ✓ Found 1 test flow(s)
  ✓ Report directory: /Users/kyle/Developer/grantiva-cli/.worktrees/qa-ios/findings/evidence/IOS-023/run01

Execution
────────────────────────────────────────
  ⏳ Checking GrantivaAgent installation...
  ✓ GrantivaAgent installed
  ⏳ Building GrantivaAgent...
  ✓ Using cached GrantivaAgent build (sim-ios26.0-iphone)
  ✓ GrantivaAgent built
  ⏳ Starting GrantivaAgent...
Starting GrantivaAgent...
GrantivaAgent started
  ✓ GrantivaAgent started
  ✓ GrantivaAgent port: 8876

  [1/1] 01-browse (01-browse.yaml)
────────────────────────────────────────────────────────────
    ✓ launchApp (2.1s)
    ✓ assertVisible: text="Landmarks" (3.2s)
    ✓ assertVisible: text="Featured" (298ms)
    ✓ takeScreenshot (88ms)
    ✓ tapOn: text="Golden Gate Bridge" (998ms)
    ✓ assertVisible: text="San Francisco, CA" (462ms)
    ✓ assertVisible: text="Plan Visit" (239ms)
    ✓ takeScreenshot (91ms)
✓ 01-browse 9.2s

  [1/1] 01-browse (.maestro/01-browse.yaml) - Device: qa-ios-1 (ios 26.0 Simulator)
  ────────────────────────────────────────────────────────────
    ✓ launchApp (2.1s)
    ✓ assertVisible (3.2s)
    ✓ assertVisible (298ms)
    ✓ takeScreenshot (88ms)
    ✓ tapOn (998ms)
    ✓ assertVisible (462ms)
    ✓ assertVisible (239ms)
    ✓ takeScreenshot (91ms)
✓ 01-browse 7.5s

  8 steps passing (9.2s)

════════════════════════════════════════════════════════════════════════════════════════════════════════════════════
  Flow                           Status   Steps   Pass   Fail   Skip   Duration  Device
────────────────────────────────────────────────────────────────────────────────────────────────────────────────────
  01-browse                      ✓ PASS       8      8      0      0       9.2s  qa-ios-1 (ios 26.0 Simulator)
────────────────────────────────────────────────────────────────────────────────────────────────────────────────────
  TOTAL                             1/1       8      8      0      0       9.2s
════════════════════════════════════════════════════════════════════════════════════════════════════════════════════

  ✓ Tests completed. Generating reports...

  Reports: /Users/kyle/Developer/grantiva-cli/.worktrees/qa-ios/findings/evidence/IOS-023/run01
    ├── report.json
    ├── junit-report.xml
    └── allure-results/

  Paths:
    JSON:   /Users/kyle/Developer/grantiva-cli/.worktrees/qa-ios/findings/evidence/IOS-023/run01/report.json
    JUnit:  /Users/kyle/Developer/grantiva-cli/.worktrees/qa-ios/findings/evidence/IOS-023/run01/junit-report.xml
    Allure: /Users/kyle/Developer/grantiva-cli/.worktrees/qa-ios/findings/evidence/IOS-023/run01/allure-results

  Built by Grantiva

