14:08:20.282738 POST /session [7.186791ms] OK body={"capabilities":{"platformName":"Android","deviceName":"sdk_gphone64_arm64"}}
14:08:20.286116 POST /session/e23662d6-fe6d-4ae6-9650-3a56f25eae9a/appium/settings [3.291125ms] OK body={"settings":{"enableMultiWindows":true,"waitForIdleTimeout":200}}
14:08:20.288153 POST /session/e23662d6-fe6d-4ae6-9650-3a56f25eae9a/appium/settings [2.015958ms] OK body={"settings":{"implicitWait":100}}
14:08:20.327588 GET /session/e23662d6-fe6d-4ae6-9650-3a56f25eae9a/appium/device/info [17.31075ms] OK body=
14:08:20.333481 POST /session/e23662d6-fe6d-4ae6-9650-3a56f25eae9a/appium/settings [3.63825ms] OK body={"settings":{"waitForIdleTimeout":200}}
14:08:20.952877 POST /session/e23662d6-fe6d-4ae6-9650-3a56f25eae9a/appium/device/launch_app [7.732208ms] OK body={"appId":"com.kylebrowning.landmarks"}
14:08:22.325201 POST /session/e23662d6-fe6d-4ae6-9650-3a56f25eae9a/element [368.177084ms] ERR:404 body={"strategy":"-android uiautomator","selector":"new UiSelector().textContains(\"Half Dome\").clickabl...
14:08:23.246447 POST /session/e23662d6-fe6d-4ae6-9650-3a56f25eae9a/element [921.082792ms] ERR:404 body={"strategy":"-android uiautomator","selector":"new UiSelector().descriptionContains(\"Half Dome\").c...
14:08:23.337108 POST /session/e23662d6-fe6d-4ae6-9650-3a56f25eae9a/element [90.517166ms] OK body={"strategy":"-android uiautomator","selector":"new UiSelector().textContains(\"Half Dome\")"}
14:08:23.624219 GET /session/e23662d6-fe6d-4ae6-9650-3a56f25eae9a/source [277.276833ms] OK body=
14:08:23.817844 POST /session/e23662d6-fe6d-4ae6-9650-3a56f25eae9a/appium/gestures/click [180.398ms] OK body={"offset":{"x":540,"y":708}}
14:08:24.594318 POST /session/e23662d6-fe6d-4ae6-9650-3a56f25eae9a/element [667.185042ms] ERR:404 body={"strategy":"-android uiautomator","selector":"new UiSelector().textContains(\"Plan Visit\").clickab...
14:08:24.861176 POST /session/e23662d6-fe6d-4ae6-9650-3a56f25eae9a/element [266.40375ms] ERR:404 body={"strategy":"-android uiautomator","selector":"new UiSelector().descriptionContains(\"Plan Visit\")....
14:08:24.874424 POST /session/e23662d6-fe6d-4ae6-9650-3a56f25eae9a/element [13.194584ms] OK body={"strategy":"-android uiautomator","selector":"new UiSelector().textContains(\"Plan Visit\")"}
14:08:24.943545 GET /session/e23662d6-fe6d-4ae6-9650-3a56f25eae9a/source [68.794166ms] OK body=
14:08:25.090675 POST /session/e23662d6-fe6d-4ae6-9650-3a56f25eae9a/appium/gestures/click [146.449792ms] OK body={"offset":{"x":183,"y":866}}
14:08:25.353578 POST /session/e23662d6-fe6d-4ae6-9650-3a56f25eae9a/element [261.880291ms] OK body={"strategy":"-android uiautomator","selector":"new UiSelector().textContains(\"Visit Scheduled!\")"}
14:08:25.376576 POST /session/e23662d6-fe6d-4ae6-9650-3a56f25eae9a/element [21.851792ms] OK body={"strategy":"-android uiautomator","selector":"new UiSelector().textContains(\"You're all set to vis...
14:08:25.628331 GET /session/e23662d6-fe6d-4ae6-9650-3a56f25eae9a/screenshot [246.8455ms] OK body=
14:08:25.658097 POST /session/e23662d6-fe6d-4ae6-9650-3a56f25eae9a/element [27.418541ms] ERR:404 body={"strategy":"-android uiautomator","selector":"new UiSelector().textContains(\"Done\").clickable(tru...
14:08:25.697699 POST /session/e23662d6-fe6d-4ae6-9650-3a56f25eae9a/element [39.540292ms] ERR:404 body={"strategy":"-android uiautomator","selector":"new UiSelector().descriptionContains(\"Done\").clicka...
14:08:25.706610 POST /session/e23662d6-fe6d-4ae6-9650-3a56f25eae9a/element [8.854291ms] OK body={"strategy":"-android uiautomator","selector":"new UiSelector().textContains(\"Done\")"}
14:08:25.746880 GET /session/e23662d6-fe6d-4ae6-9650-3a56f25eae9a/source [39.227458ms] OK body=
14:08:25.911749 POST /session/e23662d6-fe6d-4ae6-9650-3a56f25eae9a/appium/gestures/click [163.241625ms] OK body={"offset":{"x":540,"y":1312}}
14:08:25.955839 POST /session/e23662d6-fe6d-4ae6-9650-3a56f25eae9a/element [42.076125ms] OK body={"strategy":"-android uiautomator","selector":"new UiSelector().textContains(\"Half Dome\")"}
14:08:26.000966 DELETE /session/e23662d6-fe6d-4ae6-9650-3a56f25eae9a [31.323083ms] OK body=
