14:08:19.184868 [INFO] === Test execution started ===
14:08:19.184946 [INFO] Output directory: /Users/kyle/Developer/grantiva-cli/.worktrees/qa-android/findings/evidence/AND-043/06-visit
14:08:19.184952 [INFO] Platform: android
14:08:19.184955 [INFO] Driver: uiautomator2
14:08:19.185179 [INFO] Validated 1 flow(s)
14:08:19.185193 [INFO] Single device execution mode
14:08:19.185198 [INFO] Starting flow execution (parallel: false, devices: [])
14:08:19.185202 [INFO] Creating driver for single device execution
14:08:19.185207 [INFO] Connecting to Android device: emulator-5554
14:08:19.262095 [INFO] Device info: google sdk_gphone64_arm64, SDK 35, Serial emulator-5554, Emulator: true
14:08:19.282139 [INFO] Starting UIAutomator2 server on device emulator-5554
14:08:19.699319 [WARN] failed to remove default socket forward for /tmp/uia2-emulator-5554.sock: adb forward --remove localfilesystem:/tmp/uia2-emulator-5554.sock: exit status 1: adb: error: listener 'localfilesystem:/tmp/uia2-emulator-5554.sock' not found
14:08:19.716989 [WARN] failed to remove adb forward for tcp:6790: adb forward --remove tcp:6790: exit status 1: adb: error: listener 'tcp:6790' not found
14:08:20.275525 [INFO] Creating UIAutomator2 session with capabilities: Platform=Android, Device=sdk_gphone64_arm64
14:08:20.282803 [INFO] Session created successfully: e23662d6-fe6d-4ae6-9650-3a56f25eae9a
14:08:20.327697 [INFO] Driver created: android on google sdk_gphone64_arm64
14:08:20.329738 [INFO] === Starting flow: 06-visit ===
14:08:20.329747 [INFO] Flow file: /var/folders/jv/76l6crmx6nl3hf150gzry_ym0000gn/T/grantiva-F87997D0-4756-4E35-A379-6053135276BD/0/06-visit.yaml
14:08:20.329751 [INFO] Total steps: 8
14:08:20.333698 [DEBUG] Executing step 0: launchApp
14:08:21.955011 [DEBUG] Step 0 completed successfully (1621ms): launchApp
14:08:21.955805 [DEBUG] Executing step 1: tapOn: text="Half Dome"
14:08:21.956908 [DEBUG] Flutter: parallel search (text="Half Dome", id="")
14:08:22.301512 [DEBUG] Flutter fallback: failed to get trees: no Flutter VM service found
14:08:22.395081 [DEBUG] Flutter fallback: failed to get trees: no Flutter VM service found
14:08:22.481090 [DEBUG] Flutter fallback: failed to get trees: no Flutter VM service found
14:08:22.546330 [DEBUG] Flutter fallback: failed to get trees: no Flutter VM service found
14:08:23.329565 [DEBUG] Flutter fallback: failed to get trees: no Flutter VM service found
14:08:23.925884 [DEBUG] Flutter fallback: failed to get trees: no Flutter VM service found
14:08:23.925936 [DEBUG] Step 1 completed successfully (1970ms): tapOn: text="Half Dome"
14:08:23.926660 [DEBUG] Executing step 2: tapOn: text="Plan Visit"
14:08:25.090716 [DEBUG] Step 2 completed successfully (1164ms): tapOn: text="Plan Visit"
14:08:25.091325 [DEBUG] Executing step 3: assertVisible: text="Visit Scheduled!"
14:08:25.353643 [DEBUG] Step 3 completed successfully (262ms): assertVisible: text="Visit Scheduled!"
14:08:25.354250 [DEBUG] Executing step 4: assertVisible: text="You're all set to visit Half Dome."
14:08:25.377393 [DEBUG] Step 4 completed successfully (23ms): assertVisible: text="You're all set to visit Half Dome."
14:08:25.378140 [DEBUG] Executing step 5: takeScreenshot
14:08:25.629097 [DEBUG] Step 5 completed successfully (250ms): takeScreenshot
14:08:25.630159 [DEBUG] Executing step 6: tapOn: text="Done"
14:08:25.911806 [DEBUG] Step 6 completed successfully (281ms): tapOn: text="Done"
14:08:25.912493 [DEBUG] Executing step 7: assertVisible: text="Half Dome"
14:08:25.955906 [DEBUG] Step 7 completed successfully (43ms): assertVisible: text="Half Dome"
14:08:25.958176 [INFO] === Flow completed: 06-visit (status: passed, duration: 5628ms, passed: 8, failed: 0, skipped: 0) ===
14:08:26.543191 [WARN] failed to remove default socket forward for /tmp/uia2-emulator-5554.sock: adb forward --remove localfilesystem:/tmp/uia2-emulator-5554.sock: exit status 1: adb: error: listener 'localfilesystem:/tmp/uia2-emulator-5554.sock' not found
14:08:26.580591 [WARN] failed to remove adb forward for tcp:6790: adb forward --remove tcp:6790: exit status 1: adb: error: listener 'tcp:6790' not found
14:08:26.580625 [INFO] Flow execution completed: 1 passed, 0 failed, 0 skipped
14:08:26.580864 [INFO] Generating reports...
14:08:26.584894 [INFO] Shutting down devices started by maestro-runner...
14:08:26.584914 [INFO] Shutting down all tracked emulators
14:08:26.584927 [INFO] Shutting down all tracked simulators
