Resolved: scheme=Landmarks (UI Testing) simulator=qa-ios-1 screens=0 flows=1
Preparing runner...
Runner ready
Booting simulator: qa-ios-1
Simulator booted: qa-ios-1 (6EEDCB1A-E693-488A-B34C-5A0AB5DE9400)
Skipping build and install (--no-build)
Running 1 flow(s)...
Running 1 flow(s) in one GrantivaAgent session: .maestro/05-category.yaml

  grantiva-runner 1.1.18-grantiva.7 - by Grantiva
  Fast, lightweight UI test runner


Setup
────────────────────────────────────────
  ✓ Found 1 test flow(s)
  ✓ Report directory: /var/folders/jv/76l6crmx6nl3hf150gzry_ym0000gn/T/grantiva-report-C5694FC0-46F6-427F-A455-5F31F121D1EC

Execution
────────────────────────────────────────
  ⏳ Checking GrantivaAgent installation...
  ✓ GrantivaAgent installed
  ⏳ Building GrantivaAgent...
  ✓ Using cached GrantivaAgent build (sim-ios26.0-iphone)
  ✓ GrantivaAgent built
  ⏳ Starting GrantivaAgent...
Starting GrantivaAgent...
GrantivaAgent started
  ✓ GrantivaAgent started
  ✓ GrantivaAgent port: 8876

  [1/1] 05-category (05-category.yaml)
────────────────────────────────────────────────────────────
    ✓ launchApp (2.0s)
    ✓ tapOn: text="Lakes" (1.0s)
    ✓ assertVisible: text="Lake Tahoe" (361ms)
    ✓ assertVisible: text="Mono Lake" (189ms)
    ✓ assertNotVisible: text="Golden Gate Bridge" (741ms)
    ✓ takeScreenshot (85ms)
✓ 05-category 7.1s

  [1/1] 05-category (.maestro/05-category.yaml) - Device: qa-ios-1 (ios 26.0 Simulator)
  ────────────────────────────────────────────────────────────
    ✓ launchApp (2.0s)
    ✓ tapOn (1.0s)
    ✓ assertVisible (361ms)
    ✓ assertVisible (189ms)
    ✓ assertNotVisible (741ms)
    ✓ takeScreenshot (85ms)
✓ 05-category 4.4s

  6 steps passing (7.1s)

════════════════════════════════════════════════════════════════════════════════════════════════════════════════════
  Flow                           Status   Steps   Pass   Fail   Skip   Duration  Device
────────────────────────────────────────────────────────────────────────────────────────────────────────────────────
  05-category                    ✓ PASS       6      6      0      0       7.1s  qa-ios-1 (ios 26.0 Simulator)
────────────────────────────────────────────────────────────────────────────────────────────────────────────────────
  TOTAL                             1/1       6      6      0      0       7.1s
════════════════════════════════════════════════════════════════════════════════════════════════════════════════════

  ✓ Tests completed. Generating reports...

  Reports: /var/folders/jv/76l6crmx6nl3hf150gzry_ym0000gn/T/grantiva-report-C5694FC0-46F6-427F-A455-5F31F121D1EC
    ├── report.json
    ├── junit-report.xml
    └── allure-results/

  Paths:
    JSON:   /var/folders/jv/76l6crmx6nl3hf150gzry_ym0000gn/T/grantiva-report-C5694FC0-46F6-427F-A455-5F31F121D1EC/report.json
    JUnit:  /var/folders/jv/76l6crmx6nl3hf150gzry_ym0000gn/T/grantiva-report-C5694FC0-46F6-427F-A455-5F31F121D1EC/junit-report.xml
    Allure: /var/folders/jv/76l6crmx6nl3hf150gzry_ym0000gn/T/grantiva-report-C5694FC0-46F6-427F-A455-5F31F121D1EC/allure-results

  Built by Grantiva


  GrantivaAgent keep-alive: port=8876 session=5742-1791582020891888000
  /tmp/grantiva-sessions/5742-1791582020891888000.grantiva
    Press Ctrl-C to release.

[grantiva] received SIGINT — releasing simulator and reaping child processes

  Releasing GrantivaAgent session...
