13:58:18.385630 [INFO] === Test execution started ===
13:58:18.385696 [INFO] Output directory: /Users/kyle/Developer/grantiva-cli/.worktrees/qa-android/findings/evidence/AND-027/report
13:58:18.385700 [INFO] Platform: android
13:58:18.385704 [INFO] Driver: uiautomator2
13:58:18.385978 [INFO] Validated 1 flow(s)
13:58:18.385999 [INFO] Single device execution mode
13:58:18.386006 [INFO] Starting flow execution (parallel: false, devices: [])
13:58:18.386011 [INFO] Creating driver for single device execution
13:58:18.386017 [INFO] Connecting to Android device: emulator-5554
13:58:18.460696 [INFO] Device info: google sdk_gphone64_arm64, SDK 35, Serial emulator-5554, Emulator: true
13:58:18.480664 [INFO] Starting UIAutomator2 server on device emulator-5554
13:58:18.902487 [WARN] failed to remove default socket forward for /tmp/uia2-emulator-5554.sock: adb forward --remove localfilesystem:/tmp/uia2-emulator-5554.sock: exit status 1: adb: error: listener 'localfilesystem:/tmp/uia2-emulator-5554.sock' not found
13:58:18.921973 [WARN] failed to remove adb forward for tcp:6790: adb forward --remove tcp:6790: exit status 1: adb: error: listener 'tcp:6790' not found
13:58:19.482706 [INFO] Creating UIAutomator2 session with capabilities: Platform=Android, Device=sdk_gphone64_arm64
13:58:19.489847 [INFO] Session created successfully: 79d54020-a0c8-4380-bb7f-270e5792daba
13:58:19.533968 [INFO] Driver created: android on google sdk_gphone64_arm64
13:58:19.535941 [INFO] === Starting flow: 01-browse ===
13:58:19.535946 [INFO] Flow file: /var/folders/jv/76l6crmx6nl3hf150gzry_ym0000gn/T/grantiva-32E1A619-0ACA-4B24-945E-CEFEAA794CA4/0/01-browse.yaml
13:58:19.535951 [INFO] Total steps: 8
13:58:19.539597 [DEBUG] Executing step 0: launchApp
13:58:21.175812 [DEBUG] Step 0 completed successfully (1636ms): launchApp
13:58:21.176281 [DEBUG] Executing step 1: assertVisible: text="Landmarks"
13:58:21.176483 [DEBUG] Flutter: parallel search (text="Landmarks", id="")
13:58:21.247184 [DEBUG] Flutter fallback: failed to get trees: no Flutter VM service found
13:58:21.318540 [DEBUG] Flutter fallback: failed to get trees: no Flutter VM service found
13:58:21.390292 [DEBUG] Flutter fallback: failed to get trees: no Flutter VM service found
13:58:21.469310 [DEBUG] Flutter fallback: failed to get trees: no Flutter VM service found
13:58:21.551610 [DEBUG] Flutter fallback: failed to get trees: no Flutter VM service found
13:58:21.551677 [DEBUG] Step 1 completed successfully (375ms): assertVisible: text="Landmarks"
13:58:21.552100 [DEBUG] Executing step 2: assertVisible: text="Featured"
13:58:22.075098 [DEBUG] Step 2 completed successfully (522ms): assertVisible: text="Featured"
13:58:22.075464 [DEBUG] Executing step 3: takeScreenshot
13:58:22.215747 [DEBUG] Step 3 completed successfully (140ms): takeScreenshot
13:58:22.215998 [DEBUG] Executing step 4: tapOn: text="Golden Gate Bridge"
13:58:22.380407 [DEBUG] Step 4 completed successfully (164ms): tapOn: text="Golden Gate Bridge"
13:58:22.380778 [DEBUG] Executing step 5: assertVisible: text="San Francisco, CA"
13:58:22.973631 [DEBUG] Step 5 completed successfully (592ms): assertVisible: text="San Francisco, CA"
13:58:22.974027 [DEBUG] Executing step 6: assertVisible: text="Plan Visit"
13:58:22.979945 [DEBUG] Step 6 completed successfully (5ms): assertVisible: text="Plan Visit"
13:58:22.980263 [DEBUG] Executing step 7: takeScreenshot
13:58:23.100130 [DEBUG] Step 7 completed successfully (119ms): takeScreenshot
13:58:23.101174 [INFO] === Flow completed: 01-browse (status: passed, duration: 3565ms, passed: 8, failed: 0, skipped: 0) ===
13:58:23.478299 [WARN] failed to remove default socket forward for /tmp/uia2-emulator-5554.sock: adb forward --remove localfilesystem:/tmp/uia2-emulator-5554.sock: exit status 1: adb: error: listener 'localfilesystem:/tmp/uia2-emulator-5554.sock' not found
13:58:23.489443 [WARN] failed to remove adb forward for tcp:6790: adb forward --remove tcp:6790: exit status 1: adb: error: listener 'tcp:6790' not found
13:58:23.489489 [INFO] Flow execution completed: 1 passed, 0 failed, 0 skipped
13:58:23.489699 [INFO] Generating reports...
13:58:23.490274 [INFO] Shutting down devices started by maestro-runner...
13:58:23.490305 [INFO] Shutting down all tracked emulators
13:58:23.490314 [INFO] Shutting down all tracked simulators
