14:08:37.172667 POST /session [8.79525ms] OK body={"capabilities":{"platformName":"Android","deviceName":"sdk_gphone64_arm64"}}
14:08:37.176436 POST /session/28bf83b3-6945-4ec4-83ec-53e4f41ef585/appium/settings [3.618583ms] OK body={"settings":{"enableMultiWindows":true,"waitForIdleTimeout":200}}
14:08:37.178774 POST /session/28bf83b3-6945-4ec4-83ec-53e4f41ef585/appium/settings [2.312375ms] OK body={"settings":{"implicitWait":100}}
14:08:37.223945 GET /session/28bf83b3-6945-4ec4-83ec-53e4f41ef585/appium/device/info [21.209ms] OK body=
14:08:37.231952 POST /session/28bf83b3-6945-4ec4-83ec-53e4f41ef585/appium/settings [5.688334ms] OK body={"settings":{"waitForIdleTimeout":200}}
14:08:37.980665 POST /session/28bf83b3-6945-4ec4-83ec-53e4f41ef585/appium/device/launch_app [8.967166ms] OK body={"appId":"com.kylebrowning.landmarks"}
14:08:40.170913 POST /session/28bf83b3-6945-4ec4-83ec-53e4f41ef585/element [1.181289084s] ERR:404 body={"strategy":"-android uiautomator","selector":"new UiSelector().textContains(\"Deep Links\").clickab...
14:08:40.672679 POST /session/28bf83b3-6945-4ec4-83ec-53e4f41ef585/element [501.600083ms] ERR:404 body={"strategy":"-android uiautomator","selector":"new UiSelector().descriptionContains(\"Deep Links\")....
14:08:40.752848 POST /session/28bf83b3-6945-4ec4-83ec-53e4f41ef585/element [80.073583ms] OK body={"strategy":"-android uiautomator","selector":"new UiSelector().textContains(\"Deep Links\")"}
14:08:40.952031 GET /session/28bf83b3-6945-4ec4-83ec-53e4f41ef585/source [198.568584ms] OK body=
14:08:41.062807 POST /session/28bf83b3-6945-4ec4-83ec-53e4f41ef585/appium/gestures/click [108.981875ms] OK body={"offset":{"x":907,"y":2232}}
14:08:41.685928 POST /session/28bf83b3-6945-4ec4-83ec-53e4f41ef585/element [618.364208ms] ERR:404 body={"strategy":"-android uiautomator","selector":"new UiSelector().textContains(\"Caching Demo\").click...
14:08:41.708199 POST /session/28bf83b3-6945-4ec4-83ec-53e4f41ef585/element [22.180833ms] ERR:404 body={"strategy":"-android uiautomator","selector":"new UiSelector().descriptionContains(\"Caching Demo\"...
14:08:41.715503 POST /session/28bf83b3-6945-4ec4-83ec-53e4f41ef585/element [7.252375ms] OK body={"strategy":"-android uiautomator","selector":"new UiSelector().textContains(\"Caching Demo\")"}
14:08:41.759472 GET /session/28bf83b3-6945-4ec4-83ec-53e4f41ef585/source [43.829541ms] OK body=
14:08:41.825495 POST /session/28bf83b3-6945-4ec4-83ec-53e4f41ef585/appium/gestures/click [65.348042ms] OK body={"offset":{"x":540,"y":422}}
14:08:42.459713 POST /session/28bf83b3-6945-4ec4-83ec-53e4f41ef585/element [633.577542ms] OK body={"strategy":"-android uiautomator","selector":"new UiSelector().textContains(\"Cache Policy\")"}
14:08:42.480199 POST /session/28bf83b3-6945-4ec4-83ec-53e4f41ef585/element [19.711709ms] ERR:404 body={"strategy":"-android uiautomator","selector":"new UiSelector().textContains(\"Fetch with Policy\")....
14:08:42.498527 POST /session/28bf83b3-6945-4ec4-83ec-53e4f41ef585/element [18.264625ms] ERR:404 body={"strategy":"-android uiautomator","selector":"new UiSelector().descriptionContains(\"Fetch with Pol...
14:08:42.507196 POST /session/28bf83b3-6945-4ec4-83ec-53e4f41ef585/element [8.604667ms] OK body={"strategy":"-android uiautomator","selector":"new UiSelector().textContains(\"Fetch with Policy\")"...
14:08:42.550609 GET /session/28bf83b3-6945-4ec4-83ec-53e4f41ef585/source [43.255334ms] OK body=
14:08:42.629411 POST /session/28bf83b3-6945-4ec4-83ec-53e4f41ef585/appium/gestures/click [77.378083ms] OK body={"offset":{"x":244,"y":622}}
14:08:42.817303 GET /session/28bf83b3-6945-4ec4-83ec-53e4f41ef585/screenshot [185.1205ms] OK body=
14:08:42.848663 POST /session/28bf83b3-6945-4ec4-83ec-53e4f41ef585/element [30.380667ms] ERR:404 body={"strategy":"-android uiautomator","selector":"new UiSelector().textContains(\"Clear Cache\").clicka...
14:08:42.868448 POST /session/28bf83b3-6945-4ec4-83ec-53e4f41ef585/element [19.716334ms] ERR:404 body={"strategy":"-android uiautomator","selector":"new UiSelector().descriptionContains(\"Clear Cache\")...
14:08:42.878252 POST /session/28bf83b3-6945-4ec4-83ec-53e4f41ef585/element [9.733958ms] OK body={"strategy":"-android uiautomator","selector":"new UiSelector().textContains(\"Clear Cache\")"}
14:08:42.913085 GET /session/28bf83b3-6945-4ec4-83ec-53e4f41ef585/source [34.640417ms] OK body=
14:08:43.004864 POST /session/28bf83b3-6945-4ec4-83ec-53e4f41ef585/appium/gestures/click [91.128458ms] OK body={"offset":{"x":204,"y":780}}
14:08:43.014225 DELETE /session/28bf83b3-6945-4ec4-83ec-53e4f41ef585 [4.896083ms] OK body=
