14:08:35.573066 [INFO] === Test execution started ===
14:08:35.573127 [INFO] Output directory: /Users/kyle/Developer/grantiva-cli/.worktrees/qa-android/findings/evidence/AND-043/08-caching
14:08:35.573133 [INFO] Platform: android
14:08:35.573137 [INFO] Driver: uiautomator2
14:08:35.573416 [INFO] Validated 1 flow(s)
14:08:35.573437 [INFO] Single device execution mode
14:08:35.573443 [INFO] Starting flow execution (parallel: false, devices: [])
14:08:35.573447 [INFO] Creating driver for single device execution
14:08:35.573452 [INFO] Connecting to Android device: emulator-5554
14:08:35.656712 [INFO] Device info: google sdk_gphone64_arm64, SDK 35, Serial emulator-5554, Emulator: true
14:08:35.678145 [INFO] Starting UIAutomator2 server on device emulator-5554
14:08:36.078780 [WARN] failed to remove default socket forward for /tmp/uia2-emulator-5554.sock: adb forward --remove localfilesystem:/tmp/uia2-emulator-5554.sock: exit status 1: adb: error: listener 'localfilesystem:/tmp/uia2-emulator-5554.sock' not found
14:08:36.092024 [WARN] failed to remove adb forward for tcp:6790: adb forward --remove tcp:6790: exit status 1: adb: error: listener 'tcp:6790' not found
14:08:37.163817 [INFO] Creating UIAutomator2 session with capabilities: Platform=Android, Device=sdk_gphone64_arm64
14:08:37.172784 [INFO] Session created successfully: 28bf83b3-6945-4ec4-83ec-53e4f41ef585
14:08:37.224023 [INFO] Driver created: android on google sdk_gphone64_arm64
14:08:37.226138 [INFO] === Starting flow: 08-caching ===
14:08:37.226148 [INFO] Flow file: /var/folders/jv/76l6crmx6nl3hf150gzry_ym0000gn/T/grantiva-D5F4AE35-46B1-4BA1-A2AD-F9ABABC6B39B/0/08-caching.yaml
14:08:37.226152 [INFO] Total steps: 7
14:08:37.232243 [DEBUG] Executing step 0: launchApp
14:08:38.983020 [DEBUG] Step 0 completed successfully (1750ms): launchApp
14:08:38.989213 [DEBUG] Executing step 1: tapOn: text="Deep Links"
14:08:38.989536 [DEBUG] Flutter: parallel search (text="Deep Links", id="")
14:08:39.298474 [DEBUG] Flutter fallback: failed to get trees: no Flutter VM service found
14:08:39.621261 [DEBUG] Flutter fallback: failed to get trees: no Flutter VM service found
14:08:40.340633 [DEBUG] Flutter fallback: failed to get trees: no Flutter VM service found
14:08:40.708448 [DEBUG] Flutter fallback: failed to get trees: no Flutter VM service found
14:08:41.066175 [DEBUG] Flutter fallback: failed to get trees: no Flutter VM service found
14:08:41.066287 [DEBUG] Step 1 completed successfully (2077ms): tapOn: text="Deep Links"
14:08:41.067092 [DEBUG] Executing step 2: tapOn: text="Caching Demo"
14:08:41.825532 [DEBUG] Step 2 completed successfully (758ms): tapOn: text="Caching Demo"
14:08:41.825909 [DEBUG] Executing step 3: assertVisible: text="Cache Policy"
14:08:42.459748 [DEBUG] Step 3 completed successfully (633ms): assertVisible: text="Cache Policy"
14:08:42.460186 [DEBUG] Executing step 4: tapOn: text="Fetch with Policy"
14:08:42.629435 [DEBUG] Step 4 completed successfully (169ms): tapOn: text="Fetch with Policy"
14:08:42.630167 [DEBUG] Executing step 5: takeScreenshot
14:08:42.817571 [DEBUG] Step 5 completed successfully (187ms): takeScreenshot
14:08:42.817947 [DEBUG] Executing step 6: tapOn: text="Clear Cache"
14:08:43.004892 [DEBUG] Step 6 completed successfully (186ms): tapOn: text="Clear Cache"
14:08:43.006720 [INFO] === Flow completed: 08-caching (status: passed, duration: 5780ms, passed: 7, failed: 0, skipped: 0) ===
14:08:43.434132 [WARN] failed to remove default socket forward for /tmp/uia2-emulator-5554.sock: adb forward --remove localfilesystem:/tmp/uia2-emulator-5554.sock: exit status 1: adb: error: listener 'localfilesystem:/tmp/uia2-emulator-5554.sock' not found
14:08:43.450436 [WARN] failed to remove adb forward for tcp:6790: adb forward --remove tcp:6790: exit status 1: adb: error: listener 'tcp:6790' not found
14:08:43.450507 [INFO] Flow execution completed: 1 passed, 0 failed, 0 skipped
14:08:43.450971 [INFO] Generating reports...
14:08:43.452235 [INFO] Shutting down devices started by maestro-runner...
14:08:43.452323 [INFO] Shutting down all tracked emulators
14:08:43.452358 [INFO] Shutting down all tracked simulators
