14:02:11.033681 [INFO] === Test execution started ===
14:02:11.033758 [INFO] Output directory: /Users/kyle/Developer/grantiva-cli/.worktrees/qa-android/findings/evidence/AND-039/report
14:02:11.033765 [INFO] Platform: android
14:02:11.033770 [INFO] Driver: uiautomator2
14:02:11.034013 [INFO] Validated 1 flow(s)
14:02:11.034027 [INFO] Single device execution mode
14:02:11.034031 [INFO] Starting flow execution (parallel: false, devices: [])
14:02:11.034035 [INFO] Creating driver for single device execution
14:02:11.034039 [INFO] Connecting to Android device: emulator-5554
14:02:11.122585 [INFO] Device info: google sdk_gphone64_arm64, SDK 35, Serial emulator-5554, Emulator: true
14:02:11.147727 [INFO] Starting UIAutomator2 server on device emulator-5554
14:02:11.556237 [WARN] failed to remove default socket forward for /tmp/uia2-emulator-5554.sock: adb forward --remove localfilesystem:/tmp/uia2-emulator-5554.sock: exit status 1: adb: error: listener 'localfilesystem:/tmp/uia2-emulator-5554.sock' not found
14:02:11.569395 [WARN] failed to remove adb forward for tcp:6790: adb forward --remove tcp:6790: exit status 1: adb: error: listener 'tcp:6790' not found
14:02:12.631706 [INFO] Creating UIAutomator2 session with capabilities: Platform=Android, Device=sdk_gphone64_arm64
14:02:12.639407 [INFO] Session created successfully: 45cfdb12-ab9b-46d9-b6a9-00fc1d4cd0e7
14:02:12.726510 [INFO] Driver created: android on google sdk_gphone64_arm64
14:02:12.727930 [INFO] === Starting flow: 09-seed-empty ===
14:02:12.727935 [INFO] Flow file: /var/folders/jv/76l6crmx6nl3hf150gzry_ym0000gn/T/grantiva-40417F77-A188-424A-ACBC-608F3B36D7D5/0/09-seed-empty.yaml
14:02:12.727938 [INFO] Total steps: 3
14:02:12.732929 [DEBUG] Executing step 0: launchApp
14:02:14.463759 [DEBUG] Step 0 completed successfully (1730ms): launchApp
14:02:14.464108 [DEBUG] Executing step 1: assertVisible: text="No landmarks yet"
14:02:14.464311 [DEBUG] Flutter: parallel search (text="No landmarks yet", id="")
14:02:14.482583 [DEBUG] Flutter fallback: failed to get trees: no Flutter VM service found
14:02:14.502574 [DEBUG] Flutter fallback: failed to get trees: no Flutter VM service found
14:02:14.522228 [DEBUG] Flutter fallback: failed to get trees: no Flutter VM service found
14:02:14.540962 [DEBUG] Flutter fallback: failed to get trees: no Flutter VM service found
14:02:14.558721 [DEBUG] Flutter fallback: failed to get trees: no Flutter VM service found
14:02:14.576571 [DEBUG] Flutter fallback: failed to get trees: no Flutter VM service found
14:02:14.595004 [DEBUG] Flutter fallback: failed to get trees: no Flutter VM service found
14:02:14.613444 [DEBUG] Flutter fallback: failed to get trees: no Flutter VM service found
14:02:14.631793 [DEBUG] Flutter fallback: failed to get trees: no Flutter VM service found
14:02:14.651950 [DEBUG] Flutter fallback: failed to get trees: no Flutter VM service found
14:02:14.671598 [DEBUG] Flutter fallback: failed to get trees: no Flutter VM service found
14:02:14.690044 [DEBUG] Flutter fallback: failed to get trees: no Flutter VM service found
14:02:14.708744 [DEBUG] Flutter fallback: failed to get trees: no Flutter VM service found
14:02:14.726572 [DEBUG] Flutter fallback: failed to get trees: no Flutter VM service found
14:02:14.745036 [DEBUG] Flutter fallback: failed to get trees: no Flutter VM service found
14:02:14.763643 [DEBUG] Flutter fallback: failed to get trees: no Flutter VM service found
14:02:14.781761 [DEBUG] Flutter fallback: failed to get trees: no Flutter VM service found
14:02:14.800120 [DEBUG] Flutter fallback: failed to get trees: no Flutter VM service found
14:02:14.818472 [DEBUG] Flutter fallback: failed to get trees: no Flutter VM service found
14:02:14.836959 [DEBUG] Flutter fallback: failed to get trees: no Flutter VM service found
14:02:14.855624 [DEBUG] Flutter fallback: failed to get trees: no Flutter VM service found
14:02:14.875967 [DEBUG] Flutter fallback: failed to get trees: no Flutter VM service found
14:02:14.895250 [DEBUG] Flutter fallback: failed to get trees: no Flutter VM service found
14:02:14.914758 [DEBUG] Flutter fallback: failed to get trees: no Flutter VM service found
14:02:14.934006 [DEBUG] Flutter fallback: failed to get trees: no Flutter VM service found
14:02:14.952467 [DEBUG] Flutter fallback: failed to get trees: no Flutter VM service found
14:02:14.970719 [DEBUG] Flutter fallback: failed to get trees: no Flutter VM service found
14:02:14.989500 [DEBUG] Flutter fallback: failed to get trees: no Flutter VM service found
14:02:15.007959 [DEBUG] Flutter fallback: failed to get trees: no Flutter VM service found
14:02:15.027260 [DEBUG] Flutter fallback: failed to get trees: no Flutter VM service found
14:02:15.047008 [DEBUG] Flutter fallback: failed to get trees: no Flutter VM service found
14:02:15.066218 [DEBUG] Flutter fallback: failed to get trees: no Flutter VM service found
14:02:15.084734 [DEBUG] Flutter fallback: failed to get trees: no Flutter VM service found
14:02:15.103806 [DEBUG] Flutter fallback: failed to get trees: no Flutter VM service found
14:02:15.124096 [DEBUG] Flutter fallback: failed to get trees: no Flutter VM service found
14:02:15.142392 [DEBUG] Flutter fallback: failed to get trees: no Flutter VM service found
14:02:15.160156 [DEBUG] Flutter fallback: failed to get trees: no Flutter VM service found
14:02:15.179446 [DEBUG] Flutter fallback: failed to get trees: no Flutter VM service found
14:02:15.198228 [DEBUG] Flutter fallback: failed to get trees: no Flutter VM service found
14:02:15.216657 [DEBUG] Flutter fallback: failed to get trees: no Flutter VM service found
14:02:15.234600 [DEBUG] Flutter fallback: failed to get trees: no Flutter VM service found
14:02:15.253813 [DEBUG] Flutter fallback: failed to get trees: no Flutter VM service found
14:02:15.276471 [DEBUG] Flutter fallback: failed to get trees: no Flutter VM service found
14:02:15.300162 [DEBUG] Flutter fallback: failed to get trees: no Flutter VM service found
14:02:15.319528 [DEBUG] Flutter fallback: failed to get trees: no Flutter VM service found
14:02:15.355924 [DEBUG] Flutter fallback: failed to get trees: no Flutter VM service found
14:02:15.376690 [DEBUG] Flutter fallback: failed to get trees: no Flutter VM service found
14:02:15.396794 [DEBUG] Flutter fallback: failed to get trees: no Flutter VM service found
14:02:15.416279 [DEBUG] Flutter fallback: failed to get trees: no Flutter VM service found
14:02:15.436174 [DEBUG] Flutter fallback: failed to get trees: no Flutter VM service found
14:02:15.455109 [DEBUG] Flutter fallback: failed to get trees: no Flutter VM service found
14:02:15.473625 [DEBUG] Flutter fallback: failed to get trees: no Flutter VM service found
14:02:15.492563 [DEBUG] Flutter fallback: failed to get trees: no Flutter VM service found
14:02:15.510959 [DEBUG] Flutter fallback: failed to get trees: no Flutter VM service found
14:02:15.530488 [DEBUG] Flutter fallback: failed to get trees: no Flutter VM service found
14:02:15.550951 [DEBUG] Flutter fallback: failed to get trees: no Flutter VM service found
14:02:15.570546 [DEBUG] Flutter fallback: failed to get trees: no Flutter VM service found
14:02:15.589453 [DEBUG] Flutter fallback: failed to get trees: no Flutter VM service found
14:02:15.608603 [DEBUG] Flutter fallback: failed to get trees: no Flutter VM service found
14:02:15.627047 [DEBUG] Flutter fallback: failed to get trees: no Flutter VM service found
14:02:15.646928 [DEBUG] Flutter fallback: failed to get trees: no Flutter VM service found
14:02:15.665390 [DEBUG] Flutter fallback: failed to get trees: no Flutter VM service found
14:02:15.684814 [DEBUG] Flutter fallback: failed to get trees: no Flutter VM service found
14:02:15.704870 [DEBUG] Flutter fallback: failed to get trees: no Flutter VM service found
14:02:15.723553 [DEBUG] Flutter fallback: failed to get trees: no Flutter VM service found
14:02:15.743590 [DEBUG] Flutter fallback: failed to get trees: no Flutter VM service found
14:02:15.762879 [DEBUG] Flutter fallback: failed to get trees: no Flutter VM service found
14:02:15.782814 [DEBUG] Flutter fallback: failed to get trees: no Flutter VM service found
14:02:15.802548 [DEBUG] Flutter fallback: failed to get trees: no Flutter VM service found
14:02:15.822907 [DEBUG] Flutter fallback: failed to get trees: no Flutter VM service found
14:02:15.844057 [DEBUG] Flutter fallback: failed to get trees: no Flutter VM service found
14:02:15.864258 [DEBUG] Flutter fallback: failed to get trees: no Flutter VM service found
14:02:15.884845 [DEBUG] Flutter fallback: failed to get trees: no Flutter VM service found
14:02:15.904612 [DEBUG] Flutter fallback: failed to get trees: no Flutter VM service found
14:02:15.926189 [DEBUG] Flutter fallback: failed to get trees: no Flutter VM service found
14:02:15.945385 [DEBUG] Flutter fallback: failed to get trees: no Flutter VM service found
14:02:15.966371 [DEBUG] Flutter fallback: failed to get trees: no Flutter VM service found
14:02:15.992507 [DEBUG] Flutter fallback: failed to get trees: no Flutter VM service found
14:02:16.012906 [DEBUG] Flutter fallback: failed to get trees: no Flutter VM service found
14:02:16.035643 [DEBUG] Flutter fallback: failed to get trees: no Flutter VM service found
14:02:16.057012 [DEBUG] Flutter fallback: failed to get trees: no Flutter VM service found
14:02:16.076640 [DEBUG] Flutter fallback: failed to get trees: no Flutter VM service found
14:02:16.095962 [DEBUG] Flutter fallback: failed to get trees: no Flutter VM service found
14:02:16.115087 [DEBUG] Flutter fallback: failed to get trees: no Flutter VM service found
14:02:16.135228 [DEBUG] Flutter fallback: failed to get trees: no Flutter VM service found
14:02:16.155419 [DEBUG] Flutter fallback: failed to get trees: no Flutter VM service found
14:02:16.174748 [DEBUG] Flutter fallback: failed to get trees: no Flutter VM service found
14:02:16.195164 [DEBUG] Flutter fallback: failed to get trees: no Flutter VM service found
14:02:16.216321 [DEBUG] Flutter fallback: failed to get trees: no Flutter VM service found
14:02:16.240068 [DEBUG] Flutter fallback: failed to get trees: no Flutter VM service found
14:02:16.260808 [DEBUG] Flutter fallback: failed to get trees: no Flutter VM service found
14:02:16.281086 [DEBUG] Flutter fallback: failed to get trees: no Flutter VM service found
14:02:16.302517 [DEBUG] Flutter fallback: failed to get trees: no Flutter VM service found
14:02:16.323055 [DEBUG] Flutter fallback: failed to get trees: no Flutter VM service found
14:02:16.342983 [DEBUG] Flutter fallback: failed to get trees: no Flutter VM service found
14:02:16.362342 [DEBUG] Flutter fallback: failed to get trees: no Flutter VM service found
14:02:16.382021 [DEBUG] Flutter fallback: failed to get trees: no Flutter VM service found
14:02:16.401309 [DEBUG] Flutter fallback: failed to get trees: no Flutter VM service found
14:02:16.421260 [DEBUG] Flutter fallback: failed to get trees: no Flutter VM service found
14:02:16.440161 [DEBUG] Flutter fallback: failed to get trees: no Flutter VM service found
14:02:16.458869 [DEBUG] Flutter fallback: failed to get trees: no Flutter VM service found
14:02:16.477828 [DEBUG] Flutter fallback: failed to get trees: no Flutter VM service found
14:02:16.496782 [DEBUG] Flutter fallback: failed to get trees: no Flutter VM service found
14:02:16.517193 [DEBUG] Flutter fallback: failed to get trees: no Flutter VM service found
14:02:16.536829 [DEBUG] Flutter fallback: failed to get trees: no Flutter VM service found
14:02:16.557158 [DEBUG] Flutter fallback: failed to get trees: no Flutter VM service found
14:02:16.576210 [DEBUG] Flutter fallback: failed to get trees: no Flutter VM service found
14:02:16.596628 [DEBUG] Flutter fallback: failed to get trees: no Flutter VM service found
14:02:16.616871 [DEBUG] Flutter fallback: failed to get trees: no Flutter VM service found
14:02:16.636155 [DEBUG] Flutter fallback: failed to get trees: no Flutter VM service found
14:02:16.655902 [DEBUG] Flutter fallback: failed to get trees: no Flutter VM service found
14:02:16.675988 [DEBUG] Flutter fallback: failed to get trees: no Flutter VM service found
14:02:16.697665 [DEBUG] Flutter fallback: failed to get trees: no Flutter VM service found
14:02:16.716833 [DEBUG] Flutter fallback: failed to get trees: no Flutter VM service found
14:02:16.736233 [DEBUG] Flutter fallback: failed to get trees: no Flutter VM service found
14:02:16.755663 [DEBUG] Flutter fallback: failed to get trees: no Flutter VM service found
14:02:16.775334 [DEBUG] Flutter fallback: failed to get trees: no Flutter VM service found
14:02:16.794335 [DEBUG] Flutter fallback: failed to get trees: no Flutter VM service found
14:02:16.813258 [DEBUG] Flutter fallback: failed to get trees: no Flutter VM service found
14:02:16.832899 [DEBUG] Flutter fallback: failed to get trees: no Flutter VM service found
14:02:16.852766 [DEBUG] Flutter fallback: failed to get trees: no Flutter VM service found
14:02:16.872299 [DEBUG] Flutter fallback: failed to get trees: no Flutter VM service found
14:02:16.891649 [DEBUG] Flutter fallback: failed to get trees: no Flutter VM service found
14:02:16.910711 [DEBUG] Flutter fallback: failed to get trees: no Flutter VM service found
14:02:16.930496 [DEBUG] Flutter fallback: failed to get trees: no Flutter VM service found
14:02:16.950181 [DEBUG] Flutter fallback: failed to get trees: no Flutter VM service found
14:02:16.969303 [DEBUG] Flutter fallback: failed to get trees: no Flutter VM service found
14:02:16.990605 [DEBUG] Flutter fallback: failed to get trees: no Flutter VM service found
14:02:17.022174 [DEBUG] Flutter fallback: failed to get trees: no Flutter VM service found
14:02:17.046190 [DEBUG] Flutter fallback: failed to get trees: no Flutter VM service found
14:02:17.074439 [DEBUG] Flutter fallback: failed to get trees: no Flutter VM service found
14:02:17.096659 [DEBUG] Flutter fallback: failed to get trees: no Flutter VM service found
14:02:17.120380 [DEBUG] Flutter fallback: failed to get trees: no Flutter VM service found
14:02:17.146050 [DEBUG] Flutter fallback: failed to get trees: no Flutter VM service found
14:02:17.170861 [DEBUG] Flutter fallback: failed to get trees: no Flutter VM service found
14:02:17.192439 [DEBUG] Flutter fallback: failed to get trees: no Flutter VM service found
14:02:17.212776 [DEBUG] Flutter fallback: failed to get trees: no Flutter VM service found
14:02:17.232219 [DEBUG] Flutter fallback: failed to get trees: no Flutter VM service found
14:02:17.253345 [DEBUG] Flutter fallback: failed to get trees: no Flutter VM service found
14:02:17.273701 [DEBUG] Flutter fallback: failed to get trees: no Flutter VM service found
14:02:17.293372 [DEBUG] Flutter fallback: failed to get trees: no Flutter VM service found
14:02:17.313691 [DEBUG] Flutter fallback: failed to get trees: no Flutter VM service found
14:02:17.334952 [DEBUG] Flutter fallback: failed to get trees: no Flutter VM service found
14:02:17.354311 [DEBUG] Flutter fallback: failed to get trees: no Flutter VM service found
14:02:17.373878 [DEBUG] Flutter fallback: failed to get trees: no Flutter VM service found
14:02:17.394144 [DEBUG] Flutter fallback: failed to get trees: no Flutter VM service found
14:02:17.413452 [DEBUG] Flutter fallback: failed to get trees: no Flutter VM service found
14:02:17.432278 [DEBUG] Flutter fallback: failed to get trees: no Flutter VM service found
14:02:17.451719 [DEBUG] Flutter fallback: failed to get trees: no Flutter VM service found
14:02:17.471301 [DEBUG] Flutter fallback: failed to get trees: no Flutter VM service found
14:02:17.490536 [DEBUG] Flutter fallback: failed to get trees: no Flutter VM service found
14:02:17.510317 [DEBUG] Flutter fallback: failed to get trees: no Flutter VM service found
14:02:17.529816 [DEBUG] Flutter fallback: failed to get trees: no Flutter VM service found
14:02:17.548746 [DEBUG] Flutter fallback: failed to get trees: no Flutter VM service found
14:02:17.567728 [DEBUG] Flutter fallback: failed to get trees: no Flutter VM service found
14:02:17.586691 [DEBUG] Flutter fallback: failed to get trees: no Flutter VM service found
14:02:17.605723 [DEBUG] Flutter fallback: failed to get trees: no Flutter VM service found
14:02:17.623964 [DEBUG] Flutter fallback: failed to get trees: no Flutter VM service found
14:02:17.643682 [DEBUG] Flutter fallback: failed to get trees: no Flutter VM service found
14:02:17.663645 [DEBUG] Flutter fallback: failed to get trees: no Flutter VM service found
14:02:17.682743 [DEBUG] Flutter fallback: failed to get trees: no Flutter VM service found
14:02:17.700657 [DEBUG] Flutter fallback: failed to get trees: no Flutter VM service found
14:02:17.720201 [DEBUG] Flutter fallback: failed to get trees: no Flutter VM service found
14:02:17.739717 [DEBUG] Flutter fallback: failed to get trees: no Flutter VM service found
14:02:17.758583 [DEBUG] Flutter fallback: failed to get trees: no Flutter VM service found
14:02:17.777824 [DEBUG] Flutter fallback: failed to get trees: no Flutter VM service found
14:02:17.797173 [DEBUG] Flutter fallback: failed to get trees: no Flutter VM service found
14:02:17.816392 [DEBUG] Flutter fallback: failed to get trees: no Flutter VM service found
14:02:17.835775 [DEBUG] Flutter fallback: failed to get trees: no Flutter VM service found
14:02:17.855371 [DEBUG] Flutter fallback: failed to get trees: no Flutter VM service found
14:02:17.874830 [DEBUG] Flutter fallback: failed to get trees: no Flutter VM service found
14:02:17.894336 [DEBUG] Flutter fallback: failed to get trees: no Flutter VM service found
14:02:17.913804 [DEBUG] Flutter fallback: failed to get trees: no Flutter VM service found
14:02:17.932218 [DEBUG] Flutter fallback: failed to get trees: no Flutter VM service found
14:02:17.951341 [DEBUG] Flutter fallback: failed to get trees: no Flutter VM service found
14:02:17.970633 [DEBUG] Flutter fallback: failed to get trees: no Flutter VM service found
14:02:17.990519 [DEBUG] Flutter fallback: failed to get trees: no Flutter VM service found
14:02:18.009943 [DEBUG] Flutter fallback: failed to get trees: no Flutter VM service found
14:02:18.029589 [DEBUG] Flutter fallback: failed to get trees: no Flutter VM service found
14:02:18.049896 [DEBUG] Flutter fallback: failed to get trees: no Flutter VM service found
14:02:18.069424 [DEBUG] Flutter fallback: failed to get trees: no Flutter VM service found
14:02:18.091226 [DEBUG] Flutter fallback: failed to get trees: no Flutter VM service found
14:02:18.114169 [DEBUG] Flutter fallback: failed to get trees: no Flutter VM service found
14:02:18.135298 [DEBUG] Flutter fallback: failed to get trees: no Flutter VM service found
14:02:18.157174 [DEBUG] Flutter fallback: failed to get trees: no Flutter VM service found
14:02:18.177382 [DEBUG] Flutter fallback: failed to get trees: no Flutter VM service found
14:02:18.198367 [DEBUG] Flutter fallback: failed to get trees: no Flutter VM service found
14:02:18.222114 [DEBUG] Flutter fallback: failed to get trees: no Flutter VM service found
14:02:18.242341 [DEBUG] Flutter fallback: failed to get trees: no Flutter VM service found
14:02:18.263559 [DEBUG] Flutter fallback: failed to get trees: no Flutter VM service found
14:02:18.283529 [DEBUG] Flutter fallback: failed to get trees: no Flutter VM service found
14:02:18.303966 [DEBUG] Flutter fallback: failed to get trees: no Flutter VM service found
14:02:18.326209 [DEBUG] Flutter fallback: failed to get trees: no Flutter VM service found
14:02:18.350536 [DEBUG] Flutter fallback: failed to get trees: no Flutter VM service found
14:02:18.372716 [DEBUG] Flutter fallback: failed to get trees: no Flutter VM service found
14:02:18.394763 [DEBUG] Flutter fallback: failed to get trees: no Flutter VM service found
14:02:18.416562 [DEBUG] Flutter fallback: failed to get trees: no Flutter VM service found
14:02:18.438033 [DEBUG] Flutter fallback: failed to get trees: no Flutter VM service found
14:02:18.459066 [DEBUG] Flutter fallback: failed to get trees: no Flutter VM service found
14:02:18.479693 [DEBUG] Flutter fallback: failed to get trees: no Flutter VM service found
14:02:18.500394 [DEBUG] Flutter fallback: failed to get trees: no Flutter VM service found
14:02:18.521951 [DEBUG] Flutter fallback: failed to get trees: no Flutter VM service found
14:02:18.543078 [DEBUG] Flutter fallback: failed to get trees: no Flutter VM service found
14:02:18.564798 [DEBUG] Flutter fallback: failed to get trees: no Flutter VM service found
14:02:18.587367 [DEBUG] Flutter fallback: failed to get trees: no Flutter VM service found
14:02:18.609139 [DEBUG] Flutter fallback: failed to get trees: no Flutter VM service found
14:02:18.629852 [DEBUG] Flutter fallback: failed to get trees: no Flutter VM service found
14:02:18.650667 [DEBUG] Flutter fallback: failed to get trees: no Flutter VM service found
14:02:18.671568 [DEBUG] Flutter fallback: failed to get trees: no Flutter VM service found
14:02:18.692442 [DEBUG] Flutter fallback: failed to get trees: no Flutter VM service found
14:02:18.712891 [DEBUG] Flutter fallback: failed to get trees: no Flutter VM service found
14:02:18.736020 [DEBUG] Flutter fallback: failed to get trees: no Flutter VM service found
14:02:18.756551 [DEBUG] Flutter fallback: failed to get trees: no Flutter VM service found
14:02:18.776834 [DEBUG] Flutter fallback: failed to get trees: no Flutter VM service found
14:02:18.797994 [DEBUG] Flutter fallback: failed to get trees: no Flutter VM service found
14:02:18.818471 [DEBUG] Flutter fallback: failed to get trees: no Flutter VM service found
14:02:18.839664 [DEBUG] Flutter fallback: failed to get trees: no Flutter VM service found
14:02:18.860499 [DEBUG] Flutter fallback: failed to get trees: no Flutter VM service found
14:02:18.880515 [DEBUG] Flutter fallback: failed to get trees: no Flutter VM service found
14:02:18.900893 [DEBUG] Flutter fallback: failed to get trees: no Flutter VM service found
14:02:18.920884 [DEBUG] Flutter fallback: failed to get trees: no Flutter VM service found
14:02:18.941501 [DEBUG] Flutter fallback: failed to get trees: no Flutter VM service found
14:02:18.961644 [DEBUG] Flutter fallback: failed to get trees: no Flutter VM service found
14:02:18.981169 [DEBUG] Flutter fallback: failed to get trees: no Flutter VM service found
14:02:19.001944 [DEBUG] Flutter fallback: failed to get trees: no Flutter VM service found
14:02:19.023363 [DEBUG] Flutter fallback: failed to get trees: no Flutter VM service found
14:02:19.044180 [DEBUG] Flutter fallback: failed to get trees: no Flutter VM service found
14:02:19.064782 [DEBUG] Flutter fallback: failed to get trees: no Flutter VM service found
14:02:19.085770 [DEBUG] Flutter fallback: failed to get trees: no Flutter VM service found
14:02:19.106030 [DEBUG] Flutter fallback: failed to get trees: no Flutter VM service found
14:02:19.127194 [DEBUG] Flutter fallback: failed to get trees: no Flutter VM service found
14:02:19.148335 [DEBUG] Flutter fallback: failed to get trees: no Flutter VM service found
14:02:19.168018 [DEBUG] Flutter fallback: failed to get trees: no Flutter VM service found
14:02:19.187366 [DEBUG] Flutter fallback: failed to get trees: no Flutter VM service found
14:02:19.207254 [DEBUG] Flutter fallback: failed to get trees: no Flutter VM service found
14:02:19.227008 [DEBUG] Flutter fallback: failed to get trees: no Flutter VM service found
14:02:19.247094 [DEBUG] Flutter fallback: failed to get trees: no Flutter VM service found
14:02:19.267390 [DEBUG] Flutter fallback: failed to get trees: no Flutter VM service found
14:02:19.287932 [DEBUG] Flutter fallback: failed to get trees: no Flutter VM service found
14:02:19.307507 [DEBUG] Flutter fallback: failed to get trees: no Flutter VM service found
14:02:19.327045 [DEBUG] Flutter fallback: failed to get trees: no Flutter VM service found
14:02:19.346362 [DEBUG] Flutter fallback: failed to get trees: no Flutter VM service found
14:02:19.366567 [DEBUG] Flutter fallback: failed to get trees: no Flutter VM service found
14:02:19.386871 [DEBUG] Flutter fallback: failed to get trees: no Flutter VM service found
14:02:19.407360 [DEBUG] Flutter fallback: failed to get trees: no Flutter VM service found
14:02:19.426818 [DEBUG] Flutter fallback: failed to get trees: no Flutter VM service found
14:02:19.446907 [DEBUG] Flutter fallback: failed to get trees: no Flutter VM service found
14:02:19.466352 [DEBUG] Flutter fallback: failed to get trees: no Flutter VM service found
14:02:19.486150 [DEBUG] Flutter fallback: failed to get trees: no Flutter VM service found
14:02:19.507484 [DEBUG] Flutter fallback: failed to get trees: no Flutter VM service found
14:02:19.526778 [DEBUG] Flutter fallback: failed to get trees: no Flutter VM service found
14:02:19.547412 [DEBUG] Flutter fallback: failed to get trees: no Flutter VM service found
14:02:19.567350 [DEBUG] Flutter fallback: failed to get trees: no Flutter VM service found
14:02:19.589295 [DEBUG] Flutter fallback: failed to get trees: no Flutter VM service found
14:02:19.610759 [DEBUG] Flutter fallback: failed to get trees: no Flutter VM service found
14:02:19.632426 [DEBUG] Flutter fallback: failed to get trees: no Flutter VM service found
14:02:19.653182 [DEBUG] Flutter fallback: failed to get trees: no Flutter VM service found
14:02:19.674755 [DEBUG] Flutter fallback: failed to get trees: no Flutter VM service found
14:02:19.699231 [DEBUG] Flutter fallback: failed to get trees: no Flutter VM service found
14:02:19.722644 [DEBUG] Flutter fallback: failed to get trees: no Flutter VM service found
14:02:19.744824 [DEBUG] Flutter fallback: failed to get trees: no Flutter VM service found
14:02:19.771902 [DEBUG] Flutter fallback: failed to get trees: no Flutter VM service found
14:02:19.799260 [DEBUG] Flutter fallback: failed to get trees: no Flutter VM service found
14:02:19.822794 [DEBUG] Flutter fallback: failed to get trees: no Flutter VM service found
14:02:19.851470 [DEBUG] Flutter fallback: failed to get trees: no Flutter VM service found
14:02:19.879427 [DEBUG] Flutter fallback: failed to get trees: no Flutter VM service found
14:02:19.909153 [DEBUG] Flutter fallback: failed to get trees: no Flutter VM service found
14:02:19.932908 [DEBUG] Flutter fallback: failed to get trees: no Flutter VM service found
14:02:19.968248 [DEBUG] Flutter fallback: failed to get trees: no Flutter VM service found
14:02:19.997548 [DEBUG] Flutter fallback: failed to get trees: no Flutter VM service found
14:02:20.028680 [DEBUG] Flutter fallback: failed to get trees: no Flutter VM service found
14:02:20.064551 [DEBUG] Flutter fallback: failed to get trees: no Flutter VM service found
14:02:20.093833 [DEBUG] Flutter fallback: failed to get trees: no Flutter VM service found
14:02:20.122641 [DEBUG] Flutter fallback: failed to get trees: no Flutter VM service found
14:02:20.151591 [DEBUG] Flutter fallback: failed to get trees: no Flutter VM service found
14:02:20.181588 [DEBUG] Flutter fallback: failed to get trees: no Flutter VM service found
14:02:20.217193 [DEBUG] Flutter fallback: failed to get trees: no Flutter VM service found
14:02:20.241146 [DEBUG] Flutter fallback: failed to get trees: no Flutter VM service found
14:02:20.263534 [DEBUG] Flutter fallback: failed to get trees: no Flutter VM service found
14:02:20.283448 [DEBUG] Flutter fallback: failed to get trees: no Flutter VM service found
14:02:20.303720 [DEBUG] Flutter fallback: failed to get trees: no Flutter VM service found
14:02:20.326315 [DEBUG] Flutter fallback: failed to get trees: no Flutter VM service found
14:02:20.351441 [DEBUG] Flutter fallback: failed to get trees: no Flutter VM service found
14:02:20.374113 [DEBUG] Flutter fallback: failed to get trees: no Flutter VM service found
14:02:20.396409 [DEBUG] Flutter fallback: failed to get trees: no Flutter VM service found
14:02:20.419068 [DEBUG] Flutter fallback: failed to get trees: no Flutter VM service found
14:02:20.442686 [DEBUG] Flutter fallback: failed to get trees: no Flutter VM service found
14:02:20.463750 [DEBUG] Flutter fallback: failed to get trees: no Flutter VM service found
14:02:20.487945 [DEBUG] Flutter fallback: failed to get trees: no Flutter VM service found
14:02:20.510323 [DEBUG] Flutter fallback: failed to get trees: no Flutter VM service found
14:02:20.531806 [DEBUG] Flutter fallback: failed to get trees: no Flutter VM service found
14:02:20.555193 [DEBUG] Flutter fallback: failed to get trees: no Flutter VM service found
14:02:20.576234 [DEBUG] Flutter fallback: failed to get trees: no Flutter VM service found
14:02:20.597962 [DEBUG] Flutter fallback: failed to get trees: no Flutter VM service found
14:02:20.619649 [DEBUG] Flutter fallback: failed to get trees: no Flutter VM service found
14:02:20.641389 [DEBUG] Flutter fallback: failed to get trees: no Flutter VM service found
14:02:20.663261 [DEBUG] Flutter fallback: failed to get trees: no Flutter VM service found
14:02:20.696416 [DEBUG] Flutter fallback: failed to get trees: no Flutter VM service found
14:02:20.718667 [DEBUG] Flutter fallback: failed to get trees: no Flutter VM service found
14:02:20.740288 [DEBUG] Flutter fallback: failed to get trees: no Flutter VM service found
14:02:20.761679 [DEBUG] Flutter fallback: failed to get trees: no Flutter VM service found
14:02:20.784312 [DEBUG] Flutter fallback: failed to get trees: no Flutter VM service found
14:02:20.809579 [DEBUG] Flutter fallback: failed to get trees: no Flutter VM service found
14:02:20.834814 [DEBUG] Flutter fallback: failed to get trees: no Flutter VM service found
14:02:20.857967 [DEBUG] Flutter fallback: failed to get trees: no Flutter VM service found
14:02:20.880248 [DEBUG] Flutter fallback: failed to get trees: no Flutter VM service found
14:02:20.903419 [DEBUG] Flutter fallback: failed to get trees: no Flutter VM service found
14:02:20.926224 [DEBUG] Flutter fallback: failed to get trees: no Flutter VM service found
14:02:20.950241 [DEBUG] Flutter fallback: failed to get trees: no Flutter VM service found
14:02:20.973922 [DEBUG] Flutter fallback: failed to get trees: no Flutter VM service found
14:02:20.995587 [DEBUG] Flutter fallback: failed to get trees: no Flutter VM service found
14:02:21.017086 [DEBUG] Flutter fallback: failed to get trees: no Flutter VM service found
14:02:21.039031 [DEBUG] Flutter fallback: failed to get trees: no Flutter VM service found
14:02:21.061335 [DEBUG] Flutter fallback: failed to get trees: no Flutter VM service found
14:02:21.082167 [DEBUG] Flutter fallback: failed to get trees: no Flutter VM service found
14:02:21.103153 [DEBUG] Flutter fallback: failed to get trees: no Flutter VM service found
14:02:21.123787 [DEBUG] Flutter fallback: failed to get trees: no Flutter VM service found
14:02:21.143569 [DEBUG] Flutter fallback: failed to get trees: no Flutter VM service found
14:02:21.164067 [DEBUG] Flutter fallback: failed to get trees: no Flutter VM service found
14:02:21.184334 [DEBUG] Flutter fallback: failed to get trees: no Flutter VM service found
14:02:21.204269 [DEBUG] Flutter fallback: failed to get trees: no Flutter VM service found
14:02:21.226835 [DEBUG] Flutter fallback: failed to get trees: no Flutter VM service found
14:02:21.249684 [DEBUG] Flutter fallback: failed to get trees: no Flutter VM service found
14:02:21.270666 [DEBUG] Flutter fallback: failed to get trees: no Flutter VM service found
14:02:21.291835 [DEBUG] Flutter fallback: failed to get trees: no Flutter VM service found
14:02:21.313064 [DEBUG] Flutter fallback: failed to get trees: no Flutter VM service found
14:02:21.334746 [DEBUG] Flutter fallback: failed to get trees: no Flutter VM service found
14:02:21.355737 [DEBUG] Flutter fallback: failed to get trees: no Flutter VM service found
14:02:21.376417 [DEBUG] Flutter fallback: failed to get trees: no Flutter VM service found
14:02:21.397500 [DEBUG] Flutter fallback: failed to get trees: no Flutter VM service found
14:02:21.418804 [DEBUG] Flutter fallback: failed to get trees: no Flutter VM service found
14:02:21.439719 [DEBUG] Flutter fallback: failed to get trees: no Flutter VM service found
14:02:21.460925 [DEBUG] Flutter fallback: failed to get trees: no Flutter VM service found
14:02:21.482391 [DEBUG] Flutter fallback: failed to get trees: no Flutter VM service found
14:02:21.503431 [DEBUG] Flutter fallback: failed to get trees: no Flutter VM service found
14:02:21.523797 [DEBUG] Flutter fallback: failed to get trees: no Flutter VM service found
14:02:21.544201 [DEBUG] Flutter fallback: failed to get trees: no Flutter VM service found
14:02:21.564841 [DEBUG] Flutter fallback: failed to get trees: no Flutter VM service found
14:02:21.584734 [DEBUG] Flutter fallback: failed to get trees: no Flutter VM service found
14:02:21.606184 [DEBUG] Flutter fallback: failed to get trees: no Flutter VM service found
14:02:21.626357 [DEBUG] Flutter fallback: failed to get trees: no Flutter VM service found
14:02:21.647283 [DEBUG] Flutter fallback: failed to get trees: no Flutter VM service found
14:02:21.670187 [DEBUG] Flutter fallback: failed to get trees: no Flutter VM service found
14:02:21.690453 [DEBUG] Flutter fallback: failed to get trees: no Flutter VM service found
14:02:21.711583 [DEBUG] Flutter fallback: failed to get trees: no Flutter VM service found
14:02:21.732170 [DEBUG] Flutter fallback: failed to get trees: no Flutter VM service found
14:02:21.752241 [DEBUG] Flutter fallback: failed to get trees: no Flutter VM service found
14:02:21.772155 [DEBUG] Flutter fallback: failed to get trees: no Flutter VM service found
14:02:21.792884 [DEBUG] Flutter fallback: failed to get trees: no Flutter VM service found
14:02:21.814213 [DEBUG] Flutter fallback: failed to get trees: no Flutter VM service found
14:02:21.836512 [DEBUG] Flutter fallback: failed to get trees: no Flutter VM service found
14:02:21.859305 [DEBUG] Flutter fallback: failed to get trees: no Flutter VM service found
14:02:21.880545 [DEBUG] Flutter fallback: failed to get trees: no Flutter VM service found
14:02:21.904391 [DEBUG] Flutter fallback: failed to get trees: no Flutter VM service found
14:02:21.926945 [DEBUG] Flutter fallback: failed to get trees: no Flutter VM service found
14:02:21.952260 [DEBUG] Flutter fallback: failed to get trees: no Flutter VM service found
14:02:21.975081 [DEBUG] Flutter fallback: failed to get trees: no Flutter VM service found
14:02:21.995976 [DEBUG] Flutter fallback: failed to get trees: no Flutter VM service found
14:02:22.016866 [DEBUG] Flutter fallback: failed to get trees: no Flutter VM service found
14:02:22.039174 [DEBUG] Flutter fallback: failed to get trees: no Flutter VM service found
14:02:22.063881 [DEBUG] Flutter fallback: failed to get trees: no Flutter VM service found
14:02:22.085474 [DEBUG] Flutter fallback: failed to get trees: no Flutter VM service found
14:02:22.106690 [DEBUG] Flutter fallback: failed to get trees: no Flutter VM service found
14:02:22.128263 [DEBUG] Flutter fallback: failed to get trees: no Flutter VM service found
14:02:22.153662 [DEBUG] Flutter fallback: failed to get trees: no Flutter VM service found
14:02:22.176840 [DEBUG] Flutter fallback: failed to get trees: no Flutter VM service found
14:02:22.199644 [DEBUG] Flutter fallback: failed to get trees: no Flutter VM service found
14:02:22.221114 [DEBUG] Flutter fallback: failed to get trees: no Flutter VM service found
14:02:22.243885 [DEBUG] Flutter fallback: failed to get trees: no Flutter VM service found
14:02:22.265473 [DEBUG] Flutter fallback: failed to get trees: no Flutter VM service found
14:02:22.286355 [DEBUG] Flutter fallback: failed to get trees: no Flutter VM service found
14:02:22.307730 [DEBUG] Flutter fallback: failed to get trees: no Flutter VM service found
14:02:22.328721 [DEBUG] Flutter fallback: failed to get trees: no Flutter VM service found
14:02:22.350649 [DEBUG] Flutter fallback: failed to get trees: no Flutter VM service found
14:02:22.371474 [DEBUG] Flutter fallback: failed to get trees: no Flutter VM service found
14:02:22.392761 [DEBUG] Flutter fallback: failed to get trees: no Flutter VM service found
14:02:22.413384 [DEBUG] Flutter fallback: failed to get trees: no Flutter VM service found
14:02:22.434935 [DEBUG] Flutter fallback: failed to get trees: no Flutter VM service found
14:02:22.455089 [DEBUG] Flutter fallback: failed to get trees: no Flutter VM service found
14:02:22.476647 [DEBUG] Flutter fallback: failed to get trees: no Flutter VM service found
14:02:22.497571 [DEBUG] Flutter fallback: failed to get trees: no Flutter VM service found
14:02:22.519541 [DEBUG] Flutter fallback: failed to get trees: no Flutter VM service found
14:02:22.541717 [DEBUG] Flutter fallback: failed to get trees: no Flutter VM service found
14:02:22.563099 [DEBUG] Flutter fallback: failed to get trees: no Flutter VM service found
14:02:22.584448 [DEBUG] Flutter fallback: failed to get trees: no Flutter VM service found
14:02:22.607181 [DEBUG] Flutter fallback: failed to get trees: no Flutter VM service found
14:02:22.628792 [DEBUG] Flutter fallback: failed to get trees: no Flutter VM service found
14:02:22.650833 [DEBUG] Flutter fallback: failed to get trees: no Flutter VM service found
14:02:22.672228 [DEBUG] Flutter fallback: failed to get trees: no Flutter VM service found
14:02:22.693532 [DEBUG] Flutter fallback: failed to get trees: no Flutter VM service found
14:02:22.715562 [DEBUG] Flutter fallback: failed to get trees: no Flutter VM service found
14:02:22.737416 [DEBUG] Flutter fallback: failed to get trees: no Flutter VM service found
14:02:22.758779 [DEBUG] Flutter fallback: failed to get trees: no Flutter VM service found
14:02:22.779294 [DEBUG] Flutter fallback: failed to get trees: no Flutter VM service found
14:02:22.801874 [DEBUG] Flutter fallback: failed to get trees: no Flutter VM service found
14:02:22.825021 [DEBUG] Flutter fallback: failed to get trees: no Flutter VM service found
14:02:22.845898 [DEBUG] Flutter fallback: failed to get trees: no Flutter VM service found
14:02:22.867865 [DEBUG] Flutter fallback: failed to get trees: no Flutter VM service found
14:02:22.890529 [DEBUG] Flutter fallback: failed to get trees: no Flutter VM service found
14:02:22.911839 [DEBUG] Flutter fallback: failed to get trees: no Flutter VM service found
14:02:22.933440 [DEBUG] Flutter fallback: failed to get trees: no Flutter VM service found
14:02:22.954331 [DEBUG] Flutter fallback: failed to get trees: no Flutter VM service found
14:02:22.976491 [DEBUG] Flutter fallback: failed to get trees: no Flutter VM service found
14:02:22.998287 [DEBUG] Flutter fallback: failed to get trees: no Flutter VM service found
14:02:23.020744 [DEBUG] Flutter fallback: failed to get trees: no Flutter VM service found
14:02:23.041274 [DEBUG] Flutter fallback: failed to get trees: no Flutter VM service found
14:02:23.063059 [DEBUG] Flutter fallback: failed to get trees: no Flutter VM service found
14:02:23.084408 [DEBUG] Flutter fallback: failed to get trees: no Flutter VM service found
14:02:23.106595 [DEBUG] Flutter fallback: failed to get trees: no Flutter VM service found
14:02:23.127970 [DEBUG] Flutter fallback: failed to get trees: no Flutter VM service found
14:02:23.149698 [DEBUG] Flutter fallback: failed to get trees: no Flutter VM service found
14:02:23.171240 [DEBUG] Flutter fallback: failed to get trees: no Flutter VM service found
14:02:23.193134 [DEBUG] Flutter fallback: failed to get trees: no Flutter VM service found
14:02:23.215892 [DEBUG] Flutter fallback: failed to get trees: no Flutter VM service found
14:02:23.237460 [DEBUG] Flutter fallback: failed to get trees: no Flutter VM service found
14:02:23.259988 [DEBUG] Flutter fallback: failed to get trees: no Flutter VM service found
14:02:23.282967 [DEBUG] Flutter fallback: failed to get trees: no Flutter VM service found
14:02:23.305179 [DEBUG] Flutter fallback: failed to get trees: no Flutter VM service found
14:02:23.327258 [DEBUG] Flutter fallback: failed to get trees: no Flutter VM service found
14:02:23.350365 [DEBUG] Flutter fallback: failed to get trees: no Flutter VM service found
14:02:23.374363 [DEBUG] Flutter fallback: failed to get trees: no Flutter VM service found
14:02:23.396343 [DEBUG] Flutter fallback: failed to get trees: no Flutter VM service found
14:02:23.417566 [DEBUG] Flutter fallback: failed to get trees: no Flutter VM service found
14:02:23.438616 [DEBUG] Flutter fallback: failed to get trees: no Flutter VM service found
14:02:23.460167 [DEBUG] Flutter fallback: failed to get trees: no Flutter VM service found
14:02:23.481553 [DEBUG] Flutter fallback: failed to get trees: no Flutter VM service found
14:02:23.502923 [DEBUG] Flutter fallback: failed to get trees: no Flutter VM service found
14:02:23.523618 [DEBUG] Flutter fallback: failed to get trees: no Flutter VM service found
14:02:23.544318 [DEBUG] Flutter fallback: failed to get trees: no Flutter VM service found
14:02:23.565454 [DEBUG] Flutter fallback: failed to get trees: no Flutter VM service found
14:02:23.586814 [DEBUG] Flutter fallback: failed to get trees: no Flutter VM service found
14:02:23.607882 [DEBUG] Flutter fallback: failed to get trees: no Flutter VM service found
14:02:23.629360 [DEBUG] Flutter fallback: failed to get trees: no Flutter VM service found
14:02:23.651812 [DEBUG] Flutter fallback: failed to get trees: no Flutter VM service found
14:02:23.672792 [DEBUG] Flutter fallback: failed to get trees: no Flutter VM service found
14:02:23.694972 [DEBUG] Flutter fallback: failed to get trees: no Flutter VM service found
14:02:23.716796 [DEBUG] Flutter fallback: failed to get trees: no Flutter VM service found
14:02:23.737230 [DEBUG] Flutter fallback: failed to get trees: no Flutter VM service found
14:02:23.759267 [DEBUG] Flutter fallback: failed to get trees: no Flutter VM service found
14:02:23.781095 [DEBUG] Flutter fallback: failed to get trees: no Flutter VM service found
14:02:23.805017 [DEBUG] Flutter fallback: failed to get trees: no Flutter VM service found
14:02:23.827633 [DEBUG] Flutter fallback: failed to get trees: no Flutter VM service found
14:02:23.850227 [DEBUG] Flutter fallback: failed to get trees: no Flutter VM service found
14:02:23.872048 [DEBUG] Flutter fallback: failed to get trees: no Flutter VM service found
14:02:23.893495 [DEBUG] Flutter fallback: failed to get trees: no Flutter VM service found
14:02:23.915837 [DEBUG] Flutter fallback: failed to get trees: no Flutter VM service found
14:02:23.937203 [DEBUG] Flutter fallback: failed to get trees: no Flutter VM service found
14:02:23.957880 [DEBUG] Flutter fallback: failed to get trees: no Flutter VM service found
14:02:23.979639 [DEBUG] Flutter fallback: failed to get trees: no Flutter VM service found
14:02:24.003245 [DEBUG] Flutter fallback: failed to get trees: no Flutter VM service found
14:02:24.025697 [DEBUG] Flutter fallback: failed to get trees: no Flutter VM service found
14:02:24.048295 [DEBUG] Flutter fallback: failed to get trees: no Flutter VM service found
14:02:24.070916 [DEBUG] Flutter fallback: failed to get trees: no Flutter VM service found
14:02:24.093355 [DEBUG] Flutter fallback: failed to get trees: no Flutter VM service found
14:02:24.120645 [DEBUG] Flutter fallback: failed to get trees: no Flutter VM service found
14:02:24.145270 [DEBUG] Flutter fallback: failed to get trees: no Flutter VM service found
14:02:24.168657 [DEBUG] Flutter fallback: failed to get trees: no Flutter VM service found
14:02:24.193237 [DEBUG] Flutter fallback: failed to get trees: no Flutter VM service found
14:02:24.220208 [DEBUG] Flutter fallback: failed to get trees: no Flutter VM service found
14:02:24.241724 [DEBUG] Flutter fallback: failed to get trees: no Flutter VM service found
14:02:24.264596 [DEBUG] Flutter fallback: failed to get trees: no Flutter VM service found
14:02:24.287065 [DEBUG] Flutter fallback: failed to get trees: no Flutter VM service found
14:02:24.308916 [DEBUG] Flutter fallback: failed to get trees: no Flutter VM service found
14:02:24.330825 [DEBUG] Flutter fallback: failed to get trees: no Flutter VM service found
14:02:24.355194 [DEBUG] Flutter fallback: failed to get trees: no Flutter VM service found
14:02:24.379443 [DEBUG] Flutter fallback: failed to get trees: no Flutter VM service found
14:02:24.404631 [DEBUG] Flutter fallback: failed to get trees: no Flutter VM service found
14:02:24.434248 [DEBUG] Flutter fallback: failed to get trees: no Flutter VM service found
14:02:24.458244 [DEBUG] Flutter fallback: failed to get trees: no Flutter VM service found
14:02:24.482231 [DEBUG] Flutter fallback: failed to get trees: no Flutter VM service found
14:02:24.504962 [DEBUG] Flutter fallback: failed to get trees: no Flutter VM service found
14:02:24.533230 [DEBUG] Flutter fallback: failed to get trees: no Flutter VM service found
14:02:24.570125 [DEBUG] Flutter fallback: failed to get trees: no Flutter VM service found
14:02:24.598171 [DEBUG] Flutter fallback: failed to get trees: no Flutter VM service found
14:02:24.629240 [DEBUG] Flutter fallback: failed to get trees: no Flutter VM service found
14:02:24.655260 [DEBUG] Flutter fallback: failed to get trees: no Flutter VM service found
14:02:24.677904 [DEBUG] Flutter fallback: failed to get trees: no Flutter VM service found
14:02:24.715525 [DEBUG] Flutter fallback: failed to get trees: no Flutter VM service found
14:02:24.741326 [DEBUG] Flutter fallback: failed to get trees: no Flutter VM service found
14:02:24.775515 [DEBUG] Flutter fallback: failed to get trees: no Flutter VM service found
14:02:24.802165 [DEBUG] Flutter fallback: failed to get trees: no Flutter VM service found
14:02:24.827944 [DEBUG] Flutter fallback: failed to get trees: no Flutter VM service found
14:02:24.851847 [DEBUG] Flutter fallback: failed to get trees: no Flutter VM service found
14:02:24.876229 [DEBUG] Flutter fallback: failed to get trees: no Flutter VM service found
14:02:24.899551 [DEBUG] Flutter fallback: failed to get trees: no Flutter VM service found
14:02:24.922058 [DEBUG] Flutter fallback: failed to get trees: no Flutter VM service found
14:02:24.947022 [DEBUG] Flutter fallback: failed to get trees: no Flutter VM service found
14:02:24.970164 [DEBUG] Flutter fallback: failed to get trees: no Flutter VM service found
14:02:24.992805 [DEBUG] Flutter fallback: failed to get trees: no Flutter VM service found
14:02:25.015978 [DEBUG] Flutter fallback: failed to get trees: no Flutter VM service found
14:02:25.037713 [DEBUG] Flutter fallback: failed to get trees: no Flutter VM service found
14:02:25.061310 [DEBUG] Flutter fallback: failed to get trees: no Flutter VM service found
14:02:25.086260 [DEBUG] Flutter fallback: failed to get trees: no Flutter VM service found
14:02:25.127802 [DEBUG] Flutter fallback: failed to get trees: no Flutter VM service found
14:02:25.157889 [DEBUG] Flutter fallback: failed to get trees: no Flutter VM service found
14:02:25.182628 [DEBUG] Flutter fallback: failed to get trees: no Flutter VM service found
14:02:25.207358 [DEBUG] Flutter fallback: failed to get trees: no Flutter VM service found
14:02:25.232617 [DEBUG] Flutter fallback: failed to get trees: no Flutter VM service found
14:02:25.256866 [DEBUG] Flutter fallback: failed to get trees: no Flutter VM service found
14:02:25.278963 [DEBUG] Flutter fallback: failed to get trees: no Flutter VM service found
14:02:25.302749 [DEBUG] Flutter fallback: failed to get trees: no Flutter VM service found
14:02:25.327209 [DEBUG] Flutter fallback: failed to get trees: no Flutter VM service found
14:02:25.351958 [DEBUG] Flutter fallback: failed to get trees: no Flutter VM service found
14:02:25.375171 [DEBUG] Flutter fallback: failed to get trees: no Flutter VM service found
14:02:25.398117 [DEBUG] Flutter fallback: failed to get trees: no Flutter VM service found
14:02:25.422062 [DEBUG] Flutter fallback: failed to get trees: no Flutter VM service found
14:02:25.443881 [DEBUG] Flutter fallback: failed to get trees: no Flutter VM service found
14:02:25.467232 [DEBUG] Flutter fallback: failed to get trees: no Flutter VM service found
14:02:25.489187 [DEBUG] Flutter fallback: failed to get trees: no Flutter VM service found
14:02:25.512458 [DEBUG] Flutter fallback: failed to get trees: no Flutter VM service found
14:02:25.539996 [DEBUG] Flutter fallback: failed to get trees: no Flutter VM service found
14:02:25.561409 [DEBUG] Flutter fallback: failed to get trees: no Flutter VM service found
14:02:25.584585 [DEBUG] Flutter fallback: failed to get trees: no Flutter VM service found
14:02:25.608606 [DEBUG] Flutter fallback: failed to get trees: no Flutter VM service found
14:02:25.635892 [DEBUG] Flutter fallback: failed to get trees: no Flutter VM service found
14:02:25.659358 [DEBUG] Flutter fallback: failed to get trees: no Flutter VM service found
14:02:25.682685 [DEBUG] Flutter fallback: failed to get trees: no Flutter VM service found
14:02:25.711397 [DEBUG] Flutter fallback: failed to get trees: no Flutter VM service found
14:02:25.734674 [DEBUG] Flutter fallback: failed to get trees: no Flutter VM service found
14:02:25.758689 [DEBUG] Flutter fallback: failed to get trees: no Flutter VM service found
14:02:25.780696 [DEBUG] Flutter fallback: failed to get trees: no Flutter VM service found
14:02:25.803302 [DEBUG] Flutter fallback: failed to get trees: no Flutter VM service found
14:02:25.827183 [DEBUG] Flutter fallback: failed to get trees: no Flutter VM service found
14:02:25.849133 [DEBUG] Flutter fallback: failed to get trees: no Flutter VM service found
14:02:25.871310 [DEBUG] Flutter fallback: failed to get trees: no Flutter VM service found
14:02:25.895174 [DEBUG] Flutter fallback: failed to get trees: no Flutter VM service found
14:02:25.916631 [DEBUG] Flutter fallback: failed to get trees: no Flutter VM service found
14:02:25.939782 [DEBUG] Flutter fallback: failed to get trees: no Flutter VM service found
14:02:25.962951 [DEBUG] Flutter fallback: failed to get trees: no Flutter VM service found
14:02:25.986363 [DEBUG] Flutter fallback: failed to get trees: no Flutter VM service found
14:02:26.009265 [DEBUG] Flutter fallback: failed to get trees: no Flutter VM service found
14:02:26.031607 [DEBUG] Flutter fallback: failed to get trees: no Flutter VM service found
14:02:26.053749 [DEBUG] Flutter fallback: failed to get trees: no Flutter VM service found
14:02:26.076985 [DEBUG] Flutter fallback: failed to get trees: no Flutter VM service found
14:02:26.099480 [DEBUG] Flutter fallback: failed to get trees: no Flutter VM service found
14:02:26.121692 [DEBUG] Flutter fallback: failed to get trees: no Flutter VM service found
14:02:26.143401 [DEBUG] Flutter fallback: failed to get trees: no Flutter VM service found
14:02:26.166071 [DEBUG] Flutter fallback: failed to get trees: no Flutter VM service found
14:02:26.187997 [DEBUG] Flutter fallback: failed to get trees: no Flutter VM service found
14:02:26.210843 [DEBUG] Flutter fallback: failed to get trees: no Flutter VM service found
14:02:26.233079 [DEBUG] Flutter fallback: failed to get trees: no Flutter VM service found
14:02:26.258339 [DEBUG] Flutter fallback: failed to get trees: no Flutter VM service found
14:02:26.281543 [DEBUG] Flutter fallback: failed to get trees: no Flutter VM service found
14:02:26.305923 [DEBUG] Flutter fallback: failed to get trees: no Flutter VM service found
14:02:26.330260 [DEBUG] Flutter fallback: failed to get trees: no Flutter VM service found
14:02:26.356596 [DEBUG] Flutter fallback: failed to get trees: no Flutter VM service found
14:02:26.383810 [DEBUG] Flutter fallback: failed to get trees: no Flutter VM service found
14:02:26.408812 [DEBUG] Flutter fallback: failed to get trees: no Flutter VM service found
14:02:26.433483 [DEBUG] Flutter fallback: failed to get trees: no Flutter VM service found
14:02:26.456310 [DEBUG] Flutter fallback: failed to get trees: no Flutter VM service found
14:02:26.480255 [DEBUG] Flutter fallback: failed to get trees: no Flutter VM service found
14:02:26.502754 [DEBUG] Flutter fallback: failed to get trees: no Flutter VM service found
14:02:26.525307 [DEBUG] Flutter fallback: failed to get trees: no Flutter VM service found
14:02:26.548799 [DEBUG] Flutter fallback: failed to get trees: no Flutter VM service found
14:02:26.571758 [DEBUG] Flutter fallback: failed to get trees: no Flutter VM service found
14:02:26.593749 [DEBUG] Flutter fallback: failed to get trees: no Flutter VM service found
14:02:26.618321 [DEBUG] Flutter fallback: failed to get trees: no Flutter VM service found
14:02:26.642716 [DEBUG] Flutter fallback: failed to get trees: no Flutter VM service found
14:02:26.666341 [DEBUG] Flutter fallback: failed to get trees: no Flutter VM service found
14:02:26.690330 [DEBUG] Flutter fallback: failed to get trees: no Flutter VM service found
14:02:26.714466 [DEBUG] Flutter fallback: failed to get trees: no Flutter VM service found
14:02:26.737057 [DEBUG] Flutter fallback: failed to get trees: no Flutter VM service found
14:02:26.761631 [DEBUG] Flutter fallback: failed to get trees: no Flutter VM service found
14:02:26.783785 [DEBUG] Flutter fallback: failed to get trees: no Flutter VM service found
14:02:26.807134 [DEBUG] Flutter fallback: failed to get trees: no Flutter VM service found
14:02:26.830404 [DEBUG] Flutter fallback: failed to get trees: no Flutter VM service found
14:02:26.853512 [DEBUG] Flutter fallback: failed to get trees: no Flutter VM service found
14:02:26.877301 [DEBUG] Flutter fallback: failed to get trees: no Flutter VM service found
14:02:26.902161 [DEBUG] Flutter fallback: failed to get trees: no Flutter VM service found
14:02:26.925861 [DEBUG] Flutter fallback: failed to get trees: no Flutter VM service found
14:02:26.948930 [DEBUG] Flutter fallback: failed to get trees: no Flutter VM service found
14:02:26.970795 [DEBUG] Flutter fallback: failed to get trees: no Flutter VM service found
14:02:26.992052 [DEBUG] Flutter fallback: failed to get trees: no Flutter VM service found
14:02:27.015674 [DEBUG] Flutter fallback: failed to get trees: no Flutter VM service found
14:02:27.038871 [DEBUG] Flutter fallback: failed to get trees: no Flutter VM service found
14:02:27.062033 [DEBUG] Flutter fallback: failed to get trees: no Flutter VM service found
14:02:27.084622 [DEBUG] Flutter fallback: failed to get trees: no Flutter VM service found
14:02:27.106331 [DEBUG] Flutter fallback: failed to get trees: no Flutter VM service found
14:02:27.129400 [DEBUG] Flutter fallback: failed to get trees: no Flutter VM service found
14:02:27.154472 [DEBUG] Flutter fallback: failed to get trees: no Flutter VM service found
14:02:27.177424 [DEBUG] Flutter fallback: failed to get trees: no Flutter VM service found
14:02:27.200641 [DEBUG] Flutter fallback: failed to get trees: no Flutter VM service found
14:02:27.224123 [DEBUG] Flutter fallback: failed to get trees: no Flutter VM service found
14:02:27.246428 [DEBUG] Flutter fallback: failed to get trees: no Flutter VM service found
14:02:27.269063 [DEBUG] Flutter fallback: failed to get trees: no Flutter VM service found
14:02:27.292741 [DEBUG] Flutter fallback: failed to get trees: no Flutter VM service found
14:02:27.319521 [DEBUG] Flutter fallback: failed to get trees: no Flutter VM service found
14:02:27.343595 [DEBUG] Flutter fallback: failed to get trees: no Flutter VM service found
14:02:27.366182 [DEBUG] Flutter fallback: failed to get trees: no Flutter VM service found
14:02:27.393058 [DEBUG] Flutter fallback: failed to get trees: no Flutter VM service found
14:02:27.416997 [DEBUG] Flutter fallback: failed to get trees: no Flutter VM service found
14:02:27.441296 [DEBUG] Flutter fallback: failed to get trees: no Flutter VM service found
14:02:27.466465 [DEBUG] Flutter fallback: failed to get trees: no Flutter VM service found
14:02:27.494497 [DEBUG] Flutter fallback: failed to get trees: no Flutter VM service found
14:02:27.521922 [DEBUG] Flutter fallback: failed to get trees: no Flutter VM service found
14:02:27.547491 [DEBUG] Flutter fallback: failed to get trees: no Flutter VM service found
14:02:27.571309 [DEBUG] Flutter fallback: failed to get trees: no Flutter VM service found
14:02:27.600173 [DEBUG] Flutter fallback: failed to get trees: no Flutter VM service found
14:02:27.624569 [DEBUG] Flutter fallback: failed to get trees: no Flutter VM service found
14:02:27.649507 [DEBUG] Flutter fallback: failed to get trees: no Flutter VM service found
14:02:27.674069 [DEBUG] Flutter fallback: failed to get trees: no Flutter VM service found
14:02:27.698445 [DEBUG] Flutter fallback: failed to get trees: no Flutter VM service found
14:02:27.723899 [DEBUG] Flutter fallback: failed to get trees: no Flutter VM service found
14:02:27.747621 [DEBUG] Flutter fallback: failed to get trees: no Flutter VM service found
14:02:27.771694 [DEBUG] Flutter fallback: failed to get trees: no Flutter VM service found
14:02:27.794196 [DEBUG] Flutter fallback: failed to get trees: no Flutter VM service found
14:02:27.817295 [DEBUG] Flutter fallback: failed to get trees: no Flutter VM service found
14:02:27.842092 [DEBUG] Flutter fallback: failed to get trees: no Flutter VM service found
14:02:27.866007 [DEBUG] Flutter fallback: failed to get trees: no Flutter VM service found
14:02:27.890009 [DEBUG] Flutter fallback: failed to get trees: no Flutter VM service found
14:02:27.914181 [DEBUG] Flutter fallback: failed to get trees: no Flutter VM service found
14:02:27.938181 [DEBUG] Flutter fallback: failed to get trees: no Flutter VM service found
14:02:27.963850 [DEBUG] Flutter fallback: failed to get trees: no Flutter VM service found
14:02:27.989286 [DEBUG] Flutter fallback: failed to get trees: no Flutter VM service found
14:02:28.014099 [DEBUG] Flutter fallback: failed to get trees: no Flutter VM service found
14:02:28.039689 [DEBUG] Flutter fallback: failed to get trees: no Flutter VM service found
14:02:28.065768 [DEBUG] Flutter fallback: failed to get trees: no Flutter VM service found
14:02:28.091088 [DEBUG] Flutter fallback: failed to get trees: no Flutter VM service found
14:02:28.116263 [DEBUG] Flutter fallback: failed to get trees: no Flutter VM service found
14:02:28.139827 [DEBUG] Flutter fallback: failed to get trees: no Flutter VM service found
14:02:28.164599 [DEBUG] Flutter fallback: failed to get trees: no Flutter VM service found
14:02:28.188080 [DEBUG] Flutter fallback: failed to get trees: no Flutter VM service found
14:02:28.211177 [DEBUG] Flutter fallback: failed to get trees: no Flutter VM service found
14:02:28.235443 [DEBUG] Flutter fallback: failed to get trees: no Flutter VM service found
14:02:28.258280 [DEBUG] Flutter fallback: failed to get trees: no Flutter VM service found
14:02:28.281744 [DEBUG] Flutter fallback: failed to get trees: no Flutter VM service found
14:02:28.304951 [DEBUG] Flutter fallback: failed to get trees: no Flutter VM service found
14:02:28.328443 [DEBUG] Flutter fallback: failed to get trees: no Flutter VM service found
14:02:28.352048 [DEBUG] Flutter fallback: failed to get trees: no Flutter VM service found
14:02:28.375047 [DEBUG] Flutter fallback: failed to get trees: no Flutter VM service found
14:02:28.399386 [DEBUG] Flutter fallback: failed to get trees: no Flutter VM service found
14:02:28.423875 [DEBUG] Flutter fallback: failed to get trees: no Flutter VM service found
14:02:28.448305 [DEBUG] Flutter fallback: failed to get trees: no Flutter VM service found
14:02:28.472834 [DEBUG] Flutter fallback: failed to get trees: no Flutter VM service found
14:02:28.496322 [DEBUG] Flutter fallback: failed to get trees: no Flutter VM service found
14:02:28.519847 [DEBUG] Flutter fallback: failed to get trees: no Flutter VM service found
14:02:28.543667 [DEBUG] Flutter fallback: failed to get trees: no Flutter VM service found
14:02:28.567990 [DEBUG] Flutter fallback: failed to get trees: no Flutter VM service found
14:02:28.591278 [DEBUG] Flutter fallback: failed to get trees: no Flutter VM service found
14:02:28.614046 [DEBUG] Flutter fallback: failed to get trees: no Flutter VM service found
14:02:28.636487 [DEBUG] Flutter fallback: failed to get trees: no Flutter VM service found
14:02:28.662189 [DEBUG] Flutter fallback: failed to get trees: no Flutter VM service found
14:02:28.685374 [DEBUG] Flutter fallback: failed to get trees: no Flutter VM service found
14:02:28.708251 [DEBUG] Flutter fallback: failed to get trees: no Flutter VM service found
14:02:28.730608 [DEBUG] Flutter fallback: failed to get trees: no Flutter VM service found
14:02:28.753992 [DEBUG] Flutter fallback: failed to get trees: no Flutter VM service found
14:02:28.777045 [DEBUG] Flutter fallback: failed to get trees: no Flutter VM service found
14:02:28.800631 [DEBUG] Flutter fallback: failed to get trees: no Flutter VM service found
14:02:28.824174 [DEBUG] Flutter fallback: failed to get trees: no Flutter VM service found
14:02:28.847581 [DEBUG] Flutter fallback: failed to get trees: no Flutter VM service found
14:02:28.870918 [DEBUG] Flutter fallback: failed to get trees: no Flutter VM service found
14:02:28.893826 [DEBUG] Flutter fallback: failed to get trees: no Flutter VM service found
14:02:28.916927 [DEBUG] Flutter fallback: failed to get trees: no Flutter VM service found
14:02:28.940358 [DEBUG] Flutter fallback: failed to get trees: no Flutter VM service found
14:02:28.963551 [DEBUG] Flutter fallback: failed to get trees: no Flutter VM service found
14:02:28.991613 [DEBUG] Flutter fallback: failed to get trees: no Flutter VM service found
14:02:29.017342 [DEBUG] Flutter fallback: failed to get trees: no Flutter VM service found
14:02:29.041880 [DEBUG] Flutter fallback: failed to get trees: no Flutter VM service found
14:02:29.068706 [DEBUG] Flutter fallback: failed to get trees: no Flutter VM service found
14:02:29.093644 [DEBUG] Flutter fallback: failed to get trees: no Flutter VM service found
14:02:29.118585 [DEBUG] Flutter fallback: failed to get trees: no Flutter VM service found
14:02:29.161783 [DEBUG] Flutter fallback: failed to get trees: no Flutter VM service found
14:02:29.197019 [DEBUG] Flutter fallback: failed to get trees: no Flutter VM service found
14:02:29.239707 [DEBUG] Flutter fallback: failed to get trees: no Flutter VM service found
14:02:29.274421 [DEBUG] Flutter fallback: failed to get trees: no Flutter VM service found
14:02:29.314372 [DEBUG] Flutter fallback: failed to get trees: no Flutter VM service found
14:02:29.358921 [DEBUG] Flutter fallback: failed to get trees: no Flutter VM service found
14:02:29.442551 [DEBUG] Flutter fallback: failed to get trees: no Flutter VM service found
14:02:29.499392 [DEBUG] Flutter fallback: failed to get trees: no Flutter VM service found
14:02:29.543191 [DEBUG] Flutter fallback: failed to get trees: no Flutter VM service found
14:02:29.625520 [DEBUG] Flutter fallback: failed to get trees: no Flutter VM service found
14:02:29.667254 [DEBUG] Flutter fallback: failed to get trees: no Flutter VM service found
14:02:29.696464 [DEBUG] Flutter fallback: failed to get trees: no Flutter VM service found
14:02:29.721917 [DEBUG] Flutter fallback: failed to get trees: no Flutter VM service found
14:02:29.746024 [DEBUG] Flutter fallback: failed to get trees: no Flutter VM service found
14:02:29.774149 [DEBUG] Flutter fallback: failed to get trees: no Flutter VM service found
14:02:29.802923 [DEBUG] Flutter fallback: failed to get trees: no Flutter VM service found
14:02:29.828590 [DEBUG] Flutter fallback: failed to get trees: no Flutter VM service found
14:02:29.855493 [DEBUG] Flutter fallback: failed to get trees: no Flutter VM service found
14:02:29.890364 [DEBUG] Flutter fallback: failed to get trees: no Flutter VM service found
14:02:29.915560 [DEBUG] Flutter fallback: failed to get trees: no Flutter VM service found
14:02:29.942293 [DEBUG] Flutter fallback: failed to get trees: no Flutter VM service found
14:02:29.966572 [DEBUG] Flutter fallback: failed to get trees: no Flutter VM service found
14:02:29.992055 [DEBUG] Flutter fallback: failed to get trees: no Flutter VM service found
14:02:30.016664 [DEBUG] Flutter fallback: failed to get trees: no Flutter VM service found
14:02:30.040319 [DEBUG] Flutter fallback: failed to get trees: no Flutter VM service found
14:02:30.066754 [DEBUG] Flutter fallback: failed to get trees: no Flutter VM service found
14:02:30.091921 [DEBUG] Flutter fallback: failed to get trees: no Flutter VM service found
14:02:30.115495 [DEBUG] Flutter fallback: failed to get trees: no Flutter VM service found
14:02:30.144229 [DEBUG] Flutter fallback: failed to get trees: no Flutter VM service found
14:02:30.170718 [DEBUG] Flutter fallback: failed to get trees: no Flutter VM service found
14:02:30.195819 [DEBUG] Flutter fallback: failed to get trees: no Flutter VM service found
14:02:30.222478 [DEBUG] Flutter fallback: failed to get trees: no Flutter VM service found
14:02:30.248982 [DEBUG] Flutter fallback: failed to get trees: no Flutter VM service found
14:02:30.276581 [DEBUG] Flutter fallback: failed to get trees: no Flutter VM service found
14:02:30.306236 [DEBUG] Flutter fallback: failed to get trees: no Flutter VM service found
14:02:30.332481 [DEBUG] Flutter fallback: failed to get trees: no Flutter VM service found
14:02:30.359003 [DEBUG] Flutter fallback: failed to get trees: no Flutter VM service found
14:02:30.387884 [DEBUG] Flutter fallback: failed to get trees: no Flutter VM service found
14:02:30.416555 [DEBUG] Flutter fallback: failed to get trees: no Flutter VM service found
14:02:30.441061 [DEBUG] Flutter fallback: failed to get trees: no Flutter VM service found
14:02:30.466661 [DEBUG] Flutter fallback: failed to get trees: no Flutter VM service found
14:02:30.494573 [DEBUG] Flutter fallback: failed to get trees: no Flutter VM service found
14:02:30.524935 [DEBUG] Flutter fallback: failed to get trees: no Flutter VM service found
14:02:30.561428 [DEBUG] Flutter fallback: failed to get trees: no Flutter VM service found
14:02:30.593613 [DEBUG] Flutter fallback: failed to get trees: no Flutter VM service found
14:02:30.621370 [DEBUG] Flutter fallback: failed to get trees: no Flutter VM service found
14:02:30.645609 [DEBUG] Flutter fallback: failed to get trees: no Flutter VM service found
14:02:30.670401 [DEBUG] Flutter fallback: failed to get trees: no Flutter VM service found
14:02:30.694131 [DEBUG] Flutter fallback: failed to get trees: no Flutter VM service found
14:02:30.719515 [DEBUG] Flutter fallback: failed to get trees: no Flutter VM service found
14:02:30.743514 [DEBUG] Flutter fallback: failed to get trees: no Flutter VM service found
14:02:30.768783 [DEBUG] Flutter fallback: failed to get trees: no Flutter VM service found
14:02:30.793590 [DEBUG] Flutter fallback: failed to get trees: no Flutter VM service found
14:02:30.817840 [DEBUG] Flutter fallback: failed to get trees: no Flutter VM service found
14:02:30.842118 [DEBUG] Flutter fallback: failed to get trees: no Flutter VM service found
14:02:30.866741 [DEBUG] Flutter fallback: failed to get trees: no Flutter VM service found
14:02:30.890833 [DEBUG] Flutter fallback: failed to get trees: no Flutter VM service found
14:02:30.914455 [DEBUG] Flutter fallback: failed to get trees: no Flutter VM service found
14:02:30.938718 [DEBUG] Flutter fallback: failed to get trees: no Flutter VM service found
14:02:30.962956 [DEBUG] Flutter fallback: failed to get trees: no Flutter VM service found
14:02:30.987387 [DEBUG] Flutter fallback: failed to get trees: no Flutter VM service found
14:02:31.012028 [DEBUG] Flutter fallback: failed to get trees: no Flutter VM service found
14:02:31.035925 [DEBUG] Flutter fallback: failed to get trees: no Flutter VM service found
14:02:31.059141 [DEBUG] Flutter fallback: failed to get trees: no Flutter VM service found
14:02:31.083467 [DEBUG] Flutter fallback: failed to get trees: no Flutter VM service found
14:02:31.107110 [DEBUG] Flutter fallback: failed to get trees: no Flutter VM service found
14:02:31.131018 [DEBUG] Flutter fallback: failed to get trees: no Flutter VM service found
14:02:31.155374 [DEBUG] Flutter fallback: failed to get trees: no Flutter VM service found
14:02:31.179701 [DEBUG] Flutter fallback: failed to get trees: no Flutter VM service found
14:02:31.203799 [DEBUG] Flutter fallback: failed to get trees: no Flutter VM service found
14:02:31.228277 [DEBUG] Flutter fallback: failed to get trees: no Flutter VM service found
14:02:31.253215 [DEBUG] Flutter fallback: failed to get trees: no Flutter VM service found
14:02:31.278794 [DEBUG] Flutter fallback: failed to get trees: no Flutter VM service found
14:02:31.305691 [DEBUG] Flutter fallback: failed to get trees: no Flutter VM service found
14:02:31.331715 [DEBUG] Flutter fallback: failed to get trees: no Flutter VM service found
14:02:31.363664 [DEBUG] Flutter fallback: failed to get trees: no Flutter VM service found
14:02:31.396377 [DEBUG] Flutter fallback: failed to get trees: no Flutter VM service found
14:02:31.423013 [DEBUG] Flutter fallback: failed to get trees: no Flutter VM service found
14:02:31.448903 [DEBUG] Flutter fallback: failed to get trees: no Flutter VM service found
14:02:31.478229 [DEBUG] Flutter fallback: failed to get trees: no Flutter VM service found
14:02:32.415641 [ERROR] Step 1 failed (17951ms): assertVisible: text="No landmarks yet" - Error: Element not visible: context deadline exceeded: no such element: An element could not be located on the page using the given search parameters (cause: context deadline exceeded: no such element: An element could not be located on the page using the given search parameters)
14:02:32.574943 [INFO] === Flow completed: 09-seed-empty (status: failed, duration: 19846ms, passed: 1, failed: 1, skipped: 1) ===
14:02:32.955010 [WARN] failed to remove default socket forward for /tmp/uia2-emulator-5554.sock: adb forward --remove localfilesystem:/tmp/uia2-emulator-5554.sock: exit status 1: adb: error: listener 'localfilesystem:/tmp/uia2-emulator-5554.sock' not found
14:02:32.967780 [WARN] failed to remove adb forward for tcp:6790: adb forward --remove tcp:6790: exit status 1: adb: error: listener 'tcp:6790' not found
14:02:32.967813 [INFO] Flow execution completed: 0 passed, 1 failed, 0 skipped
14:02:32.968002 [INFO] Generating reports...
14:02:32.968566 [INFO] Shutting down devices started by maestro-runner...
14:02:32.968583 [INFO] Shutting down all tracked emulators
14:02:32.968592 [INFO] Shutting down all tracked simulators
