14:03:56.365658 [INFO] === Test execution started ===
14:03:56.365728 [INFO] Output directory: /Users/kyle/Developer/grantiva-cli/.worktrees/qa-android/findings/evidence/AND-041/report
14:03:56.365733 [INFO] Platform: android
14:03:56.365736 [INFO] Driver: uiautomator2
14:03:56.365990 [INFO] Validated 1 flow(s)
14:03:56.366002 [INFO] Single device execution mode
14:03:56.366007 [INFO] Starting flow execution (parallel: false, devices: [])
14:03:56.366010 [INFO] Creating driver for single device execution
14:03:56.366014 [INFO] Connecting to Android device: emulator-5554
14:03:56.451029 [INFO] Device info: google sdk_gphone64_arm64, SDK 35, Serial emulator-5554, Emulator: true
14:03:56.472974 [INFO] Starting UIAutomator2 server on device emulator-5554
14:03:56.879357 [WARN] failed to remove default socket forward for /tmp/uia2-emulator-5554.sock: adb forward --remove localfilesystem:/tmp/uia2-emulator-5554.sock: exit status 1: adb: error: listener 'localfilesystem:/tmp/uia2-emulator-5554.sock' not found
14:03:56.890773 [WARN] failed to remove adb forward for tcp:6790: adb forward --remove tcp:6790: exit status 1: adb: error: listener 'tcp:6790' not found
14:03:58.104388 [INFO] Creating UIAutomator2 session with capabilities: Platform=Android, Device=sdk_gphone64_arm64
14:03:58.112280 [INFO] Session created successfully: ef693476-5477-4739-ba27-4236acf9f776
14:03:58.161589 [INFO] Driver created: android on google sdk_gphone64_arm64
14:03:58.163883 [INFO] === Starting flow: 12-quote-label ===
14:03:58.163890 [INFO] Flow file: /var/folders/jv/76l6crmx6nl3hf150gzry_ym0000gn/T/grantiva-2003E3B8-8CBA-42D2-B445-A74ADF112936/0/12-quote-label.yaml
14:03:58.163896 [INFO] Total steps: 5
14:03:58.169963 [DEBUG] Executing step 0: launchApp
14:03:59.924163 [DEBUG] Step 0 completed successfully (1754ms): launchApp
14:03:59.924593 [DEBUG] Executing step 1: tapOn: text="Mountains"
14:03:59.924908 [DEBUG] Flutter: parallel search (text="Mountains", id="")
14:03:59.968201 [DEBUG] Flutter fallback: failed to get trees: no Flutter VM service found
14:03:59.999394 [DEBUG] Flutter fallback: failed to get trees: no Flutter VM service found
14:04:00.035166 [DEBUG] Flutter fallback: failed to get trees: no Flutter VM service found
14:04:00.071567 [DEBUG] Flutter fallback: failed to get trees: no Flutter VM service found
14:04:00.105614 [DEBUG] Flutter fallback: failed to get trees: no Flutter VM service found
14:04:00.170394 [DEBUG] Flutter fallback: failed to get trees: no Flutter VM service found
14:04:00.229615 [DEBUG] Flutter fallback: failed to get trees: no Flutter VM service found
14:04:00.291635 [DEBUG] Flutter fallback: failed to get trees: no Flutter VM service found
14:04:00.342003 [DEBUG] Flutter fallback: failed to get trees: no Flutter VM service found
14:04:00.381839 [DEBUG] Flutter fallback: failed to get trees: no Flutter VM service found
14:04:00.417307 [DEBUG] Flutter fallback: failed to get trees: no Flutter VM service found
14:04:00.446650 [DEBUG] Flutter fallback: failed to get trees: no Flutter VM service found
14:04:00.476982 [DEBUG] Flutter fallback: failed to get trees: no Flutter VM service found
14:04:00.506282 [DEBUG] Flutter fallback: failed to get trees: no Flutter VM service found
14:04:00.532656 [DEBUG] Flutter fallback: failed to get trees: no Flutter VM service found
14:04:00.560179 [DEBUG] Flutter fallback: failed to get trees: no Flutter VM service found
14:04:00.585185 [DEBUG] Flutter fallback: failed to get trees: no Flutter VM service found
14:04:00.610226 [DEBUG] Flutter fallback: failed to get trees: no Flutter VM service found
14:04:00.641573 [DEBUG] Flutter fallback: failed to get trees: no Flutter VM service found
14:04:00.666793 [DEBUG] Flutter fallback: failed to get trees: no Flutter VM service found
14:04:00.691598 [DEBUG] Flutter fallback: failed to get trees: no Flutter VM service found
14:04:00.717296 [DEBUG] Flutter fallback: failed to get trees: no Flutter VM service found
14:04:00.741637 [DEBUG] Flutter fallback: failed to get trees: no Flutter VM service found
14:04:00.767352 [DEBUG] Flutter fallback: failed to get trees: no Flutter VM service found
14:04:00.792142 [DEBUG] Flutter fallback: failed to get trees: no Flutter VM service found
14:04:00.818553 [DEBUG] Flutter fallback: failed to get trees: no Flutter VM service found
14:04:00.847561 [DEBUG] Flutter fallback: failed to get trees: no Flutter VM service found
14:04:00.875516 [DEBUG] Flutter fallback: failed to get trees: no Flutter VM service found
14:04:00.903656 [DEBUG] Flutter fallback: failed to get trees: no Flutter VM service found
14:04:00.940801 [DEBUG] Flutter fallback: failed to get trees: no Flutter VM service found
14:04:00.988888 [DEBUG] Flutter fallback: failed to get trees: no Flutter VM service found
14:04:00.988959 [DEBUG] Step 1 completed successfully (1064ms): tapOn: text="Mountains"
14:04:00.989433 [DEBUG] Executing step 2: tapOn: text="Mount "Denali""
14:04:01.717746 [DEBUG] Step 2 completed successfully (728ms): tapOn: text="Mount "Denali""
14:04:01.718107 [DEBUG] Executing step 3: assertVisible: text="Alaska"
14:04:01.772502 [DEBUG] Step 3 completed successfully (54ms): assertVisible: text="Alaska"
14:04:01.772930 [DEBUG] Executing step 4: takeScreenshot
14:04:01.900931 [DEBUG] Step 4 completed successfully (128ms): takeScreenshot
14:04:01.902249 [INFO] === Flow completed: 12-quote-label (status: passed, duration: 3738ms, passed: 5, failed: 0, skipped: 0) ===
14:04:02.280534 [WARN] failed to remove default socket forward for /tmp/uia2-emulator-5554.sock: adb forward --remove localfilesystem:/tmp/uia2-emulator-5554.sock: exit status 1: adb: error: listener 'localfilesystem:/tmp/uia2-emulator-5554.sock' not found
14:04:02.292584 [WARN] failed to remove adb forward for tcp:6790: adb forward --remove tcp:6790: exit status 1: adb: error: listener 'tcp:6790' not found
14:04:02.292603 [INFO] Flow execution completed: 1 passed, 0 failed, 0 skipped
14:04:02.292800 [INFO] Generating reports...
14:04:02.293465 [INFO] Shutting down devices started by maestro-runner...
14:04:02.293476 [INFO] Shutting down all tracked emulators
14:04:02.293485 [INFO] Shutting down all tracked simulators
