14:08:28.003009 [INFO] === Test execution started ===
14:08:28.003073 [INFO] Output directory: /Users/kyle/Developer/grantiva-cli/.worktrees/qa-android/findings/evidence/AND-043/07-deeplink
14:08:28.003079 [INFO] Platform: android
14:08:28.003084 [INFO] Driver: uiautomator2
14:08:28.003397 [INFO] Validated 1 flow(s)
14:08:28.003417 [INFO] Single device execution mode
14:08:28.003426 [INFO] Starting flow execution (parallel: false, devices: [])
14:08:28.003432 [INFO] Creating driver for single device execution
14:08:28.003441 [INFO] Connecting to Android device: emulator-5554
14:08:28.096617 [INFO] Device info: google sdk_gphone64_arm64, SDK 35, Serial emulator-5554, Emulator: true
14:08:28.124475 [INFO] Starting UIAutomator2 server on device emulator-5554
14:08:28.536048 [WARN] failed to remove default socket forward for /tmp/uia2-emulator-5554.sock: adb forward --remove localfilesystem:/tmp/uia2-emulator-5554.sock: exit status 1: adb: error: listener 'localfilesystem:/tmp/uia2-emulator-5554.sock' not found
14:08:28.549505 [WARN] failed to remove adb forward for tcp:6790: adb forward --remove tcp:6790: exit status 1: adb: error: listener 'tcp:6790' not found
14:08:29.640994 [INFO] Creating UIAutomator2 session with capabilities: Platform=Android, Device=sdk_gphone64_arm64
14:08:29.666883 [INFO] Session created successfully: f96a914c-eefc-4466-baea-5603e64c87a2
14:08:29.726144 [INFO] Driver created: android on google sdk_gphone64_arm64
14:08:29.728387 [INFO] === Starting flow: 07-deeplink ===
14:08:29.728399 [INFO] Flow file: /var/folders/jv/76l6crmx6nl3hf150gzry_ym0000gn/T/grantiva-210B428A-40C2-4B37-8F22-1045CCFD9CDC/0/07-deeplink.yaml
14:08:29.728404 [INFO] Total steps: 5
14:08:29.734584 [DEBUG] Executing step 0: launchApp
14:08:31.474850 [DEBUG] Step 0 completed successfully (1740ms): launchApp
14:08:31.475385 [DEBUG] Executing step 1: tapOn: text="Deep Links"
14:08:31.475626 [DEBUG] Flutter: parallel search (text="Deep Links", id="")
14:08:31.552474 [DEBUG] Flutter fallback: failed to get trees: no Flutter VM service found
14:08:31.615018 [DEBUG] Flutter fallback: failed to get trees: no Flutter VM service found
14:08:31.681169 [DEBUG] Flutter fallback: failed to get trees: no Flutter VM service found
14:08:31.745800 [DEBUG] Flutter fallback: failed to get trees: no Flutter VM service found
14:08:31.813117 [DEBUG] Flutter fallback: failed to get trees: no Flutter VM service found
14:08:31.882352 [DEBUG] Flutter fallback: failed to get trees: no Flutter VM service found
14:08:31.964108 [DEBUG] Flutter fallback: failed to get trees: no Flutter VM service found
14:08:32.029434 [DEBUG] Flutter fallback: failed to get trees: no Flutter VM service found
14:08:32.096028 [DEBUG] Flutter fallback: failed to get trees: no Flutter VM service found
14:08:32.160925 [DEBUG] Flutter fallback: failed to get trees: no Flutter VM service found
14:08:32.221602 [DEBUG] Flutter fallback: failed to get trees: no Flutter VM service found
14:08:32.285458 [DEBUG] Flutter fallback: failed to get trees: no Flutter VM service found
14:08:32.356908 [DEBUG] Flutter fallback: failed to get trees: no Flutter VM service found
14:08:32.436342 [DEBUG] Flutter fallback: failed to get trees: no Flutter VM service found
14:08:32.514245 [DEBUG] Flutter fallback: failed to get trees: no Flutter VM service found
14:08:32.592403 [DEBUG] Flutter fallback: failed to get trees: no Flutter VM service found
14:08:32.688773 [DEBUG] Flutter fallback: failed to get trees: no Flutter VM service found
14:08:32.688831 [DEBUG] Step 1 completed successfully (1213ms): tapOn: text="Deep Links"
14:08:32.689257 [DEBUG] Executing step 2: tapOn: text="landmarks://category/lakes"
14:08:33.425011 [DEBUG] Step 2 completed successfully (735ms): tapOn: text="landmarks://category/lakes"
14:08:33.425389 [DEBUG] Executing step 3: assertVisible: text="Mono Lake"
14:08:34.009664 [DEBUG] Step 3 completed successfully (584ms): assertVisible: text="Mono Lake"
14:08:34.010422 [DEBUG] Executing step 4: takeScreenshot
14:08:34.181688 [DEBUG] Step 4 completed successfully (171ms): takeScreenshot
14:08:34.183190 [INFO] === Flow completed: 07-deeplink (status: passed, duration: 4454ms, passed: 5, failed: 0, skipped: 0) ===
14:08:34.624941 [WARN] failed to remove default socket forward for /tmp/uia2-emulator-5554.sock: adb forward --remove localfilesystem:/tmp/uia2-emulator-5554.sock: exit status 1: adb: error: listener 'localfilesystem:/tmp/uia2-emulator-5554.sock' not found
14:08:34.637928 [WARN] failed to remove adb forward for tcp:6790: adb forward --remove tcp:6790: exit status 1: adb: error: listener 'tcp:6790' not found
14:08:34.637983 [INFO] Flow execution completed: 1 passed, 0 failed, 0 skipped
14:08:34.638201 [INFO] Generating reports...
14:08:34.638814 [INFO] Shutting down devices started by maestro-runner...
14:08:34.638841 [INFO] Shutting down all tracked emulators
14:08:34.638853 [INFO] Shutting down all tracked simulators
