14:25:50.888872 POST /session [14.9415ms] OK body={"capabilities":{"platformName":"Android","deviceName":"sdk_gphone64_arm64"}}
14:25:50.896506 POST /session/c4d0b2ce-a971-41bf-89d6-1a9225eb3c4f/appium/settings [7.47ms] OK body={"settings":{"enableMultiWindows":true,"waitForIdleTimeout":200}}
14:25:50.901395 POST /session/c4d0b2ce-a971-41bf-89d6-1a9225eb3c4f/appium/settings [4.847667ms] OK body={"settings":{"implicitWait":100}}
14:25:51.366884 GET /session/c4d0b2ce-a971-41bf-89d6-1a9225eb3c4f/appium/device/info [156.598083ms] OK body=
14:25:51.371734 POST /session/c4d0b2ce-a971-41bf-89d6-1a9225eb3c4f/appium/settings [2.826292ms] OK body={"settings":{"waitForIdleTimeout":200}}
14:25:52.120402 POST /session/c4d0b2ce-a971-41bf-89d6-1a9225eb3c4f/appium/device/launch_app [15.190083ms] OK body={"appId":"com.kylebrowning.landmarks"}
14:25:53.568552 POST /session/c4d0b2ce-a971-41bf-89d6-1a9225eb3c4f/element [446.676209ms] OK body={"strategy":"-android uiautomator","selector":"new UiSelector().textContains(\"Landmarks\")"}
14:25:54.158784 POST /session/c4d0b2ce-a971-41bf-89d6-1a9225eb3c4f/element [583.722041ms] OK body={"strategy":"-android uiautomator","selector":"new UiSelector().textContains(\"Featured\")"}
14:25:54.309223 GET /session/c4d0b2ce-a971-41bf-89d6-1a9225eb3c4f/screenshot [149.0415ms] OK body=
14:25:54.342272 POST /session/c4d0b2ce-a971-41bf-89d6-1a9225eb3c4f/element [32.128583ms] ERR:404 body={"strategy":"-android uiautomator","selector":"new UiSelector().textContains(\"Golden Gate Bridge\")...
14:25:54.368929 POST /session/c4d0b2ce-a971-41bf-89d6-1a9225eb3c4f/element [26.55ms] ERR:404 body={"strategy":"-android uiautomator","selector":"new UiSelector().descriptionContains(\"Golden Gate Br...
14:25:54.378388 POST /session/c4d0b2ce-a971-41bf-89d6-1a9225eb3c4f/element [9.381333ms] OK body={"strategy":"-android uiautomator","selector":"new UiSelector().textContains(\"Golden Gate Bridge\")...
14:25:54.441852 GET /session/c4d0b2ce-a971-41bf-89d6-1a9225eb3c4f/source [63.306667ms] OK body=
14:25:54.487194 POST /session/c4d0b2ce-a971-41bf-89d6-1a9225eb3c4f/appium/gestures/click [44.538792ms] OK body={"offset":{"x":540,"y":519}}
14:25:54.604580 POST /session/c4d0b2ce-a971-41bf-89d6-1a9225eb3c4f/element [116.553292ms] ERR:404 body={"strategy":"-android uiautomator","selector":"new UiSelector().textContains(\"San Francisco, CA\")"...
14:25:55.122348 POST /session/c4d0b2ce-a971-41bf-89d6-1a9225eb3c4f/element [517.690667ms] ERR:404 body={"strategy":"-android uiautomator","selector":"new UiSelector().descriptionContains(\"San Francisco,...
14:25:55.129327 POST /session/c4d0b2ce-a971-41bf-89d6-1a9225eb3c4f/element [6.909458ms] OK body={"strategy":"-android uiautomator","selector":"new UiSelector().textMatches(\"(?is).*\\QSan Francisc...
14:25:55.137887 POST /session/c4d0b2ce-a971-41bf-89d6-1a9225eb3c4f/element [7.826041ms] OK body={"strategy":"-android uiautomator","selector":"new UiSelector().textContains(\"Plan Visit\")"}
14:25:55.260599 GET /session/c4d0b2ce-a971-41bf-89d6-1a9225eb3c4f/screenshot [121.825375ms] OK body=
14:25:55.264522 DELETE /session/c4d0b2ce-a971-41bf-89d6-1a9225eb3c4f [1.518417ms] OK body=
