14:25:48.593177 [INFO] === Test execution started ===
14:25:48.593303 [INFO] Output directory: /Users/kyle/Developer/grantiva-cli/.worktrees/qa-android/findings/evidence/AND-029/report
14:25:48.593310 [INFO] Platform: android
14:25:48.593314 [INFO] Driver: uiautomator2
14:25:48.593644 [INFO] Validated 1 flow(s)
14:25:48.593659 [INFO] Single device execution mode
14:25:48.593663 [INFO] Starting flow execution (parallel: false, devices: [])
14:25:48.593668 [INFO] Creating driver for single device execution
14:25:48.593672 [INFO] Connecting to Android device: emulator-5556
14:25:48.693465 [INFO] Device info: google sdk_gphone64_arm64, SDK 35, Serial emulator-5556, Emulator: true
14:25:48.733431 [INFO] Starting UIAutomator2 server on device emulator-5556
14:25:49.297436 [WARN] failed to remove default socket forward for /tmp/uia2-emulator-5556.sock: adb forward --remove localfilesystem:/tmp/uia2-emulator-5556.sock: exit status 1: adb: error: listener 'localfilesystem:/tmp/uia2-emulator-5556.sock' not found
14:25:49.310677 [WARN] failed to remove adb forward for tcp:6790: adb forward --remove tcp:6790: exit status 1: adb: error: listener 'tcp:6790' not found
14:25:50.873794 [INFO] Creating UIAutomator2 session with capabilities: Platform=Android, Device=sdk_gphone64_arm64
14:25:50.888998 [INFO] Session created successfully: c4d0b2ce-a971-41bf-89d6-1a9225eb3c4f
14:25:51.367025 [INFO] Driver created: android on google sdk_gphone64_arm64
14:25:51.368777 [INFO] === Starting flow: 01-browse ===
14:25:51.368783 [INFO] Flow file: /var/folders/jv/76l6crmx6nl3hf150gzry_ym0000gn/T/grantiva-C4191DED-80BC-4D6F-BBF3-2E05BD28CBC8/0/01-browse.yaml
14:25:51.368786 [INFO] Total steps: 8
14:25:51.372231 [DEBUG] Executing step 0: launchApp
14:25:53.121085 [DEBUG] Step 0 completed successfully (1748ms): launchApp
14:25:53.121601 [DEBUG] Executing step 1: assertVisible: text="Landmarks"
14:25:53.121827 [DEBUG] Flutter: parallel search (text="Landmarks", id="")
14:25:53.170670 [DEBUG] Flutter fallback: failed to get trees: no Flutter VM service found
14:25:53.205098 [DEBUG] Flutter fallback: failed to get trees: no Flutter VM service found
14:25:53.249853 [DEBUG] Flutter fallback: failed to get trees: no Flutter VM service found
14:25:53.293484 [DEBUG] Flutter fallback: failed to get trees: no Flutter VM service found
14:25:53.354632 [DEBUG] Flutter fallback: failed to get trees: no Flutter VM service found
14:25:53.385275 [DEBUG] Flutter fallback: failed to get trees: no Flutter VM service found
14:25:53.436897 [DEBUG] Flutter fallback: failed to get trees: no Flutter VM service found
14:25:53.483024 [DEBUG] Flutter fallback: failed to get trees: no Flutter VM service found
14:25:53.535168 [DEBUG] Flutter fallback: failed to get trees: no Flutter VM service found
14:25:53.574362 [DEBUG] Flutter fallback: failed to get trees: no Flutter VM service found
14:25:53.574399 [DEBUG] Step 1 completed successfully (452ms): assertVisible: text="Landmarks"
14:25:53.574809 [DEBUG] Executing step 2: assertVisible: text="Featured"
14:25:54.158816 [DEBUG] Step 2 completed successfully (584ms): assertVisible: text="Featured"
14:25:54.159057 [DEBUG] Executing step 3: takeScreenshot
14:25:54.309670 [DEBUG] Step 3 completed successfully (150ms): takeScreenshot
14:25:54.309928 [DEBUG] Executing step 4: tapOn: text="Golden Gate Bridge"
14:25:54.487241 [DEBUG] Step 4 completed successfully (177ms): tapOn: text="Golden Gate Bridge"
14:25:54.487802 [DEBUG] Executing step 5: assertVisible: text="San Francisco, CA"
14:25:55.129361 [DEBUG] Step 5 completed successfully (641ms): assertVisible: text="San Francisco, CA"
14:25:55.129799 [DEBUG] Executing step 6: assertVisible: text="Plan Visit"
14:25:55.137933 [DEBUG] Step 6 completed successfully (8ms): assertVisible: text="Plan Visit"
14:25:55.138299 [DEBUG] Executing step 7: takeScreenshot
14:25:55.260985 [DEBUG] Step 7 completed successfully (122ms): takeScreenshot
14:25:55.261980 [INFO] === Flow completed: 01-browse (status: passed, duration: 3893ms, passed: 8, failed: 0, skipped: 0) ===
14:25:55.649279 [WARN] failed to remove default socket forward for /tmp/uia2-emulator-5556.sock: adb forward --remove localfilesystem:/tmp/uia2-emulator-5556.sock: exit status 1: adb: error: listener 'localfilesystem:/tmp/uia2-emulator-5556.sock' not found
14:25:55.661695 [WARN] failed to remove adb forward for tcp:6790: adb forward --remove tcp:6790: exit status 1: adb: error: listener 'tcp:6790' not found
14:25:55.661729 [INFO] Flow execution completed: 1 passed, 0 failed, 0 skipped
14:25:55.661946 [INFO] Generating reports...
14:25:55.662573 [INFO] Shutting down devices started by maestro-runner...
14:25:55.662597 [INFO] Shutting down all tracked emulators
14:25:55.662605 [INFO] Shutting down all tracked simulators
