13:57:38.951989 [INFO] === Test execution started ===
13:57:38.952065 [INFO] Output directory: /Users/kyle/Developer/grantiva-cli/.worktrees/qa-android/findings/evidence/AND-026/report
13:57:38.952070 [INFO] Platform: android
13:57:38.952076 [INFO] Driver: uiautomator2
13:57:38.952340 [INFO] Validated 1 flow(s)
13:57:38.952355 [INFO] Single device execution mode
13:57:38.952360 [INFO] Starting flow execution (parallel: false, devices: [])
13:57:38.952365 [INFO] Creating driver for single device execution
13:57:38.952371 [INFO] Connecting to Android device: emulator-5554
13:57:39.031610 [INFO] Device info: google sdk_gphone64_arm64, SDK 35, Serial emulator-5554, Emulator: true
13:57:39.052647 [INFO] Starting UIAutomator2 server on device emulator-5554
13:57:39.471339 [WARN] failed to remove default socket forward for /tmp/uia2-emulator-5554.sock: adb forward --remove localfilesystem:/tmp/uia2-emulator-5554.sock: exit status 1: adb: error: listener 'localfilesystem:/tmp/uia2-emulator-5554.sock' not found
13:57:39.490488 [WARN] failed to remove adb forward for tcp:6790: adb forward --remove tcp:6790: exit status 1: adb: error: listener 'tcp:6790' not found
13:57:40.051828 [INFO] Creating UIAutomator2 session with capabilities: Platform=Android, Device=sdk_gphone64_arm64
13:57:40.058791 [INFO] Session created successfully: afa92c11-0bc6-436e-92a0-86e77af849df
13:57:40.105596 [INFO] Driver created: android on google sdk_gphone64_arm64
13:57:40.107549 [INFO] === Starting flow: 01-browse ===
13:57:40.107556 [INFO] Flow file: /var/folders/jv/76l6crmx6nl3hf150gzry_ym0000gn/T/grantiva-6D66E8F2-38FA-4E21-93D2-D92301944553/0/01-browse.yaml
13:57:40.107559 [INFO] Total steps: 8
13:57:40.112322 [DEBUG] Executing step 0: launchApp
13:57:41.723067 [DEBUG] Step 0 completed successfully (1610ms): launchApp
13:57:41.723576 [DEBUG] Executing step 1: assertVisible: text="Landmarks"
13:57:41.723811 [DEBUG] Flutter: parallel search (text="Landmarks", id="")
13:57:41.797658 [DEBUG] Flutter fallback: failed to get trees: no Flutter VM service found
13:57:41.869202 [DEBUG] Flutter fallback: failed to get trees: no Flutter VM service found
13:57:41.940501 [DEBUG] Flutter fallback: failed to get trees: no Flutter VM service found
13:57:42.018661 [DEBUG] Flutter fallback: failed to get trees: no Flutter VM service found
13:57:42.095147 [DEBUG] Flutter fallback: failed to get trees: no Flutter VM service found
13:57:42.095208 [DEBUG] Step 1 completed successfully (371ms): assertVisible: text="Landmarks"
13:57:42.095611 [DEBUG] Executing step 2: assertVisible: text="Featured"
13:57:42.628139 [DEBUG] Step 2 completed successfully (532ms): assertVisible: text="Featured"
13:57:42.629552 [DEBUG] Executing step 3: takeScreenshot
13:57:42.785018 [DEBUG] Step 3 completed successfully (155ms): takeScreenshot
13:57:42.785240 [DEBUG] Executing step 4: tapOn: text="Golden Gate Bridge"
13:57:42.947190 [DEBUG] Step 4 completed successfully (161ms): tapOn: text="Golden Gate Bridge"
13:57:42.947818 [DEBUG] Executing step 5: assertVisible: text="San Francisco, CA"
13:57:43.536299 [DEBUG] Step 5 completed successfully (588ms): assertVisible: text="San Francisco, CA"
13:57:43.536689 [DEBUG] Executing step 6: assertVisible: text="Plan Visit"
13:57:43.543281 [DEBUG] Step 6 completed successfully (6ms): assertVisible: text="Plan Visit"
13:57:43.543626 [DEBUG] Executing step 7: takeScreenshot
13:57:43.663485 [DEBUG] Step 7 completed successfully (119ms): takeScreenshot
13:57:43.664473 [INFO] === Flow completed: 01-browse (status: passed, duration: 3556ms, passed: 8, failed: 0, skipped: 0) ===
13:57:44.071449 [WARN] failed to remove default socket forward for /tmp/uia2-emulator-5554.sock: adb forward --remove localfilesystem:/tmp/uia2-emulator-5554.sock: exit status 1: adb: error: listener 'localfilesystem:/tmp/uia2-emulator-5554.sock' not found
13:57:44.087224 [WARN] failed to remove adb forward for tcp:6790: adb forward --remove tcp:6790: exit status 1: adb: error: listener 'tcp:6790' not found
13:57:44.087266 [INFO] Flow execution completed: 1 passed, 0 failed, 0 skipped
13:57:44.087490 [INFO] Generating reports...
13:57:44.088139 [INFO] Shutting down devices started by maestro-runner...
13:57:44.088159 [INFO] Shutting down all tracked emulators
13:57:44.088170 [INFO] Shutting down all tracked simulators
