14:12:52.274603 [INFO] === Test execution started ===
14:12:52.274691 [INFO] Output directory: /Users/kyle/Developer/grantiva-cli/.worktrees/qa-ios/findings/evidence/IOS-030/05-category
14:12:52.274699 [INFO] Platform: ios
14:12:52.274704 [INFO] Driver: uiautomator2
14:12:52.279768 [INFO] Validated 1 flow(s)
14:12:52.514503 [INFO] Single device execution mode
14:12:52.514519 [INFO] Starting flow execution (parallel: false, devices: [])
14:12:52.514525 [INFO] Creating driver for single device execution
14:12:52.514529 [INFO] Using specified iOS device: 6EEDCB1A-E693-488A-B34C-5A0AB5DE9400
14:12:52.689245 [INFO] Device 6EEDCB1A-E693-488A-B34C-5A0AB5DE9400 is a simulator
14:12:52.689352 [INFO] Building WDA for device 6EEDCB1A-E693-488A-B34C-5A0AB5DE9400 (team ID: )
14:12:53.063075 [INFO] WDA build completed successfully
14:12:53.063104 [INFO] Starting WDA on device 6EEDCB1A-E693-488A-B34C-5A0AB5DE9400 (port: 8876)
14:12:54.564097 [INFO] WDA started successfully on port 8876
14:12:55.157176 [DEBUG] WDA GET /window/size
14:12:55.159628 [ERROR] WDA GET /window/size failed (2ms): Get "http://localhost:8876/window/size": dial tcp [::1]:8876: connect: connection refused
14:12:55.159683 [INFO] Driver created: ios on qa-ios-1
14:12:55.161320 [INFO] === Starting flow: 05-category ===
14:12:55.161327 [INFO] Flow file: /var/folders/jv/76l6crmx6nl3hf150gzry_ym0000gn/T/grantiva-408ECB13-16FA-42C8-AC0A-FB60E6FDE9DD/0/05-category.yaml
14:12:55.161331 [INFO] Total steps: 6
14:12:55.161462 [DEBUG] WDA POST /appium/settings body={"settings":{"shouldWaitForQuiescence":false,"waitForIdleTimeout":0}}
14:12:55.162172 [ERROR] WDA POST /appium/settings failed (0ms): Post "http://localhost:8876/appium/settings": dial tcp [::1]:8876: connect: connection refused
14:12:55.162217 [DEBUG] WDA POST /session body={"capabilities":{"alwaysMatch":{"bundleId":"com.kylebrowning.Landmarks","defaultAlertAction":"accept...
14:12:55.162682 [ERROR] WDA POST /session failed (0ms): Post "http://localhost:8876/session": dial tcp [::1]:8876: connect: connection refused
14:12:55.162692 [DEBUG] WDA GET /status
14:12:55.163065 [ERROR] WDA GET /status failed (0ms): Get "http://localhost:8876/status": dial tcp [::1]:8876: connect: connection refused
14:12:55.663183 [DEBUG] WDA POST /session body={"capabilities":{"alwaysMatch":{"bundleId":"com.kylebrowning.Landmarks","defaultAlertAction":"accept...
14:12:58.366532 [DEBUG] WDA POST /session completed (2703ms, status: 200)
14:12:58.366691 [DEBUG] WDA POST /session/997E4253-38DB-4571-AFFF-C28F557A9B86/appium/settings body={"settings":{"shouldWaitForQuiescence":false,"waitForIdleTimeout":0}}
14:12:58.531582 [DEBUG] WDA POST /session/997E4253-38DB-4571-AFFF-C28F557A9B86/appium/settings completed (164ms, status: 200)
14:12:58.532285 [DEBUG] Executing step 0: launchApp
14:12:59.274790 [DEBUG] [wda] launchApp com.kylebrowning.Landmarks: argv=[] env=map[]
14:12:59.274870 [DEBUG] WDA POST /session/997E4253-38DB-4571-AFFF-C28F557A9B86/appium/settings body={"settings":{"acceptAlertButtonSelector":"**/XCUIElementTypeButton[`label BEGINSWITH[c] 'Allow' OR l...
14:12:59.275943 [DEBUG] WDA POST /session/997E4253-38DB-4571-AFFF-C28F557A9B86/appium/settings completed (1ms, status: 200)
14:12:59.276044 [DEBUG] WDA POST /session/997E4253-38DB-4571-AFFF-C28F557A9B86/wda/apps/launch body={"bundleId":"com.kylebrowning.Landmarks"}
14:13:00.833456 [DEBUG] WDA POST /session/997E4253-38DB-4571-AFFF-C28F557A9B86/wda/apps/launch completed (1557ms, status: 200)
14:13:00.833565 [DEBUG] Step 0 completed successfully (2301ms): launchApp
14:13:00.834682 [DEBUG] Executing step 1: tapOn: text="Lakes"
14:13:00.835036 [DEBUG] Flutter: parallel search (text="Lakes", id="")
14:13:00.835087 [DEBUG] WDA POST /session/997E4253-38DB-4571-AFFF-C28F557A9B86/element body={"using":"predicate string","value":"((type == 'XCUIElementTypeTextField' OR type == 'XCUIElementTyp...
14:13:00.835148 [DEBUG] WDA POST /session/997E4253-38DB-4571-AFFF-C28F557A9B86/element body={"using":"class chain","value":"**/XCUIElementTypeTextField[`(label CONTAINS[c] 'Lakes' OR value CON...
14:13:00.835224 [DEBUG] WDA POST /session/997E4253-38DB-4571-AFFF-C28F557A9B86/element body={"using":"class chain","value":"**/XCUIElementTypeSecureTextField[`(label CONTAINS[c] 'Lakes' OR val...
14:13:00.835400 [DEBUG] WDA POST /session/997E4253-38DB-4571-AFFF-C28F557A9B86/element body={"using":"class chain","value":"**/XCUIElementTypeButton[`(label ==[c] 'Lakes' OR name ==[c] 'Lakes'...
14:13:01.120557 [DEBUG] WDA POST /session/997E4253-38DB-4571-AFFF-C28F557A9B86/element completed (285ms, status: 200)
14:13:01.174013 [DEBUG] WDA POST /session/997E4253-38DB-4571-AFFF-C28F557A9B86/element completed (338ms, status: 404)
14:13:01.279881 [DEBUG] WDA POST /session/997E4253-38DB-4571-AFFF-C28F557A9B86/element completed (444ms, status: 200)
14:13:01.333357 [DEBUG] WDA POST /session/997E4253-38DB-4571-AFFF-C28F557A9B86/element completed (498ms, status: 404)
14:13:01.333596 [DEBUG] WDA GET /session/997E4253-38DB-4571-AFFF-C28F557A9B86/element/90000000-0000-0000-DF70-000000000000/text
14:13:01.333638 [DEBUG] WDA GET /session/997E4253-38DB-4571-AFFF-C28F557A9B86/element/90000000-0000-0000-DF70-000000000000/rect
14:13:01.333725 [DEBUG] WDA GET /session/997E4253-38DB-4571-AFFF-C28F557A9B86/element/90000000-0000-0000-DF70-000000000000/name
14:13:01.333779 [DEBUG] WDA GET /session/997E4253-38DB-4571-AFFF-C28F557A9B86/element/90000000-0000-0000-DF70-000000000000/displayed
14:13:01.382968 [DEBUG] WDA GET /session/997E4253-38DB-4571-AFFF-C28F557A9B86/element/90000000-0000-0000-DF70-000000000000/text completed (49ms, status: 200)
14:13:01.439135 [DEBUG] WDA GET /session/997E4253-38DB-4571-AFFF-C28F557A9B86/element/90000000-0000-0000-DF70-000000000000/rect completed (105ms, status: 200)
14:13:01.499439 [DEBUG] WDA GET /session/997E4253-38DB-4571-AFFF-C28F557A9B86/element/90000000-0000-0000-DF70-000000000000/displayed completed (165ms, status: 200)
14:13:01.550531 [DEBUG] WDA GET /session/997E4253-38DB-4571-AFFF-C28F557A9B86/element/90000000-0000-0000-DF70-000000000000/name completed (216ms, status: 200)
14:13:01.550664 [DEBUG] WDA POST /session/997E4253-38DB-4571-AFFF-C28F557A9B86/element/90000000-0000-0000-DF70-000000000000/click body=
14:13:01.946976 [DEBUG] WDA POST /session/997E4253-38DB-4571-AFFF-C28F557A9B86/element/90000000-0000-0000-DF70-000000000000/click completed (396ms, status: 200)
14:13:02.255236 [DEBUG] Flutter fallback: failed to get trees: no Flutter VM service found
14:13:02.255267 [DEBUG] Step 1 completed successfully (1420ms): tapOn: text="Lakes"
14:13:02.255671 [DEBUG] Executing step 2: assertVisible: text="Lake Tahoe"
14:13:02.255902 [DEBUG] WDA POST /session/997E4253-38DB-4571-AFFF-C28F557A9B86/element body={"using":"predicate string","value":"(label CONTAINS[c] 'Lake Tahoe' OR name CONTAINS[c] 'Lake Tahoe...
14:13:04.468296 [DEBUG] WDA POST /session/997E4253-38DB-4571-AFFF-C28F557A9B86/element completed (2212ms, status: 404)
14:13:04.473097 [DEBUG] WDA GET /session/997E4253-38DB-4571-AFFF-C28F557A9B86/source
14:13:05.018682 [DEBUG] WDA GET /session/997E4253-38DB-4571-AFFF-C28F557A9B86/source completed (545ms, status: 200)
14:13:05.019114 [DEBUG] Step 2 completed successfully (2763ms): assertVisible: text="Lake Tahoe"
14:13:05.019415 [DEBUG] Executing step 3: assertVisible: text="Mono Lake"
14:13:05.019635 [DEBUG] WDA POST /session/997E4253-38DB-4571-AFFF-C28F557A9B86/element body={"using":"predicate string","value":"(label CONTAINS[c] 'Mono Lake' OR name CONTAINS[c] 'Mono Lake' ...
14:13:05.091463 [DEBUG] WDA POST /session/997E4253-38DB-4571-AFFF-C28F557A9B86/element completed (71ms, status: 200)
14:13:05.091529 [DEBUG] WDA GET /session/997E4253-38DB-4571-AFFF-C28F557A9B86/element/E1000000-0000-0000-DF70-000000000000/name
14:13:05.091571 [DEBUG] WDA GET /session/997E4253-38DB-4571-AFFF-C28F557A9B86/element/E1000000-0000-0000-DF70-000000000000/rect
14:13:05.091605 [DEBUG] WDA GET /session/997E4253-38DB-4571-AFFF-C28F557A9B86/element/E1000000-0000-0000-DF70-000000000000/text
14:13:05.091651 [DEBUG] WDA GET /session/997E4253-38DB-4571-AFFF-C28F557A9B86/element/E1000000-0000-0000-DF70-000000000000/displayed
14:13:05.125311 [DEBUG] WDA GET /session/997E4253-38DB-4571-AFFF-C28F557A9B86/element/E1000000-0000-0000-DF70-000000000000/name completed (33ms, status: 200)
14:13:05.167262 [DEBUG] WDA GET /session/997E4253-38DB-4571-AFFF-C28F557A9B86/element/E1000000-0000-0000-DF70-000000000000/rect completed (75ms, status: 200)
14:13:05.199989 [DEBUG] WDA GET /session/997E4253-38DB-4571-AFFF-C28F557A9B86/element/E1000000-0000-0000-DF70-000000000000/text completed (108ms, status: 200)
14:13:05.249541 [DEBUG] WDA GET /session/997E4253-38DB-4571-AFFF-C28F557A9B86/element/E1000000-0000-0000-DF70-000000000000/displayed completed (157ms, status: 200)
14:13:05.249678 [DEBUG] Step 3 completed successfully (230ms): assertVisible: text="Mono Lake"
14:13:05.250642 [DEBUG] Executing step 4: assertNotVisible: text="Golden Gate Bridge"
14:13:05.250920 [DEBUG] WDA POST /session/997E4253-38DB-4571-AFFF-C28F557A9B86/element body={"using":"predicate string","value":"(label CONTAINS[c] 'Golden Gate Bridge' OR name CONTAINS[c] 'Go...
14:13:05.290077 [DEBUG] WDA POST /session/997E4253-38DB-4571-AFFF-C28F557A9B86/element completed (39ms, status: 404)
14:13:05.290170 [DEBUG] WDA GET /session/997E4253-38DB-4571-AFFF-C28F557A9B86/source
14:13:05.900138 [DEBUG] WDA GET /session/997E4253-38DB-4571-AFFF-C28F557A9B86/source completed (609ms, status: 200)
14:13:05.902426 [DEBUG] Step 4 completed successfully (651ms): assertNotVisible: text="Golden Gate Bridge"
14:13:05.903610 [DEBUG] Executing step 5: takeScreenshot
14:13:05.905313 [DEBUG] WDA GET /session/997E4253-38DB-4571-AFFF-C28F557A9B86/screenshot
14:13:05.998160 [DEBUG] WDA GET /session/997E4253-38DB-4571-AFFF-C28F557A9B86/screenshot completed (92ms, status: 200)
14:13:06.000889 [DEBUG] Step 5 completed successfully (97ms): takeScreenshot
14:13:06.002279 [INFO] === Flow completed: 05-category (status: passed, duration: 10840ms, passed: 6, failed: 0, skipped: 0) ===
14:13:06.004354 [INFO] Flow execution completed: 1 passed, 0 failed, 0 skipped
14:13:06.004455 [INFO] Generating reports...
14:13:06.005500 [INFO] Shutting down devices started by maestro-runner...
14:13:06.005546 [INFO] Shutting down all tracked emulators
14:13:06.005559 [INFO] Shutting down all tracked simulators
