14:41:22.543702 [INFO] === Test execution started ===
14:41:22.543760 [INFO] Output directory: /Users/kyle/Developer/grantiva-cli/.worktrees/qa-ios/findings/evidence/IOS-F-04flaky/run3
14:41:22.543765 [INFO] Platform: ios
14:41:22.543769 [INFO] Driver: uiautomator2
14:41:22.544038 [INFO] Validated 1 flow(s)
14:41:22.654319 [INFO] Single device execution mode
14:41:22.654330 [INFO] Starting flow execution (parallel: false, devices: [])
14:41:22.654335 [INFO] Creating driver for single device execution
14:41:22.654338 [INFO] Using specified iOS device: 6EEDCB1A-E693-488A-B34C-5A0AB5DE9400
14:41:22.761196 [INFO] Device 6EEDCB1A-E693-488A-B34C-5A0AB5DE9400 is a simulator
14:41:22.761277 [INFO] Building WDA for device 6EEDCB1A-E693-488A-B34C-5A0AB5DE9400 (team ID: )
14:41:22.974560 [INFO] WDA build completed successfully
14:41:22.974575 [INFO] Starting WDA on device 6EEDCB1A-E693-488A-B34C-5A0AB5DE9400 (port: 8876)
14:41:25.198293 [INFO] WDA started successfully on port 8876
14:41:25.570951 [DEBUG] WDA GET /window/size
14:41:25.632614 [DEBUG] WDA GET /window/size completed (61ms, status: 200)
14:41:25.632691 [INFO] Driver created: ios on qa-ios-1
14:41:25.634226 [INFO] === Starting flow: 04-discard ===
14:41:25.634231 [INFO] Flow file: /var/folders/jv/76l6crmx6nl3hf150gzry_ym0000gn/T/grantiva-A488743C-A81E-4073-8DA3-EFC913D3BF7A/0/04-discard.yaml
14:41:25.634234 [INFO] Total steps: 13
14:41:25.634349 [DEBUG] WDA POST /appium/settings body={"settings":{"shouldWaitForQuiescence":false,"waitForIdleTimeout":0}}
14:41:25.634909 [DEBUG] WDA POST /appium/settings completed (0ms, status: 404)
14:41:25.634953 [DEBUG] WDA POST /session body={"capabilities":{"alwaysMatch":{"bundleId":"com.kylebrowning.Landmarks","defaultAlertAction":"accept...
14:41:28.239461 [DEBUG] WDA POST /session completed (2604ms, status: 200)
14:41:28.239651 [DEBUG] WDA POST /session/980D1761-AD2F-4CD0-A47D-2CCD44F1D5EA/appium/settings body={"settings":{"shouldWaitForQuiescence":false,"waitForIdleTimeout":0}}
14:41:28.402202 [DEBUG] WDA POST /session/980D1761-AD2F-4CD0-A47D-2CCD44F1D5EA/appium/settings completed (162ms, status: 200)
14:41:28.403275 [DEBUG] Executing step 0: launchApp
14:41:28.858481 [DEBUG] [wda] launchApp com.kylebrowning.Landmarks: argv=[] env=map[]
14:41:28.858543 [DEBUG] WDA POST /session/980D1761-AD2F-4CD0-A47D-2CCD44F1D5EA/appium/settings body={"settings":{"acceptAlertButtonSelector":"**/XCUIElementTypeButton[`label BEGINSWITH[c] 'Allow' OR l...
14:41:28.859211 [DEBUG] WDA POST /session/980D1761-AD2F-4CD0-A47D-2CCD44F1D5EA/appium/settings completed (0ms, status: 200)
14:41:28.859294 [DEBUG] WDA POST /session/980D1761-AD2F-4CD0-A47D-2CCD44F1D5EA/wda/apps/launch body={"bundleId":"com.kylebrowning.Landmarks"}
14:41:30.396857 [DEBUG] WDA POST /session/980D1761-AD2F-4CD0-A47D-2CCD44F1D5EA/wda/apps/launch completed (1537ms, status: 200)
14:41:30.396929 [DEBUG] Step 0 completed successfully (1993ms): launchApp
14:41:30.397686 [DEBUG] Executing step 1: tapOn: text="Deep Links"
14:41:30.398781 [DEBUG] Flutter: parallel search (text="Deep Links", id="")
14:41:30.398845 [DEBUG] WDA POST /session/980D1761-AD2F-4CD0-A47D-2CCD44F1D5EA/element body={"using":"predicate string","value":"((type == 'XCUIElementTypeTextField' OR type == 'XCUIElementTyp...
14:41:30.398926 [DEBUG] WDA POST /session/980D1761-AD2F-4CD0-A47D-2CCD44F1D5EA/element body={"using":"class chain","value":"**/XCUIElementTypeSecureTextField[`(label CONTAINS[c] 'Deep Links' O...
14:41:30.398956 [DEBUG] WDA POST /session/980D1761-AD2F-4CD0-A47D-2CCD44F1D5EA/element body={"using":"class chain","value":"**/XCUIElementTypeButton[`(label ==[c] 'Deep Links' OR name ==[c] 'D...
14:41:30.399028 [DEBUG] WDA POST /session/980D1761-AD2F-4CD0-A47D-2CCD44F1D5EA/element body={"using":"class chain","value":"**/XCUIElementTypeTextField[`(label CONTAINS[c] 'Deep Links' OR valu...
14:41:30.616367 [DEBUG] WDA POST /session/980D1761-AD2F-4CD0-A47D-2CCD44F1D5EA/element completed (217ms, status: 200)
14:41:30.689397 [DEBUG] WDA POST /session/980D1761-AD2F-4CD0-A47D-2CCD44F1D5EA/element completed (290ms, status: 404)
14:41:30.732885 [DEBUG] WDA POST /session/980D1761-AD2F-4CD0-A47D-2CCD44F1D5EA/element completed (334ms, status: 404)
14:41:30.822904 [DEBUG] WDA POST /session/980D1761-AD2F-4CD0-A47D-2CCD44F1D5EA/element completed (423ms, status: 200)
14:41:30.822989 [DEBUG] WDA GET /session/980D1761-AD2F-4CD0-A47D-2CCD44F1D5EA/element/1E000000-0000-0000-6B1E-000000000000/rect
14:41:30.823015 [DEBUG] WDA GET /session/980D1761-AD2F-4CD0-A47D-2CCD44F1D5EA/element/1E000000-0000-0000-6B1E-000000000000/name
14:41:30.823088 [DEBUG] WDA GET /session/980D1761-AD2F-4CD0-A47D-2CCD44F1D5EA/element/1E000000-0000-0000-6B1E-000000000000/displayed
14:41:30.823118 [DEBUG] WDA GET /session/980D1761-AD2F-4CD0-A47D-2CCD44F1D5EA/element/1E000000-0000-0000-6B1E-000000000000/text
14:41:30.866766 [DEBUG] WDA GET /session/980D1761-AD2F-4CD0-A47D-2CCD44F1D5EA/element/1E000000-0000-0000-6B1E-000000000000/rect completed (43ms, status: 200)
14:41:30.910976 [DEBUG] WDA GET /session/980D1761-AD2F-4CD0-A47D-2CCD44F1D5EA/element/1E000000-0000-0000-6B1E-000000000000/name completed (87ms, status: 200)
14:41:30.958457 [DEBUG] WDA GET /session/980D1761-AD2F-4CD0-A47D-2CCD44F1D5EA/element/1E000000-0000-0000-6B1E-000000000000/displayed completed (135ms, status: 200)
14:41:31.000532 [DEBUG] WDA GET /session/980D1761-AD2F-4CD0-A47D-2CCD44F1D5EA/element/1E000000-0000-0000-6B1E-000000000000/text completed (177ms, status: 200)
14:41:31.000618 [DEBUG] WDA POST /session/980D1761-AD2F-4CD0-A47D-2CCD44F1D5EA/element/1E000000-0000-0000-6B1E-000000000000/click body=
14:41:31.382364 [DEBUG] WDA POST /session/980D1761-AD2F-4CD0-A47D-2CCD44F1D5EA/element/1E000000-0000-0000-6B1E-000000000000/click completed (381ms, status: 200)
14:41:31.495509 [DEBUG] Flutter fallback: failed to get trees: no Flutter VM service found
14:41:31.495590 [DEBUG] Step 1 completed successfully (1097ms): tapOn: text="Deep Links"
14:41:31.496668 [DEBUG] Executing step 2: tapOn: text="Edit Landmark"
14:41:31.497302 [DEBUG] WDA POST /session/980D1761-AD2F-4CD0-A47D-2CCD44F1D5EA/element body={"using":"class chain","value":"**/XCUIElementTypeSecureTextField[`(label CONTAINS[c] 'Edit Landmark...
14:41:31.497321 [DEBUG] WDA POST /session/980D1761-AD2F-4CD0-A47D-2CCD44F1D5EA/element body={"using":"predicate string","value":"((type == 'XCUIElementTypeTextField' OR type == 'XCUIElementTyp...
14:41:31.497335 [DEBUG] WDA POST /session/980D1761-AD2F-4CD0-A47D-2CCD44F1D5EA/element body={"using":"class chain","value":"**/XCUIElementTypeTextField[`(label CONTAINS[c] 'Edit Landmark' OR v...
14:41:31.497363 [DEBUG] WDA POST /session/980D1761-AD2F-4CD0-A47D-2CCD44F1D5EA/element body={"using":"class chain","value":"**/XCUIElementTypeButton[`(label ==[c] 'Edit Landmark' OR name ==[c]...
14:41:31.553803 [DEBUG] WDA POST /session/980D1761-AD2F-4CD0-A47D-2CCD44F1D5EA/element completed (56ms, status: 404)
14:41:31.601038 [DEBUG] WDA POST /session/980D1761-AD2F-4CD0-A47D-2CCD44F1D5EA/element completed (103ms, status: 404)
14:41:31.645724 [DEBUG] WDA POST /session/980D1761-AD2F-4CD0-A47D-2CCD44F1D5EA/element completed (148ms, status: 404)
14:41:31.691212 [DEBUG] WDA POST /session/980D1761-AD2F-4CD0-A47D-2CCD44F1D5EA/element completed (193ms, status: 404)
14:41:31.691387 [DEBUG] WDA POST /session/980D1761-AD2F-4CD0-A47D-2CCD44F1D5EA/element body={"using":"predicate string","value":"(label == 'Edit Landmark' OR name == 'Edit Landmark' OR value =...
14:41:31.788697 [DEBUG] WDA POST /session/980D1761-AD2F-4CD0-A47D-2CCD44F1D5EA/element completed (97ms, status: 200)
14:41:31.788855 [DEBUG] WDA GET /session/980D1761-AD2F-4CD0-A47D-2CCD44F1D5EA/element/38010000-0000-0000-6B1E-000000000000/name
14:41:31.788938 [DEBUG] WDA GET /session/980D1761-AD2F-4CD0-A47D-2CCD44F1D5EA/element/38010000-0000-0000-6B1E-000000000000/rect
14:41:31.789002 [DEBUG] WDA GET /session/980D1761-AD2F-4CD0-A47D-2CCD44F1D5EA/element/38010000-0000-0000-6B1E-000000000000/text
14:41:31.789083 [DEBUG] WDA GET /session/980D1761-AD2F-4CD0-A47D-2CCD44F1D5EA/element/38010000-0000-0000-6B1E-000000000000/displayed
14:41:31.835514 [DEBUG] WDA GET /session/980D1761-AD2F-4CD0-A47D-2CCD44F1D5EA/element/38010000-0000-0000-6B1E-000000000000/name completed (46ms, status: 200)
14:41:31.880497 [DEBUG] WDA GET /session/980D1761-AD2F-4CD0-A47D-2CCD44F1D5EA/element/38010000-0000-0000-6B1E-000000000000/text completed (91ms, status: 200)
14:41:31.933145 [DEBUG] WDA GET /session/980D1761-AD2F-4CD0-A47D-2CCD44F1D5EA/element/38010000-0000-0000-6B1E-000000000000/displayed completed (144ms, status: 200)
14:41:31.980949 [DEBUG] WDA GET /session/980D1761-AD2F-4CD0-A47D-2CCD44F1D5EA/element/38010000-0000-0000-6B1E-000000000000/rect completed (192ms, status: 200)
14:41:31.981035 [DEBUG] WDA POST /session/980D1761-AD2F-4CD0-A47D-2CCD44F1D5EA/element/38010000-0000-0000-6B1E-000000000000/click body=
14:41:32.366847 [DEBUG] WDA POST /session/980D1761-AD2F-4CD0-A47D-2CCD44F1D5EA/element/38010000-0000-0000-6B1E-000000000000/click completed (385ms, status: 200)
14:41:32.366972 [DEBUG] Step 2 completed successfully (870ms): tapOn: text="Edit Landmark"
14:41:32.368346 [DEBUG] Executing step 3: tapOn: text="Location"
14:41:32.369048 [DEBUG] WDA POST /session/980D1761-AD2F-4CD0-A47D-2CCD44F1D5EA/element body={"using":"predicate string","value":"((type == 'XCUIElementTypeTextField' OR type == 'XCUIElementTyp...
14:41:32.369066 [DEBUG] WDA POST /session/980D1761-AD2F-4CD0-A47D-2CCD44F1D5EA/element body={"using":"class chain","value":"**/XCUIElementTypeButton[`(label ==[c] 'Location' OR name ==[c] 'Loc...
14:41:32.369091 [DEBUG] WDA POST /session/980D1761-AD2F-4CD0-A47D-2CCD44F1D5EA/element body={"using":"class chain","value":"**/XCUIElementTypeSecureTextField[`(label CONTAINS[c] 'Location' OR ...
14:41:32.369163 [DEBUG] WDA POST /session/980D1761-AD2F-4CD0-A47D-2CCD44F1D5EA/element body={"using":"class chain","value":"**/XCUIElementTypeTextField[`(label CONTAINS[c] 'Location' OR value ...
14:41:32.411685 [DEBUG] WDA POST /session/980D1761-AD2F-4CD0-A47D-2CCD44F1D5EA/element completed (42ms, status: 404)
14:41:32.445648 [DEBUG] WDA POST /session/980D1761-AD2F-4CD0-A47D-2CCD44F1D5EA/element completed (76ms, status: 404)
14:41:32.509951 [DEBUG] WDA POST /session/980D1761-AD2F-4CD0-A47D-2CCD44F1D5EA/element completed (140ms, status: 200)
14:41:32.542508 [DEBUG] WDA POST /session/980D1761-AD2F-4CD0-A47D-2CCD44F1D5EA/element completed (173ms, status: 404)
14:41:32.542819 [DEBUG] WDA GET /session/980D1761-AD2F-4CD0-A47D-2CCD44F1D5EA/element/6F010000-0000-0000-6B1E-000000000000/name
14:41:32.542881 [DEBUG] WDA GET /session/980D1761-AD2F-4CD0-A47D-2CCD44F1D5EA/element/6F010000-0000-0000-6B1E-000000000000/rect
14:41:32.542946 [DEBUG] WDA GET /session/980D1761-AD2F-4CD0-A47D-2CCD44F1D5EA/element/6F010000-0000-0000-6B1E-000000000000/text
14:41:32.543012 [DEBUG] WDA GET /session/980D1761-AD2F-4CD0-A47D-2CCD44F1D5EA/element/6F010000-0000-0000-6B1E-000000000000/displayed
14:41:32.575867 [DEBUG] WDA GET /session/980D1761-AD2F-4CD0-A47D-2CCD44F1D5EA/element/6F010000-0000-0000-6B1E-000000000000/rect completed (33ms, status: 200)
14:41:32.609012 [DEBUG] WDA GET /session/980D1761-AD2F-4CD0-A47D-2CCD44F1D5EA/element/6F010000-0000-0000-6B1E-000000000000/name completed (66ms, status: 200)
14:41:32.641786 [DEBUG] WDA GET /session/980D1761-AD2F-4CD0-A47D-2CCD44F1D5EA/element/6F010000-0000-0000-6B1E-000000000000/text completed (98ms, status: 200)
14:41:32.678625 [DEBUG] WDA GET /session/980D1761-AD2F-4CD0-A47D-2CCD44F1D5EA/element/6F010000-0000-0000-6B1E-000000000000/displayed completed (135ms, status: 200)
14:41:32.678753 [DEBUG] WDA POST /session/980D1761-AD2F-4CD0-A47D-2CCD44F1D5EA/element/6F010000-0000-0000-6B1E-000000000000/click body=
14:41:33.058532 [DEBUG] WDA POST /session/980D1761-AD2F-4CD0-A47D-2CCD44F1D5EA/element/6F010000-0000-0000-6B1E-000000000000/click completed (379ms, status: 200)
14:41:33.160715 [DEBUG] WDA GET /session/980D1761-AD2F-4CD0-A47D-2CCD44F1D5EA/element/active
14:41:33.240002 [DEBUG] WDA GET /session/980D1761-AD2F-4CD0-A47D-2CCD44F1D5EA/element/active completed (79ms, status: 200)
14:41:33.240044 [DEBUG] Step 3 completed successfully (871ms): tapOn: text="Location"
14:41:33.240641 [DEBUG] Executing step 4: inputText: "X"
14:41:33.241154 [DEBUG] WDA GET /session/980D1761-AD2F-4CD0-A47D-2CCD44F1D5EA/element/active
14:41:33.302321 [DEBUG] WDA GET /session/980D1761-AD2F-4CD0-A47D-2CCD44F1D5EA/element/active completed (61ms, status: 200)
14:41:33.302393 [DEBUG] WDA POST /session/980D1761-AD2F-4CD0-A47D-2CCD44F1D5EA/wda/keys body={"frequency":30,"value":["X"]}
14:41:33.624042 [DEBUG] WDA POST /session/980D1761-AD2F-4CD0-A47D-2CCD44F1D5EA/wda/keys completed (321ms, status: 200)
14:41:33.624457 [DEBUG] Step 4 completed successfully (383ms): inputText: "X"
14:41:33.626999 [DEBUG] Executing step 5: tapOn: text="Cancel"
14:41:33.628382 [DEBUG] WDA POST /session/980D1761-AD2F-4CD0-A47D-2CCD44F1D5EA/element body={"using":"predicate string","value":"((type == 'XCUIElementTypeTextField' OR type == 'XCUIElementTyp...
14:41:33.628440 [DEBUG] WDA POST /session/980D1761-AD2F-4CD0-A47D-2CCD44F1D5EA/element body={"using":"class chain","value":"**/XCUIElementTypeSecureTextField[`(label CONTAINS[c] 'Cancel' OR va...
14:41:33.628495 [DEBUG] WDA POST /session/980D1761-AD2F-4CD0-A47D-2CCD44F1D5EA/element body={"using":"class chain","value":"**/XCUIElementTypeTextField[`(label CONTAINS[c] 'Cancel' OR value CO...
14:41:33.629009 [DEBUG] WDA POST /session/980D1761-AD2F-4CD0-A47D-2CCD44F1D5EA/element body={"using":"class chain","value":"**/XCUIElementTypeButton[`(label ==[c] 'Cancel' OR name ==[c] 'Cance...
14:41:33.751621 [DEBUG] WDA POST /session/980D1761-AD2F-4CD0-A47D-2CCD44F1D5EA/element completed (123ms, status: 200)
14:41:33.795666 [DEBUG] WDA POST /session/980D1761-AD2F-4CD0-A47D-2CCD44F1D5EA/element completed (167ms, status: 404)
14:41:33.839985 [DEBUG] WDA POST /session/980D1761-AD2F-4CD0-A47D-2CCD44F1D5EA/element completed (211ms, status: 404)
14:41:33.930388 [DEBUG] WDA POST /session/980D1761-AD2F-4CD0-A47D-2CCD44F1D5EA/element completed (301ms, status: 200)
14:41:33.930448 [DEBUG] WDA GET /session/980D1761-AD2F-4CD0-A47D-2CCD44F1D5EA/element/4D010000-0000-0000-6B1E-000000000000/name
14:41:33.930480 [DEBUG] WDA GET /session/980D1761-AD2F-4CD0-A47D-2CCD44F1D5EA/element/4D010000-0000-0000-6B1E-000000000000/text
14:41:33.930505 [DEBUG] WDA GET /session/980D1761-AD2F-4CD0-A47D-2CCD44F1D5EA/element/4D010000-0000-0000-6B1E-000000000000/rect
14:41:33.930521 [DEBUG] WDA GET /session/980D1761-AD2F-4CD0-A47D-2CCD44F1D5EA/element/4D010000-0000-0000-6B1E-000000000000/displayed
14:41:33.974521 [DEBUG] WDA GET /session/980D1761-AD2F-4CD0-A47D-2CCD44F1D5EA/element/4D010000-0000-0000-6B1E-000000000000/text completed (44ms, status: 200)
14:41:34.021698 [DEBUG] WDA GET /session/980D1761-AD2F-4CD0-A47D-2CCD44F1D5EA/element/4D010000-0000-0000-6B1E-000000000000/name completed (91ms, status: 200)
14:41:34.065934 [DEBUG] WDA GET /session/980D1761-AD2F-4CD0-A47D-2CCD44F1D5EA/element/4D010000-0000-0000-6B1E-000000000000/rect completed (135ms, status: 200)
14:41:34.117220 [DEBUG] WDA GET /session/980D1761-AD2F-4CD0-A47D-2CCD44F1D5EA/element/4D010000-0000-0000-6B1E-000000000000/displayed completed (186ms, status: 200)
14:41:34.117386 [DEBUG] WDA POST /session/980D1761-AD2F-4CD0-A47D-2CCD44F1D5EA/element/4D010000-0000-0000-6B1E-000000000000/click body=
14:41:34.502404 [DEBUG] WDA POST /session/980D1761-AD2F-4CD0-A47D-2CCD44F1D5EA/element/4D010000-0000-0000-6B1E-000000000000/click completed (385ms, status: 200)
14:41:34.502559 [DEBUG] Step 5 completed successfully (875ms): tapOn: text="Cancel"
14:41:34.503389 [DEBUG] Executing step 6: assertVisible: text="You have unsaved changes that will be lost."
14:41:34.504003 [DEBUG] WDA POST /session/980D1761-AD2F-4CD0-A47D-2CCD44F1D5EA/element body={"using":"predicate string","value":"(label CONTAINS[c] 'You have unsaved changes that will be lost....
14:41:34.599703 [DEBUG] WDA POST /session/980D1761-AD2F-4CD0-A47D-2CCD44F1D5EA/element completed (95ms, status: 200)
14:41:34.599781 [DEBUG] WDA GET /session/980D1761-AD2F-4CD0-A47D-2CCD44F1D5EA/element/C9010000-0000-0000-6B1E-000000000000/name
14:41:34.599816 [DEBUG] WDA GET /session/980D1761-AD2F-4CD0-A47D-2CCD44F1D5EA/element/C9010000-0000-0000-6B1E-000000000000/rect
14:41:34.599882 [DEBUG] WDA GET /session/980D1761-AD2F-4CD0-A47D-2CCD44F1D5EA/element/C9010000-0000-0000-6B1E-000000000000/text
14:41:34.599955 [DEBUG] WDA GET /session/980D1761-AD2F-4CD0-A47D-2CCD44F1D5EA/element/C9010000-0000-0000-6B1E-000000000000/displayed
14:41:34.642794 [DEBUG] WDA GET /session/980D1761-AD2F-4CD0-A47D-2CCD44F1D5EA/element/C9010000-0000-0000-6B1E-000000000000/rect completed (43ms, status: 200)
14:41:34.684538 [DEBUG] WDA GET /session/980D1761-AD2F-4CD0-A47D-2CCD44F1D5EA/element/C9010000-0000-0000-6B1E-000000000000/name completed (84ms, status: 200)
14:41:34.726045 [DEBUG] WDA GET /session/980D1761-AD2F-4CD0-A47D-2CCD44F1D5EA/element/C9010000-0000-0000-6B1E-000000000000/text completed (126ms, status: 200)
14:41:37.400440 [DEBUG] WDA GET /session/980D1761-AD2F-4CD0-A47D-2CCD44F1D5EA/element/C9010000-0000-0000-6B1E-000000000000/displayed completed (2800ms, status: 404)
14:41:37.400981 [DEBUG] Step 6 completed successfully (2897ms): assertVisible: text="You have unsaved changes that will be lost."
14:41:37.404106 [DEBUG] Executing step 7: takeScreenshot
14:41:37.405074 [DEBUG] WDA GET /session/980D1761-AD2F-4CD0-A47D-2CCD44F1D5EA/screenshot
14:41:37.500988 [DEBUG] WDA GET /session/980D1761-AD2F-4CD0-A47D-2CCD44F1D5EA/screenshot completed (95ms, status: 200)
14:41:37.507156 [DEBUG] Step 7 completed successfully (103ms): takeScreenshot
14:41:37.509589 [DEBUG] Executing step 8: tapOn: text="Keep Editing"
14:41:37.510191 [DEBUG] WDA POST /session/980D1761-AD2F-4CD0-A47D-2CCD44F1D5EA/element body={"using":"predicate string","value":"((type == 'XCUIElementTypeTextField' OR type == 'XCUIElementTyp...
14:41:37.510219 [DEBUG] WDA POST /session/980D1761-AD2F-4CD0-A47D-2CCD44F1D5EA/element body={"using":"class chain","value":"**/XCUIElementTypeSecureTextField[`(label CONTAINS[c] 'Keep Editing'...
14:41:37.510264 [DEBUG] WDA POST /session/980D1761-AD2F-4CD0-A47D-2CCD44F1D5EA/element body={"using":"class chain","value":"**/XCUIElementTypeTextField[`(label CONTAINS[c] 'Keep Editing' OR va...
14:41:37.510318 [DEBUG] WDA POST /session/980D1761-AD2F-4CD0-A47D-2CCD44F1D5EA/element body={"using":"class chain","value":"**/XCUIElementTypeButton[`(label ==[c] 'Keep Editing' OR name ==[c] ...
14:41:37.557670 [DEBUG] WDA POST /session/980D1761-AD2F-4CD0-A47D-2CCD44F1D5EA/element completed (47ms, status: 404)
14:41:37.600440 [DEBUG] WDA POST /session/980D1761-AD2F-4CD0-A47D-2CCD44F1D5EA/element completed (90ms, status: 404)
14:41:37.642976 [DEBUG] WDA POST /session/980D1761-AD2F-4CD0-A47D-2CCD44F1D5EA/element completed (132ms, status: 404)
14:41:37.688683 [DEBUG] WDA POST /session/980D1761-AD2F-4CD0-A47D-2CCD44F1D5EA/element completed (178ms, status: 404)
14:41:37.689039 [DEBUG] WDA POST /session/980D1761-AD2F-4CD0-A47D-2CCD44F1D5EA/element body={"using":"predicate string","value":"(label == 'Keep Editing' OR name == 'Keep Editing' OR value == ...
14:41:37.738329 [DEBUG] WDA POST /session/980D1761-AD2F-4CD0-A47D-2CCD44F1D5EA/element completed (49ms, status: 404)
14:41:37.738532 [DEBUG] WDA POST /session/980D1761-AD2F-4CD0-A47D-2CCD44F1D5EA/element body={"using":"predicate string","value":"(label CONTAINS[c] 'Keep Editing' OR name CONTAINS[c] 'Keep Edi...
14:41:37.787624 [DEBUG] WDA POST /session/980D1761-AD2F-4CD0-A47D-2CCD44F1D5EA/element completed (49ms, status: 404)
14:41:37.787699 [DEBUG] WDA GET /session/980D1761-AD2F-4CD0-A47D-2CCD44F1D5EA/source
14:41:38.454836 [DEBUG] WDA GET /session/980D1761-AD2F-4CD0-A47D-2CCD44F1D5EA/source completed (667ms, status: 200)
14:41:38.458070 [DEBUG] WDA POST /session/980D1761-AD2F-4CD0-A47D-2CCD44F1D5EA/element body={"using":"class chain","value":"**/XCUIElementTypeTextField[`(label CONTAINS[c] 'Keep Editing' OR va...
14:41:38.458114 [DEBUG] WDA POST /session/980D1761-AD2F-4CD0-A47D-2CCD44F1D5EA/element body={"using":"predicate string","value":"((type == 'XCUIElementTypeTextField' OR type == 'XCUIElementTyp...
14:41:38.458152 [DEBUG] WDA POST /session/980D1761-AD2F-4CD0-A47D-2CCD44F1D5EA/element body={"using":"class chain","value":"**/XCUIElementTypeButton[`(label ==[c] 'Keep Editing' OR name ==[c] ...
14:41:38.458290 [DEBUG] WDA POST /session/980D1761-AD2F-4CD0-A47D-2CCD44F1D5EA/element body={"using":"class chain","value":"**/XCUIElementTypeSecureTextField[`(label CONTAINS[c] 'Keep Editing'...
14:41:38.502270 [DEBUG] WDA POST /session/980D1761-AD2F-4CD0-A47D-2CCD44F1D5EA/element completed (44ms, status: 404)
14:41:38.547846 [DEBUG] WDA POST /session/980D1761-AD2F-4CD0-A47D-2CCD44F1D5EA/element completed (89ms, status: 404)
14:41:38.590810 [DEBUG] WDA POST /session/980D1761-AD2F-4CD0-A47D-2CCD44F1D5EA/element completed (132ms, status: 404)
14:41:38.634615 [DEBUG] WDA POST /session/980D1761-AD2F-4CD0-A47D-2CCD44F1D5EA/element completed (176ms, status: 404)
14:41:38.634710 [DEBUG] WDA POST /session/980D1761-AD2F-4CD0-A47D-2CCD44F1D5EA/element body={"using":"predicate string","value":"(label == 'Keep Editing' OR name == 'Keep Editing' OR value == ...
14:41:38.683408 [DEBUG] WDA POST /session/980D1761-AD2F-4CD0-A47D-2CCD44F1D5EA/element completed (48ms, status: 404)
14:41:38.683496 [DEBUG] WDA POST /session/980D1761-AD2F-4CD0-A47D-2CCD44F1D5EA/element body={"using":"predicate string","value":"(label CONTAINS[c] 'Keep Editing' OR name CONTAINS[c] 'Keep Edi...
14:41:38.732778 [DEBUG] WDA POST /session/980D1761-AD2F-4CD0-A47D-2CCD44F1D5EA/element completed (49ms, status: 404)
14:41:38.732854 [DEBUG] WDA GET /session/980D1761-AD2F-4CD0-A47D-2CCD44F1D5EA/source
14:41:39.392310 [DEBUG] WDA GET /session/980D1761-AD2F-4CD0-A47D-2CCD44F1D5EA/source completed (659ms, status: 200)
14:41:39.394810 [DEBUG] WDA POST /session/980D1761-AD2F-4CD0-A47D-2CCD44F1D5EA/element body={"using":"class chain","value":"**/XCUIElementTypeTextField[`(label CONTAINS[c] 'Keep Editing' OR va...
14:41:39.394839 [DEBUG] WDA POST /session/980D1761-AD2F-4CD0-A47D-2CCD44F1D5EA/element body={"using":"predicate string","value":"((type == 'XCUIElementTypeTextField' OR type == 'XCUIElementTyp...
14:41:39.394872 [DEBUG] WDA POST /session/980D1761-AD2F-4CD0-A47D-2CCD44F1D5EA/element body={"using":"class chain","value":"**/XCUIElementTypeButton[`(label ==[c] 'Keep Editing' OR name ==[c] ...
14:41:39.394905 [DEBUG] WDA POST /session/980D1761-AD2F-4CD0-A47D-2CCD44F1D5EA/element body={"using":"class chain","value":"**/XCUIElementTypeSecureTextField[`(label CONTAINS[c] 'Keep Editing'...
14:41:39.439129 [DEBUG] WDA POST /session/980D1761-AD2F-4CD0-A47D-2CCD44F1D5EA/element completed (44ms, status: 404)
14:41:39.514008 [DEBUG] WDA POST /session/980D1761-AD2F-4CD0-A47D-2CCD44F1D5EA/element completed (119ms, status: 404)
14:41:39.557166 [DEBUG] WDA POST /session/980D1761-AD2F-4CD0-A47D-2CCD44F1D5EA/element completed (162ms, status: 404)
14:41:39.601281 [DEBUG] WDA POST /session/980D1761-AD2F-4CD0-A47D-2CCD44F1D5EA/element completed (206ms, status: 404)
14:41:39.601447 [DEBUG] WDA POST /session/980D1761-AD2F-4CD0-A47D-2CCD44F1D5EA/element body={"using":"predicate string","value":"(label == 'Keep Editing' OR name == 'Keep Editing' OR value == ...
14:41:39.648495 [DEBUG] WDA POST /session/980D1761-AD2F-4CD0-A47D-2CCD44F1D5EA/element completed (47ms, status: 404)
14:41:39.648651 [DEBUG] WDA POST /session/980D1761-AD2F-4CD0-A47D-2CCD44F1D5EA/element body={"using":"predicate string","value":"(label CONTAINS[c] 'Keep Editing' OR name CONTAINS[c] 'Keep Edi...
14:41:39.696303 [DEBUG] WDA POST /session/980D1761-AD2F-4CD0-A47D-2CCD44F1D5EA/element completed (47ms, status: 404)
14:41:39.696464 [DEBUG] WDA GET /session/980D1761-AD2F-4CD0-A47D-2CCD44F1D5EA/source
14:41:40.361777 [DEBUG] WDA GET /session/980D1761-AD2F-4CD0-A47D-2CCD44F1D5EA/source completed (665ms, status: 200)
14:41:40.364231 [DEBUG] WDA POST /session/980D1761-AD2F-4CD0-A47D-2CCD44F1D5EA/element body={"using":"predicate string","value":"((type == 'XCUIElementTypeTextField' OR type == 'XCUIElementTyp...
14:41:40.364276 [DEBUG] WDA POST /session/980D1761-AD2F-4CD0-A47D-2CCD44F1D5EA/element body={"using":"class chain","value":"**/XCUIElementTypeSecureTextField[`(label CONTAINS[c] 'Keep Editing'...
14:41:40.364322 [DEBUG] WDA POST /session/980D1761-AD2F-4CD0-A47D-2CCD44F1D5EA/element body={"using":"class chain","value":"**/XCUIElementTypeTextField[`(label CONTAINS[c] 'Keep Editing' OR va...
14:41:40.364393 [DEBUG] WDA POST /session/980D1761-AD2F-4CD0-A47D-2CCD44F1D5EA/element body={"using":"class chain","value":"**/XCUIElementTypeButton[`(label ==[c] 'Keep Editing' OR name ==[c] ...
14:41:40.411174 [DEBUG] WDA POST /session/980D1761-AD2F-4CD0-A47D-2CCD44F1D5EA/element completed (46ms, status: 404)
14:41:40.453752 [DEBUG] WDA POST /session/980D1761-AD2F-4CD0-A47D-2CCD44F1D5EA/element completed (89ms, status: 404)
14:41:40.497354 [DEBUG] WDA POST /session/980D1761-AD2F-4CD0-A47D-2CCD44F1D5EA/element completed (133ms, status: 404)
14:41:40.540314 [DEBUG] WDA POST /session/980D1761-AD2F-4CD0-A47D-2CCD44F1D5EA/element completed (176ms, status: 404)
14:41:40.540519 [DEBUG] WDA POST /session/980D1761-AD2F-4CD0-A47D-2CCD44F1D5EA/element body={"using":"predicate string","value":"(label == 'Keep Editing' OR name == 'Keep Editing' OR value == ...
14:41:40.587542 [DEBUG] WDA POST /session/980D1761-AD2F-4CD0-A47D-2CCD44F1D5EA/element completed (47ms, status: 404)
14:41:40.587712 [DEBUG] WDA POST /session/980D1761-AD2F-4CD0-A47D-2CCD44F1D5EA/element body={"using":"predicate string","value":"(label CONTAINS[c] 'Keep Editing' OR name CONTAINS[c] 'Keep Edi...
14:41:40.635424 [DEBUG] WDA POST /session/980D1761-AD2F-4CD0-A47D-2CCD44F1D5EA/element completed (47ms, status: 404)
14:41:40.635623 [DEBUG] WDA GET /session/980D1761-AD2F-4CD0-A47D-2CCD44F1D5EA/source
14:41:41.301133 [DEBUG] WDA GET /session/980D1761-AD2F-4CD0-A47D-2CCD44F1D5EA/source completed (665ms, status: 200)
14:41:41.302838 [DEBUG] WDA POST /session/980D1761-AD2F-4CD0-A47D-2CCD44F1D5EA/element body={"using":"predicate string","value":"((type == 'XCUIElementTypeTextField' OR type == 'XCUIElementTyp...
14:41:41.302862 [DEBUG] WDA POST /session/980D1761-AD2F-4CD0-A47D-2CCD44F1D5EA/element body={"using":"class chain","value":"**/XCUIElementTypeTextField[`(label CONTAINS[c] 'Keep Editing' OR va...
14:41:41.302906 [DEBUG] WDA POST /session/980D1761-AD2F-4CD0-A47D-2CCD44F1D5EA/element body={"using":"class chain","value":"**/XCUIElementTypeButton[`(label ==[c] 'Keep Editing' OR name ==[c] ...
14:41:41.302963 [DEBUG] WDA POST /session/980D1761-AD2F-4CD0-A47D-2CCD44F1D5EA/element body={"using":"class chain","value":"**/XCUIElementTypeSecureTextField[`(label CONTAINS[c] 'Keep Editing'...
14:41:41.347690 [DEBUG] WDA POST /session/980D1761-AD2F-4CD0-A47D-2CCD44F1D5EA/element completed (44ms, status: 404)
14:41:41.393387 [DEBUG] WDA POST /session/980D1761-AD2F-4CD0-A47D-2CCD44F1D5EA/element completed (90ms, status: 404)
14:41:41.436184 [DEBUG] WDA POST /session/980D1761-AD2F-4CD0-A47D-2CCD44F1D5EA/element completed (133ms, status: 404)
14:41:41.479061 [DEBUG] WDA POST /session/980D1761-AD2F-4CD0-A47D-2CCD44F1D5EA/element completed (176ms, status: 404)
14:41:41.479337 [DEBUG] WDA POST /session/980D1761-AD2F-4CD0-A47D-2CCD44F1D5EA/element body={"using":"predicate string","value":"(label == 'Keep Editing' OR name == 'Keep Editing' OR value == ...
14:41:41.553788 [DEBUG] WDA POST /session/980D1761-AD2F-4CD0-A47D-2CCD44F1D5EA/element completed (74ms, status: 404)
14:41:41.553933 [DEBUG] WDA POST /session/980D1761-AD2F-4CD0-A47D-2CCD44F1D5EA/element body={"using":"predicate string","value":"(label CONTAINS[c] 'Keep Editing' OR name CONTAINS[c] 'Keep Edi...
14:41:41.603800 [DEBUG] WDA POST /session/980D1761-AD2F-4CD0-A47D-2CCD44F1D5EA/element completed (49ms, status: 404)
14:41:41.603969 [DEBUG] WDA GET /session/980D1761-AD2F-4CD0-A47D-2CCD44F1D5EA/source
14:41:42.316531 [DEBUG] WDA GET /session/980D1761-AD2F-4CD0-A47D-2CCD44F1D5EA/source completed (712ms, status: 200)
14:41:42.317839 [DEBUG] WDA POST /session/980D1761-AD2F-4CD0-A47D-2CCD44F1D5EA/element body={"using":"class chain","value":"**/XCUIElementTypeSecureTextField[`(label CONTAINS[c] 'Keep Editing'...
14:41:42.317854 [DEBUG] WDA POST /session/980D1761-AD2F-4CD0-A47D-2CCD44F1D5EA/element body={"using":"class chain","value":"**/XCUIElementTypeButton[`(label ==[c] 'Keep Editing' OR name ==[c] ...
14:41:42.317875 [DEBUG] WDA POST /session/980D1761-AD2F-4CD0-A47D-2CCD44F1D5EA/element body={"using":"predicate string","value":"((type == 'XCUIElementTypeTextField' OR type == 'XCUIElementTyp...
14:41:42.317920 [DEBUG] WDA POST /session/980D1761-AD2F-4CD0-A47D-2CCD44F1D5EA/element body={"using":"class chain","value":"**/XCUIElementTypeTextField[`(label CONTAINS[c] 'Keep Editing' OR va...
14:41:42.362414 [DEBUG] WDA POST /session/980D1761-AD2F-4CD0-A47D-2CCD44F1D5EA/element completed (44ms, status: 404)
14:41:42.406002 [DEBUG] WDA POST /session/980D1761-AD2F-4CD0-A47D-2CCD44F1D5EA/element completed (88ms, status: 404)
14:41:42.449138 [DEBUG] WDA POST /session/980D1761-AD2F-4CD0-A47D-2CCD44F1D5EA/element completed (131ms, status: 404)
14:41:42.494617 [DEBUG] WDA POST /session/980D1761-AD2F-4CD0-A47D-2CCD44F1D5EA/element completed (176ms, status: 404)
14:41:42.495368 [DEBUG] WDA POST /session/980D1761-AD2F-4CD0-A47D-2CCD44F1D5EA/element body={"using":"predicate string","value":"(label == 'Keep Editing' OR name == 'Keep Editing' OR value == ...
14:41:42.542925 [DEBUG] WDA POST /session/980D1761-AD2F-4CD0-A47D-2CCD44F1D5EA/element completed (47ms, status: 404)
14:41:42.543118 [DEBUG] WDA POST /session/980D1761-AD2F-4CD0-A47D-2CCD44F1D5EA/element body={"using":"predicate string","value":"(label CONTAINS[c] 'Keep Editing' OR name CONTAINS[c] 'Keep Edi...
14:41:42.590698 [DEBUG] WDA POST /session/980D1761-AD2F-4CD0-A47D-2CCD44F1D5EA/element completed (47ms, status: 404)
14:41:42.590776 [DEBUG] WDA GET /session/980D1761-AD2F-4CD0-A47D-2CCD44F1D5EA/source
14:41:43.250185 [DEBUG] WDA GET /session/980D1761-AD2F-4CD0-A47D-2CCD44F1D5EA/source completed (659ms, status: 200)
14:41:43.252061 [DEBUG] WDA POST /session/980D1761-AD2F-4CD0-A47D-2CCD44F1D5EA/element body={"using":"class chain","value":"**/XCUIElementTypeSecureTextField[`(label CONTAINS[c] 'Keep Editing'...
14:41:43.252096 [DEBUG] WDA POST /session/980D1761-AD2F-4CD0-A47D-2CCD44F1D5EA/element body={"using":"class chain","value":"**/XCUIElementTypeTextField[`(label CONTAINS[c] 'Keep Editing' OR va...
14:41:43.252125 [DEBUG] WDA POST /session/980D1761-AD2F-4CD0-A47D-2CCD44F1D5EA/element body={"using":"class chain","value":"**/XCUIElementTypeButton[`(label ==[c] 'Keep Editing' OR name ==[c] ...
14:41:43.252218 [DEBUG] WDA POST /session/980D1761-AD2F-4CD0-A47D-2CCD44F1D5EA/element body={"using":"predicate string","value":"((type == 'XCUIElementTypeTextField' OR type == 'XCUIElementTyp...
14:41:43.297479 [DEBUG] WDA POST /session/980D1761-AD2F-4CD0-A47D-2CCD44F1D5EA/element completed (45ms, status: 404)
14:41:43.343540 [DEBUG] WDA POST /session/980D1761-AD2F-4CD0-A47D-2CCD44F1D5EA/element completed (91ms, status: 404)
14:41:43.390861 [DEBUG] WDA POST /session/980D1761-AD2F-4CD0-A47D-2CCD44F1D5EA/element completed (138ms, status: 404)
14:41:43.434470 [DEBUG] WDA POST /session/980D1761-AD2F-4CD0-A47D-2CCD44F1D5EA/element completed (182ms, status: 404)
14:41:43.434692 [DEBUG] WDA POST /session/980D1761-AD2F-4CD0-A47D-2CCD44F1D5EA/element body={"using":"predicate string","value":"(label == 'Keep Editing' OR name == 'Keep Editing' OR value == ...
14:41:43.482050 [DEBUG] WDA POST /session/980D1761-AD2F-4CD0-A47D-2CCD44F1D5EA/element completed (47ms, status: 404)
14:41:43.482233 [DEBUG] WDA POST /session/980D1761-AD2F-4CD0-A47D-2CCD44F1D5EA/element body={"using":"predicate string","value":"(label CONTAINS[c] 'Keep Editing' OR name CONTAINS[c] 'Keep Edi...
14:41:43.530384 [DEBUG] WDA POST /session/980D1761-AD2F-4CD0-A47D-2CCD44F1D5EA/element completed (48ms, status: 404)
14:41:43.530531 [DEBUG] WDA GET /session/980D1761-AD2F-4CD0-A47D-2CCD44F1D5EA/source
14:41:44.221607 [DEBUG] WDA GET /session/980D1761-AD2F-4CD0-A47D-2CCD44F1D5EA/source completed (691ms, status: 200)
14:41:44.224226 [DEBUG] WDA POST /session/980D1761-AD2F-4CD0-A47D-2CCD44F1D5EA/element body={"using":"class chain","value":"**/XCUIElementTypeSecureTextField[`(label CONTAINS[c] 'Keep Editing'...
14:41:44.224288 [DEBUG] WDA POST /session/980D1761-AD2F-4CD0-A47D-2CCD44F1D5EA/element body={"using":"class chain","value":"**/XCUIElementTypeButton[`(label ==[c] 'Keep Editing' OR name ==[c] ...
14:41:44.224331 [DEBUG] WDA POST /session/980D1761-AD2F-4CD0-A47D-2CCD44F1D5EA/element body={"using":"predicate string","value":"((type == 'XCUIElementTypeTextField' OR type == 'XCUIElementTyp...
14:41:44.224416 [DEBUG] WDA POST /session/980D1761-AD2F-4CD0-A47D-2CCD44F1D5EA/element body={"using":"class chain","value":"**/XCUIElementTypeTextField[`(label CONTAINS[c] 'Keep Editing' OR va...
14:41:44.269253 [DEBUG] WDA POST /session/980D1761-AD2F-4CD0-A47D-2CCD44F1D5EA/element completed (45ms, status: 404)
14:41:44.313437 [DEBUG] WDA POST /session/980D1761-AD2F-4CD0-A47D-2CCD44F1D5EA/element completed (89ms, status: 404)
14:41:44.361061 [DEBUG] WDA POST /session/980D1761-AD2F-4CD0-A47D-2CCD44F1D5EA/element completed (136ms, status: 404)
14:41:44.405304 [DEBUG] WDA POST /session/980D1761-AD2F-4CD0-A47D-2CCD44F1D5EA/element completed (181ms, status: 404)
14:41:44.405580 [DEBUG] WDA POST /session/980D1761-AD2F-4CD0-A47D-2CCD44F1D5EA/element body={"using":"predicate string","value":"(label == 'Keep Editing' OR name == 'Keep Editing' OR value == ...
14:41:44.455413 [DEBUG] WDA POST /session/980D1761-AD2F-4CD0-A47D-2CCD44F1D5EA/element completed (49ms, status: 404)
14:41:44.455553 [DEBUG] WDA POST /session/980D1761-AD2F-4CD0-A47D-2CCD44F1D5EA/element body={"using":"predicate string","value":"(label CONTAINS[c] 'Keep Editing' OR name CONTAINS[c] 'Keep Edi...
14:41:44.507814 [DEBUG] WDA POST /session/980D1761-AD2F-4CD0-A47D-2CCD44F1D5EA/element completed (52ms, status: 404)
14:41:44.507901 [DEBUG] WDA GET /session/980D1761-AD2F-4CD0-A47D-2CCD44F1D5EA/source
14:41:45.166481 [DEBUG] WDA GET /session/980D1761-AD2F-4CD0-A47D-2CCD44F1D5EA/source completed (658ms, status: 200)
14:41:45.168475 [DEBUG] WDA POST /session/980D1761-AD2F-4CD0-A47D-2CCD44F1D5EA/element body={"using":"predicate string","value":"((type == 'XCUIElementTypeTextField' OR type == 'XCUIElementTyp...
14:41:45.168544 [DEBUG] WDA POST /session/980D1761-AD2F-4CD0-A47D-2CCD44F1D5EA/element body={"using":"class chain","value":"**/XCUIElementTypeSecureTextField[`(label CONTAINS[c] 'Keep Editing'...
14:41:45.168611 [DEBUG] WDA POST /session/980D1761-AD2F-4CD0-A47D-2CCD44F1D5EA/element body={"using":"class chain","value":"**/XCUIElementTypeTextField[`(label CONTAINS[c] 'Keep Editing' OR va...
14:41:45.168679 [DEBUG] WDA POST /session/980D1761-AD2F-4CD0-A47D-2CCD44F1D5EA/element body={"using":"class chain","value":"**/XCUIElementTypeButton[`(label ==[c] 'Keep Editing' OR name ==[c] ...
14:41:45.213025 [DEBUG] WDA POST /session/980D1761-AD2F-4CD0-A47D-2CCD44F1D5EA/element completed (44ms, status: 404)
14:41:45.258679 [DEBUG] WDA POST /session/980D1761-AD2F-4CD0-A47D-2CCD44F1D5EA/element completed (90ms, status: 404)
14:41:45.302447 [DEBUG] WDA POST /session/980D1761-AD2F-4CD0-A47D-2CCD44F1D5EA/element completed (133ms, status: 404)
14:41:45.346411 [DEBUG] WDA POST /session/980D1761-AD2F-4CD0-A47D-2CCD44F1D5EA/element completed (177ms, status: 404)
14:41:45.346882 [DEBUG] WDA POST /session/980D1761-AD2F-4CD0-A47D-2CCD44F1D5EA/element body={"using":"predicate string","value":"(label == 'Keep Editing' OR name == 'Keep Editing' OR value == ...
14:41:45.396965 [DEBUG] WDA POST /session/980D1761-AD2F-4CD0-A47D-2CCD44F1D5EA/element completed (50ms, status: 404)
14:41:45.397278 [DEBUG] WDA POST /session/980D1761-AD2F-4CD0-A47D-2CCD44F1D5EA/element body={"using":"predicate string","value":"(label CONTAINS[c] 'Keep Editing' OR name CONTAINS[c] 'Keep Edi...
14:41:45.446009 [DEBUG] WDA POST /session/980D1761-AD2F-4CD0-A47D-2CCD44F1D5EA/element completed (48ms, status: 404)
14:41:45.446330 [DEBUG] WDA GET /session/980D1761-AD2F-4CD0-A47D-2CCD44F1D5EA/source
14:41:46.107509 [DEBUG] WDA GET /session/980D1761-AD2F-4CD0-A47D-2CCD44F1D5EA/source completed (661ms, status: 200)
14:41:46.109323 [DEBUG] WDA POST /session/980D1761-AD2F-4CD0-A47D-2CCD44F1D5EA/element body={"using":"predicate string","value":"((type == 'XCUIElementTypeTextField' OR type == 'XCUIElementTyp...
14:41:46.109342 [DEBUG] WDA POST /session/980D1761-AD2F-4CD0-A47D-2CCD44F1D5EA/element body={"using":"class chain","value":"**/XCUIElementTypeButton[`(label ==[c] 'Keep Editing' OR name ==[c] ...
14:41:46.109412 [DEBUG] WDA POST /session/980D1761-AD2F-4CD0-A47D-2CCD44F1D5EA/element body={"using":"class chain","value":"**/XCUIElementTypeTextField[`(label CONTAINS[c] 'Keep Editing' OR va...
14:41:46.109457 [DEBUG] WDA POST /session/980D1761-AD2F-4CD0-A47D-2CCD44F1D5EA/element body={"using":"class chain","value":"**/XCUIElementTypeSecureTextField[`(label CONTAINS[c] 'Keep Editing'...
14:41:46.180650 [DEBUG] WDA POST /session/980D1761-AD2F-4CD0-A47D-2CCD44F1D5EA/element completed (71ms, status: 404)
14:41:46.223984 [DEBUG] WDA POST /session/980D1761-AD2F-4CD0-A47D-2CCD44F1D5EA/element completed (114ms, status: 404)
14:41:46.266598 [DEBUG] WDA POST /session/980D1761-AD2F-4CD0-A47D-2CCD44F1D5EA/element completed (157ms, status: 404)
14:41:46.309769 [DEBUG] WDA POST /session/980D1761-AD2F-4CD0-A47D-2CCD44F1D5EA/element completed (200ms, status: 404)
14:41:46.309932 [DEBUG] WDA POST /session/980D1761-AD2F-4CD0-A47D-2CCD44F1D5EA/element body={"using":"predicate string","value":"(label == 'Keep Editing' OR name == 'Keep Editing' OR value == ...
14:41:46.357635 [DEBUG] WDA POST /session/980D1761-AD2F-4CD0-A47D-2CCD44F1D5EA/element completed (47ms, status: 404)
14:41:46.357931 [DEBUG] WDA POST /session/980D1761-AD2F-4CD0-A47D-2CCD44F1D5EA/element body={"using":"predicate string","value":"(label CONTAINS[c] 'Keep Editing' OR name CONTAINS[c] 'Keep Edi...
14:41:46.407373 [DEBUG] WDA POST /session/980D1761-AD2F-4CD0-A47D-2CCD44F1D5EA/element completed (49ms, status: 404)
14:41:46.407545 [DEBUG] WDA GET /session/980D1761-AD2F-4CD0-A47D-2CCD44F1D5EA/source
14:41:47.068318 [DEBUG] WDA GET /session/980D1761-AD2F-4CD0-A47D-2CCD44F1D5EA/source completed (660ms, status: 200)
14:41:47.070747 [DEBUG] WDA POST /session/980D1761-AD2F-4CD0-A47D-2CCD44F1D5EA/element body={"using":"predicate string","value":"((type == 'XCUIElementTypeTextField' OR type == 'XCUIElementTyp...
14:41:47.070802 [DEBUG] WDA POST /session/980D1761-AD2F-4CD0-A47D-2CCD44F1D5EA/element body={"using":"class chain","value":"**/XCUIElementTypeButton[`(label ==[c] 'Keep Editing' OR name ==[c] ...
14:41:47.070849 [DEBUG] WDA POST /session/980D1761-AD2F-4CD0-A47D-2CCD44F1D5EA/element body={"using":"class chain","value":"**/XCUIElementTypeSecureTextField[`(label CONTAINS[c] 'Keep Editing'...
14:41:47.070883 [DEBUG] WDA POST /session/980D1761-AD2F-4CD0-A47D-2CCD44F1D5EA/element body={"using":"class chain","value":"**/XCUIElementTypeTextField[`(label CONTAINS[c] 'Keep Editing' OR va...
14:41:47.115729 [DEBUG] WDA POST /session/980D1761-AD2F-4CD0-A47D-2CCD44F1D5EA/element completed (45ms, status: 404)
14:41:47.161473 [DEBUG] WDA POST /session/980D1761-AD2F-4CD0-A47D-2CCD44F1D5EA/element completed (90ms, status: 404)
14:41:47.204505 [DEBUG] WDA POST /session/980D1761-AD2F-4CD0-A47D-2CCD44F1D5EA/element completed (133ms, status: 404)
14:41:47.247031 [DEBUG] WDA POST /session/980D1761-AD2F-4CD0-A47D-2CCD44F1D5EA/element completed (176ms, status: 404)
14:41:47.247409 [DEBUG] WDA POST /session/980D1761-AD2F-4CD0-A47D-2CCD44F1D5EA/element body={"using":"predicate string","value":"(label == 'Keep Editing' OR name == 'Keep Editing' OR value == ...
14:41:47.294991 [DEBUG] WDA POST /session/980D1761-AD2F-4CD0-A47D-2CCD44F1D5EA/element completed (47ms, status: 404)
14:41:47.295152 [DEBUG] WDA POST /session/980D1761-AD2F-4CD0-A47D-2CCD44F1D5EA/element body={"using":"predicate string","value":"(label CONTAINS[c] 'Keep Editing' OR name CONTAINS[c] 'Keep Edi...
14:41:47.343458 [DEBUG] WDA POST /session/980D1761-AD2F-4CD0-A47D-2CCD44F1D5EA/element completed (48ms, status: 404)
14:41:47.343603 [DEBUG] WDA GET /session/980D1761-AD2F-4CD0-A47D-2CCD44F1D5EA/source
14:41:48.008750 [DEBUG] WDA GET /session/980D1761-AD2F-4CD0-A47D-2CCD44F1D5EA/source completed (665ms, status: 200)
14:41:48.012074 [DEBUG] WDA POST /session/980D1761-AD2F-4CD0-A47D-2CCD44F1D5EA/element body={"using":"predicate string","value":"((type == 'XCUIElementTypeTextField' OR type == 'XCUIElementTyp...
14:41:48.012089 [DEBUG] WDA POST /session/980D1761-AD2F-4CD0-A47D-2CCD44F1D5EA/element body={"using":"class chain","value":"**/XCUIElementTypeButton[`(label ==[c] 'Keep Editing' OR name ==[c] ...
14:41:48.012139 [DEBUG] WDA POST /session/980D1761-AD2F-4CD0-A47D-2CCD44F1D5EA/element body={"using":"class chain","value":"**/XCUIElementTypeSecureTextField[`(label CONTAINS[c] 'Keep Editing'...
14:41:48.012180 [DEBUG] WDA POST /session/980D1761-AD2F-4CD0-A47D-2CCD44F1D5EA/element body={"using":"class chain","value":"**/XCUIElementTypeTextField[`(label CONTAINS[c] 'Keep Editing' OR va...
14:41:48.059822 [DEBUG] WDA POST /session/980D1761-AD2F-4CD0-A47D-2CCD44F1D5EA/element completed (47ms, status: 404)
14:41:48.104983 [DEBUG] WDA POST /session/980D1761-AD2F-4CD0-A47D-2CCD44F1D5EA/element completed (92ms, status: 404)
14:41:48.148975 [DEBUG] WDA POST /session/980D1761-AD2F-4CD0-A47D-2CCD44F1D5EA/element completed (136ms, status: 404)
14:41:48.219524 [DEBUG] WDA POST /session/980D1761-AD2F-4CD0-A47D-2CCD44F1D5EA/element completed (207ms, status: 404)
14:41:48.219686 [DEBUG] WDA POST /session/980D1761-AD2F-4CD0-A47D-2CCD44F1D5EA/element body={"using":"predicate string","value":"(label == 'Keep Editing' OR name == 'Keep Editing' OR value == ...
14:41:48.267754 [DEBUG] WDA POST /session/980D1761-AD2F-4CD0-A47D-2CCD44F1D5EA/element completed (48ms, status: 404)
14:41:48.267919 [DEBUG] WDA POST /session/980D1761-AD2F-4CD0-A47D-2CCD44F1D5EA/element body={"using":"predicate string","value":"(label CONTAINS[c] 'Keep Editing' OR name CONTAINS[c] 'Keep Edi...
14:41:48.316681 [DEBUG] WDA POST /session/980D1761-AD2F-4CD0-A47D-2CCD44F1D5EA/element completed (48ms, status: 404)
14:41:48.316759 [DEBUG] WDA GET /session/980D1761-AD2F-4CD0-A47D-2CCD44F1D5EA/source
14:41:48.991713 [DEBUG] WDA GET /session/980D1761-AD2F-4CD0-A47D-2CCD44F1D5EA/source completed (674ms, status: 200)
14:41:48.993743 [DEBUG] WDA POST /session/980D1761-AD2F-4CD0-A47D-2CCD44F1D5EA/element body={"using":"class chain","value":"**/XCUIElementTypeSecureTextField[`(label CONTAINS[c] 'Keep Editing'...
14:41:48.993760 [DEBUG] WDA POST /session/980D1761-AD2F-4CD0-A47D-2CCD44F1D5EA/element body={"using":"predicate string","value":"((type == 'XCUIElementTypeTextField' OR type == 'XCUIElementTyp...
14:41:48.993781 [DEBUG] WDA POST /session/980D1761-AD2F-4CD0-A47D-2CCD44F1D5EA/element body={"using":"class chain","value":"**/XCUIElementTypeButton[`(label ==[c] 'Keep Editing' OR name ==[c] ...
14:41:48.993801 [DEBUG] WDA POST /session/980D1761-AD2F-4CD0-A47D-2CCD44F1D5EA/element body={"using":"class chain","value":"**/XCUIElementTypeTextField[`(label CONTAINS[c] 'Keep Editing' OR va...
14:41:49.040363 [DEBUG] WDA POST /session/980D1761-AD2F-4CD0-A47D-2CCD44F1D5EA/element completed (46ms, status: 404)
14:41:49.084120 [DEBUG] WDA POST /session/980D1761-AD2F-4CD0-A47D-2CCD44F1D5EA/element completed (90ms, status: 404)
14:41:49.126200 [DEBUG] WDA POST /session/980D1761-AD2F-4CD0-A47D-2CCD44F1D5EA/element completed (132ms, status: 404)
14:41:49.169054 [DEBUG] WDA POST /session/980D1761-AD2F-4CD0-A47D-2CCD44F1D5EA/element completed (175ms, status: 404)
14:41:49.169236 [DEBUG] WDA POST /session/980D1761-AD2F-4CD0-A47D-2CCD44F1D5EA/element body={"using":"predicate string","value":"(label == 'Keep Editing' OR name == 'Keep Editing' OR value == ...
14:41:49.216755 [DEBUG] WDA POST /session/980D1761-AD2F-4CD0-A47D-2CCD44F1D5EA/element completed (47ms, status: 404)
14:41:49.216897 [DEBUG] WDA POST /session/980D1761-AD2F-4CD0-A47D-2CCD44F1D5EA/element body={"using":"predicate string","value":"(label CONTAINS[c] 'Keep Editing' OR name CONTAINS[c] 'Keep Edi...
14:41:49.267041 [DEBUG] WDA POST /session/980D1761-AD2F-4CD0-A47D-2CCD44F1D5EA/element completed (50ms, status: 404)
14:41:49.267118 [DEBUG] WDA GET /session/980D1761-AD2F-4CD0-A47D-2CCD44F1D5EA/source
14:41:49.978074 [DEBUG] WDA GET /session/980D1761-AD2F-4CD0-A47D-2CCD44F1D5EA/source completed (710ms, status: 200)
14:41:49.979097 [ERROR] Step 8 failed (12469ms): tapOn: text="Keep Editing" - Error: Element not found: text='Keep Editing' (cause: context deadline exceeded: WDA error: unable to find an element using 'predicate string', value '(label CONTAINS[c] 'Keep Editing' OR name CONTAINS[c] 'Keep Editing' OR value CONTAINS[c] 'Keep Editing')'; page source: no elements match selector; closest on-screen texts: "Deep Links", "AdditionalDimmingOverlay", "link")
14:41:49.979122 [DEBUG] WDA GET /session/980D1761-AD2F-4CD0-A47D-2CCD44F1D5EA/screenshot
14:41:50.054743 [DEBUG] WDA GET /session/980D1761-AD2F-4CD0-A47D-2CCD44F1D5EA/screenshot completed (75ms, status: 200)
14:41:50.057364 [DEBUG] WDA GET /session/980D1761-AD2F-4CD0-A47D-2CCD44F1D5EA/source
14:41:50.728019 [DEBUG] WDA GET /session/980D1761-AD2F-4CD0-A47D-2CCD44F1D5EA/source completed (670ms, status: 200)
14:41:50.733296 [INFO] === Flow completed: 04-discard (status: failed, duration: 25098ms, passed: 8, failed: 1, skipped: 4) ===
14:41:50.735841 [INFO] Flow execution completed: 0 passed, 1 failed, 0 skipped
14:41:50.736076 [INFO] Generating reports...
14:41:50.736700 [INFO] Shutting down devices started by maestro-runner...
14:41:50.736710 [INFO] Shutting down all tracked emulators
14:41:50.736715 [INFO] Shutting down all tracked simulators
