14:14:46.625979 [INFO] === Test execution started ===
14:14:46.626046 [INFO] Output directory: /Users/kyle/Developer/grantiva-cli/.worktrees/qa-ios/findings/evidence/IOS-030/12-quote-label
14:14:46.626052 [INFO] Platform: ios
14:14:46.626056 [INFO] Driver: uiautomator2
14:14:46.626319 [INFO] Validated 1 flow(s)
14:14:46.743293 [INFO] Single device execution mode
14:14:46.743317 [INFO] Starting flow execution (parallel: false, devices: [])
14:14:46.743324 [INFO] Creating driver for single device execution
14:14:46.743329 [INFO] Using specified iOS device: 6EEDCB1A-E693-488A-B34C-5A0AB5DE9400
14:14:46.852015 [INFO] Device 6EEDCB1A-E693-488A-B34C-5A0AB5DE9400 is a simulator
14:14:46.852100 [INFO] Building WDA for device 6EEDCB1A-E693-488A-B34C-5A0AB5DE9400 (team ID: )
14:14:47.113213 [INFO] WDA build completed successfully
14:14:47.113234 [INFO] Starting WDA on device 6EEDCB1A-E693-488A-B34C-5A0AB5DE9400 (port: 8876)
14:14:49.600635 [INFO] WDA started successfully on port 8876
14:14:49.940846 [DEBUG] WDA GET /window/size
14:14:49.992484 [DEBUG] WDA GET /window/size completed (51ms, status: 200)
14:14:49.992584 [INFO] Driver created: ios on qa-ios-1
14:14:49.994051 [INFO] === Starting flow: 12-quote-label ===
14:14:49.994057 [INFO] Flow file: /var/folders/jv/76l6crmx6nl3hf150gzry_ym0000gn/T/grantiva-9770D413-5132-4D25-9588-481CFE9BC0C7/0/12-quote-label.yaml
14:14:49.994061 [INFO] Total steps: 5
14:14:49.994194 [DEBUG] WDA POST /appium/settings body={"settings":{"shouldWaitForQuiescence":false,"waitForIdleTimeout":0}}
14:14:49.997336 [DEBUG] WDA POST /appium/settings completed (3ms, status: 404)
14:14:49.997419 [DEBUG] WDA POST /session body={"capabilities":{"alwaysMatch":{"bundleId":"com.kylebrowning.Landmarks","defaultAlertAction":"accept...
14:14:52.563895 [DEBUG] WDA POST /session completed (2566ms, status: 200)
14:14:52.563960 [DEBUG] WDA POST /session/9BA58BE0-83C1-4CED-92AF-2F51A1B74AA9/appium/settings body={"settings":{"shouldWaitForQuiescence":false,"waitForIdleTimeout":0}}
14:14:52.614211 [DEBUG] WDA POST /session/9BA58BE0-83C1-4CED-92AF-2F51A1B74AA9/appium/settings completed (50ms, status: 200)
14:14:52.614606 [DEBUG] Executing step 0: launchApp
14:14:53.108849 [DEBUG] [wda] launchApp com.kylebrowning.Landmarks: argv=[] env=map[]
14:14:53.108928 [DEBUG] WDA POST /session/9BA58BE0-83C1-4CED-92AF-2F51A1B74AA9/appium/settings body={"settings":{"acceptAlertButtonSelector":"**/XCUIElementTypeButton[`label BEGINSWITH[c] 'Allow' OR l...
14:14:53.109654 [DEBUG] WDA POST /session/9BA58BE0-83C1-4CED-92AF-2F51A1B74AA9/appium/settings completed (0ms, status: 200)
14:14:53.109728 [DEBUG] WDA POST /session/9BA58BE0-83C1-4CED-92AF-2F51A1B74AA9/wda/apps/launch body={"bundleId":"com.kylebrowning.Landmarks"}
14:14:54.661984 [DEBUG] WDA POST /session/9BA58BE0-83C1-4CED-92AF-2F51A1B74AA9/wda/apps/launch completed (1552ms, status: 200)
14:14:54.662078 [DEBUG] Step 0 completed successfully (2047ms): launchApp
14:14:54.662426 [DEBUG] Executing step 1: tapOn: text="Mountains"
14:14:54.662668 [DEBUG] Flutter: parallel search (text="Mountains", id="")
14:14:54.662723 [DEBUG] WDA POST /session/9BA58BE0-83C1-4CED-92AF-2F51A1B74AA9/element body={"using":"predicate string","value":"((type == 'XCUIElementTypeTextField' OR type == 'XCUIElementTyp...
14:14:54.662762 [DEBUG] WDA POST /session/9BA58BE0-83C1-4CED-92AF-2F51A1B74AA9/element body={"using":"class chain","value":"**/XCUIElementTypeButton[`(label ==[c] 'Mountains' OR name ==[c] 'Mo...
14:14:54.662789 [DEBUG] WDA POST /session/9BA58BE0-83C1-4CED-92AF-2F51A1B74AA9/element body={"using":"class chain","value":"**/XCUIElementTypeSecureTextField[`(label CONTAINS[c] 'Mountains' OR...
14:14:54.662839 [DEBUG] WDA POST /session/9BA58BE0-83C1-4CED-92AF-2F51A1B74AA9/element body={"using":"class chain","value":"**/XCUIElementTypeTextField[`(label CONTAINS[c] 'Mountains' OR value...
14:14:54.927459 [DEBUG] WDA POST /session/9BA58BE0-83C1-4CED-92AF-2F51A1B74AA9/element completed (264ms, status: 200)
14:14:55.026289 [DEBUG] WDA POST /session/9BA58BE0-83C1-4CED-92AF-2F51A1B74AA9/element completed (363ms, status: 200)
14:14:55.072224 [DEBUG] WDA POST /session/9BA58BE0-83C1-4CED-92AF-2F51A1B74AA9/element completed (409ms, status: 404)
14:14:55.116741 [DEBUG] WDA POST /session/9BA58BE0-83C1-4CED-92AF-2F51A1B74AA9/element completed (453ms, status: 404)
14:14:55.116873 [DEBUG] WDA GET /session/9BA58BE0-83C1-4CED-92AF-2F51A1B74AA9/element/8B000000-0000-0000-B597-000000000000/text
14:14:55.116912 [DEBUG] WDA GET /session/9BA58BE0-83C1-4CED-92AF-2F51A1B74AA9/element/8B000000-0000-0000-B597-000000000000/name
14:14:55.116941 [DEBUG] WDA GET /session/9BA58BE0-83C1-4CED-92AF-2F51A1B74AA9/element/8B000000-0000-0000-B597-000000000000/displayed
14:14:55.116976 [DEBUG] WDA GET /session/9BA58BE0-83C1-4CED-92AF-2F51A1B74AA9/element/8B000000-0000-0000-B597-000000000000/rect
14:14:55.161433 [DEBUG] WDA GET /session/9BA58BE0-83C1-4CED-92AF-2F51A1B74AA9/element/8B000000-0000-0000-B597-000000000000/text completed (44ms, status: 200)
14:14:55.211516 [DEBUG] WDA GET /session/9BA58BE0-83C1-4CED-92AF-2F51A1B74AA9/element/8B000000-0000-0000-B597-000000000000/name completed (94ms, status: 200)
14:14:55.274443 [DEBUG] WDA GET /session/9BA58BE0-83C1-4CED-92AF-2F51A1B74AA9/element/8B000000-0000-0000-B597-000000000000/displayed completed (157ms, status: 200)
14:14:55.318687 [DEBUG] WDA GET /session/9BA58BE0-83C1-4CED-92AF-2F51A1B74AA9/element/8B000000-0000-0000-B597-000000000000/rect completed (201ms, status: 200)
14:14:55.318749 [DEBUG] WDA POST /session/9BA58BE0-83C1-4CED-92AF-2F51A1B74AA9/element/8B000000-0000-0000-B597-000000000000/click body=
14:14:55.703052 [DEBUG] WDA POST /session/9BA58BE0-83C1-4CED-92AF-2F51A1B74AA9/element/8B000000-0000-0000-B597-000000000000/click completed (384ms, status: 200)
14:14:56.025355 [DEBUG] Flutter fallback: failed to get trees: no Flutter VM service found
14:14:56.025396 [DEBUG] Step 1 completed successfully (1362ms): tapOn: text="Mountains"
14:14:56.026033 [DEBUG] Executing step 2: tapOn: text="Mount "Denali""
14:14:56.026285 [DEBUG] WDA POST /session/9BA58BE0-83C1-4CED-92AF-2F51A1B74AA9/element body={"using":"predicate string","value":"((type == 'XCUIElementTypeTextField' OR type == 'XCUIElementTyp...
14:14:56.026314 [DEBUG] WDA POST /session/9BA58BE0-83C1-4CED-92AF-2F51A1B74AA9/element body={"using":"class chain","value":"**/XCUIElementTypeSecureTextField[`(label CONTAINS[c] 'Mount \"Denal...
14:14:56.026354 [DEBUG] WDA POST /session/9BA58BE0-83C1-4CED-92AF-2F51A1B74AA9/element body={"using":"class chain","value":"**/XCUIElementTypeTextField[`(label CONTAINS[c] 'Mount \"Denali\"' O...
14:14:56.026368 [DEBUG] WDA POST /session/9BA58BE0-83C1-4CED-92AF-2F51A1B74AA9/element body={"using":"class chain","value":"**/XCUIElementTypeButton[`(label ==[c] 'Mount \"Denali\"' OR name ==...
14:14:56.128701 [DEBUG] WDA POST /session/9BA58BE0-83C1-4CED-92AF-2F51A1B74AA9/element completed (102ms, status: 404)
14:14:56.164654 [DEBUG] WDA POST /session/9BA58BE0-83C1-4CED-92AF-2F51A1B74AA9/element completed (138ms, status: 404)
14:14:56.200058 [DEBUG] WDA POST /session/9BA58BE0-83C1-4CED-92AF-2F51A1B74AA9/element completed (173ms, status: 404)
14:14:56.237374 [DEBUG] WDA POST /session/9BA58BE0-83C1-4CED-92AF-2F51A1B74AA9/element completed (211ms, status: 404)
14:14:56.237492 [DEBUG] WDA POST /session/9BA58BE0-83C1-4CED-92AF-2F51A1B74AA9/element body={"using":"predicate string","value":"(label == 'Mount \"Denali\"' OR name == 'Mount \"Denali\"' OR v...
14:14:56.310954 [DEBUG] WDA POST /session/9BA58BE0-83C1-4CED-92AF-2F51A1B74AA9/element completed (73ms, status: 200)
14:14:56.311005 [DEBUG] WDA GET /session/9BA58BE0-83C1-4CED-92AF-2F51A1B74AA9/element/F5000000-0000-0000-B597-000000000000/name
14:14:56.311010 [DEBUG] WDA GET /session/9BA58BE0-83C1-4CED-92AF-2F51A1B74AA9/element/F5000000-0000-0000-B597-000000000000/displayed
14:14:56.311027 [DEBUG] WDA GET /session/9BA58BE0-83C1-4CED-92AF-2F51A1B74AA9/element/F5000000-0000-0000-B597-000000000000/rect
14:14:56.311053 [DEBUG] WDA GET /session/9BA58BE0-83C1-4CED-92AF-2F51A1B74AA9/element/F5000000-0000-0000-B597-000000000000/text
14:14:56.350752 [DEBUG] WDA GET /session/9BA58BE0-83C1-4CED-92AF-2F51A1B74AA9/element/F5000000-0000-0000-B597-000000000000/displayed completed (39ms, status: 200)
14:14:56.387401 [DEBUG] WDA GET /session/9BA58BE0-83C1-4CED-92AF-2F51A1B74AA9/element/F5000000-0000-0000-B597-000000000000/name completed (76ms, status: 200)
14:14:56.422152 [DEBUG] WDA GET /session/9BA58BE0-83C1-4CED-92AF-2F51A1B74AA9/element/F5000000-0000-0000-B597-000000000000/text completed (111ms, status: 200)
14:14:56.461397 [DEBUG] WDA GET /session/9BA58BE0-83C1-4CED-92AF-2F51A1B74AA9/element/F5000000-0000-0000-B597-000000000000/rect completed (150ms, status: 200)
14:14:56.461468 [DEBUG] WDA POST /session/9BA58BE0-83C1-4CED-92AF-2F51A1B74AA9/element/F5000000-0000-0000-B597-000000000000/click body=
14:14:56.825678 [DEBUG] WDA POST /session/9BA58BE0-83C1-4CED-92AF-2F51A1B74AA9/element/F5000000-0000-0000-B597-000000000000/click completed (364ms, status: 200)
14:14:56.825739 [DEBUG] Step 2 completed successfully (799ms): tapOn: text="Mount "Denali""
14:14:56.826097 [DEBUG] Executing step 3: assertVisible: text="Alaska"
14:14:56.826290 [DEBUG] WDA POST /session/9BA58BE0-83C1-4CED-92AF-2F51A1B74AA9/element body={"using":"predicate string","value":"(label CONTAINS[c] 'Alaska' OR name CONTAINS[c] 'Alaska' OR val...
14:14:56.991625 [DEBUG] WDA POST /session/9BA58BE0-83C1-4CED-92AF-2F51A1B74AA9/element completed (165ms, status: 200)
14:14:56.991689 [DEBUG] WDA GET /session/9BA58BE0-83C1-4CED-92AF-2F51A1B74AA9/element/0B010000-0000-0000-B597-000000000000/name
14:14:56.991701 [DEBUG] WDA GET /session/9BA58BE0-83C1-4CED-92AF-2F51A1B74AA9/element/0B010000-0000-0000-B597-000000000000/rect
14:14:56.991803 [DEBUG] WDA GET /session/9BA58BE0-83C1-4CED-92AF-2F51A1B74AA9/element/0B010000-0000-0000-B597-000000000000/displayed
14:14:56.991953 [DEBUG] WDA GET /session/9BA58BE0-83C1-4CED-92AF-2F51A1B74AA9/element/0B010000-0000-0000-B597-000000000000/text
14:14:57.038983 [DEBUG] WDA GET /session/9BA58BE0-83C1-4CED-92AF-2F51A1B74AA9/element/0B010000-0000-0000-B597-000000000000/rect completed (47ms, status: 200)
14:14:57.084019 [DEBUG] WDA GET /session/9BA58BE0-83C1-4CED-92AF-2F51A1B74AA9/element/0B010000-0000-0000-B597-000000000000/name completed (92ms, status: 200)
14:14:57.127525 [DEBUG] WDA GET /session/9BA58BE0-83C1-4CED-92AF-2F51A1B74AA9/element/0B010000-0000-0000-B597-000000000000/text completed (135ms, status: 200)
14:14:57.185651 [DEBUG] WDA GET /session/9BA58BE0-83C1-4CED-92AF-2F51A1B74AA9/element/0B010000-0000-0000-B597-000000000000/displayed completed (193ms, status: 200)
14:14:57.185702 [DEBUG] Step 3 completed successfully (359ms): assertVisible: text="Alaska"
14:14:57.186097 [DEBUG] Executing step 4: takeScreenshot
14:14:57.186418 [DEBUG] WDA GET /session/9BA58BE0-83C1-4CED-92AF-2F51A1B74AA9/screenshot
14:14:57.275703 [DEBUG] WDA GET /session/9BA58BE0-83C1-4CED-92AF-2F51A1B74AA9/screenshot completed (89ms, status: 200)
14:14:57.283213 [DEBUG] Step 4 completed successfully (97ms): takeScreenshot
14:14:57.284837 [INFO] === Flow completed: 12-quote-label (status: passed, duration: 7290ms, passed: 5, failed: 0, skipped: 0) ===
14:14:57.286492 [INFO] Flow execution completed: 1 passed, 0 failed, 0 skipped
14:14:57.286562 [INFO] Generating reports...
14:14:57.286888 [INFO] Shutting down devices started by maestro-runner...
14:14:57.286897 [INFO] Shutting down all tracked emulators
14:14:57.286902 [INFO] Shutting down all tracked simulators
