14:08:14.387713 POST /session [6.829583ms] OK body={"capabilities":{"platformName":"Android","deviceName":"sdk_gphone64_arm64"}}
14:08:14.391156 POST /session/9974c806-2424-4df1-91b9-ccc3a174f35b/appium/settings [3.371625ms] OK body={"settings":{"enableMultiWindows":true,"waitForIdleTimeout":200}}
14:08:14.393571 POST /session/9974c806-2424-4df1-91b9-ccc3a174f35b/appium/settings [2.394458ms] OK body={"settings":{"implicitWait":100}}
14:08:14.435053 GET /session/9974c806-2424-4df1-91b9-ccc3a174f35b/appium/device/info [18.741875ms] OK body=
14:08:14.441862 POST /session/9974c806-2424-4df1-91b9-ccc3a174f35b/appium/settings [4.514791ms] OK body={"settings":{"waitForIdleTimeout":200}}
14:08:15.092105 POST /session/9974c806-2424-4df1-91b9-ccc3a174f35b/appium/device/launch_app [7.872792ms] OK body={"appId":"com.kylebrowning.landmarks"}
14:08:16.386811 POST /session/9974c806-2424-4df1-91b9-ccc3a174f35b/element [291.670416ms] ERR:404 body={"strategy":"-android uiautomator","selector":"new UiSelector().textContains(\"Lakes\").clickable(tr...
14:08:16.961503 POST /session/9974c806-2424-4df1-91b9-ccc3a174f35b/element [574.558666ms] ERR:404 body={"strategy":"-android uiautomator","selector":"new UiSelector().descriptionContains(\"Lakes\").click...
14:08:16.972223 POST /session/9974c806-2424-4df1-91b9-ccc3a174f35b/element [10.646292ms] OK body={"strategy":"-android uiautomator","selector":"new UiSelector().textContains(\"Lakes\")"}
14:08:17.026772 GET /session/9974c806-2424-4df1-91b9-ccc3a174f35b/source [54.295041ms] OK body=
14:08:17.085082 POST /session/9974c806-2424-4df1-91b9-ccc3a174f35b/appium/gestures/click [57.13475ms] OK body={"offset":{"x":540,"y":1132}}
14:08:17.691243 POST /session/9974c806-2424-4df1-91b9-ccc3a174f35b/element [573.913208ms] OK body={"strategy":"-android uiautomator","selector":"new UiSelector().textContains(\"Lake Tahoe\")"}
14:08:17.706097 POST /session/9974c806-2424-4df1-91b9-ccc3a174f35b/element [13.991167ms] OK body={"strategy":"-android uiautomator","selector":"new UiSelector().textContains(\"Mono Lake\")"}
14:08:17.726043 POST /session/9974c806-2424-4df1-91b9-ccc3a174f35b/element [19.200208ms] ERR:404 body={"strategy":"-android uiautomator","selector":"new UiSelector().textContains(\"Golden Gate Bridge\")...
14:08:17.744079 POST /session/9974c806-2424-4df1-91b9-ccc3a174f35b/element [17.969792ms] ERR:404 body={"strategy":"-android uiautomator","selector":"new UiSelector().descriptionContains(\"Golden Gate Br...
14:08:17.759891 POST /session/9974c806-2424-4df1-91b9-ccc3a174f35b/element [15.734375ms] ERR:404 body={"strategy":"-android uiautomator","selector":"new UiSelector().textMatches(\"(?is).*\\QGolden Gate ...
14:08:17.775008 POST /session/9974c806-2424-4df1-91b9-ccc3a174f35b/element [15.043542ms] ERR:404 body={"strategy":"-android uiautomator","selector":"new UiSelector().descriptionMatches(\"(?is).*\\QGolde...
14:08:17.805399 GET /session/9974c806-2424-4df1-91b9-ccc3a174f35b/source [30.232291ms] OK body=
14:08:17.942991 GET /session/9974c806-2424-4df1-91b9-ccc3a174f35b/screenshot [136.071666ms] OK body=
14:08:17.947341 DELETE /session/9974c806-2424-4df1-91b9-ccc3a174f35b [1.864667ms] OK body=
