14:08:13.298837 [INFO] === Test execution started ===
14:08:13.298917 [INFO] Output directory: /Users/kyle/Developer/grantiva-cli/.worktrees/qa-android/findings/evidence/AND-043/05-category
14:08:13.298923 [INFO] Platform: android
14:08:13.298927 [INFO] Driver: uiautomator2
14:08:13.299175 [INFO] Validated 1 flow(s)
14:08:13.299194 [INFO] Single device execution mode
14:08:13.299200 [INFO] Starting flow execution (parallel: false, devices: [])
14:08:13.299205 [INFO] Creating driver for single device execution
14:08:13.299210 [INFO] Connecting to Android device: emulator-5554
14:08:13.372651 [INFO] Device info: google sdk_gphone64_arm64, SDK 35, Serial emulator-5554, Emulator: true
14:08:13.392311 [INFO] Starting UIAutomator2 server on device emulator-5554
14:08:13.802140 [WARN] failed to remove default socket forward for /tmp/uia2-emulator-5554.sock: adb forward --remove localfilesystem:/tmp/uia2-emulator-5554.sock: exit status 1: adb: error: listener 'localfilesystem:/tmp/uia2-emulator-5554.sock' not found
14:08:13.818260 [WARN] failed to remove adb forward for tcp:6790: adb forward --remove tcp:6790: exit status 1: adb: error: listener 'tcp:6790' not found
14:08:14.380859 [INFO] Creating UIAutomator2 session with capabilities: Platform=Android, Device=sdk_gphone64_arm64
14:08:14.387766 [INFO] Session created successfully: 9974c806-2424-4df1-91b9-ccc3a174f35b
14:08:14.435190 [INFO] Driver created: android on google sdk_gphone64_arm64
14:08:14.437235 [INFO] === Starting flow: 05-category ===
14:08:14.437241 [INFO] Flow file: /var/folders/jv/76l6crmx6nl3hf150gzry_ym0000gn/T/grantiva-7E1D00B0-FECF-4B38-B2A4-4A98774B77F6/0/05-category.yaml
14:08:14.437245 [INFO] Total steps: 6
14:08:14.442153 [DEBUG] Executing step 0: launchApp
14:08:16.094236 [DEBUG] Step 0 completed successfully (1652ms): launchApp
14:08:16.094737 [DEBUG] Executing step 1: tapOn: text="Lakes"
14:08:16.095035 [DEBUG] Flutter: parallel search (text="Lakes", id="")
14:08:16.158875 [DEBUG] Flutter fallback: failed to get trees: no Flutter VM service found
14:08:16.217760 [DEBUG] Flutter fallback: failed to get trees: no Flutter VM service found
14:08:16.279404 [DEBUG] Flutter fallback: failed to get trees: no Flutter VM service found
14:08:16.346754 [DEBUG] Flutter fallback: failed to get trees: no Flutter VM service found
14:08:16.418552 [DEBUG] Flutter fallback: failed to get trees: no Flutter VM service found
14:08:16.477941 [DEBUG] Flutter fallback: failed to get trees: no Flutter VM service found
14:08:16.536199 [DEBUG] Flutter fallback: failed to get trees: no Flutter VM service found
14:08:16.594365 [DEBUG] Flutter fallback: failed to get trees: no Flutter VM service found
14:08:16.652825 [DEBUG] Flutter fallback: failed to get trees: no Flutter VM service found
14:08:16.715034 [DEBUG] Flutter fallback: failed to get trees: no Flutter VM service found
14:08:16.773507 [DEBUG] Flutter fallback: failed to get trees: no Flutter VM service found
14:08:16.832936 [DEBUG] Flutter fallback: failed to get trees: no Flutter VM service found
14:08:16.891040 [DEBUG] Flutter fallback: failed to get trees: no Flutter VM service found
14:08:16.950212 [DEBUG] Flutter fallback: failed to get trees: no Flutter VM service found
14:08:17.018042 [DEBUG] Flutter fallback: failed to get trees: no Flutter VM service found
14:08:17.116628 [DEBUG] Flutter fallback: failed to get trees: no Flutter VM service found
14:08:17.116677 [DEBUG] Step 1 completed successfully (1021ms): tapOn: text="Lakes"
14:08:17.117116 [DEBUG] Executing step 2: assertVisible: text="Lake Tahoe"
14:08:17.691282 [DEBUG] Step 2 completed successfully (574ms): assertVisible: text="Lake Tahoe"
14:08:17.691762 [DEBUG] Executing step 3: assertVisible: text="Mono Lake"
14:08:17.706135 [DEBUG] Step 3 completed successfully (14ms): assertVisible: text="Mono Lake"
14:08:17.706546 [DEBUG] Executing step 4: assertNotVisible: text="Golden Gate Bridge"
14:08:17.806029 [DEBUG] Step 4 completed successfully (99ms): assertNotVisible: text="Golden Gate Bridge"
14:08:17.806397 [DEBUG] Executing step 5: takeScreenshot
14:08:17.943410 [DEBUG] Step 5 completed successfully (137ms): takeScreenshot
14:08:17.944385 [INFO] === Flow completed: 05-category (status: passed, duration: 3507ms, passed: 6, failed: 0, skipped: 0) ===
14:08:18.343207 [WARN] failed to remove default socket forward for /tmp/uia2-emulator-5554.sock: adb forward --remove localfilesystem:/tmp/uia2-emulator-5554.sock: exit status 1: adb: error: listener 'localfilesystem:/tmp/uia2-emulator-5554.sock' not found
14:08:18.356781 [WARN] failed to remove adb forward for tcp:6790: adb forward --remove tcp:6790: exit status 1: adb: error: listener 'tcp:6790' not found
14:08:18.356812 [INFO] Flow execution completed: 1 passed, 0 failed, 0 skipped
14:08:18.357014 [INFO] Generating reports...
14:08:18.357725 [INFO] Shutting down devices started by maestro-runner...
14:08:18.357746 [INFO] Shutting down all tracked emulators
14:08:18.357755 [INFO] Shutting down all tracked simulators
