Resolved: scheme=(none) simulator=emulator-5554 screens=0 flows=1
Preparing runner...
Runner ready
Booting emulator: emulator-5554
Emulator booted: Pixel_8_API_35 (emulator-5554)
Skipping build and install (--no-build)
Streaming emulator logs
Running 1 flow(s)...
Running 1 flow(s) in one GrantivaAgent session: .maestro/01-browse.yaml

  grantiva-runner 1.1.18-grantiva.7 - by Grantiva
  Fast, lightweight UI test runner


Setup
────────────────────────────────────────
  ✓ Found 1 test flow(s)
  ✓ Report directory: /var/folders/jv/76l6crmx6nl3hf150gzry_ym0000gn/T/grantiva-report-C1C08A75-76B1-4E82-A529-906A3F8D92F9

Execution
────────────────────────────────────────
  ⏳ Connecting to device emulator-5554...
  ✓ Connected to google sdk_gphone64_arm64 (SDK 35)
  ⏳ Starting UIAutomator2 server...
  → Socket: /tmp/uia2-emulator-5554.sock
  ✓ UIAutomator2 server started
  ⏳ Creating session...
  ✓ Session created

  [1/1] 01-browse (01-browse.yaml)
────────────────────────────────────────────────────────────
[log] --------- beginning of main
[log] 10-09 14:17:05.812 I/wning.landmarks(21043): Late-enabling -Xcheck:jni
[log] 10-09 14:17:05.821 I/wning.landmarks(21043): Using CollectorTypeCMC GC.
[log] 10-09 14:17:05.825 D/nativeloader(21043): Load libframework-connectivity-tiramisu-jni.so using APEX ns com_android_tethering for caller /apex/com.android.tethering/javalib/framework-connectivity-t.jar: ok
[log] 10-09 14:17:05.887 W/ziparchive(21043): Unable to open '/data/app/~~dxdPGedHSv4EIcaGq7b1Cw==/com.kylebrowning.landmarks-tZ7nqlIi_9q2BMZ5jZ2r5A==/base.dm': No such file or directory
[log] 10-09 14:17:05.887 W/ziparchive(21043): Unable to open '/data/app/~~dxdPGedHSv4EIcaGq7b1Cw==/com.kylebrowning.landmarks-tZ7nqlIi_9q2BMZ5jZ2r5A==/base.dm': No such file or directory
[log] 10-09 14:17:06.029 D/nativeloader(21043): Configuring clns-7 for other apk /data/app/~~dxdPGedHSv4EIcaGq7b1Cw==/com.kylebrowning.landmarks-tZ7nqlIi_9q2BMZ5jZ2r5A==/base.apk. target_sdk_version=35, uses_libraries=, library_path=/data/app/~~dxdPGedHSv4EIcaGq7b1Cw==/com.kylebrowning.landmarks-tZ7nqlIi_9q2BMZ5jZ2r5A==/lib/arm64:/data/app/~~dxdPGedHSv4EIcaGq7b1Cw==/com.kylebrowning.landmarks-tZ7nqlIi_9q2BMZ5jZ2r5A==/base.apk!/lib/arm64-v8a, permitted_path=/data:/mnt/expand:/data/user/0/com.kylebrowning.landmarks
[log] 10-09 14:17:06.031 D/CompatChangeReporter(21043): Compat change id reported: 202956589; UID 10210; state: ENABLED
[log] 10-09 14:17:06.051 D/CompatChangeReporter(21043): Compat change id reported: 279646685; UID 10210; state: ENABLED
[log] 10-09 14:17:06.087 I/Landmarks(21043): launch action=android.intent.action.MAIN data=null extras=[none] env=[LANDMARKS_SEED=null, LANDMARKS_CRASH_ON_LAUNCH=null, LANDMARKS_NOTE=null]
[log] 10-09 14:17:06.088 W/wning.landmarks(21043): Method boolean androidx.compose.runtime.snapshots.SnapshotStateList.conditionalUpdate(boolean, kotlin.jvm.functions.Function1) failed lock verification and will run slower.
[log] 10-09 14:17:06.088 W/wning.landmarks(21043): Common causes for lock verification issues are non-optimized dex code
[log] 10-09 14:17:06.088 W/wning.landmarks(21043): and incorrect proguard optimizations.
[log] 10-09 14:17:06.088 W/wning.landmarks(21043): Method boolean androidx.compose.runtime.snapshots.SnapshotStateList.conditionalUpdate$default(androidx.compose.runtime.snapshots.SnapshotStateList, boolean, kotlin.jvm.functions.Function1, int, java.lang.Object) failed lock verification and will run slower.
[log] 10-09 14:17:06.088 W/wning.landmarks(21043): Method java.lang.Object androidx.compose.runtime.snapshots.SnapshotStateList.mutate(kotlin.jvm.functions.Function1) failed lock verification and will run slower.
[log] 10-09 14:17:06.089 W/wning.landmarks(21043): Method void androidx.compose.runtime.snapshots.SnapshotStateList.update(boolean, kotlin.jvm.functions.Function1) failed lock verification and will run slower.
[log] 10-09 14:17:06.089 W/wning.landmarks(21043): Method void androidx.compose.runtime.snapshots.SnapshotStateList.update$default(androidx.compose.runtime.snapshots.SnapshotStateList, boolean, kotlin.jvm.functions.Function1, int, java.lang.Object) failed lock verification and will run slower.
[log] 10-09 14:17:06.105 D/CompatChangeReporter(21043): Compat change id reported: 309578419; UID 10210; state: ENABLED
[log] 10-09 14:17:06.122 W/HWUI    (21043): Unknown dataspace 0
[log] 10-09 14:17:06.249 I/wning.landmarks(21043): Compiler allocated 5250KB to compile void android.view.ViewRootImpl.performTraversals()
[log] 10-09 14:17:06.419 I/EGL_emulation(21043): Opening libGLESv1_CM_emulation.so
[log] 10-09 14:17:06.420 I/EGL_emulation(21043): Opening libGLESv2_emulation.so
[log] 10-09 14:17:06.431 W/HWUI    (21043): Failed to choose config with EGL_SWAP_BEHAVIOR_PRESERVED, retrying without...
[log] 10-09 14:17:06.431 W/HWUI    (21043): Failed to initialize 101010-2 format, error = EGL_SUCCESS
[log] 10-09 14:17:06.453 I/Gralloc4(21043): mapper 4.x is not supported
    ✓ launchApp (1.7s)
    ✓ assertVisible: text="Landmarks" (321ms)
    ✓ assertVisible: text="Featured" (585ms)
    ✓ takeScreenshot (147ms)
[log] 10-09 14:17:07.998 W/WindowOnBackDispatcher(21043): OnBackInvokedCallback is not enabled for the application.
[log] 10-09 14:17:07.998 W/WindowOnBackDispatcher(21043): Set 'android:enableOnBackInvokedCallback="true"' in the application manifest.
[log] 10-09 14:17:08.008 D/EGL_emulation(21043): app_time_stats: avg=379.10ms min=27.30ms max=917.84ms count=4
    ✓ tapOn: text="Golden Gate Bridge" (167ms)
    ✓ assertVisible: text="San Francisco, CA" (596ms)
    ✓ assertVisible: text="Plan Visit" (11ms)
    ✓ takeScreenshot (129ms)
✓ 01-browse 3.6s

  [1/1] 01-browse (.maestro/01-browse.yaml) - Device: google sdk_gphone64_arm64 (android 35 Simulator)
  ────────────────────────────────────────────────────────────
    ✓ launchApp (1.7s)
    ✓ assertVisible (321ms)
    ✓ assertVisible (585ms)
    ✓ takeScreenshot (147ms)
    ✓ tapOn (167ms)
    ✓ assertVisible (596ms)
    ✓ assertVisible (11ms)
    ✓ takeScreenshot (129ms)
✓ 01-browse 3.6s

  8 steps passing (3.6s)

════════════════════════════════════════════════════════════════════════════════════════════════════════════════════
  Flow                           Status   Steps   Pass   Fail   Skip   Duration  Device
────────────────────────────────────────────────────────────────────────────────────────────────────────────────────
  01-browse                      ✓ PASS       8      8      0      0       3.6s  google sdk_gphone64_arm64 (...
────────────────────────────────────────────────────────────────────────────────────────────────────────────────────
  TOTAL                             1/1       8      8      0      0       3.6s
════════════════════════════════════════════════════════════════════════════════════════════════════════════════════

  ✓ Tests completed. Generating reports...

  Reports: /var/folders/jv/76l6crmx6nl3hf150gzry_ym0000gn/T/grantiva-report-C1C08A75-76B1-4E82-A529-906A3F8D92F9
    ├── report.json
    ├── junit-report.xml
    └── allure-results/

  Paths:
    JSON:   /var/folders/jv/76l6crmx6nl3hf150gzry_ym0000gn/T/grantiva-report-C1C08A75-76B1-4E82-A529-906A3F8D92F9/report.json
    JUnit:  /var/folders/jv/76l6crmx6nl3hf150gzry_ym0000gn/T/grantiva-report-C1C08A75-76B1-4E82-A529-906A3F8D92F9/junit-report.xml
    Allure: /var/folders/jv/76l6crmx6nl3hf150gzry_ym0000gn/T/grantiva-report-C1C08A75-76B1-4E82-A529-906A3F8D92F9/allure-results

  Built by Grantiva

