Resolved: scheme=(none) simulator=emulator-5554 screens=0 flows=1
Preparing runner...
Runner ready
Booting emulator: emulator-5554
[debug] 2026-10-09T21:16:17Z com.grantiva.cli: $ '/Users/kyle/Library/Android/sdk/platform-tools/adb' devices -l
[debug] 2026-10-09T21:16:17Z com.grantiva.cli: exit 0: '/Users/kyle/Library/Android/sdk/platform-tools/adb' devices -l
[debug] 2026-10-09T21:16:17Z com.grantiva.cli: $ '/Users/kyle/Library/Android/sdk/platform-tools/adb' -s 'emulator-5554' emu avd name
[debug] 2026-10-09T21:16:17Z com.grantiva.cli: exit 0: '/Users/kyle/Library/Android/sdk/platform-tools/adb' -s 'emulator-5554' emu avd name
Emulator booted: Pixel_8_API_35 (emulator-5554)
[debug] 2026-10-09T21:16:17Z com.grantiva.cli: $ '/Users/kyle/Library/Android/sdk/platform-tools/adb' -s 'emulator-5554' shell 'wm size'
[debug] 2026-10-09T21:16:17Z com.grantiva.cli: exit 0: '/Users/kyle/Library/Android/sdk/platform-tools/adb' -s 'emulator-5554' shell 'wm size'
[debug] 2026-10-09T21:16:17Z com.grantiva.cli: $ '/Users/kyle/Library/Android/sdk/platform-tools/adb' -s 'emulator-5554' shell 'wm density'
[debug] 2026-10-09T21:16:17Z com.grantiva.cli: exit 0: '/Users/kyle/Library/Android/sdk/platform-tools/adb' -s 'emulator-5554' shell 'wm density'
Skipping build and install (--no-build)
[debug] 2026-10-09T21:16:17Z com.grantiva.cli: $ '/Users/kyle/Library/Android/sdk/platform-tools/adb' -s 'emulator-5554' logcat -c
[debug] 2026-10-09T21:16:17Z com.grantiva.cli: exit 0: '/Users/kyle/Library/Android/sdk/platform-tools/adb' -s 'emulator-5554' logcat -c
[debug] 2026-10-09T21:16:17Z com.grantiva.cli: $ '/Users/kyle/Library/Android/sdk/platform-tools/adb' -s 'emulator-5554' shell 'pm list packages -U '\''com.kylebrowning.landmarks'\'''
[debug] 2026-10-09T21:16:18Z com.grantiva.cli: exit 0: '/Users/kyle/Library/Android/sdk/platform-tools/adb' -s 'emulator-5554' shell 'pm list packages -U '\''com.kylebrowning.landmarks'\'''
Streaming emulator logs
Running 1 flow(s)...
Running 1 flow(s) in one GrantivaAgent session: .maestro/01-browse.yaml
[debug] 2026-10-09T21:16:18Z com.grantiva.cli: $ '/Users/kyle/Library/Android/sdk/platform-tools/adb' -s 'emulator-5554' shell 'settings get global sysui_demo_allowed'
[debug] 2026-10-09T21:16:18Z com.grantiva.cli: exit 0: '/Users/kyle/Library/Android/sdk/platform-tools/adb' -s 'emulator-5554' shell 'settings get global sysui_demo_allowed'
[debug] 2026-10-09T21:16:18Z com.grantiva.cli: $ '/Users/kyle/Library/Android/sdk/platform-tools/adb' -s 'emulator-5554' shell 'settings get global window_animation_scale'
[debug] 2026-10-09T21:16:18Z com.grantiva.cli: exit 0: '/Users/kyle/Library/Android/sdk/platform-tools/adb' -s 'emulator-5554' shell 'settings get global window_animation_scale'
[debug] 2026-10-09T21:16:18Z com.grantiva.cli: $ '/Users/kyle/Library/Android/sdk/platform-tools/adb' -s 'emulator-5554' shell 'settings get global transition_animation_scale'
[debug] 2026-10-09T21:16:18Z com.grantiva.cli: exit 0: '/Users/kyle/Library/Android/sdk/platform-tools/adb' -s 'emulator-5554' shell 'settings get global transition_animation_scale'
[debug] 2026-10-09T21:16:18Z com.grantiva.cli: $ '/Users/kyle/Library/Android/sdk/platform-tools/adb' -s 'emulator-5554' shell 'settings get global animator_duration_scale'
[debug] 2026-10-09T21:16:18Z com.grantiva.cli: exit 0: '/Users/kyle/Library/Android/sdk/platform-tools/adb' -s 'emulator-5554' shell 'settings get global animator_duration_scale'
[debug] 2026-10-09T21:16:18Z com.grantiva.cli: $ '/Users/kyle/Library/Android/sdk/platform-tools/adb' -s 'emulator-5554' shell 'settings get system accelerometer_rotation'
[debug] 2026-10-09T21:16:18Z com.grantiva.cli: exit 0: '/Users/kyle/Library/Android/sdk/platform-tools/adb' -s 'emulator-5554' shell 'settings get system accelerometer_rotation'
[debug] 2026-10-09T21:16:18Z com.grantiva.cli: $ '/Users/kyle/Library/Android/sdk/platform-tools/adb' -s 'emulator-5554' shell 'settings get system user_rotation'
[debug] 2026-10-09T21:16:18Z com.grantiva.cli: exit 0: '/Users/kyle/Library/Android/sdk/platform-tools/adb' -s 'emulator-5554' shell 'settings get system user_rotation'
[debug] 2026-10-09T21:16:18Z com.grantiva.cli: $ '/Users/kyle/Library/Android/sdk/platform-tools/adb' -s 'emulator-5554' shell 'settings put global sysui_demo_allowed 1'
[debug] 2026-10-09T21:16:18Z com.grantiva.cli: exit 0: '/Users/kyle/Library/Android/sdk/platform-tools/adb' -s 'emulator-5554' shell 'settings put global sysui_demo_allowed 1'
[debug] 2026-10-09T21:16:18Z com.grantiva.cli: $ '/Users/kyle/Library/Android/sdk/platform-tools/adb' -s 'emulator-5554' shell 'am broadcast -a com.android.systemui.demo -e command enter'
[debug] 2026-10-09T21:16:18Z com.grantiva.cli: exit 0: '/Users/kyle/Library/Android/sdk/platform-tools/adb' -s 'emulator-5554' shell 'am broadcast -a com.android.systemui.demo -e command enter'
[debug] 2026-10-09T21:16:18Z com.grantiva.cli: $ '/Users/kyle/Library/Android/sdk/platform-tools/adb' -s 'emulator-5554' shell 'am broadcast -a com.android.systemui.demo -e command clock -e hhmm 0941'
[debug] 2026-10-09T21:16:18Z com.grantiva.cli: exit 0: '/Users/kyle/Library/Android/sdk/platform-tools/adb' -s 'emulator-5554' shell 'am broadcast -a com.android.systemui.demo -e command clock -e hhmm 0941'
[debug] 2026-10-09T21:16:18Z com.grantiva.cli: $ '/Users/kyle/Library/Android/sdk/platform-tools/adb' -s 'emulator-5554' shell 'am broadcast -a com.android.systemui.demo -e command battery -e level 100 -e plugged false'
[debug] 2026-10-09T21:16:18Z com.grantiva.cli: exit 0: '/Users/kyle/Library/Android/sdk/platform-tools/adb' -s 'emulator-5554' shell 'am broadcast -a com.android.systemui.demo -e command battery -e level 100 -e plugged false'
[debug] 2026-10-09T21:16:18Z com.grantiva.cli: $ '/Users/kyle/Library/Android/sdk/platform-tools/adb' -s 'emulator-5554' shell 'am broadcast -a com.android.systemui.demo -e command notifications -e visible false'
[debug] 2026-10-09T21:16:18Z com.grantiva.cli: exit 0: '/Users/kyle/Library/Android/sdk/platform-tools/adb' -s 'emulator-5554' shell 'am broadcast -a com.android.systemui.demo -e command notifications -e visible false'
[debug] 2026-10-09T21:16:18Z com.grantiva.cli: $ '/Users/kyle/Library/Android/sdk/platform-tools/adb' -s 'emulator-5554' shell 'am broadcast -a com.android.systemui.demo -e command network -e wifi show -e level 4'
[debug] 2026-10-09T21:16:18Z com.grantiva.cli: exit 0: '/Users/kyle/Library/Android/sdk/platform-tools/adb' -s 'emulator-5554' shell 'am broadcast -a com.android.systemui.demo -e command network -e wifi show -e level 4'
[debug] 2026-10-09T21:16:18Z com.grantiva.cli: $ '/Users/kyle/Library/Android/sdk/platform-tools/adb' -s 'emulator-5554' shell 'am broadcast -a com.android.systemui.demo -e command network -e mobile show -e datatype none -e level 4'
[debug] 2026-10-09T21:16:18Z com.grantiva.cli: exit 0: '/Users/kyle/Library/Android/sdk/platform-tools/adb' -s 'emulator-5554' shell 'am broadcast -a com.android.systemui.demo -e command network -e mobile show -e datatype none -e level 4'
[debug] 2026-10-09T21:16:18Z com.grantiva.cli: $ '/Users/kyle/Library/Android/sdk/platform-tools/adb' -s 'emulator-5554' shell 'settings put global window_animation_scale 0'
[debug] 2026-10-09T21:16:19Z com.grantiva.cli: exit 0: '/Users/kyle/Library/Android/sdk/platform-tools/adb' -s 'emulator-5554' shell 'settings put global window_animation_scale 0'
[debug] 2026-10-09T21:16:19Z com.grantiva.cli: $ '/Users/kyle/Library/Android/sdk/platform-tools/adb' -s 'emulator-5554' shell 'settings put global transition_animation_scale 0'
[debug] 2026-10-09T21:16:19Z com.grantiva.cli: exit 0: '/Users/kyle/Library/Android/sdk/platform-tools/adb' -s 'emulator-5554' shell 'settings put global transition_animation_scale 0'
[debug] 2026-10-09T21:16:19Z com.grantiva.cli: $ '/Users/kyle/Library/Android/sdk/platform-tools/adb' -s 'emulator-5554' shell 'settings put global animator_duration_scale 0'
[debug] 2026-10-09T21:16:19Z com.grantiva.cli: exit 0: '/Users/kyle/Library/Android/sdk/platform-tools/adb' -s 'emulator-5554' shell 'settings put global animator_duration_scale 0'
[debug] 2026-10-09T21:16:19Z com.grantiva.cli: $ '/Users/kyle/Library/Android/sdk/platform-tools/adb' -s 'emulator-5554' shell 'settings put system accelerometer_rotation 0'
[debug] 2026-10-09T21:16:19Z com.grantiva.cli: exit 0: '/Users/kyle/Library/Android/sdk/platform-tools/adb' -s 'emulator-5554' shell 'settings put system accelerometer_rotation 0'
[debug] 2026-10-09T21:16:19Z com.grantiva.cli: $ '/Users/kyle/Library/Android/sdk/platform-tools/adb' -s 'emulator-5554' shell 'settings put system user_rotation 0'
[debug] 2026-10-09T21:16:19Z com.grantiva.cli: exit 0: '/Users/kyle/Library/Android/sdk/platform-tools/adb' -s 'emulator-5554' shell 'settings put system user_rotation 0'

  grantiva-runner 1.1.18-grantiva.7 - by Grantiva
  Fast, lightweight UI test runner


Setup
────────────────────────────────────────
  ✓ Found 1 test flow(s)
  ✓ Report directory: /var/folders/jv/76l6crmx6nl3hf150gzry_ym0000gn/T/grantiva-report-500C9595-1BCE-44F2-9B6F-A514B89FC1B1

Execution
────────────────────────────────────────
  ⏳ Connecting to device emulator-5554...
  ✓ Connected to google sdk_gphone64_arm64 (SDK 35)
  ⏳ Starting UIAutomator2 server...
  → Socket: /tmp/uia2-emulator-5554.sock
  ✓ UIAutomator2 server started
  ⏳ Creating session...
  ✓ Session created

  [1/1] 01-browse (01-browse.yaml)
────────────────────────────────────────────────────────────
[log] --------- beginning of main
[log] 10-09 14:16:21.548 I/wning.landmarks(18924): Late-enabling -Xcheck:jni
[log] 10-09 14:16:21.560 I/wning.landmarks(18924): Using CollectorTypeCMC GC.
[log] 10-09 14:16:21.587 W/ziparchive(18924): Unable to open '/data/app/~~dxdPGedHSv4EIcaGq7b1Cw==/com.kylebrowning.landmarks-tZ7nqlIi_9q2BMZ5jZ2r5A==/base.dm': No such file or directory
[log] 10-09 14:16:21.587 W/ziparchive(18924): Unable to open '/data/app/~~dxdPGedHSv4EIcaGq7b1Cw==/com.kylebrowning.landmarks-tZ7nqlIi_9q2BMZ5jZ2r5A==/base.dm': No such file or directory
[log] 10-09 14:16:21.793 I/Landmarks(18924): launch action=android.intent.action.MAIN data=null extras=[none] env=[LANDMARKS_SEED=null, LANDMARKS_CRASH_ON_LAUNCH=null, LANDMARKS_NOTE=null]
[log] 10-09 14:16:21.794 W/wning.landmarks(18924): Method boolean androidx.compose.runtime.snapshots.SnapshotStateList.conditionalUpdate(boolean, kotlin.jvm.functions.Function1) failed lock verification and will run slower.
[log] 10-09 14:16:21.794 W/wning.landmarks(18924): Common causes for lock verification issues are non-optimized dex code
[log] 10-09 14:16:21.794 W/wning.landmarks(18924): and incorrect proguard optimizations.
[log] 10-09 14:16:21.794 W/wning.landmarks(18924): Method boolean androidx.compose.runtime.snapshots.SnapshotStateList.conditionalUpdate$default(androidx.compose.runtime.snapshots.SnapshotStateList, boolean, kotlin.jvm.functions.Function1, int, java.lang.Object) failed lock verification and will run slower.
[log] 10-09 14:16:21.794 W/wning.landmarks(18924): Method java.lang.Object androidx.compose.runtime.snapshots.SnapshotStateList.mutate(kotlin.jvm.functions.Function1) failed lock verification and will run slower.
[log] 10-09 14:16:21.794 W/wning.landmarks(18924): Method void androidx.compose.runtime.snapshots.SnapshotStateList.update(boolean, kotlin.jvm.functions.Function1) failed lock verification and will run slower.
[log] 10-09 14:16:21.794 W/wning.landmarks(18924): Method void androidx.compose.runtime.snapshots.SnapshotStateList.update$default(androidx.compose.runtime.snapshots.SnapshotStateList, boolean, kotlin.jvm.functions.Function1, int, java.lang.Object) failed lock verification and will run slower.
[log] 10-09 14:16:21.820 W/HWUI    (18924): Unknown dataspace 0
[log] 10-09 14:16:21.964 I/wning.landmarks(18924): Compiler allocated 5250KB to compile void android.view.ViewRootImpl.performTraversals()
[log] 10-09 14:16:22.108 I/EGL_emulation(18924): Opening libGLESv1_CM_emulation.so
[log] 10-09 14:16:22.108 I/EGL_emulation(18924): Opening libGLESv2_emulation.so
[log] 10-09 14:16:22.112 W/HWUI    (18924): Failed to choose config with EGL_SWAP_BEHAVIOR_PRESERVED, retrying without...
[log] 10-09 14:16:22.113 W/HWUI    (18924): Failed to initialize 101010-2 format, error = EGL_SUCCESS
[log] 10-09 14:16:22.136 I/Gralloc4(18924): mapper 4.x is not supported
    ✓ launchApp (1.6s)
    ✓ assertVisible: text="Landmarks" (252ms)
    ✓ assertVisible: text="Featured" (575ms)
    ✓ takeScreenshot (136ms)
[log] 10-09 14:16:23.669 W/WindowOnBackDispatcher(18924): OnBackInvokedCallback is not enabled for the application.
[log] 10-09 14:16:23.669 W/WindowOnBackDispatcher(18924): Set 'android:enableOnBackInvokedCallback="true"' in the application manifest.
    ✓ tapOn: text="Golden Gate Bridge" (178ms)
    ✓ assertVisible: text="San Francisco, CA" (588ms)
    ✓ assertVisible: text="Plan Visit" (7ms)
    ✓ takeScreenshot (121ms)
✓ 01-browse 3.5s

  [1/1] 01-browse (.maestro/01-browse.yaml) - Device: google sdk_gphone64_arm64 (android 35 Simulator)
  ────────────────────────────────────────────────────────────
    ✓ launchApp (1.6s)
    ✓ assertVisible (252ms)
    ✓ assertVisible (575ms)
    ✓ takeScreenshot (136ms)
    ✓ tapOn (178ms)
    ✓ assertVisible (588ms)
    ✓ assertVisible (7ms)
    ✓ takeScreenshot (121ms)
✓ 01-browse 3.5s

  8 steps passing (3.5s)

════════════════════════════════════════════════════════════════════════════════════════════════════════════════════
  Flow                           Status   Steps   Pass   Fail   Skip   Duration  Device
────────────────────────────────────────────────────────────────────────────────────────────────────────────────────
  01-browse                      ✓ PASS       8      8      0      0       3.5s  google sdk_gphone64_arm64 (...
────────────────────────────────────────────────────────────────────────────────────────────────────────────────────
  TOTAL                             1/1       8      8      0      0       3.5s
════════════════════════════════════════════════════════════════════════════════════════════════════════════════════

  ✓ Tests completed. Generating reports...

  Reports: /var/folders/jv/76l6crmx6nl3hf150gzry_ym0000gn/T/grantiva-report-500C9595-1BCE-44F2-9B6F-A514B89FC1B1
    ├── report.json
    ├── junit-report.xml
    └── allure-results/

  Paths:
    JSON:   /var/folders/jv/76l6crmx6nl3hf150gzry_ym0000gn/T/grantiva-report-500C9595-1BCE-44F2-9B6F-A514B89FC1B1/report.json
    JUnit:  /var/folders/jv/76l6crmx6nl3hf150gzry_ym0000gn/T/grantiva-report-500C9595-1BCE-44F2-9B6F-A514B89FC1B1/junit-report.xml
    Allure: /var/folders/jv/76l6crmx6nl3hf150gzry_ym0000gn/T/grantiva-report-500C9595-1BCE-44F2-9B6F-A514B89FC1B1/allure-results

  Built by Grantiva

[debug] 2026-10-09T21:16:24Z com.grantiva.cli: $ '/Users/kyle/Library/Android/sdk/platform-tools/adb' -s 'emulator-5554' shell 'am broadcast -a com.android.systemui.demo -e command exit'
[debug] 2026-10-09T21:16:24Z com.grantiva.cli: exit 0: '/Users/kyle/Library/Android/sdk/platform-tools/adb' -s 'emulator-5554' shell 'am broadcast -a com.android.systemui.demo -e command exit'
[debug] 2026-10-09T21:16:24Z com.grantiva.cli: $ '/Users/kyle/Library/Android/sdk/platform-tools/adb' -s 'emulator-5554' shell 'settings put global sysui_demo_allowed 0'
[debug] 2026-10-09T21:16:24Z com.grantiva.cli: exit 0: '/Users/kyle/Library/Android/sdk/platform-tools/adb' -s 'emulator-5554' shell 'settings put global sysui_demo_allowed 0'
[debug] 2026-10-09T21:16:24Z com.grantiva.cli: $ '/Users/kyle/Library/Android/sdk/platform-tools/adb' -s 'emulator-5554' shell 'settings put global window_animation_scale 1'
[debug] 2026-10-09T21:16:25Z com.grantiva.cli: exit 0: '/Users/kyle/Library/Android/sdk/platform-tools/adb' -s 'emulator-5554' shell 'settings put global window_animation_scale 1'
[debug] 2026-10-09T21:16:25Z com.grantiva.cli: $ '/Users/kyle/Library/Android/sdk/platform-tools/adb' -s 'emulator-5554' shell 'settings put global transition_animation_scale 1'
[debug] 2026-10-09T21:16:25Z com.grantiva.cli: exit 0: '/Users/kyle/Library/Android/sdk/platform-tools/adb' -s 'emulator-5554' shell 'settings put global transition_animation_scale 1'
[debug] 2026-10-09T21:16:25Z com.grantiva.cli: $ '/Users/kyle/Library/Android/sdk/platform-tools/adb' -s 'emulator-5554' shell 'settings put global animator_duration_scale 1'
[debug] 2026-10-09T21:16:25Z com.grantiva.cli: exit 0: '/Users/kyle/Library/Android/sdk/platform-tools/adb' -s 'emulator-5554' shell 'settings put global animator_duration_scale 1'
[debug] 2026-10-09T21:16:25Z com.grantiva.cli: $ '/Users/kyle/Library/Android/sdk/platform-tools/adb' -s 'emulator-5554' shell 'settings put system accelerometer_rotation 1'
[debug] 2026-10-09T21:16:25Z com.grantiva.cli: exit 0: '/Users/kyle/Library/Android/sdk/platform-tools/adb' -s 'emulator-5554' shell 'settings put system accelerometer_rotation 1'
[debug] 2026-10-09T21:16:25Z com.grantiva.cli: $ '/Users/kyle/Library/Android/sdk/platform-tools/adb' -s 'emulator-5554' shell 'settings put system user_rotation 0'
[debug] 2026-10-09T21:16:25Z com.grantiva.cli: exit 0: '/Users/kyle/Library/Android/sdk/platform-tools/adb' -s 'emulator-5554' shell 'settings put system user_rotation 0'
[debug] 2026-10-09T21:16:25Z com.grantiva.cli: $ '/Users/kyle/Library/Android/sdk/platform-tools/adb' -s 'emulator-5554' shell am force-stop 'io.appium.uiautomator2.server'
[debug] 2026-10-09T21:16:25Z com.grantiva.cli: exit 0: '/Users/kyle/Library/Android/sdk/platform-tools/adb' -s 'emulator-5554' shell am force-stop 'io.appium.uiautomator2.server'
[debug] 2026-10-09T21:16:25Z com.grantiva.cli: $ '/Users/kyle/Library/Android/sdk/platform-tools/adb' -s 'emulator-5554' shell am force-stop 'io.appium.uiautomator2.server.test'
[debug] 2026-10-09T21:16:25Z com.grantiva.cli: exit 0: '/Users/kyle/Library/Android/sdk/platform-tools/adb' -s 'emulator-5554' shell am force-stop 'io.appium.uiautomator2.server.test'
[debug] 2026-10-09T21:16:25Z com.grantiva.cli: $ '/Users/kyle/Library/Android/sdk/platform-tools/adb' -s 'emulator-5554' forward --list
[debug] 2026-10-09T21:16:25Z com.grantiva.cli: exit 0: '/Users/kyle/Library/Android/sdk/platform-tools/adb' -s 'emulator-5554' forward --list
