13:59:48.418431 POST /session [17.965417ms] OK body={"capabilities":{"platformName":"Android","deviceName":"sdk_gphone64_arm64"}}
13:59:48.427586 POST /session/885e83be-bd42-4f4f-9d05-aa23ef4645de/appium/settings [9.072583ms] OK body={"settings":{"enableMultiWindows":true,"waitForIdleTimeout":200}}
13:59:48.434741 POST /session/885e83be-bd42-4f4f-9d05-aa23ef4645de/appium/settings [7.078125ms] OK body={"settings":{"implicitWait":100}}
13:59:48.763665 GET /session/885e83be-bd42-4f4f-9d05-aa23ef4645de/appium/device/info [158.556667ms] OK body=
13:59:48.874568 POST /session/885e83be-bd42-4f4f-9d05-aa23ef4645de/appium/settings [59.385417ms] OK body={"settings":{"waitForIdleTimeout":200}}
13:59:51.253332 GET /session/885e83be-bd42-4f4f-9d05-aa23ef4645de/screenshot [2.355120292s] OK body=
13:59:57.085969 POST /session/885e83be-bd42-4f4f-9d05-aa23ef4645de/appium/device/launch_app [45.686791ms] OK body={"appId":"com.kylebrowning.landmarks"}
13:59:59.768442 GET /session/885e83be-bd42-4f4f-9d05-aa23ef4645de/screenshot [1.634899333s] OK body=
14:00:01.154497 GET /session/885e83be-bd42-4f4f-9d05-aa23ef4645de/source [1.378713125s] OK body=
14:00:02.092938 GET /session/885e83be-bd42-4f4f-9d05-aa23ef4645de/screenshot [923.444958ms] OK body=
14:00:07.112975 POST /session/885e83be-bd42-4f4f-9d05-aa23ef4645de/element [5.016788792s] ERR:404 body={"strategy":"-android uiautomator","selector":"new UiSelector().textContains(\"Deep Links\").clickab...
14:00:07.753172 POST /session/885e83be-bd42-4f4f-9d05-aa23ef4645de/element [640.073666ms] ERR:404 body={"strategy":"-android uiautomator","selector":"new UiSelector().descriptionContains(\"Deep Links\")....
14:00:08.570969 POST /session/885e83be-bd42-4f4f-9d05-aa23ef4645de/element [813.037125ms] OK body={"strategy":"-android uiautomator","selector":"new UiSelector().textContains(\"Deep Links\")"}
14:00:08.940719 GET /session/885e83be-bd42-4f4f-9d05-aa23ef4645de/source [368.134042ms] OK body=
14:00:09.326660 POST /session/885e83be-bd42-4f4f-9d05-aa23ef4645de/appium/gestures/click [382.876584ms] OK body={"offset":{"x":907,"y":2232}}
14:00:10.777263 GET /session/885e83be-bd42-4f4f-9d05-aa23ef4645de/screenshot [210.923958ms] OK body=
14:00:10.937383 GET /session/885e83be-bd42-4f4f-9d05-aa23ef4645de/source [152.935041ms] OK body=
14:00:11.680238 GET /session/885e83be-bd42-4f4f-9d05-aa23ef4645de/screenshot [730.533042ms] OK body=
14:00:11.752829 POST /session/885e83be-bd42-4f4f-9d05-aa23ef4645de/element [70.240333ms] ERR:404 body={"strategy":"-android uiautomator","selector":"new UiSelector().textContains(\"Landmarks\").clickabl...
14:00:11.913970 POST /session/885e83be-bd42-4f4f-9d05-aa23ef4645de/element [161.039083ms] ERR:404 body={"strategy":"-android uiautomator","selector":"new UiSelector().descriptionContains(\"Landmarks\").c...
14:00:12.029690 POST /session/885e83be-bd42-4f4f-9d05-aa23ef4645de/element [115.61225ms] OK body={"strategy":"-android uiautomator","selector":"new UiSelector().textContains(\"Landmarks\")"}
14:00:12.313811 GET /session/885e83be-bd42-4f4f-9d05-aa23ef4645de/source [283.058042ms] OK body=
14:00:13.102203 POST /session/885e83be-bd42-4f4f-9d05-aa23ef4645de/appium/gestures/click [785.881125ms] OK body={"offset":{"x":540,"y":779}}
14:00:14.057235 GET /session/885e83be-bd42-4f4f-9d05-aa23ef4645de/screenshot [949.133542ms] OK body=
14:00:14.196608 GET /session/885e83be-bd42-4f4f-9d05-aa23ef4645de/source [138.053917ms] OK body=
14:00:14.535938 GET /session/885e83be-bd42-4f4f-9d05-aa23ef4645de/screenshot [329.75675ms] OK body=
14:00:14.945498 GET /session/885e83be-bd42-4f4f-9d05-aa23ef4645de/screenshot [406.502541ms] OK body=
14:00:15.208824 GET /session/885e83be-bd42-4f4f-9d05-aa23ef4645de/screenshot [260.993917ms] OK body=
14:00:15.365374 GET /session/885e83be-bd42-4f4f-9d05-aa23ef4645de/source [149.672459ms] OK body=
14:00:15.397327 DELETE /session/885e83be-bd42-4f4f-9d05-aa23ef4645de [14.237542ms] OK body=
