13:59:44.647060 [INFO] === Test execution started ===
13:59:44.647321 [INFO] Output directory: /Users/kyle/Developer/grantiva-cli/.worktrees/qa-android/findings/evidence/AND-042-screens/report
13:59:44.647328 [INFO] Platform: android
13:59:44.647331 [INFO] Driver: uiautomator2
13:59:44.649825 [INFO] Validated 1 flow(s)
13:59:44.649959 [INFO] Single device execution mode
13:59:44.649965 [INFO] Starting flow execution (parallel: false, devices: [])
13:59:44.649971 [INFO] Creating driver for single device execution
13:59:44.649976 [INFO] Connecting to Android device: emulator-5554
13:59:44.796281 [INFO] Device info: google sdk_gphone64_arm64, SDK 35, Serial emulator-5554, Emulator: true
13:59:44.839592 [INFO] Starting UIAutomator2 server on device emulator-5554
13:59:45.525846 [WARN] failed to remove default socket forward for /tmp/uia2-emulator-5554.sock: adb forward --remove localfilesystem:/tmp/uia2-emulator-5554.sock: exit status 1: adb: error: listener 'localfilesystem:/tmp/uia2-emulator-5554.sock' not found
13:59:45.594002 [WARN] failed to remove adb forward for tcp:6790: adb forward --remove tcp:6790: exit status 1: adb: error: listener 'tcp:6790' not found
13:59:48.400369 [INFO] Creating UIAutomator2 session with capabilities: Platform=Android, Device=sdk_gphone64_arm64
13:59:48.418480 [INFO] Session created successfully: 885e83be-bd42-4f4f-9d05-aa23ef4645de
13:59:48.769752 [INFO] Driver created: android on google sdk_gphone64_arm64
13:59:48.798796 [INFO] === Starting flow: qa-tab-landmarks ===
13:59:48.798805 [INFO] Flow file: /var/folders/jv/76l6crmx6nl3hf150gzry_ym0000gn/T/grantiva-0916F357-D7E4-4EEE-A6FB-A85AB8723C09/0/qa-tab-landmarks.yaml
13:59:48.798810 [INFO] Total steps: 4
13:59:48.875156 [DEBUG] Executing step 0: launchApp
13:59:58.097266 [DEBUG] Step 0 completed successfully (9222ms): launchApp
14:00:01.155285 [DEBUG] Executing step 1: tapOn: text="Deep Links"
14:00:02.095730 [DEBUG] Flutter: parallel search (text="Deep Links", id="")
14:00:02.880376 [DEBUG] Flutter fallback: failed to get trees: no Flutter VM service found
14:00:03.734211 [DEBUG] Flutter fallback: failed to get trees: no Flutter VM service found
14:00:04.612584 [DEBUG] Flutter fallback: failed to get trees: no Flutter VM service found
14:00:06.339352 [DEBUG] Flutter fallback: failed to get trees: no Flutter VM service found
14:00:07.236306 [DEBUG] Flutter fallback: failed to get trees: no Flutter VM service found
14:00:08.297938 [DEBUG] Flutter fallback: failed to get trees: no Flutter VM service found
14:00:09.278627 [DEBUG] Flutter fallback: failed to get trees: no Flutter VM service found
14:00:10.561080 [DEBUG] Flutter fallback: failed to get trees: no Flutter VM service found
14:00:10.561131 [DEBUG] Step 1 completed successfully (9405ms): tapOn: text="Deep Links"
14:00:10.943409 [DEBUG] Executing step 2: tapOn: text="Landmarks"
14:00:13.102244 [DEBUG] Step 2 completed successfully (2158ms): tapOn: text="Landmarks"
14:00:14.197230 [DEBUG] Executing step 3: takeScreenshot
14:00:14.945866 [DEBUG] Step 3 completed successfully (748ms): takeScreenshot
14:00:15.370928 [INFO] === Flow completed: qa-tab-landmarks (status: passed, duration: 26572ms, passed: 4, failed: 0, skipped: 0) ===
14:00:16.014865 [WARN] failed to remove default socket forward for /tmp/uia2-emulator-5554.sock: adb forward --remove localfilesystem:/tmp/uia2-emulator-5554.sock: exit status 1: adb: error: listener 'localfilesystem:/tmp/uia2-emulator-5554.sock' not found
14:00:16.037533 [WARN] failed to remove adb forward for tcp:6790: adb forward --remove tcp:6790: exit status 1: adb: error: listener 'tcp:6790' not found
14:00:16.037571 [INFO] Flow execution completed: 1 passed, 0 failed, 0 skipped
14:00:16.038468 [INFO] Generating reports...
14:00:16.041285 [INFO] Shutting down devices started by maestro-runner...
14:00:16.041306 [INFO] Shutting down all tracked emulators
14:00:16.041317 [INFO] Shutting down all tracked simulators
