14:00:45.991472 [INFO] === Test execution started ===
14:00:45.991546 [INFO] Output directory: /Users/kyle/Developer/grantiva-cli/.worktrees/qa-android/findings/evidence/AND-035/report
14:00:45.991553 [INFO] Platform: android
14:00:45.991558 [INFO] Driver: uiautomator2
14:00:45.993156 [INFO] Validated 1 flow(s)
14:00:45.993317 [INFO] Single device execution mode
14:00:45.993323 [INFO] Starting flow execution (parallel: false, devices: [])
14:00:45.993327 [INFO] Creating driver for single device execution
14:00:45.993332 [INFO] Connecting to Android device: emulator-5554
14:00:46.075616 [INFO] Device info: google sdk_gphone64_arm64, SDK 35, Serial emulator-5554, Emulator: true
14:00:46.100382 [INFO] Starting UIAutomator2 server on device emulator-5554
14:00:46.510643 [WARN] failed to remove default socket forward for /tmp/uia2-emulator-5554.sock: adb forward --remove localfilesystem:/tmp/uia2-emulator-5554.sock: exit status 1: adb: error: listener 'localfilesystem:/tmp/uia2-emulator-5554.sock' not found
14:00:46.523078 [WARN] failed to remove adb forward for tcp:6790: adb forward --remove tcp:6790: exit status 1: adb: error: listener 'tcp:6790' not found
14:00:47.610451 [INFO] Creating UIAutomator2 session with capabilities: Platform=Android, Device=sdk_gphone64_arm64
14:00:47.619487 [INFO] Session created successfully: 50ef7a04-1fca-4a99-991c-a373c513603b
14:00:47.675181 [INFO] Driver created: android on google sdk_gphone64_arm64
14:00:47.678971 [INFO] === Starting flow: qa-note ===
14:00:47.678979 [INFO] Flow file: /var/folders/jv/76l6crmx6nl3hf150gzry_ym0000gn/T/grantiva-DFDB3FE1-5B1F-4896-8F5E-53616B2C98CD/0/qa-note.yaml
14:00:47.678982 [INFO] Total steps: 4
14:00:47.684310 [DEBUG] Executing step 0: launchApp
14:00:49.376692 [DEBUG] Step 0 completed successfully (1692ms): launchApp
14:00:49.377539 [DEBUG] Executing step 1: tapOn: text="Deep Links"
14:00:49.378165 [DEBUG] Flutter: parallel search (text="Deep Links", id="")
14:00:49.399068 [DEBUG] Flutter fallback: failed to get trees: no Flutter VM service found
14:00:49.419176 [DEBUG] Flutter fallback: failed to get trees: no Flutter VM service found
14:00:49.438137 [DEBUG] Flutter fallback: failed to get trees: no Flutter VM service found
14:00:49.456294 [DEBUG] Flutter fallback: failed to get trees: no Flutter VM service found
14:00:49.474877 [DEBUG] Flutter fallback: failed to get trees: no Flutter VM service found
14:00:49.493563 [DEBUG] Flutter fallback: failed to get trees: no Flutter VM service found
14:00:49.513034 [DEBUG] Flutter fallback: failed to get trees: no Flutter VM service found
14:00:49.531302 [DEBUG] Flutter fallback: failed to get trees: no Flutter VM service found
14:00:49.549976 [DEBUG] Flutter fallback: failed to get trees: no Flutter VM service found
14:00:49.568640 [DEBUG] Flutter fallback: failed to get trees: no Flutter VM service found
14:00:49.587633 [DEBUG] Flutter fallback: failed to get trees: no Flutter VM service found
14:00:49.606776 [DEBUG] Flutter fallback: failed to get trees: no Flutter VM service found
14:00:49.625718 [DEBUG] Flutter fallback: failed to get trees: no Flutter VM service found
14:00:49.644801 [DEBUG] Flutter fallback: failed to get trees: no Flutter VM service found
14:00:49.664197 [DEBUG] Flutter fallback: failed to get trees: no Flutter VM service found
14:00:49.683739 [DEBUG] Flutter fallback: failed to get trees: no Flutter VM service found
14:00:49.704002 [DEBUG] Flutter fallback: failed to get trees: no Flutter VM service found
14:00:49.724166 [DEBUG] Flutter fallback: failed to get trees: no Flutter VM service found
14:00:49.745362 [DEBUG] Flutter fallback: failed to get trees: no Flutter VM service found
14:00:49.769620 [DEBUG] Flutter fallback: failed to get trees: no Flutter VM service found
14:00:49.789930 [DEBUG] Flutter fallback: failed to get trees: no Flutter VM service found
14:00:49.809714 [DEBUG] Flutter fallback: failed to get trees: no Flutter VM service found
14:00:49.828291 [DEBUG] Flutter fallback: failed to get trees: no Flutter VM service found
14:00:49.847707 [DEBUG] Flutter fallback: failed to get trees: no Flutter VM service found
14:00:49.867036 [DEBUG] Flutter fallback: failed to get trees: no Flutter VM service found
14:00:49.886157 [DEBUG] Flutter fallback: failed to get trees: no Flutter VM service found
14:00:49.904919 [DEBUG] Flutter fallback: failed to get trees: no Flutter VM service found
14:00:49.924352 [DEBUG] Flutter fallback: failed to get trees: no Flutter VM service found
14:00:49.944064 [DEBUG] Flutter fallback: failed to get trees: no Flutter VM service found
14:00:49.962622 [DEBUG] Flutter fallback: failed to get trees: no Flutter VM service found
14:00:49.981041 [DEBUG] Flutter fallback: failed to get trees: no Flutter VM service found
14:00:49.999823 [DEBUG] Flutter fallback: failed to get trees: no Flutter VM service found
14:00:50.018881 [DEBUG] Flutter fallback: failed to get trees: no Flutter VM service found
14:00:50.038720 [DEBUG] Flutter fallback: failed to get trees: no Flutter VM service found
14:00:50.057582 [DEBUG] Flutter fallback: failed to get trees: no Flutter VM service found
14:00:50.075698 [DEBUG] Flutter fallback: failed to get trees: no Flutter VM service found
14:00:50.093794 [DEBUG] Flutter fallback: failed to get trees: no Flutter VM service found
14:00:50.112921 [DEBUG] Flutter fallback: failed to get trees: no Flutter VM service found
14:00:50.132201 [DEBUG] Flutter fallback: failed to get trees: no Flutter VM service found
14:00:50.152303 [DEBUG] Flutter fallback: failed to get trees: no Flutter VM service found
14:00:50.171304 [DEBUG] Flutter fallback: failed to get trees: no Flutter VM service found
14:00:50.190910 [DEBUG] Flutter fallback: failed to get trees: no Flutter VM service found
14:00:50.210835 [DEBUG] Flutter fallback: failed to get trees: no Flutter VM service found
14:00:50.231265 [DEBUG] Flutter fallback: failed to get trees: no Flutter VM service found
14:00:50.251056 [DEBUG] Flutter fallback: failed to get trees: no Flutter VM service found
14:00:50.271233 [DEBUG] Flutter fallback: failed to get trees: no Flutter VM service found
14:00:50.291068 [DEBUG] Flutter fallback: failed to get trees: no Flutter VM service found
14:00:50.311411 [DEBUG] Flutter fallback: failed to get trees: no Flutter VM service found
14:00:50.331600 [DEBUG] Flutter fallback: failed to get trees: no Flutter VM service found
14:00:50.352576 [DEBUG] Flutter fallback: failed to get trees: no Flutter VM service found
14:00:50.372663 [DEBUG] Flutter fallback: failed to get trees: no Flutter VM service found
14:00:50.391566 [DEBUG] Flutter fallback: failed to get trees: no Flutter VM service found
14:00:50.412938 [DEBUG] Flutter fallback: failed to get trees: no Flutter VM service found
14:00:50.434559 [DEBUG] Flutter fallback: failed to get trees: no Flutter VM service found
14:00:50.453596 [DEBUG] Flutter fallback: failed to get trees: no Flutter VM service found
14:00:50.476123 [DEBUG] Flutter fallback: failed to get trees: no Flutter VM service found
14:00:50.495136 [DEBUG] Flutter fallback: failed to get trees: no Flutter VM service found
14:00:50.522603 [DEBUG] Flutter fallback: failed to get trees: no Flutter VM service found
14:00:50.522651 [DEBUG] Step 1 completed successfully (1145ms): tapOn: text="Deep Links"
14:00:50.523106 [DEBUG] Executing step 2: assertVisible: text="a=b c"
14:01:07.555284 [ERROR] Step 2 failed (17032ms): assertVisible: text="a=b c" - Error: Element not visible: context deadline exceeded: no such element: An element could not be located on the page using the given search parameters (cause: context deadline exceeded: no such element: An element could not be located on the page using the given search parameters)
14:01:07.733718 [INFO] === Flow completed: qa-note (status: failed, duration: 20054ms, passed: 2, failed: 1, skipped: 1) ===
14:01:08.137020 [WARN] failed to remove default socket forward for /tmp/uia2-emulator-5554.sock: adb forward --remove localfilesystem:/tmp/uia2-emulator-5554.sock: exit status 1: adb: error: listener 'localfilesystem:/tmp/uia2-emulator-5554.sock' not found
14:01:08.150374 [WARN] failed to remove adb forward for tcp:6790: adb forward --remove tcp:6790: exit status 1: adb: error: listener 'tcp:6790' not found
14:01:08.150410 [INFO] Flow execution completed: 0 passed, 1 failed, 0 skipped
14:01:08.150768 [INFO] Generating reports...
14:01:08.151327 [INFO] Shutting down devices started by maestro-runner...
14:01:08.151332 [INFO] Shutting down all tracked emulators
14:01:08.151339 [INFO] Shutting down all tracked simulators
