14:07:54.541138 POST /session [8.360916ms] OK body={"capabilities":{"platformName":"Android","deviceName":"sdk_gphone64_arm64"}}
14:07:54.545615 POST /session/64f5cd03-3d05-440c-9c37-e39fcd02f270/appium/settings [4.359834ms] OK body={"settings":{"enableMultiWindows":true,"waitForIdleTimeout":200}}
14:07:54.548625 POST /session/64f5cd03-3d05-440c-9c37-e39fcd02f270/appium/settings [2.988959ms] OK body={"settings":{"implicitWait":100}}
14:07:54.590422 GET /session/64f5cd03-3d05-440c-9c37-e39fcd02f270/appium/device/info [17.257125ms] OK body=
14:07:54.596555 POST /session/64f5cd03-3d05-440c-9c37-e39fcd02f270/appium/settings [4.356416ms] OK body={"settings":{"waitForIdleTimeout":200}}
14:07:55.222920 POST /session/64f5cd03-3d05-440c-9c37-e39fcd02f270/appium/device/launch_app [7.91325ms] OK body={"appId":"com.kylebrowning.landmarks"}
14:07:56.571777 POST /session/64f5cd03-3d05-440c-9c37-e39fcd02f270/element [346.076625ms] ERR:404 body={"strategy":"-android uiautomator","selector":"new UiSelector().textContains(\"Deep Links\").clickab...
14:07:57.150587 POST /session/64f5cd03-3d05-440c-9c37-e39fcd02f270/element [578.654417ms] ERR:404 body={"strategy":"-android uiautomator","selector":"new UiSelector().descriptionContains(\"Deep Links\")....
14:07:57.179181 POST /session/64f5cd03-3d05-440c-9c37-e39fcd02f270/element [28.513292ms] OK body={"strategy":"-android uiautomator","selector":"new UiSelector().textContains(\"Deep Links\")"}
14:07:57.231507 GET /session/64f5cd03-3d05-440c-9c37-e39fcd02f270/source [52.117833ms] OK body=
14:07:57.309848 POST /session/64f5cd03-3d05-440c-9c37-e39fcd02f270/appium/gestures/click [77.526167ms] OK body={"offset":{"x":907,"y":2232}}
14:07:57.914013 POST /session/64f5cd03-3d05-440c-9c37-e39fcd02f270/element [601.2765ms] ERR:404 body={"strategy":"-android uiautomator","selector":"new UiSelector().textContains(\"Edit Landmark\").clic...
14:07:57.934517 POST /session/64f5cd03-3d05-440c-9c37-e39fcd02f270/element [20.428042ms] ERR:404 body={"strategy":"-android uiautomator","selector":"new UiSelector().descriptionContains(\"Edit Landmark\...
14:07:57.942402 POST /session/64f5cd03-3d05-440c-9c37-e39fcd02f270/element [7.832458ms] OK body={"strategy":"-android uiautomator","selector":"new UiSelector().textContains(\"Edit Landmark\")"}
14:07:57.977086 GET /session/64f5cd03-3d05-440c-9c37-e39fcd02f270/source [34.521541ms] OK body=
14:07:58.040949 POST /session/64f5cd03-3d05-440c-9c37-e39fcd02f270/appium/gestures/click [62.749292ms] OK body={"offset":{"x":540,"y":569}}
14:07:58.635996 POST /session/64f5cd03-3d05-440c-9c37-e39fcd02f270/element [593.560417ms] OK body={"strategy":"-android uiautomator","selector":"new UiSelector().textContains(\"Edit Landmark\")"}
14:07:58.651058 POST /session/64f5cd03-3d05-440c-9c37-e39fcd02f270/element [14.5455ms] ERR:404 body={"strategy":"-android uiautomator","selector":"new UiSelector().textContains(\"Name\").clickable(tru...
14:07:58.669105 POST /session/64f5cd03-3d05-440c-9c37-e39fcd02f270/element [17.969791ms] ERR:404 body={"strategy":"-android uiautomator","selector":"new UiSelector().descriptionContains(\"Name\").clicka...
14:07:58.674554 POST /session/64f5cd03-3d05-440c-9c37-e39fcd02f270/element [5.379375ms] OK body={"strategy":"-android uiautomator","selector":"new UiSelector().textContains(\"Name\")"}
14:07:58.701426 GET /session/64f5cd03-3d05-440c-9c37-e39fcd02f270/source [26.719291ms] OK body=
14:07:58.772247 POST /session/64f5cd03-3d05-440c-9c37-e39fcd02f270/appium/gestures/click [70.255291ms] OK body={"offset":{"x":540,"y":442}}
14:07:59.543073 POST /session/64f5cd03-3d05-440c-9c37-e39fcd02f270/actions [770.134791ms] OK body={"actions":[{"actions":[{"type":"keyDown","value":" "},{"type":"keyUp","value":" "},{"type":"keyDown...
14:07:59.570173 POST /session/64f5cd03-3d05-440c-9c37-e39fcd02f270/element [26.469625ms] OK body={"strategy":"-android uiautomator","selector":"new UiSelector().textContains(\"Done\")"}
14:07:59.574671 GET /session/64f5cd03-3d05-440c-9c37-e39fcd02f270/element/00000000-0000-0535-0000-00ce00000004/text [4.427458ms] OK body=
14:07:59.579482 GET /session/64f5cd03-3d05-440c-9c37-e39fcd02f270/element/00000000-0000-0535-0000-00ce00000004/rect [4.751167ms] OK body=
14:07:59.616426 POST /session/64f5cd03-3d05-440c-9c37-e39fcd02f270/element [15.043209ms] ERR:404 body={"strategy":"-android uiautomator","selector":"new UiSelector().textContains(\"Done\").clickable(tru...
14:07:59.630808 POST /session/64f5cd03-3d05-440c-9c37-e39fcd02f270/element [14.274167ms] ERR:404 body={"strategy":"-android uiautomator","selector":"new UiSelector().descriptionContains(\"Done\").clicka...
14:07:59.639260 POST /session/64f5cd03-3d05-440c-9c37-e39fcd02f270/element [8.371042ms] OK body={"strategy":"-android uiautomator","selector":"new UiSelector().textContains(\"Done\")"}
14:07:59.670301 GET /session/64f5cd03-3d05-440c-9c37-e39fcd02f270/source [30.663291ms] OK body=
14:07:59.744750 POST /session/64f5cd03-3d05-440c-9c37-e39fcd02f270/appium/gestures/click [73.412958ms] OK body={"offset":{"x":95,"y":1173}}
14:08:00.327785 POST /session/64f5cd03-3d05-440c-9c37-e39fcd02f270/element [582.36525ms] OK body={"strategy":"-android uiautomator","selector":"new UiSelector().textContains(\"Golden Gate Bridge Re...
14:08:00.459814 GET /session/64f5cd03-3d05-440c-9c37-e39fcd02f270/screenshot [130.867916ms] OK body=
14:08:00.463699 DELETE /session/64f5cd03-3d05-440c-9c37-e39fcd02f270 [1.490291ms] OK body=
