14:07:52.931563 [INFO] === Test execution started ===
14:07:52.931631 [INFO] Output directory: /Users/kyle/Developer/grantiva-cli/.worktrees/qa-android/findings/evidence/AND-043/03-edit
14:07:52.931636 [INFO] Platform: android
14:07:52.931640 [INFO] Driver: uiautomator2
14:07:52.931911 [INFO] Validated 1 flow(s)
14:07:52.931930 [INFO] Single device execution mode
14:07:52.931937 [INFO] Starting flow execution (parallel: false, devices: [])
14:07:52.931942 [INFO] Creating driver for single device execution
14:07:52.931947 [INFO] Connecting to Android device: emulator-5554
14:07:53.006473 [INFO] Device info: google sdk_gphone64_arm64, SDK 35, Serial emulator-5554, Emulator: true
14:07:53.026722 [INFO] Starting UIAutomator2 server on device emulator-5554
14:07:53.426299 [WARN] failed to remove default socket forward for /tmp/uia2-emulator-5554.sock: adb forward --remove localfilesystem:/tmp/uia2-emulator-5554.sock: exit status 1: adb: error: listener 'localfilesystem:/tmp/uia2-emulator-5554.sock' not found
14:07:53.441907 [WARN] failed to remove adb forward for tcp:6790: adb forward --remove tcp:6790: exit status 1: adb: error: listener 'tcp:6790' not found
14:07:54.532732 [INFO] Creating UIAutomator2 session with capabilities: Platform=Android, Device=sdk_gphone64_arm64
14:07:54.541232 [INFO] Session created successfully: 64f5cd03-3d05-440c-9c37-e39fcd02f270
14:07:54.590545 [INFO] Driver created: android on google sdk_gphone64_arm64
14:07:54.592068 [INFO] === Starting flow: 03-edit ===
14:07:54.592072 [INFO] Flow file: /var/folders/jv/76l6crmx6nl3hf150gzry_ym0000gn/T/grantiva-8540AE84-E437-4DDD-A554-A40E389E2FEE/0/03-edit.yaml
14:07:54.592075 [INFO] Total steps: 9
14:07:54.596855 [DEBUG] Executing step 0: launchApp
14:07:56.225039 [DEBUG] Step 0 completed successfully (1628ms): launchApp
14:07:56.225421 [DEBUG] Executing step 1: tapOn: text="Deep Links"
14:07:56.225634 [DEBUG] Flutter: parallel search (text="Deep Links", id="")
14:07:56.287542 [DEBUG] Flutter fallback: failed to get trees: no Flutter VM service found
14:07:56.349236 [DEBUG] Flutter fallback: failed to get trees: no Flutter VM service found
14:07:56.415056 [DEBUG] Flutter fallback: failed to get trees: no Flutter VM service found
14:07:56.486488 [DEBUG] Flutter fallback: failed to get trees: no Flutter VM service found
14:07:56.586959 [DEBUG] Flutter fallback: failed to get trees: no Flutter VM service found
14:07:56.651497 [DEBUG] Flutter fallback: failed to get trees: no Flutter VM service found
14:07:56.713379 [DEBUG] Flutter fallback: failed to get trees: no Flutter VM service found
14:07:56.773635 [DEBUG] Flutter fallback: failed to get trees: no Flutter VM service found
14:07:56.834363 [DEBUG] Flutter fallback: failed to get trees: no Flutter VM service found
14:07:56.894733 [DEBUG] Flutter fallback: failed to get trees: no Flutter VM service found
14:07:56.955349 [DEBUG] Flutter fallback: failed to get trees: no Flutter VM service found
14:07:57.017457 [DEBUG] Flutter fallback: failed to get trees: no Flutter VM service found
14:07:57.078465 [DEBUG] Flutter fallback: failed to get trees: no Flutter VM service found
14:07:57.141279 [DEBUG] Flutter fallback: failed to get trees: no Flutter VM service found
14:07:57.213637 [DEBUG] Flutter fallback: failed to get trees: no Flutter VM service found
14:07:57.312024 [DEBUG] Flutter fallback: failed to get trees: no Flutter VM service found
14:07:57.312064 [DEBUG] Step 1 completed successfully (1086ms): tapOn: text="Deep Links"
14:07:57.312512 [DEBUG] Executing step 2: tapOn: text="Edit Landmark"
14:07:58.041025 [DEBUG] Step 2 completed successfully (728ms): tapOn: text="Edit Landmark"
14:07:58.041666 [DEBUG] Executing step 3: assertVisible: text="Edit Landmark"
14:07:58.636030 [DEBUG] Step 3 completed successfully (594ms): assertVisible: text="Edit Landmark"
14:07:58.636304 [DEBUG] Executing step 4: tapOn: text="Name"
14:07:58.772303 [DEBUG] Step 4 completed successfully (135ms): tapOn: text="Name"
14:07:58.772699 [DEBUG] Executing step 5: inputText: " Renamed"
14:07:59.543109 [DEBUG] Step 5 completed successfully (770ms): inputText: " Renamed"
14:07:59.543479 [DEBUG] Executing step 6: tapOn: text="Done"
14:07:59.744796 [DEBUG] Step 6 completed successfully (201ms): tapOn: text="Done"
14:07:59.745198 [DEBUG] Executing step 7: assertVisible: text="Golden Gate Bridge Renamed"
14:08:00.327852 [DEBUG] Step 7 completed successfully (582ms): assertVisible: text="Golden Gate Bridge Renamed"
14:08:00.328413 [DEBUG] Executing step 8: takeScreenshot
14:08:00.460135 [DEBUG] Step 8 completed successfully (131ms): takeScreenshot
14:08:00.461165 [INFO] === Flow completed: 03-edit (status: passed, duration: 5869ms, passed: 9, failed: 0, skipped: 0) ===
14:08:00.874458 [WARN] failed to remove default socket forward for /tmp/uia2-emulator-5554.sock: adb forward --remove localfilesystem:/tmp/uia2-emulator-5554.sock: exit status 1: adb: error: listener 'localfilesystem:/tmp/uia2-emulator-5554.sock' not found
14:08:00.888359 [WARN] failed to remove adb forward for tcp:6790: adb forward --remove tcp:6790: exit status 1: adb: error: listener 'tcp:6790' not found
14:08:00.888386 [INFO] Flow execution completed: 1 passed, 0 failed, 0 skipped
14:08:00.888598 [INFO] Generating reports...
14:08:00.889322 [INFO] Shutting down devices started by maestro-runner...
14:08:00.889335 [INFO] Shutting down all tracked emulators
14:08:00.889343 [INFO] Shutting down all tracked simulators
