14:54:27.314807 [INFO] === Test execution started ===
14:54:27.314868 [INFO] Output directory: /Users/kyle/Developer/grantiva-cli/.worktrees/qa-ios/findings/evidence/triage/F35
14:54:27.314872 [INFO] Platform: ios
14:54:27.314876 [INFO] Driver: uiautomator2
14:54:27.315187 [INFO] Validated 2 flow(s)
14:54:27.422793 [INFO] Single device execution mode
14:54:27.422814 [INFO] Starting flow execution (parallel: false, devices: [])
14:54:27.422819 [INFO] Creating driver for single device execution
14:54:27.422823 [INFO] Using specified iOS device: 93DF5345-8494-4C57-B374-10224C07ED41
14:54:27.524900 [INFO] Device 93DF5345-8494-4C57-B374-10224C07ED41 is a simulator
14:54:27.524994 [INFO] Building WDA for device 93DF5345-8494-4C57-B374-10224C07ED41 (team ID: )
14:54:27.730024 [INFO] WDA build completed successfully
14:54:27.730040 [INFO] Starting WDA on device 93DF5345-8494-4C57-B374-10224C07ED41 (port: 8485)
14:54:29.951730 [INFO] WDA started successfully on port 8485
14:54:30.309699 [DEBUG] WDA GET /window/size
14:54:30.407207 [DEBUG] WDA GET /window/size completed (97ms, status: 200)
14:54:30.407266 [INFO] Driver created: ios on qa-ios-1
14:54:30.409271 [INFO] === Starting flow: same ===
14:54:30.409276 [INFO] Flow file: /var/folders/jv/76l6crmx6nl3hf150gzry_ym0000gn/T/grantiva-C4E60161-7307-42AB-AFDD-DA5A7B49A47B/0/same.yaml
14:54:30.409280 [INFO] Total steps: 8
14:54:30.409408 [DEBUG] WDA POST /appium/settings body={"settings":{"shouldWaitForQuiescence":false,"waitForIdleTimeout":0}}
14:54:30.409934 [DEBUG] WDA POST /appium/settings completed (0ms, status: 404)
14:54:30.410009 [DEBUG] WDA POST /session body={"capabilities":{"alwaysMatch":{"bundleId":"com.kylebrowning.Landmarks","defaultAlertAction":"accept...
14:54:33.074016 [DEBUG] WDA POST /session completed (2663ms, status: 200)
14:54:33.074635 [DEBUG] WDA POST /session/5ADEFCC5-D239-47CE-BF61-E474FD728ECA/appium/settings body={"settings":{"shouldWaitForQuiescence":false,"waitForIdleTimeout":0}}
14:54:33.245296 [DEBUG] WDA POST /session/5ADEFCC5-D239-47CE-BF61-E474FD728ECA/appium/settings completed (170ms, status: 200)
14:54:33.246667 [DEBUG] Executing step 0: launchApp
14:54:33.731813 [DEBUG] [wda] launchApp com.kylebrowning.Landmarks: argv=[] env=map[]
14:54:33.731892 [DEBUG] WDA POST /session/5ADEFCC5-D239-47CE-BF61-E474FD728ECA/appium/settings body={"settings":{"acceptAlertButtonSelector":"**/XCUIElementTypeButton[`label BEGINSWITH[c] 'Allow' OR l...
14:54:33.732638 [DEBUG] WDA POST /session/5ADEFCC5-D239-47CE-BF61-E474FD728ECA/appium/settings completed (0ms, status: 200)
14:54:33.732742 [DEBUG] WDA POST /session/5ADEFCC5-D239-47CE-BF61-E474FD728ECA/wda/apps/launch body={"bundleId":"com.kylebrowning.Landmarks"}
14:54:35.254485 [DEBUG] WDA POST /session/5ADEFCC5-D239-47CE-BF61-E474FD728ECA/wda/apps/launch completed (1521ms, status: 200)
14:54:35.254692 [DEBUG] Step 0 completed successfully (2008ms): launchApp
14:54:35.255571 [DEBUG] Executing step 1: assertVisible: text="Landmarks"
14:54:35.256146 [DEBUG] Flutter: parallel search (text="Landmarks", id="")
14:54:35.256183 [DEBUG] WDA POST /session/5ADEFCC5-D239-47CE-BF61-E474FD728ECA/element body={"using":"predicate string","value":"(label CONTAINS[c] 'Landmarks' OR name CONTAINS[c] 'Landmarks' ...
14:54:35.492510 [DEBUG] WDA POST /session/5ADEFCC5-D239-47CE-BF61-E474FD728ECA/element completed (236ms, status: 200)
14:54:35.492575 [DEBUG] WDA GET /session/5ADEFCC5-D239-47CE-BF61-E474FD728ECA/element/01000000-0000-0000-A759-000000000000/name
14:54:35.492610 [DEBUG] WDA GET /session/5ADEFCC5-D239-47CE-BF61-E474FD728ECA/element/01000000-0000-0000-A759-000000000000/text
14:54:35.492648 [DEBUG] WDA GET /session/5ADEFCC5-D239-47CE-BF61-E474FD728ECA/element/01000000-0000-0000-A759-000000000000/displayed
14:54:35.492688 [DEBUG] WDA GET /session/5ADEFCC5-D239-47CE-BF61-E474FD728ECA/element/01000000-0000-0000-A759-000000000000/rect
14:54:35.547633 [DEBUG] WDA GET /session/5ADEFCC5-D239-47CE-BF61-E474FD728ECA/element/01000000-0000-0000-A759-000000000000/name completed (55ms, status: 200)
14:54:35.602856 [DEBUG] WDA GET /session/5ADEFCC5-D239-47CE-BF61-E474FD728ECA/element/01000000-0000-0000-A759-000000000000/displayed completed (110ms, status: 200)
14:54:35.628180 [DEBUG] WDA GET /session/5ADEFCC5-D239-47CE-BF61-E474FD728ECA/element/01000000-0000-0000-A759-000000000000/text completed (135ms, status: 200)
14:54:35.681475 [DEBUG] WDA GET /session/5ADEFCC5-D239-47CE-BF61-E474FD728ECA/element/01000000-0000-0000-A759-000000000000/rect completed (188ms, status: 200)
14:54:36.365887 [DEBUG] Flutter fallback: failed to get trees: no Flutter VM service found
14:54:36.365973 [DEBUG] Step 1 completed successfully (1110ms): assertVisible: text="Landmarks"
14:54:36.366854 [DEBUG] Executing step 2: assertVisible: text="Featured"
14:54:36.367359 [DEBUG] WDA POST /session/5ADEFCC5-D239-47CE-BF61-E474FD728ECA/element body={"using":"predicate string","value":"(label CONTAINS[c] 'Featured' OR name CONTAINS[c] 'Featured' OR...
14:54:36.460628 [DEBUG] WDA POST /session/5ADEFCC5-D239-47CE-BF61-E474FD728ECA/element completed (93ms, status: 200)
14:54:36.460776 [DEBUG] WDA GET /session/5ADEFCC5-D239-47CE-BF61-E474FD728ECA/element/87000000-0000-0000-A759-000000000000/name
14:54:36.460824 [DEBUG] WDA GET /session/5ADEFCC5-D239-47CE-BF61-E474FD728ECA/element/87000000-0000-0000-A759-000000000000/rect
14:54:36.460881 [DEBUG] WDA GET /session/5ADEFCC5-D239-47CE-BF61-E474FD728ECA/element/87000000-0000-0000-A759-000000000000/displayed
14:54:36.460928 [DEBUG] WDA GET /session/5ADEFCC5-D239-47CE-BF61-E474FD728ECA/element/87000000-0000-0000-A759-000000000000/text
14:54:36.507402 [DEBUG] WDA GET /session/5ADEFCC5-D239-47CE-BF61-E474FD728ECA/element/87000000-0000-0000-A759-000000000000/rect completed (46ms, status: 200)
14:54:36.554481 [DEBUG] WDA GET /session/5ADEFCC5-D239-47CE-BF61-E474FD728ECA/element/87000000-0000-0000-A759-000000000000/name completed (93ms, status: 200)
14:54:36.604238 [DEBUG] WDA GET /session/5ADEFCC5-D239-47CE-BF61-E474FD728ECA/element/87000000-0000-0000-A759-000000000000/displayed completed (143ms, status: 200)
14:54:36.648148 [DEBUG] WDA GET /session/5ADEFCC5-D239-47CE-BF61-E474FD728ECA/element/87000000-0000-0000-A759-000000000000/text completed (187ms, status: 200)
14:54:36.648207 [DEBUG] Step 2 completed successfully (281ms): assertVisible: text="Featured"
14:54:36.648561 [DEBUG] Executing step 3: takeScreenshot
14:54:36.648724 [DEBUG] WDA GET /session/5ADEFCC5-D239-47CE-BF61-E474FD728ECA/screenshot
14:54:36.720929 [DEBUG] WDA GET /session/5ADEFCC5-D239-47CE-BF61-E474FD728ECA/screenshot completed (72ms, status: 200)
14:54:36.726900 [DEBUG] Step 3 completed successfully (78ms): takeScreenshot
14:54:36.727608 [DEBUG] Executing step 4: tapOn: text="Golden Gate Bridge"
14:54:36.728182 [DEBUG] WDA POST /session/5ADEFCC5-D239-47CE-BF61-E474FD728ECA/element body={"using":"predicate string","value":"((type == 'XCUIElementTypeTextField' OR type == 'XCUIElementTyp...
14:54:36.728260 [DEBUG] WDA POST /session/5ADEFCC5-D239-47CE-BF61-E474FD728ECA/element body={"using":"class chain","value":"**/XCUIElementTypeSecureTextField[`(label CONTAINS[c] 'Golden Gate B...
14:54:36.728459 [DEBUG] WDA POST /session/5ADEFCC5-D239-47CE-BF61-E474FD728ECA/element body={"using":"class chain","value":"**/XCUIElementTypeTextField[`(label CONTAINS[c] 'Golden Gate Bridge'...
14:54:36.728581 [DEBUG] WDA POST /session/5ADEFCC5-D239-47CE-BF61-E474FD728ECA/element body={"using":"class chain","value":"**/XCUIElementTypeButton[`(label ==[c] 'Golden Gate Bridge' OR name ...
14:54:36.772165 [DEBUG] WDA POST /session/5ADEFCC5-D239-47CE-BF61-E474FD728ECA/element completed (43ms, status: 404)
14:54:36.818476 [DEBUG] WDA POST /session/5ADEFCC5-D239-47CE-BF61-E474FD728ECA/element completed (90ms, status: 404)
14:54:36.861972 [DEBUG] WDA POST /session/5ADEFCC5-D239-47CE-BF61-E474FD728ECA/element completed (133ms, status: 404)
14:54:36.904739 [DEBUG] WDA POST /session/5ADEFCC5-D239-47CE-BF61-E474FD728ECA/element completed (176ms, status: 404)
14:54:36.905038 [DEBUG] WDA POST /session/5ADEFCC5-D239-47CE-BF61-E474FD728ECA/element body={"using":"predicate string","value":"(label == 'Golden Gate Bridge' OR name == 'Golden Gate Bridge' ...
14:54:36.997839 [DEBUG] WDA POST /session/5ADEFCC5-D239-47CE-BF61-E474FD728ECA/element completed (92ms, status: 200)
14:54:36.997940 [DEBUG] WDA GET /session/5ADEFCC5-D239-47CE-BF61-E474FD728ECA/element/93000000-0000-0000-A759-000000000000/name
14:54:36.997990 [DEBUG] WDA GET /session/5ADEFCC5-D239-47CE-BF61-E474FD728ECA/element/93000000-0000-0000-A759-000000000000/text
14:54:36.998055 [DEBUG] WDA GET /session/5ADEFCC5-D239-47CE-BF61-E474FD728ECA/element/93000000-0000-0000-A759-000000000000/rect
14:54:36.998095 [DEBUG] WDA GET /session/5ADEFCC5-D239-47CE-BF61-E474FD728ECA/element/93000000-0000-0000-A759-000000000000/displayed
14:54:37.042371 [DEBUG] WDA GET /session/5ADEFCC5-D239-47CE-BF61-E474FD728ECA/element/93000000-0000-0000-A759-000000000000/name completed (44ms, status: 200)
14:54:37.085039 [DEBUG] WDA GET /session/5ADEFCC5-D239-47CE-BF61-E474FD728ECA/element/93000000-0000-0000-A759-000000000000/text completed (87ms, status: 200)
14:54:37.130117 [DEBUG] WDA GET /session/5ADEFCC5-D239-47CE-BF61-E474FD728ECA/element/93000000-0000-0000-A759-000000000000/rect completed (132ms, status: 200)
14:54:37.175036 [DEBUG] WDA GET /session/5ADEFCC5-D239-47CE-BF61-E474FD728ECA/element/93000000-0000-0000-A759-000000000000/displayed completed (177ms, status: 200)
14:54:37.175141 [DEBUG] WDA POST /session/5ADEFCC5-D239-47CE-BF61-E474FD728ECA/element/93000000-0000-0000-A759-000000000000/click body=
14:54:37.554408 [DEBUG] WDA POST /session/5ADEFCC5-D239-47CE-BF61-E474FD728ECA/element/93000000-0000-0000-A759-000000000000/click completed (379ms, status: 200)
14:54:37.554469 [DEBUG] Step 4 completed successfully (826ms): tapOn: text="Golden Gate Bridge"
14:54:37.555253 [DEBUG] Executing step 5: assertVisible: text="San Francisco, CA"
14:54:37.557514 [DEBUG] WDA POST /session/5ADEFCC5-D239-47CE-BF61-E474FD728ECA/element body={"using":"predicate string","value":"(label CONTAINS[c] 'San Francisco, CA' OR name CONTAINS[c] 'San...
14:54:37.882873 [DEBUG] WDA POST /session/5ADEFCC5-D239-47CE-BF61-E474FD728ECA/element completed (325ms, status: 200)
14:54:37.883036 [DEBUG] WDA GET /session/5ADEFCC5-D239-47CE-BF61-E474FD728ECA/element/CD000000-0000-0000-A759-000000000000/name
14:54:37.883219 [DEBUG] WDA GET /session/5ADEFCC5-D239-47CE-BF61-E474FD728ECA/element/CD000000-0000-0000-A759-000000000000/text
14:54:37.883274 [DEBUG] WDA GET /session/5ADEFCC5-D239-47CE-BF61-E474FD728ECA/element/CD000000-0000-0000-A759-000000000000/rect
14:54:37.883349 [DEBUG] WDA GET /session/5ADEFCC5-D239-47CE-BF61-E474FD728ECA/element/CD000000-0000-0000-A759-000000000000/displayed
14:54:37.947119 [DEBUG] WDA GET /session/5ADEFCC5-D239-47CE-BF61-E474FD728ECA/element/CD000000-0000-0000-A759-000000000000/name completed (64ms, status: 200)
14:54:37.980307 [DEBUG] WDA GET /session/5ADEFCC5-D239-47CE-BF61-E474FD728ECA/element/CD000000-0000-0000-A759-000000000000/text completed (97ms, status: 200)
14:54:38.018865 [DEBUG] WDA GET /session/5ADEFCC5-D239-47CE-BF61-E474FD728ECA/element/CD000000-0000-0000-A759-000000000000/displayed completed (135ms, status: 200)
14:54:38.052424 [DEBUG] WDA GET /session/5ADEFCC5-D239-47CE-BF61-E474FD728ECA/element/CD000000-0000-0000-A759-000000000000/rect completed (169ms, status: 200)
14:54:38.052541 [DEBUG] Step 5 completed successfully (497ms): assertVisible: text="San Francisco, CA"
14:54:38.053403 [DEBUG] Executing step 6: assertVisible: text="Plan Visit"
14:54:38.053914 [DEBUG] WDA POST /session/5ADEFCC5-D239-47CE-BF61-E474FD728ECA/element body={"using":"predicate string","value":"(label CONTAINS[c] 'Plan Visit' OR name CONTAINS[c] 'Plan Visit...
14:54:38.124401 [DEBUG] WDA POST /session/5ADEFCC5-D239-47CE-BF61-E474FD728ECA/element completed (70ms, status: 200)
14:54:38.124481 [DEBUG] WDA GET /session/5ADEFCC5-D239-47CE-BF61-E474FD728ECA/element/D1000000-0000-0000-A759-000000000000/name
14:54:38.124543 [DEBUG] WDA GET /session/5ADEFCC5-D239-47CE-BF61-E474FD728ECA/element/D1000000-0000-0000-A759-000000000000/rect
14:54:38.124588 [DEBUG] WDA GET /session/5ADEFCC5-D239-47CE-BF61-E474FD728ECA/element/D1000000-0000-0000-A759-000000000000/text
14:54:38.124642 [DEBUG] WDA GET /session/5ADEFCC5-D239-47CE-BF61-E474FD728ECA/element/D1000000-0000-0000-A759-000000000000/displayed
14:54:38.158264 [DEBUG] WDA GET /session/5ADEFCC5-D239-47CE-BF61-E474FD728ECA/element/D1000000-0000-0000-A759-000000000000/name completed (33ms, status: 200)
14:54:38.191633 [DEBUG] WDA GET /session/5ADEFCC5-D239-47CE-BF61-E474FD728ECA/element/D1000000-0000-0000-A759-000000000000/rect completed (67ms, status: 200)
14:54:38.224329 [DEBUG] WDA GET /session/5ADEFCC5-D239-47CE-BF61-E474FD728ECA/element/D1000000-0000-0000-A759-000000000000/text completed (99ms, status: 200)
14:54:38.262274 [DEBUG] WDA GET /session/5ADEFCC5-D239-47CE-BF61-E474FD728ECA/element/D1000000-0000-0000-A759-000000000000/displayed completed (137ms, status: 200)
14:54:38.262379 [DEBUG] Step 6 completed successfully (208ms): assertVisible: text="Plan Visit"
14:54:38.265790 [DEBUG] Executing step 7: takeScreenshot
14:54:38.266893 [DEBUG] WDA GET /session/5ADEFCC5-D239-47CE-BF61-E474FD728ECA/screenshot
14:54:38.353767 [DEBUG] WDA GET /session/5ADEFCC5-D239-47CE-BF61-E474FD728ECA/screenshot completed (86ms, status: 200)
14:54:38.362385 [DEBUG] Step 7 completed successfully (96ms): takeScreenshot
14:54:38.363542 [INFO] === Flow completed: same (status: passed, duration: 7954ms, passed: 8, failed: 0, skipped: 0) ===
14:54:38.363550 [INFO] === Starting flow: same ===
14:54:38.363553 [INFO] Flow file: /var/folders/jv/76l6crmx6nl3hf150gzry_ym0000gn/T/grantiva-C4E60161-7307-42AB-AFDD-DA5A7B49A47B/1/same.yaml
14:54:38.363556 [INFO] Total steps: 6
14:54:38.363626 [DEBUG] WDA POST /session/5ADEFCC5-D239-47CE-BF61-E474FD728ECA/appium/settings body={"settings":{"shouldWaitForQuiescence":false,"waitForIdleTimeout":0}}
14:54:38.364200 [DEBUG] WDA POST /session/5ADEFCC5-D239-47CE-BF61-E474FD728ECA/appium/settings completed (0ms, status: 200)
14:54:38.364475 [DEBUG] Executing step 0: launchApp
14:54:38.802470 [DEBUG] [wda] launchApp com.kylebrowning.Landmarks: argv=[] env=map[]
14:54:38.802720 [DEBUG] WDA POST /session/5ADEFCC5-D239-47CE-BF61-E474FD728ECA/appium/settings body={"settings":{"acceptAlertButtonSelector":"**/XCUIElementTypeButton[`label BEGINSWITH[c] 'Allow' OR l...
14:54:38.803394 [DEBUG] WDA POST /session/5ADEFCC5-D239-47CE-BF61-E474FD728ECA/appium/settings completed (0ms, status: 200)
14:54:38.803449 [DEBUG] WDA POST /session/5ADEFCC5-D239-47CE-BF61-E474FD728ECA/wda/apps/launch body={"bundleId":"com.kylebrowning.Landmarks"}
14:54:40.321903 [DEBUG] WDA POST /session/5ADEFCC5-D239-47CE-BF61-E474FD728ECA/wda/apps/launch completed (1518ms, status: 200)
14:54:40.322122 [DEBUG] Step 0 completed successfully (1957ms): launchApp
14:54:40.324267 [DEBUG] Executing step 1: tapOn: text="Lakes"
14:54:40.324956 [DEBUG] WDA POST /session/5ADEFCC5-D239-47CE-BF61-E474FD728ECA/element body={"using":"predicate string","value":"((type == 'XCUIElementTypeTextField' OR type == 'XCUIElementTyp...
14:54:40.324977 [DEBUG] WDA POST /session/5ADEFCC5-D239-47CE-BF61-E474FD728ECA/element body={"using":"class chain","value":"**/XCUIElementTypeButton[`(label ==[c] 'Lakes' OR name ==[c] 'Lakes'...
14:54:40.325018 [DEBUG] WDA POST /session/5ADEFCC5-D239-47CE-BF61-E474FD728ECA/element body={"using":"class chain","value":"**/XCUIElementTypeSecureTextField[`(label CONTAINS[c] 'Lakes' OR val...
14:54:40.325059 [DEBUG] WDA POST /session/5ADEFCC5-D239-47CE-BF61-E474FD728ECA/element body={"using":"class chain","value":"**/XCUIElementTypeTextField[`(label CONTAINS[c] 'Lakes' OR value CON...
14:54:40.570504 [DEBUG] WDA POST /session/5ADEFCC5-D239-47CE-BF61-E474FD728ECA/element completed (245ms, status: 200)
14:54:40.659616 [DEBUG] WDA POST /session/5ADEFCC5-D239-47CE-BF61-E474FD728ECA/element completed (334ms, status: 200)
14:54:40.702417 [DEBUG] WDA POST /session/5ADEFCC5-D239-47CE-BF61-E474FD728ECA/element completed (377ms, status: 404)
14:54:40.745345 [DEBUG] WDA POST /session/5ADEFCC5-D239-47CE-BF61-E474FD728ECA/element completed (420ms, status: 404)
14:54:40.745521 [DEBUG] WDA GET /session/5ADEFCC5-D239-47CE-BF61-E474FD728ECA/element/8C000000-0000-0000-4B5A-000000000000/name
14:54:40.745581 [DEBUG] WDA GET /session/5ADEFCC5-D239-47CE-BF61-E474FD728ECA/element/8C000000-0000-0000-4B5A-000000000000/text
14:54:40.745637 [DEBUG] WDA GET /session/5ADEFCC5-D239-47CE-BF61-E474FD728ECA/element/8C000000-0000-0000-4B5A-000000000000/rect
14:54:40.745664 [DEBUG] WDA GET /session/5ADEFCC5-D239-47CE-BF61-E474FD728ECA/element/8C000000-0000-0000-4B5A-000000000000/displayed
14:54:40.790040 [DEBUG] WDA GET /session/5ADEFCC5-D239-47CE-BF61-E474FD728ECA/element/8C000000-0000-0000-4B5A-000000000000/name completed (44ms, status: 200)
14:54:40.829767 [DEBUG] WDA GET /session/5ADEFCC5-D239-47CE-BF61-E474FD728ECA/element/8C000000-0000-0000-4B5A-000000000000/text completed (84ms, status: 200)
14:54:40.873785 [DEBUG] WDA GET /session/5ADEFCC5-D239-47CE-BF61-E474FD728ECA/element/8C000000-0000-0000-4B5A-000000000000/rect completed (128ms, status: 200)
14:54:40.921599 [DEBUG] WDA GET /session/5ADEFCC5-D239-47CE-BF61-E474FD728ECA/element/8C000000-0000-0000-4B5A-000000000000/displayed completed (176ms, status: 200)
14:54:40.921659 [DEBUG] WDA POST /session/5ADEFCC5-D239-47CE-BF61-E474FD728ECA/element/8C000000-0000-0000-4B5A-000000000000/click body=
14:54:41.304556 [DEBUG] WDA POST /session/5ADEFCC5-D239-47CE-BF61-E474FD728ECA/element/8C000000-0000-0000-4B5A-000000000000/click completed (382ms, status: 200)
14:54:41.304610 [DEBUG] Step 1 completed successfully (980ms): tapOn: text="Lakes"
14:54:41.305031 [DEBUG] Executing step 2: assertVisible: text="Lake Tahoe"
14:54:41.306026 [DEBUG] WDA POST /session/5ADEFCC5-D239-47CE-BF61-E474FD728ECA/element body={"using":"predicate string","value":"(label CONTAINS[c] 'Lake Tahoe' OR name CONTAINS[c] 'Lake Tahoe...
14:54:41.423615 [DEBUG] WDA POST /session/5ADEFCC5-D239-47CE-BF61-E474FD728ECA/element completed (117ms, status: 200)
14:54:41.423736 [DEBUG] WDA GET /session/5ADEFCC5-D239-47CE-BF61-E474FD728ECA/element/90000000-0000-0000-4B5A-000000000000/name
14:54:41.423818 [DEBUG] WDA GET /session/5ADEFCC5-D239-47CE-BF61-E474FD728ECA/element/90000000-0000-0000-4B5A-000000000000/rect
14:54:41.423879 [DEBUG] WDA GET /session/5ADEFCC5-D239-47CE-BF61-E474FD728ECA/element/90000000-0000-0000-4B5A-000000000000/text
14:54:41.423944 [DEBUG] WDA GET /session/5ADEFCC5-D239-47CE-BF61-E474FD728ECA/element/90000000-0000-0000-4B5A-000000000000/displayed
14:54:41.477320 [DEBUG] WDA GET /session/5ADEFCC5-D239-47CE-BF61-E474FD728ECA/element/90000000-0000-0000-4B5A-000000000000/name completed (53ms, status: 200)
14:54:41.560878 [DEBUG] WDA GET /session/5ADEFCC5-D239-47CE-BF61-E474FD728ECA/element/90000000-0000-0000-4B5A-000000000000/displayed completed (136ms, status: 200)
14:54:41.622052 [DEBUG] WDA GET /session/5ADEFCC5-D239-47CE-BF61-E474FD728ECA/element/90000000-0000-0000-4B5A-000000000000/text completed (198ms, status: 200)
14:54:41.684242 [DEBUG] WDA GET /session/5ADEFCC5-D239-47CE-BF61-E474FD728ECA/element/90000000-0000-0000-4B5A-000000000000/rect completed (260ms, status: 200)
14:54:41.684445 [DEBUG] WDA GET /session/5ADEFCC5-D239-47CE-BF61-E474FD728ECA/source
14:54:42.619039 [DEBUG] WDA GET /session/5ADEFCC5-D239-47CE-BF61-E474FD728ECA/source completed (934ms, status: 200)
14:54:42.619970 [DEBUG] Step 2 completed successfully (1314ms): assertVisible: text="Lake Tahoe"
14:54:42.620644 [DEBUG] Executing step 3: assertVisible: text="Mono Lake"
14:54:42.621064 [DEBUG] WDA POST /session/5ADEFCC5-D239-47CE-BF61-E474FD728ECA/element body={"using":"predicate string","value":"(label CONTAINS[c] 'Mono Lake' OR name CONTAINS[c] 'Mono Lake' ...
14:54:42.701974 [DEBUG] WDA POST /session/5ADEFCC5-D239-47CE-BF61-E474FD728ECA/element completed (80ms, status: 200)
14:54:42.702067 [DEBUG] WDA GET /session/5ADEFCC5-D239-47CE-BF61-E474FD728ECA/element/DD000000-0000-0000-4B5A-000000000000/name
14:54:42.702130 [DEBUG] WDA GET /session/5ADEFCC5-D239-47CE-BF61-E474FD728ECA/element/DD000000-0000-0000-4B5A-000000000000/rect
14:54:42.702168 [DEBUG] WDA GET /session/5ADEFCC5-D239-47CE-BF61-E474FD728ECA/element/DD000000-0000-0000-4B5A-000000000000/text
14:54:42.702215 [DEBUG] WDA GET /session/5ADEFCC5-D239-47CE-BF61-E474FD728ECA/element/DD000000-0000-0000-4B5A-000000000000/displayed
14:54:42.732263 [DEBUG] WDA GET /session/5ADEFCC5-D239-47CE-BF61-E474FD728ECA/element/DD000000-0000-0000-4B5A-000000000000/name completed (30ms, status: 200)
14:54:42.761009 [DEBUG] WDA GET /session/5ADEFCC5-D239-47CE-BF61-E474FD728ECA/element/DD000000-0000-0000-4B5A-000000000000/rect completed (58ms, status: 200)
14:54:42.792261 [DEBUG] WDA GET /session/5ADEFCC5-D239-47CE-BF61-E474FD728ECA/element/DD000000-0000-0000-4B5A-000000000000/displayed completed (90ms, status: 200)
14:54:42.819186 [DEBUG] WDA GET /session/5ADEFCC5-D239-47CE-BF61-E474FD728ECA/element/DD000000-0000-0000-4B5A-000000000000/text completed (117ms, status: 200)
14:54:42.819260 [DEBUG] Step 3 completed successfully (198ms): assertVisible: text="Mono Lake"
14:54:42.820827 [DEBUG] Executing step 4: assertNotVisible: text="Golden Gate Bridge"
14:54:42.821405 [DEBUG] WDA POST /session/5ADEFCC5-D239-47CE-BF61-E474FD728ECA/element body={"using":"predicate string","value":"(label CONTAINS[c] 'Golden Gate Bridge' OR name CONTAINS[c] 'Go...
14:54:42.852312 [DEBUG] WDA POST /session/5ADEFCC5-D239-47CE-BF61-E474FD728ECA/element completed (30ms, status: 404)
14:54:42.852400 [DEBUG] WDA GET /session/5ADEFCC5-D239-47CE-BF61-E474FD728ECA/source
14:54:43.246850 [DEBUG] WDA GET /session/5ADEFCC5-D239-47CE-BF61-E474FD728ECA/source completed (394ms, status: 200)
14:54:43.248532 [DEBUG] Step 4 completed successfully (427ms): assertNotVisible: text="Golden Gate Bridge"
14:54:43.250000 [DEBUG] Executing step 5: takeScreenshot
14:54:43.250565 [DEBUG] WDA GET /session/5ADEFCC5-D239-47CE-BF61-E474FD728ECA/screenshot
14:54:43.312535 [DEBUG] WDA GET /session/5ADEFCC5-D239-47CE-BF61-E474FD728ECA/screenshot completed (61ms, status: 200)
14:54:43.317388 [DEBUG] Step 5 completed successfully (67ms): takeScreenshot
14:54:43.320529 [INFO] === Flow completed: same (status: passed, duration: 4956ms, passed: 6, failed: 0, skipped: 0) ===
14:54:43.324334 [INFO] Flow execution completed: 2 passed, 0 failed, 0 skipped
14:54:43.324837 [INFO] Generating reports...
14:54:43.325986 [INFO] Shutting down devices started by maestro-runner...
14:54:43.326000 [INFO] Shutting down all tracked emulators
14:54:43.326007 [INFO] Shutting down all tracked simulators
