14:13:07.435759 [INFO] === Test execution started ===
14:13:07.435861 [INFO] Output directory: /Users/kyle/Developer/grantiva-cli/.worktrees/qa-ios/findings/evidence/IOS-030/06-visit
14:13:07.435868 [INFO] Platform: ios
14:13:07.435872 [INFO] Driver: uiautomator2
14:13:07.436378 [INFO] Validated 1 flow(s)
14:13:07.625852 [INFO] Single device execution mode
14:13:07.625872 [INFO] Starting flow execution (parallel: false, devices: [])
14:13:07.625878 [INFO] Creating driver for single device execution
14:13:07.625885 [INFO] Using specified iOS device: 6EEDCB1A-E693-488A-B34C-5A0AB5DE9400
14:13:07.764331 [INFO] Device 6EEDCB1A-E693-488A-B34C-5A0AB5DE9400 is a simulator
14:13:07.764439 [INFO] Building WDA for device 6EEDCB1A-E693-488A-B34C-5A0AB5DE9400 (team ID: )
14:13:08.039632 [INFO] WDA build completed successfully
14:13:08.039658 [INFO] Starting WDA on device 6EEDCB1A-E693-488A-B34C-5A0AB5DE9400 (port: 8876)
14:13:10.317926 [INFO] WDA started successfully on port 8876
14:13:10.758802 [DEBUG] WDA GET /window/size
14:13:10.808027 [DEBUG] WDA GET /window/size completed (49ms, status: 200)
14:13:10.808095 [INFO] Driver created: ios on qa-ios-1
14:13:10.809520 [INFO] === Starting flow: 06-visit ===
14:13:10.809524 [INFO] Flow file: /var/folders/jv/76l6crmx6nl3hf150gzry_ym0000gn/T/grantiva-F63CEB0A-153B-46C8-91C5-C16B1DB97FC6/0/06-visit.yaml
14:13:10.809527 [INFO] Total steps: 8
14:13:10.809641 [DEBUG] WDA POST /appium/settings body={"settings":{"shouldWaitForQuiescence":false,"waitForIdleTimeout":0}}
14:13:10.810135 [DEBUG] WDA POST /appium/settings completed (0ms, status: 404)
14:13:10.810182 [DEBUG] WDA POST /session body={"capabilities":{"alwaysMatch":{"bundleId":"com.kylebrowning.Landmarks","defaultAlertAction":"accept...
14:13:13.423019 [DEBUG] WDA POST /session completed (2612ms, status: 200)
14:13:13.423086 [DEBUG] WDA POST /session/8F329EA2-1343-41E6-8CB6-825A831578D3/appium/settings body={"settings":{"shouldWaitForQuiescence":false,"waitForIdleTimeout":0}}
14:13:13.587627 [DEBUG] WDA POST /session/8F329EA2-1343-41E6-8CB6-825A831578D3/appium/settings completed (164ms, status: 200)
14:13:13.588066 [DEBUG] Executing step 0: launchApp
14:13:14.342699 [DEBUG] [wda] launchApp com.kylebrowning.Landmarks: argv=[] env=map[]
14:13:14.342799 [DEBUG] WDA POST /session/8F329EA2-1343-41E6-8CB6-825A831578D3/appium/settings body={"settings":{"acceptAlertButtonSelector":"**/XCUIElementTypeButton[`label BEGINSWITH[c] 'Allow' OR l...
14:13:14.344288 [DEBUG] WDA POST /session/8F329EA2-1343-41E6-8CB6-825A831578D3/appium/settings completed (1ms, status: 200)
14:13:14.344380 [DEBUG] WDA POST /session/8F329EA2-1343-41E6-8CB6-825A831578D3/wda/apps/launch body={"bundleId":"com.kylebrowning.Landmarks"}
14:13:15.905037 [DEBUG] WDA POST /session/8F329EA2-1343-41E6-8CB6-825A831578D3/wda/apps/launch completed (1560ms, status: 200)
14:13:15.905110 [DEBUG] Step 0 completed successfully (2317ms): launchApp
14:13:15.905477 [DEBUG] Executing step 1: tapOn: text="Half Dome"
14:13:15.905676 [DEBUG] Flutter: parallel search (text="Half Dome", id="")
14:13:15.905715 [DEBUG] WDA POST /session/8F329EA2-1343-41E6-8CB6-825A831578D3/element body={"using":"predicate string","value":"((type == 'XCUIElementTypeTextField' OR type == 'XCUIElementTyp...
14:13:15.906013 [DEBUG] WDA POST /session/8F329EA2-1343-41E6-8CB6-825A831578D3/element body={"using":"class chain","value":"**/XCUIElementTypeSecureTextField[`(label CONTAINS[c] 'Half Dome' OR...
14:13:15.906161 [DEBUG] WDA POST /session/8F329EA2-1343-41E6-8CB6-825A831578D3/element body={"using":"class chain","value":"**/XCUIElementTypeButton[`(label ==[c] 'Half Dome' OR name ==[c] 'Ha...
14:13:15.906291 [DEBUG] WDA POST /session/8F329EA2-1343-41E6-8CB6-825A831578D3/element body={"using":"class chain","value":"**/XCUIElementTypeTextField[`(label CONTAINS[c] 'Half Dome' OR value...
14:13:16.117045 [DEBUG] WDA POST /session/8F329EA2-1343-41E6-8CB6-825A831578D3/element completed (211ms, status: 404)
14:13:16.167018 [DEBUG] WDA POST /session/8F329EA2-1343-41E6-8CB6-825A831578D3/element completed (260ms, status: 404)
14:13:16.213543 [DEBUG] WDA POST /session/8F329EA2-1343-41E6-8CB6-825A831578D3/element completed (307ms, status: 404)
14:13:16.260486 [DEBUG] WDA POST /session/8F329EA2-1343-41E6-8CB6-825A831578D3/element completed (354ms, status: 404)
14:13:16.260637 [DEBUG] WDA POST /session/8F329EA2-1343-41E6-8CB6-825A831578D3/element body={"using":"predicate string","value":"(label == 'Half Dome' OR name == 'Half Dome' OR value == 'Half ...
14:13:16.374197 [DEBUG] WDA POST /session/8F329EA2-1343-41E6-8CB6-825A831578D3/element completed (113ms, status: 200)
14:13:16.374371 [DEBUG] WDA GET /session/8F329EA2-1343-41E6-8CB6-825A831578D3/element/9C000000-0000-0000-8375-000000000000/rect
14:13:16.374389 [DEBUG] WDA GET /session/8F329EA2-1343-41E6-8CB6-825A831578D3/element/9C000000-0000-0000-8375-000000000000/name
14:13:16.374441 [DEBUG] WDA GET /session/8F329EA2-1343-41E6-8CB6-825A831578D3/element/9C000000-0000-0000-8375-000000000000/displayed
14:13:16.374516 [DEBUG] WDA GET /session/8F329EA2-1343-41E6-8CB6-825A831578D3/element/9C000000-0000-0000-8375-000000000000/text
14:13:16.425079 [DEBUG] WDA GET /session/8F329EA2-1343-41E6-8CB6-825A831578D3/element/9C000000-0000-0000-8375-000000000000/rect completed (50ms, status: 200)
14:13:16.478953 [DEBUG] WDA GET /session/8F329EA2-1343-41E6-8CB6-825A831578D3/element/9C000000-0000-0000-8375-000000000000/name completed (104ms, status: 200)
14:13:16.535468 [DEBUG] WDA GET /session/8F329EA2-1343-41E6-8CB6-825A831578D3/element/9C000000-0000-0000-8375-000000000000/displayed completed (161ms, status: 200)
14:13:16.582673 [DEBUG] WDA GET /session/8F329EA2-1343-41E6-8CB6-825A831578D3/element/9C000000-0000-0000-8375-000000000000/text completed (208ms, status: 200)
14:13:16.582722 [DEBUG] WDA POST /session/8F329EA2-1343-41E6-8CB6-825A831578D3/element/9C000000-0000-0000-8375-000000000000/click body=
14:13:16.982882 [DEBUG] WDA POST /session/8F329EA2-1343-41E6-8CB6-825A831578D3/element/9C000000-0000-0000-8375-000000000000/click completed (400ms, status: 200)
14:13:17.427697 [DEBUG] Flutter fallback: failed to get trees: no Flutter VM service found
14:13:17.427729 [DEBUG] Step 1 completed successfully (1522ms): tapOn: text="Half Dome"
14:13:17.428050 [DEBUG] Executing step 2: tapOn: text="Plan Visit"
14:13:17.428265 [DEBUG] WDA POST /session/8F329EA2-1343-41E6-8CB6-825A831578D3/element body={"using":"predicate string","value":"((type == 'XCUIElementTypeTextField' OR type == 'XCUIElementTyp...
14:13:17.428285 [DEBUG] WDA POST /session/8F329EA2-1343-41E6-8CB6-825A831578D3/element body={"using":"class chain","value":"**/XCUIElementTypeSecureTextField[`(label CONTAINS[c] 'Plan Visit' O...
14:13:17.428312 [DEBUG] WDA POST /session/8F329EA2-1343-41E6-8CB6-825A831578D3/element body={"using":"class chain","value":"**/XCUIElementTypeTextField[`(label CONTAINS[c] 'Plan Visit' OR valu...
14:13:17.428335 [DEBUG] WDA POST /session/8F329EA2-1343-41E6-8CB6-825A831578D3/element body={"using":"class chain","value":"**/XCUIElementTypeButton[`(label ==[c] 'Plan Visit' OR name ==[c] 'P...
14:13:17.470769 [DEBUG] WDA POST /session/8F329EA2-1343-41E6-8CB6-825A831578D3/element completed (42ms, status: 404)
14:13:17.551102 [DEBUG] WDA POST /session/8F329EA2-1343-41E6-8CB6-825A831578D3/element completed (122ms, status: 200)
14:13:17.588312 [DEBUG] WDA POST /session/8F329EA2-1343-41E6-8CB6-825A831578D3/element completed (160ms, status: 404)
14:13:17.665952 [DEBUG] WDA POST /session/8F329EA2-1343-41E6-8CB6-825A831578D3/element completed (237ms, status: 200)
14:13:17.666044 [DEBUG] WDA GET /session/8F329EA2-1343-41E6-8CB6-825A831578D3/element/CC000000-0000-0000-8375-000000000000/name
14:13:17.666071 [DEBUG] WDA GET /session/8F329EA2-1343-41E6-8CB6-825A831578D3/element/CC000000-0000-0000-8375-000000000000/text
14:13:17.666113 [DEBUG] WDA GET /session/8F329EA2-1343-41E6-8CB6-825A831578D3/element/CC000000-0000-0000-8375-000000000000/rect
14:13:17.666141 [DEBUG] WDA GET /session/8F329EA2-1343-41E6-8CB6-825A831578D3/element/CC000000-0000-0000-8375-000000000000/displayed
14:13:17.701882 [DEBUG] WDA GET /session/8F329EA2-1343-41E6-8CB6-825A831578D3/element/CC000000-0000-0000-8375-000000000000/text completed (35ms, status: 200)
14:13:17.740208 [DEBUG] WDA GET /session/8F329EA2-1343-41E6-8CB6-825A831578D3/element/CC000000-0000-0000-8375-000000000000/name completed (74ms, status: 200)
14:13:17.782568 [DEBUG] WDA GET /session/8F329EA2-1343-41E6-8CB6-825A831578D3/element/CC000000-0000-0000-8375-000000000000/displayed completed (116ms, status: 200)
14:13:17.822013 [DEBUG] WDA GET /session/8F329EA2-1343-41E6-8CB6-825A831578D3/element/CC000000-0000-0000-8375-000000000000/rect completed (155ms, status: 200)
14:13:17.822096 [DEBUG] WDA POST /session/8F329EA2-1343-41E6-8CB6-825A831578D3/element/CC000000-0000-0000-8375-000000000000/click body=
14:13:18.198949 [DEBUG] WDA POST /session/8F329EA2-1343-41E6-8CB6-825A831578D3/element/CC000000-0000-0000-8375-000000000000/click completed (376ms, status: 200)
14:13:18.198992 [DEBUG] Step 2 completed successfully (770ms): tapOn: text="Plan Visit"
14:13:18.199309 [DEBUG] Executing step 3: assertVisible: text="Visit Scheduled!"
14:13:18.199527 [DEBUG] WDA POST /session/8F329EA2-1343-41E6-8CB6-825A831578D3/element body={"using":"predicate string","value":"(label CONTAINS[c] 'Visit Scheduled!' OR name CONTAINS[c] 'Visi...
14:13:18.307036 [DEBUG] WDA POST /session/8F329EA2-1343-41E6-8CB6-825A831578D3/element completed (107ms, status: 200)
14:13:18.307083 [DEBUG] WDA GET /session/8F329EA2-1343-41E6-8CB6-825A831578D3/element/DC000000-0000-0000-8375-000000000000/name
14:13:18.307088 [DEBUG] WDA GET /session/8F329EA2-1343-41E6-8CB6-825A831578D3/element/DC000000-0000-0000-8375-000000000000/rect
14:13:18.307113 [DEBUG] WDA GET /session/8F329EA2-1343-41E6-8CB6-825A831578D3/element/DC000000-0000-0000-8375-000000000000/displayed
14:13:18.307224 [DEBUG] WDA GET /session/8F329EA2-1343-41E6-8CB6-825A831578D3/element/DC000000-0000-0000-8375-000000000000/text
14:13:18.338020 [DEBUG] WDA GET /session/8F329EA2-1343-41E6-8CB6-825A831578D3/element/DC000000-0000-0000-8375-000000000000/rect completed (30ms, status: 200)
14:13:18.368142 [DEBUG] WDA GET /session/8F329EA2-1343-41E6-8CB6-825A831578D3/element/DC000000-0000-0000-8375-000000000000/name completed (61ms, status: 200)
14:13:18.395896 [DEBUG] WDA GET /session/8F329EA2-1343-41E6-8CB6-825A831578D3/element/DC000000-0000-0000-8375-000000000000/text completed (88ms, status: 200)
14:13:18.436105 [DEBUG] WDA GET /session/8F329EA2-1343-41E6-8CB6-825A831578D3/element/DC000000-0000-0000-8375-000000000000/displayed completed (128ms, status: 200)
14:13:18.436196 [DEBUG] Step 3 completed successfully (236ms): assertVisible: text="Visit Scheduled!"
14:13:18.436607 [DEBUG] Executing step 4: assertVisible: text="You're all set to visit Half Dome."
14:13:18.436900 [DEBUG] WDA POST /session/8F329EA2-1343-41E6-8CB6-825A831578D3/element body={"using":"predicate string","value":"(label CONTAINS[c] 'You're all set to visit Half Dome.' OR name...
14:13:18.439851 [DEBUG] WDA POST /session/8F329EA2-1343-41E6-8CB6-825A831578D3/element completed (2ms, status: 500)
14:13:18.439961 [DEBUG] WDA GET /session/8F329EA2-1343-41E6-8CB6-825A831578D3/source
14:13:18.674392 [DEBUG] WDA GET /session/8F329EA2-1343-41E6-8CB6-825A831578D3/source completed (234ms, status: 200)
14:13:18.674582 [DEBUG] Step 4 completed successfully (237ms): assertVisible: text="You're all set to visit Half Dome."
14:13:18.674999 [DEBUG] Executing step 5: takeScreenshot
14:13:18.675308 [DEBUG] WDA GET /session/8F329EA2-1343-41E6-8CB6-825A831578D3/screenshot
14:13:18.739180 [DEBUG] WDA GET /session/8F329EA2-1343-41E6-8CB6-825A831578D3/screenshot completed (63ms, status: 200)
14:13:18.740138 [DEBUG] Step 5 completed successfully (65ms): takeScreenshot
14:13:18.740373 [DEBUG] Executing step 6: tapOn: text="Done"
14:13:18.740587 [DEBUG] WDA POST /session/8F329EA2-1343-41E6-8CB6-825A831578D3/element body={"using":"predicate string","value":"((type == 'XCUIElementTypeTextField' OR type == 'XCUIElementTyp...
14:13:18.740617 [DEBUG] WDA POST /session/8F329EA2-1343-41E6-8CB6-825A831578D3/element body={"using":"class chain","value":"**/XCUIElementTypeButton[`(label ==[c] 'Done' OR name ==[c] 'Done')`...
14:13:18.740656 [DEBUG] WDA POST /session/8F329EA2-1343-41E6-8CB6-825A831578D3/element body={"using":"class chain","value":"**/XCUIElementTypeSecureTextField[`(label CONTAINS[c] 'Done' OR valu...
14:13:18.740679 [DEBUG] WDA POST /session/8F329EA2-1343-41E6-8CB6-825A831578D3/element body={"using":"class chain","value":"**/XCUIElementTypeTextField[`(label CONTAINS[c] 'Done' OR value CONT...
14:13:18.777721 [DEBUG] WDA POST /session/8F329EA2-1343-41E6-8CB6-825A831578D3/element completed (37ms, status: 200)
14:13:18.812350 [DEBUG] WDA POST /session/8F329EA2-1343-41E6-8CB6-825A831578D3/element completed (71ms, status: 200)
14:13:18.828600 [DEBUG] WDA POST /session/8F329EA2-1343-41E6-8CB6-825A831578D3/element completed (88ms, status: 404)
14:13:18.844863 [DEBUG] WDA POST /session/8F329EA2-1343-41E6-8CB6-825A831578D3/element completed (104ms, status: 404)
14:13:18.844967 [DEBUG] WDA GET /session/8F329EA2-1343-41E6-8CB6-825A831578D3/element/DE000000-0000-0000-8375-000000000000/name
14:13:18.844996 [DEBUG] WDA GET /session/8F329EA2-1343-41E6-8CB6-825A831578D3/element/DE000000-0000-0000-8375-000000000000/rect
14:13:18.845020 [DEBUG] WDA GET /session/8F329EA2-1343-41E6-8CB6-825A831578D3/element/DE000000-0000-0000-8375-000000000000/displayed
14:13:18.845062 [DEBUG] WDA GET /session/8F329EA2-1343-41E6-8CB6-825A831578D3/element/DE000000-0000-0000-8375-000000000000/text
14:13:18.862123 [DEBUG] WDA GET /session/8F329EA2-1343-41E6-8CB6-825A831578D3/element/DE000000-0000-0000-8375-000000000000/name completed (17ms, status: 200)
14:13:18.878994 [DEBUG] WDA GET /session/8F329EA2-1343-41E6-8CB6-825A831578D3/element/DE000000-0000-0000-8375-000000000000/rect completed (34ms, status: 200)
14:13:18.899274 [DEBUG] WDA GET /session/8F329EA2-1343-41E6-8CB6-825A831578D3/element/DE000000-0000-0000-8375-000000000000/displayed completed (54ms, status: 200)
14:13:18.914690 [DEBUG] WDA GET /session/8F329EA2-1343-41E6-8CB6-825A831578D3/element/DE000000-0000-0000-8375-000000000000/text completed (69ms, status: 200)
14:13:18.914739 [DEBUG] WDA POST /session/8F329EA2-1343-41E6-8CB6-825A831578D3/element/DE000000-0000-0000-8375-000000000000/click body=
14:13:19.240637 [DEBUG] WDA POST /session/8F329EA2-1343-41E6-8CB6-825A831578D3/element/DE000000-0000-0000-8375-000000000000/click completed (325ms, status: 200)
14:13:19.240677 [DEBUG] Step 6 completed successfully (500ms): tapOn: text="Done"
14:13:19.240995 [DEBUG] Executing step 7: assertVisible: text="Half Dome"
14:13:19.241191 [DEBUG] WDA POST /session/8F329EA2-1343-41E6-8CB6-825A831578D3/element body={"using":"predicate string","value":"(label CONTAINS[c] 'Half Dome' OR name CONTAINS[c] 'Half Dome' ...
14:13:19.354109 [DEBUG] WDA POST /session/8F329EA2-1343-41E6-8CB6-825A831578D3/element completed (112ms, status: 200)
14:13:19.354162 [DEBUG] WDA GET /session/8F329EA2-1343-41E6-8CB6-825A831578D3/element/DD000000-0000-0000-8375-000000000000/name
14:13:19.354188 [DEBUG] WDA GET /session/8F329EA2-1343-41E6-8CB6-825A831578D3/element/DD000000-0000-0000-8375-000000000000/rect
14:13:19.354208 [DEBUG] WDA GET /session/8F329EA2-1343-41E6-8CB6-825A831578D3/element/DD000000-0000-0000-8375-000000000000/displayed
14:13:19.354222 [DEBUG] WDA GET /session/8F329EA2-1343-41E6-8CB6-825A831578D3/element/DD000000-0000-0000-8375-000000000000/text
14:13:19.405904 [DEBUG] WDA GET /session/8F329EA2-1343-41E6-8CB6-825A831578D3/element/DD000000-0000-0000-8375-000000000000/name completed (51ms, status: 200)
14:13:19.453944 [DEBUG] WDA GET /session/8F329EA2-1343-41E6-8CB6-825A831578D3/element/DD000000-0000-0000-8375-000000000000/rect completed (99ms, status: 200)
14:13:19.515741 [DEBUG] WDA GET /session/8F329EA2-1343-41E6-8CB6-825A831578D3/element/DD000000-0000-0000-8375-000000000000/displayed completed (161ms, status: 200)
14:13:19.568394 [DEBUG] WDA GET /session/8F329EA2-1343-41E6-8CB6-825A831578D3/element/DD000000-0000-0000-8375-000000000000/text completed (214ms, status: 200)
14:13:19.568529 [DEBUG] WDA GET /session/8F329EA2-1343-41E6-8CB6-825A831578D3/source
14:13:20.522617 [DEBUG] WDA GET /session/8F329EA2-1343-41E6-8CB6-825A831578D3/source completed (954ms, status: 200)
14:13:20.523898 [DEBUG] Step 7 completed successfully (1282ms): assertVisible: text="Half Dome"
14:13:20.525106 [INFO] === Flow completed: 06-visit (status: passed, duration: 9715ms, passed: 8, failed: 0, skipped: 0) ===
14:13:20.527369 [INFO] Flow execution completed: 1 passed, 0 failed, 0 skipped
14:13:20.527510 [INFO] Generating reports...
14:13:20.528573 [INFO] Shutting down devices started by maestro-runner...
14:13:20.528589 [INFO] Shutting down all tracked emulators
14:13:20.528596 [INFO] Shutting down all tracked simulators
