14:11:13.990660 POST /session [6.621542ms] OK body={"capabilities":{"platformName":"Android","deviceName":"sdk_gphone64_arm64"}}
14:11:13.993841 POST /session/4adb9185-a637-4491-a373-8afe74b3b446/appium/settings [3.095542ms] OK body={"settings":{"enableMultiWindows":true,"waitForIdleTimeout":200}}
14:11:13.996212 POST /session/4adb9185-a637-4491-a373-8afe74b3b446/appium/settings [2.337541ms] OK body={"settings":{"implicitWait":100}}
14:11:14.036451 GET /session/4adb9185-a637-4491-a373-8afe74b3b446/appium/device/info [17.461667ms] OK body=
14:11:14.042381 POST /session/4adb9185-a637-4491-a373-8afe74b3b446/appium/settings [3.776958ms] OK body={"settings":{"waitForIdleTimeout":200}}
14:11:14.758648 POST /session/4adb9185-a637-4491-a373-8afe74b3b446/appium/device/launch_app [9.415125ms] OK body={"appId":"com.kylebrowning.landmarks"}
14:11:16.043742 POST /session/4adb9185-a637-4491-a373-8afe74b3b446/element [282.002375ms] ERR:404 body={"strategy":"-android uiautomator","selector":"new UiSelector().textContains(\"Deep Links\").clickab...
14:11:16.608700 POST /session/4adb9185-a637-4491-a373-8afe74b3b446/element [564.827792ms] ERR:404 body={"strategy":"-android uiautomator","selector":"new UiSelector().descriptionContains(\"Deep Links\")....
14:11:16.631955 POST /session/4adb9185-a637-4491-a373-8afe74b3b446/element [23.174042ms] OK body={"strategy":"-android uiautomator","selector":"new UiSelector().textContains(\"Deep Links\")"}
14:11:16.684536 GET /session/4adb9185-a637-4491-a373-8afe74b3b446/source [52.023708ms] OK body=
14:11:16.756380 POST /session/4adb9185-a637-4491-a373-8afe74b3b446/appium/gestures/click [70.975042ms] OK body={"offset":{"x":907,"y":2232}}
14:11:17.371336 POST /session/4adb9185-a637-4491-a373-8afe74b3b446/element [608.67475ms] ERR:404 body={"strategy":"-android uiautomator","selector":"new UiSelector().textContains(\"Caching Demo\").click...
14:11:17.390453 POST /session/4adb9185-a637-4491-a373-8afe74b3b446/element [19.021125ms] ERR:404 body={"strategy":"-android uiautomator","selector":"new UiSelector().descriptionContains(\"Caching Demo\"...
14:11:17.396875 POST /session/4adb9185-a637-4491-a373-8afe74b3b446/element [6.354292ms] OK body={"strategy":"-android uiautomator","selector":"new UiSelector().textContains(\"Caching Demo\")"}
14:11:17.428646 GET /session/4adb9185-a637-4491-a373-8afe74b3b446/source [31.613625ms] OK body=
14:11:17.488720 POST /session/4adb9185-a637-4491-a373-8afe74b3b446/appium/gestures/click [59.396958ms] OK body={"offset":{"x":540,"y":422}}
14:11:18.096217 POST /session/4adb9185-a637-4491-a373-8afe74b3b446/element [605.989ms] OK body={"strategy":"-android uiautomator","selector":"new UiSelector().textContains(\"Cache Policy\")"}
14:11:18.117836 POST /session/4adb9185-a637-4491-a373-8afe74b3b446/element [20.619167ms] ERR:404 body={"strategy":"-android uiautomator","selector":"new UiSelector().textContains(\"Fetch with Policy\")....
14:11:18.134075 POST /session/4adb9185-a637-4491-a373-8afe74b3b446/element [16.17325ms] ERR:404 body={"strategy":"-android uiautomator","selector":"new UiSelector().descriptionContains(\"Fetch with Pol...
14:11:18.140046 POST /session/4adb9185-a637-4491-a373-8afe74b3b446/element [5.910459ms] OK body={"strategy":"-android uiautomator","selector":"new UiSelector().textContains(\"Fetch with Policy\")"...
14:11:18.168634 GET /session/4adb9185-a637-4491-a373-8afe74b3b446/source [28.312125ms] OK body=
14:11:18.235856 POST /session/4adb9185-a637-4491-a373-8afe74b3b446/appium/gestures/click [66.430167ms] OK body={"offset":{"x":244,"y":622}}
14:11:18.380623 GET /session/4adb9185-a637-4491-a373-8afe74b3b446/screenshot [144.01925ms] OK body=
14:11:18.399458 POST /session/4adb9185-a637-4491-a373-8afe74b3b446/element [18.1225ms] ERR:404 body={"strategy":"-android uiautomator","selector":"new UiSelector().textContains(\"Clear Cache\").clicka...
14:11:18.411745 POST /session/4adb9185-a637-4491-a373-8afe74b3b446/element [12.223709ms] ERR:404 body={"strategy":"-android uiautomator","selector":"new UiSelector().descriptionContains(\"Clear Cache\")...
14:11:18.418002 POST /session/4adb9185-a637-4491-a373-8afe74b3b446/element [6.212667ms] OK body={"strategy":"-android uiautomator","selector":"new UiSelector().textContains(\"Clear Cache\")"}
14:11:18.443293 GET /session/4adb9185-a637-4491-a373-8afe74b3b446/source [25.195375ms] OK body=
14:11:18.505755 POST /session/4adb9185-a637-4491-a373-8afe74b3b446/appium/gestures/click [61.69575ms] OK body={"offset":{"x":204,"y":780}}
14:11:18.511927 DELETE /session/4adb9185-a637-4491-a373-8afe74b3b446 [4.110708ms] OK body=
