14:11:12.901020 [INFO] === Test execution started ===
14:11:12.901084 [INFO] Output directory: /Users/kyle/Developer/grantiva-cli/.worktrees/qa-android/findings/evidence/AND-065/report
14:11:12.901090 [INFO] Platform: android
14:11:12.901093 [INFO] Driver: uiautomator2
14:11:12.901306 [INFO] Validated 1 flow(s)
14:11:12.901321 [INFO] Single device execution mode
14:11:12.901324 [INFO] Starting flow execution (parallel: false, devices: [])
14:11:12.901327 [INFO] Creating driver for single device execution
14:11:12.901331 [INFO] Connecting to Android device: emulator-5554
14:11:12.978261 [INFO] Device info: google sdk_gphone64_arm64, SDK 35, Serial emulator-5554, Emulator: true
14:11:12.999013 [INFO] Starting UIAutomator2 server on device emulator-5554
14:11:13.408867 [WARN] failed to remove default socket forward for /tmp/uia2-emulator-5554.sock: adb forward --remove localfilesystem:/tmp/uia2-emulator-5554.sock: exit status 1: adb: error: listener 'localfilesystem:/tmp/uia2-emulator-5554.sock' not found
14:11:13.425358 [WARN] failed to remove adb forward for tcp:6790: adb forward --remove tcp:6790: exit status 1: adb: error: listener 'tcp:6790' not found
14:11:13.984001 [INFO] Creating UIAutomator2 session with capabilities: Platform=Android, Device=sdk_gphone64_arm64
14:11:13.990725 [INFO] Session created successfully: 4adb9185-a637-4491-a373-8afe74b3b446
14:11:14.036566 [INFO] Driver created: android on google sdk_gphone64_arm64
14:11:14.038491 [INFO] === Starting flow: 08-caching ===
14:11:14.038497 [INFO] Flow file: /var/folders/jv/76l6crmx6nl3hf150gzry_ym0000gn/T/grantiva-6D4520CF-005B-4D26-BE51-81338C2074D4/0/08-caching.yaml
14:11:14.038501 [INFO] Total steps: 7
14:11:14.042618 [DEBUG] Executing step 0: launchApp
14:11:15.760799 [DEBUG] Step 0 completed successfully (1718ms): launchApp
14:11:15.761375 [DEBUG] Executing step 1: tapOn: text="Deep Links"
14:11:15.761651 [DEBUG] Flutter: parallel search (text="Deep Links", id="")
14:11:15.835444 [DEBUG] Flutter fallback: failed to get trees: no Flutter VM service found
14:11:15.909522 [DEBUG] Flutter fallback: failed to get trees: no Flutter VM service found
14:11:15.990934 [DEBUG] Flutter fallback: failed to get trees: no Flutter VM service found
14:11:16.073663 [DEBUG] Flutter fallback: failed to get trees: no Flutter VM service found
14:11:16.145629 [DEBUG] Flutter fallback: failed to get trees: no Flutter VM service found
14:11:16.216721 [DEBUG] Flutter fallback: failed to get trees: no Flutter VM service found
14:11:16.286372 [DEBUG] Flutter fallback: failed to get trees: no Flutter VM service found
14:11:16.359667 [DEBUG] Flutter fallback: failed to get trees: no Flutter VM service found
14:11:16.428715 [DEBUG] Flutter fallback: failed to get trees: no Flutter VM service found
14:11:16.505060 [DEBUG] Flutter fallback: failed to get trees: no Flutter VM service found
14:11:16.573853 [DEBUG] Flutter fallback: failed to get trees: no Flutter VM service found
14:11:16.655383 [DEBUG] Flutter fallback: failed to get trees: no Flutter VM service found
14:11:16.761924 [DEBUG] Flutter fallback: failed to get trees: no Flutter VM service found
14:11:16.761961 [DEBUG] Step 1 completed successfully (1000ms): tapOn: text="Deep Links"
14:11:16.762437 [DEBUG] Executing step 2: tapOn: text="Caching Demo"
14:11:17.488793 [DEBUG] Step 2 completed successfully (726ms): tapOn: text="Caching Demo"
14:11:17.489422 [DEBUG] Executing step 3: assertVisible: text="Cache Policy"
14:11:18.096294 [DEBUG] Step 3 completed successfully (606ms): assertVisible: text="Cache Policy"
14:11:18.096865 [DEBUG] Executing step 4: tapOn: text="Fetch with Policy"
14:11:18.235893 [DEBUG] Step 4 completed successfully (139ms): tapOn: text="Fetch with Policy"
14:11:18.236214 [DEBUG] Executing step 5: takeScreenshot
14:11:18.380943 [DEBUG] Step 5 completed successfully (144ms): takeScreenshot
14:11:18.381145 [DEBUG] Executing step 6: tapOn: text="Clear Cache"
14:11:18.505780 [DEBUG] Step 6 completed successfully (124ms): tapOn: text="Clear Cache"
14:11:18.506895 [INFO] === Flow completed: 08-caching (status: passed, duration: 4468ms, passed: 7, failed: 0, skipped: 0) ===
14:11:18.922300 [WARN] failed to remove default socket forward for /tmp/uia2-emulator-5554.sock: adb forward --remove localfilesystem:/tmp/uia2-emulator-5554.sock: exit status 1: adb: error: listener 'localfilesystem:/tmp/uia2-emulator-5554.sock' not found
14:11:18.936481 [WARN] failed to remove adb forward for tcp:6790: adb forward --remove tcp:6790: exit status 1: adb: error: listener 'tcp:6790' not found
14:11:18.936512 [INFO] Flow execution completed: 1 passed, 0 failed, 0 skipped
14:11:18.936740 [INFO] Generating reports...
14:11:18.937450 [INFO] Shutting down devices started by maestro-runner...
14:11:18.937482 [INFO] Shutting down all tracked emulators
14:11:18.937496 [INFO] Shutting down all tracked simulators
