14:15:21.969276 POST /session [9.051875ms] OK body={"capabilities":{"platformName":"Android","deviceName":"sdk_gphone64_arm64"}}
14:15:21.972954 POST /session/a378f812-aa30-4b25-82ff-be5ea76cf663/appium/settings [3.584583ms] OK body={"settings":{"enableMultiWindows":true,"waitForIdleTimeout":200}}
14:15:21.976253 POST /session/a378f812-aa30-4b25-82ff-be5ea76cf663/appium/settings [3.18025ms] OK body={"settings":{"implicitWait":100}}
14:15:22.033692 GET /session/a378f812-aa30-4b25-82ff-be5ea76cf663/appium/device/info [27.548083ms] OK body=
14:15:22.042738 POST /session/a378f812-aa30-4b25-82ff-be5ea76cf663/appium/settings [6.573959ms] OK body={"settings":{"waitForIdleTimeout":200}}
14:15:23.044336 POST /session/a378f812-aa30-4b25-82ff-be5ea76cf663/appium/device/launch_app [16.033625ms] OK body={"appId":"com.kylebrowning.landmarks"}
14:15:24.808545 POST /session/a378f812-aa30-4b25-82ff-be5ea76cf663/element [761.398875ms] ERR:404 body={"strategy":"-android uiautomator","selector":"new UiSelector().textContains(\"Half Dome\").clickabl...
14:15:25.288251 POST /session/a378f812-aa30-4b25-82ff-be5ea76cf663/element [479.566708ms] ERR:404 body={"strategy":"-android uiautomator","selector":"new UiSelector().descriptionContains(\"Half Dome\").c...
14:15:25.305480 POST /session/a378f812-aa30-4b25-82ff-be5ea76cf663/element [17.120708ms] OK body={"strategy":"-android uiautomator","selector":"new UiSelector().textContains(\"Half Dome\")"}
14:15:25.378474 GET /session/a378f812-aa30-4b25-82ff-be5ea76cf663/source [72.607291ms] OK body=
14:15:25.449608 POST /session/a378f812-aa30-4b25-82ff-be5ea76cf663/appium/gestures/click [69.739916ms] OK body={"offset":{"x":540,"y":708}}
14:15:26.081225 POST /session/a378f812-aa30-4b25-82ff-be5ea76cf663/element [578.285917ms] ERR:404 body={"strategy":"-android uiautomator","selector":"new UiSelector().textContains(\"Plan Visit\").clickab...
14:15:26.098192 POST /session/a378f812-aa30-4b25-82ff-be5ea76cf663/element [16.881583ms] ERR:404 body={"strategy":"-android uiautomator","selector":"new UiSelector().descriptionContains(\"Plan Visit\")....
14:15:26.105030 POST /session/a378f812-aa30-4b25-82ff-be5ea76cf663/element [6.786458ms] OK body={"strategy":"-android uiautomator","selector":"new UiSelector().textContains(\"Plan Visit\")"}
14:15:26.139061 GET /session/a378f812-aa30-4b25-82ff-be5ea76cf663/source [33.879291ms] OK body=
14:15:26.178982 POST /session/a378f812-aa30-4b25-82ff-be5ea76cf663/appium/gestures/click [39.239917ms] OK body={"offset":{"x":183,"y":866}}
14:15:26.227396 POST /session/a378f812-aa30-4b25-82ff-be5ea76cf663/element [47.694667ms] OK body={"strategy":"-android uiautomator","selector":"new UiSelector().textContains(\"Visit Scheduled!\")"}
14:15:26.256859 POST /session/a378f812-aa30-4b25-82ff-be5ea76cf663/element [28.941042ms] OK body={"strategy":"-android uiautomator","selector":"new UiSelector().textContains(\"You're all set to vis...
14:15:26.406366 GET /session/a378f812-aa30-4b25-82ff-be5ea76cf663/screenshot [148.200958ms] OK body=
14:15:26.419480 POST /session/a378f812-aa30-4b25-82ff-be5ea76cf663/element [11.986833ms] ERR:404 body={"strategy":"-android uiautomator","selector":"new UiSelector().textContains(\"Done\").clickable(tru...
14:15:26.431807 POST /session/a378f812-aa30-4b25-82ff-be5ea76cf663/element [12.25075ms] ERR:404 body={"strategy":"-android uiautomator","selector":"new UiSelector().descriptionContains(\"Done\").clicka...
14:15:26.438111 POST /session/a378f812-aa30-4b25-82ff-be5ea76cf663/element [6.226458ms] OK body={"strategy":"-android uiautomator","selector":"new UiSelector().textContains(\"Done\")"}
14:15:26.461817 GET /session/a378f812-aa30-4b25-82ff-be5ea76cf663/source [23.374958ms] OK body=
14:15:26.495829 POST /session/a378f812-aa30-4b25-82ff-be5ea76cf663/appium/gestures/click [33.337041ms] OK body={"offset":{"x":540,"y":1312}}
14:15:26.557682 POST /session/a378f812-aa30-4b25-82ff-be5ea76cf663/element [61.166875ms] OK body={"strategy":"-android uiautomator","selector":"new UiSelector().textContains(\"Half Dome\")"}
14:15:26.563670 DELETE /session/a378f812-aa30-4b25-82ff-be5ea76cf663 [2.38825ms] OK body=
