14:15:20.321074 [INFO] === Test execution started ===
14:15:20.321147 [INFO] Output directory: /Users/kyle/Developer/grantiva-cli/.worktrees/qa-android/findings/evidence/AND-062/r5556
14:15:20.321152 [INFO] Platform: android
14:15:20.321156 [INFO] Driver: uiautomator2
14:15:20.321461 [INFO] Validated 1 flow(s)
14:15:20.321479 [INFO] Single device execution mode
14:15:20.321484 [INFO] Starting flow execution (parallel: false, devices: [])
14:15:20.321489 [INFO] Creating driver for single device execution
14:15:20.321493 [INFO] Connecting to Android device: emulator-5556
14:15:20.421623 [INFO] Device info: google sdk_gphone64_arm64, SDK 35, Serial emulator-5556, Emulator: true
14:15:20.445625 [INFO] Starting UIAutomator2 server on device emulator-5556
14:15:20.847303 [WARN] failed to remove default socket forward for /tmp/uia2-emulator-5556.sock: adb forward --remove localfilesystem:/tmp/uia2-emulator-5556.sock: exit status 1: adb: error: listener 'localfilesystem:/tmp/uia2-emulator-5556.sock' not found
14:15:20.860053 [WARN] failed to remove adb forward for tcp:6790: adb forward --remove tcp:6790: exit status 1: adb: error: listener 'tcp:6790' not found
14:15:21.960171 [INFO] Creating UIAutomator2 session with capabilities: Platform=Android, Device=sdk_gphone64_arm64
14:15:21.969347 [INFO] Session created successfully: a378f812-aa30-4b25-82ff-be5ea76cf663
14:15:22.033802 [INFO] Driver created: android on google sdk_gphone64_arm64
14:15:22.035805 [INFO] === Starting flow: 06-visit ===
14:15:22.035989 [INFO] Flow file: /var/folders/jv/76l6crmx6nl3hf150gzry_ym0000gn/T/grantiva-48E97AAD-07CD-4F19-AA85-DFEA0B67C0E3/0/06-visit.yaml
14:15:22.035996 [INFO] Total steps: 8
14:15:22.043142 [DEBUG] Executing step 0: launchApp
14:15:24.046547 [DEBUG] Step 0 completed successfully (2003ms): launchApp
14:15:24.046842 [DEBUG] Executing step 1: tapOn: text="Half Dome"
14:15:24.047063 [DEBUG] Flutter: parallel search (text="Half Dome", id="")
14:15:24.175566 [DEBUG] Flutter fallback: failed to get trees: no Flutter VM service found
14:15:24.245579 [DEBUG] Flutter fallback: failed to get trees: no Flutter VM service found
14:15:24.304400 [DEBUG] Flutter fallback: failed to get trees: no Flutter VM service found
14:15:24.353502 [DEBUG] Flutter fallback: failed to get trees: no Flutter VM service found
14:15:24.393695 [DEBUG] Flutter fallback: failed to get trees: no Flutter VM service found
14:15:24.437489 [DEBUG] Flutter fallback: failed to get trees: no Flutter VM service found
14:15:24.482442 [DEBUG] Flutter fallback: failed to get trees: no Flutter VM service found
14:15:24.531678 [DEBUG] Flutter fallback: failed to get trees: no Flutter VM service found
14:15:24.577498 [DEBUG] Flutter fallback: failed to get trees: no Flutter VM service found
14:15:24.742403 [DEBUG] Flutter fallback: failed to get trees: no Flutter VM service found
14:15:24.862600 [DEBUG] Flutter fallback: failed to get trees: no Flutter VM service found
14:15:24.956264 [DEBUG] Flutter fallback: failed to get trees: no Flutter VM service found
14:15:25.049628 [DEBUG] Flutter fallback: failed to get trees: no Flutter VM service found
14:15:25.101414 [DEBUG] Flutter fallback: failed to get trees: no Flutter VM service found
14:15:25.148665 [DEBUG] Flutter fallback: failed to get trees: no Flutter VM service found
14:15:25.202015 [DEBUG] Flutter fallback: failed to get trees: no Flutter VM service found
14:15:25.248486 [DEBUG] Flutter fallback: failed to get trees: no Flutter VM service found
14:15:25.300727 [DEBUG] Flutter fallback: failed to get trees: no Flutter VM service found
14:15:25.351085 [DEBUG] Flutter fallback: failed to get trees: no Flutter VM service found
14:15:25.413665 [DEBUG] Flutter fallback: failed to get trees: no Flutter VM service found
14:15:25.502047 [DEBUG] Flutter fallback: failed to get trees: no Flutter VM service found
14:15:25.502099 [DEBUG] Step 1 completed successfully (1455ms): tapOn: text="Half Dome"
14:15:25.502505 [DEBUG] Executing step 2: tapOn: text="Plan Visit"
14:15:26.179020 [DEBUG] Step 2 completed successfully (676ms): tapOn: text="Plan Visit"
14:15:26.179479 [DEBUG] Executing step 3: assertVisible: text="Visit Scheduled!"
14:15:26.227426 [DEBUG] Step 3 completed successfully (47ms): assertVisible: text="Visit Scheduled!"
14:15:26.227713 [DEBUG] Executing step 4: assertVisible: text="You're all set to visit Half Dome."
14:15:26.256949 [DEBUG] Step 4 completed successfully (29ms): assertVisible: text="You're all set to visit Half Dome."
14:15:26.257669 [DEBUG] Executing step 5: takeScreenshot
14:15:26.406766 [DEBUG] Step 5 completed successfully (149ms): takeScreenshot
14:15:26.407246 [DEBUG] Executing step 6: tapOn: text="Done"
14:15:26.495880 [DEBUG] Step 6 completed successfully (88ms): tapOn: text="Done"
14:15:26.496292 [DEBUG] Executing step 7: assertVisible: text="Half Dome"
14:15:26.557743 [DEBUG] Step 7 completed successfully (61ms): assertVisible: text="Half Dome"
14:15:26.558971 [INFO] === Flow completed: 06-visit (status: passed, duration: 4523ms, passed: 8, failed: 0, skipped: 0) ===
14:15:26.964497 [WARN] failed to remove default socket forward for /tmp/uia2-emulator-5556.sock: adb forward --remove localfilesystem:/tmp/uia2-emulator-5556.sock: exit status 1: adb: error: listener 'localfilesystem:/tmp/uia2-emulator-5556.sock' not found
14:15:26.978384 [WARN] failed to remove adb forward for tcp:6790: adb forward --remove tcp:6790: exit status 1: adb: error: listener 'tcp:6790' not found
14:15:26.978417 [INFO] Flow execution completed: 1 passed, 0 failed, 0 skipped
14:15:26.978627 [INFO] Generating reports...
14:15:26.979874 [INFO] Shutting down devices started by maestro-runner...
14:15:26.979911 [INFO] Shutting down all tracked emulators
14:15:26.979920 [INFO] Shutting down all tracked simulators
