14:28:13.716652 [INFO] === Test execution started ===
14:28:13.716698 [INFO] Output directory: /Users/kyle/Developer/grantiva-cli/.worktrees/qa-ios/findings/evidence/IOS-059/a
14:28:13.716703 [INFO] Platform: ios
14:28:13.716707 [INFO] Driver: uiautomator2
14:28:13.716935 [INFO] Validated 1 flow(s)
14:28:13.831494 [INFO] Single device execution mode
14:28:13.831507 [INFO] Starting flow execution (parallel: false, devices: [])
14:28:13.831514 [INFO] Creating driver for single device execution
14:28:13.831519 [INFO] Using specified iOS device: 6EEDCB1A-E693-488A-B34C-5A0AB5DE9400
14:28:13.951297 [INFO] Device 6EEDCB1A-E693-488A-B34C-5A0AB5DE9400 is a simulator
14:28:13.951381 [INFO] Building WDA for device 6EEDCB1A-E693-488A-B34C-5A0AB5DE9400 (team ID: )
14:28:14.182175 [INFO] WDA build completed successfully
14:28:14.182187 [INFO] Starting WDA on device 6EEDCB1A-E693-488A-B34C-5A0AB5DE9400 (port: 8876)
14:28:16.441688 [INFO] WDA started successfully on port 8876
14:28:16.849066 [DEBUG] WDA GET /window/size
14:28:16.920997 [DEBUG] WDA GET /window/size completed (71ms, status: 200)
14:28:16.921063 [INFO] Driver created: ios on qa-ios-1
14:28:16.922387 [INFO] === Starting flow: 06-visit ===
14:28:16.922392 [INFO] Flow file: /var/folders/jv/76l6crmx6nl3hf150gzry_ym0000gn/T/grantiva-FD5CD164-A96B-4500-9768-D387D9091ADA/0/06-visit.yaml
14:28:16.922395 [INFO] Total steps: 8
14:28:16.922508 [DEBUG] WDA POST /appium/settings body={"settings":{"shouldWaitForQuiescence":false,"waitForIdleTimeout":0}}
14:28:16.922994 [DEBUG] WDA POST /appium/settings completed (0ms, status: 404)
14:28:16.923047 [DEBUG] WDA POST /session body={"capabilities":{"alwaysMatch":{"bundleId":"com.kylebrowning.Landmarks","defaultAlertAction":"accept...
14:28:19.550023 [DEBUG] WDA POST /session completed (2626ms, status: 200)
14:28:19.550112 [DEBUG] WDA POST /session/6037E35C-6753-4231-B5D6-B28A7C7802F7/appium/settings body={"settings":{"shouldWaitForQuiescence":false,"waitForIdleTimeout":0}}
14:28:19.628410 [DEBUG] WDA POST /session/6037E35C-6753-4231-B5D6-B28A7C7802F7/appium/settings completed (78ms, status: 200)
14:28:19.629260 [DEBUG] Executing step 0: launchApp
14:28:20.094221 [DEBUG] [wda] launchApp com.kylebrowning.Landmarks: argv=[] env=map[]
14:28:20.094285 [DEBUG] WDA POST /session/6037E35C-6753-4231-B5D6-B28A7C7802F7/appium/settings body={"settings":{"acceptAlertButtonSelector":"**/XCUIElementTypeButton[`label BEGINSWITH[c] 'Allow' OR l...
14:28:20.095057 [DEBUG] WDA POST /session/6037E35C-6753-4231-B5D6-B28A7C7802F7/appium/settings completed (0ms, status: 200)
14:28:20.095150 [DEBUG] WDA POST /session/6037E35C-6753-4231-B5D6-B28A7C7802F7/wda/apps/launch body={"bundleId":"com.kylebrowning.Landmarks"}
14:28:21.625949 [DEBUG] WDA POST /session/6037E35C-6753-4231-B5D6-B28A7C7802F7/wda/apps/launch completed (1530ms, status: 200)
14:28:21.626015 [DEBUG] Step 0 completed successfully (1996ms): launchApp
14:28:21.626385 [DEBUG] Executing step 1: tapOn: text="Half Dome"
14:28:21.626592 [DEBUG] Flutter: parallel search (text="Half Dome", id="")
14:28:21.626628 [DEBUG] WDA POST /session/6037E35C-6753-4231-B5D6-B28A7C7802F7/element body={"using":"predicate string","value":"((type == 'XCUIElementTypeTextField' OR type == 'XCUIElementTyp...
14:28:21.626676 [DEBUG] WDA POST /session/6037E35C-6753-4231-B5D6-B28A7C7802F7/element body={"using":"class chain","value":"**/XCUIElementTypeTextField[`(label CONTAINS[c] 'Half Dome' OR value...
14:28:21.626709 [DEBUG] WDA POST /session/6037E35C-6753-4231-B5D6-B28A7C7802F7/element body={"using":"class chain","value":"**/XCUIElementTypeSecureTextField[`(label CONTAINS[c] 'Half Dome' OR...
14:28:21.626745 [DEBUG] WDA POST /session/6037E35C-6753-4231-B5D6-B28A7C7802F7/element body={"using":"class chain","value":"**/XCUIElementTypeButton[`(label ==[c] 'Half Dome' OR name ==[c] 'Ha...
14:28:21.795457 [DEBUG] WDA POST /session/6037E35C-6753-4231-B5D6-B28A7C7802F7/element completed (168ms, status: 404)
14:28:21.872205 [DEBUG] WDA POST /session/6037E35C-6753-4231-B5D6-B28A7C7802F7/element completed (245ms, status: 404)
14:28:21.917662 [DEBUG] WDA POST /session/6037E35C-6753-4231-B5D6-B28A7C7802F7/element completed (291ms, status: 404)
14:28:21.963728 [DEBUG] WDA POST /session/6037E35C-6753-4231-B5D6-B28A7C7802F7/element completed (337ms, status: 404)
14:28:21.963845 [DEBUG] WDA POST /session/6037E35C-6753-4231-B5D6-B28A7C7802F7/element body={"using":"predicate string","value":"(label == 'Half Dome' OR name == 'Half Dome' OR value == 'Half ...
14:28:22.064264 [DEBUG] WDA POST /session/6037E35C-6753-4231-B5D6-B28A7C7802F7/element completed (100ms, status: 200)
14:28:22.064316 [DEBUG] WDA GET /session/6037E35C-6753-4231-B5D6-B28A7C7802F7/element/98000000-0000-0000-2124-010000000000/name
14:28:22.064350 [DEBUG] WDA GET /session/6037E35C-6753-4231-B5D6-B28A7C7802F7/element/98000000-0000-0000-2124-010000000000/rect
14:28:22.064387 [DEBUG] WDA GET /session/6037E35C-6753-4231-B5D6-B28A7C7802F7/element/98000000-0000-0000-2124-010000000000/displayed
14:28:22.064424 [DEBUG] WDA GET /session/6037E35C-6753-4231-B5D6-B28A7C7802F7/element/98000000-0000-0000-2124-010000000000/text
14:28:22.111668 [DEBUG] WDA GET /session/6037E35C-6753-4231-B5D6-B28A7C7802F7/element/98000000-0000-0000-2124-010000000000/name completed (47ms, status: 200)
14:28:22.158875 [DEBUG] WDA GET /session/6037E35C-6753-4231-B5D6-B28A7C7802F7/element/98000000-0000-0000-2124-010000000000/rect completed (94ms, status: 200)
14:28:22.210462 [DEBUG] WDA GET /session/6037E35C-6753-4231-B5D6-B28A7C7802F7/element/98000000-0000-0000-2124-010000000000/displayed completed (146ms, status: 200)
14:28:22.255724 [DEBUG] WDA GET /session/6037E35C-6753-4231-B5D6-B28A7C7802F7/element/98000000-0000-0000-2124-010000000000/text completed (191ms, status: 200)
14:28:22.255768 [DEBUG] WDA POST /session/6037E35C-6753-4231-B5D6-B28A7C7802F7/element/98000000-0000-0000-2124-010000000000/click body=
14:28:22.640069 [DEBUG] WDA POST /session/6037E35C-6753-4231-B5D6-B28A7C7802F7/element/98000000-0000-0000-2124-010000000000/click completed (384ms, status: 200)
14:28:22.673111 [DEBUG] Flutter fallback: failed to get trees: no Flutter VM service found
14:28:22.673240 [DEBUG] Step 1 completed successfully (1046ms): tapOn: text="Half Dome"
14:28:22.673931 [DEBUG] Executing step 2: tapOn: text="Plan Visit"
14:28:22.674158 [DEBUG] WDA POST /session/6037E35C-6753-4231-B5D6-B28A7C7802F7/element body={"using":"predicate string","value":"((type == 'XCUIElementTypeTextField' OR type == 'XCUIElementTyp...
14:28:22.674183 [DEBUG] WDA POST /session/6037E35C-6753-4231-B5D6-B28A7C7802F7/element body={"using":"class chain","value":"**/XCUIElementTypeSecureTextField[`(label CONTAINS[c] 'Plan Visit' O...
14:28:22.674213 [DEBUG] WDA POST /session/6037E35C-6753-4231-B5D6-B28A7C7802F7/element body={"using":"class chain","value":"**/XCUIElementTypeTextField[`(label CONTAINS[c] 'Plan Visit' OR valu...
14:28:22.674238 [DEBUG] WDA POST /session/6037E35C-6753-4231-B5D6-B28A7C7802F7/element body={"using":"class chain","value":"**/XCUIElementTypeButton[`(label ==[c] 'Plan Visit' OR name ==[c] 'P...
14:28:22.813475 [DEBUG] WDA POST /session/6037E35C-6753-4231-B5D6-B28A7C7802F7/element completed (139ms, status: 200)
14:28:22.873830 [DEBUG] WDA POST /session/6037E35C-6753-4231-B5D6-B28A7C7802F7/element completed (199ms, status: 404)
14:28:22.933915 [DEBUG] WDA POST /session/6037E35C-6753-4231-B5D6-B28A7C7802F7/element completed (259ms, status: 404)
14:28:23.042802 [DEBUG] WDA POST /session/6037E35C-6753-4231-B5D6-B28A7C7802F7/element completed (368ms, status: 200)
14:28:23.042867 [DEBUG] WDA GET /session/6037E35C-6753-4231-B5D6-B28A7C7802F7/element/D1000000-0000-0000-2124-010000000000/name
14:28:23.042910 [DEBUG] WDA GET /session/6037E35C-6753-4231-B5D6-B28A7C7802F7/element/D1000000-0000-0000-2124-010000000000/rect
14:28:23.042929 [DEBUG] WDA GET /session/6037E35C-6753-4231-B5D6-B28A7C7802F7/element/D1000000-0000-0000-2124-010000000000/text
14:28:23.042954 [DEBUG] WDA GET /session/6037E35C-6753-4231-B5D6-B28A7C7802F7/element/D1000000-0000-0000-2124-010000000000/displayed
14:28:23.079565 [DEBUG] WDA GET /session/6037E35C-6753-4231-B5D6-B28A7C7802F7/element/D1000000-0000-0000-2124-010000000000/rect completed (36ms, status: 200)
14:28:23.114741 [DEBUG] WDA GET /session/6037E35C-6753-4231-B5D6-B28A7C7802F7/element/D1000000-0000-0000-2124-010000000000/name completed (71ms, status: 200)
14:28:23.154474 [DEBUG] WDA GET /session/6037E35C-6753-4231-B5D6-B28A7C7802F7/element/D1000000-0000-0000-2124-010000000000/displayed completed (111ms, status: 200)
14:28:23.188362 [DEBUG] WDA GET /session/6037E35C-6753-4231-B5D6-B28A7C7802F7/element/D1000000-0000-0000-2124-010000000000/text completed (145ms, status: 200)
14:28:23.188414 [DEBUG] WDA POST /session/6037E35C-6753-4231-B5D6-B28A7C7802F7/element/D1000000-0000-0000-2124-010000000000/click body=
14:28:23.556523 [DEBUG] WDA POST /session/6037E35C-6753-4231-B5D6-B28A7C7802F7/element/D1000000-0000-0000-2124-010000000000/click completed (368ms, status: 200)
14:28:23.558998 [DEBUG] Step 2 completed successfully (885ms): tapOn: text="Plan Visit"
14:28:23.559375 [DEBUG] Executing step 3: assertVisible: text="Visit Scheduled!"
14:28:23.559581 [DEBUG] WDA POST /session/6037E35C-6753-4231-B5D6-B28A7C7802F7/element body={"using":"predicate string","value":"(label CONTAINS[c] 'Visit Scheduled!' OR name CONTAINS[c] 'Visi...
14:28:23.624031 [DEBUG] WDA POST /session/6037E35C-6753-4231-B5D6-B28A7C7802F7/element completed (64ms, status: 200)
14:28:23.624078 [DEBUG] WDA GET /session/6037E35C-6753-4231-B5D6-B28A7C7802F7/element/E0000000-0000-0000-2124-010000000000/name
14:28:23.624114 [DEBUG] WDA GET /session/6037E35C-6753-4231-B5D6-B28A7C7802F7/element/E0000000-0000-0000-2124-010000000000/rect
14:28:23.624136 [DEBUG] WDA GET /session/6037E35C-6753-4231-B5D6-B28A7C7802F7/element/E0000000-0000-0000-2124-010000000000/text
14:28:23.624153 [DEBUG] WDA GET /session/6037E35C-6753-4231-B5D6-B28A7C7802F7/element/E0000000-0000-0000-2124-010000000000/displayed
14:28:23.653875 [DEBUG] WDA GET /session/6037E35C-6753-4231-B5D6-B28A7C7802F7/element/E0000000-0000-0000-2124-010000000000/rect completed (29ms, status: 200)
14:28:23.684567 [DEBUG] WDA GET /session/6037E35C-6753-4231-B5D6-B28A7C7802F7/element/E0000000-0000-0000-2124-010000000000/name completed (60ms, status: 200)
14:28:23.715841 [DEBUG] WDA GET /session/6037E35C-6753-4231-B5D6-B28A7C7802F7/element/E0000000-0000-0000-2124-010000000000/displayed completed (91ms, status: 200)
14:28:23.748666 [DEBUG] WDA GET /session/6037E35C-6753-4231-B5D6-B28A7C7802F7/element/E0000000-0000-0000-2124-010000000000/text completed (124ms, status: 200)
14:28:23.748728 [DEBUG] Step 3 completed successfully (189ms): assertVisible: text="Visit Scheduled!"
14:28:23.749025 [DEBUG] Executing step 4: assertVisible: text="You're all set to visit Half Dome."
14:28:23.749230 [DEBUG] WDA POST /session/6037E35C-6753-4231-B5D6-B28A7C7802F7/element body={"using":"predicate string","value":"(label CONTAINS[c] 'You're all set to visit Half Dome.' OR name...
14:28:23.751047 [DEBUG] WDA POST /session/6037E35C-6753-4231-B5D6-B28A7C7802F7/element completed (1ms, status: 500)
14:28:23.751110 [DEBUG] WDA GET /session/6037E35C-6753-4231-B5D6-B28A7C7802F7/source
14:28:23.995937 [DEBUG] WDA GET /session/6037E35C-6753-4231-B5D6-B28A7C7802F7/source completed (244ms, status: 200)
14:28:23.996157 [DEBUG] Step 4 completed successfully (247ms): assertVisible: text="You're all set to visit Half Dome."
14:28:23.996475 [DEBUG] Executing step 5: takeScreenshot
14:28:23.996738 [DEBUG] WDA GET /session/6037E35C-6753-4231-B5D6-B28A7C7802F7/screenshot
14:28:24.073501 [DEBUG] WDA GET /session/6037E35C-6753-4231-B5D6-B28A7C7802F7/screenshot completed (76ms, status: 200)
14:28:24.074237 [DEBUG] Step 5 completed successfully (77ms): takeScreenshot
14:28:24.074471 [DEBUG] Executing step 6: tapOn: text="Done"
14:28:24.074671 [DEBUG] WDA POST /session/6037E35C-6753-4231-B5D6-B28A7C7802F7/element body={"using":"predicate string","value":"((type == 'XCUIElementTypeTextField' OR type == 'XCUIElementTyp...
14:28:24.074683 [DEBUG] WDA POST /session/6037E35C-6753-4231-B5D6-B28A7C7802F7/element body={"using":"class chain","value":"**/XCUIElementTypeSecureTextField[`(label CONTAINS[c] 'Done' OR valu...
14:28:24.074713 [DEBUG] WDA POST /session/6037E35C-6753-4231-B5D6-B28A7C7802F7/element body={"using":"class chain","value":"**/XCUIElementTypeTextField[`(label CONTAINS[c] 'Done' OR value CONT...
14:28:24.074730 [DEBUG] WDA POST /session/6037E35C-6753-4231-B5D6-B28A7C7802F7/element body={"using":"class chain","value":"**/XCUIElementTypeButton[`(label ==[c] 'Done' OR name ==[c] 'Done')`...
14:28:24.108222 [DEBUG] WDA POST /session/6037E35C-6753-4231-B5D6-B28A7C7802F7/element completed (33ms, status: 200)
14:28:24.124114 [DEBUG] WDA POST /session/6037E35C-6753-4231-B5D6-B28A7C7802F7/element completed (49ms, status: 404)
14:28:24.140274 [DEBUG] WDA POST /session/6037E35C-6753-4231-B5D6-B28A7C7802F7/element completed (65ms, status: 404)
14:28:24.171828 [DEBUG] WDA POST /session/6037E35C-6753-4231-B5D6-B28A7C7802F7/element completed (97ms, status: 200)
14:28:24.171879 [DEBUG] WDA GET /session/6037E35C-6753-4231-B5D6-B28A7C7802F7/element/E2000000-0000-0000-2124-010000000000/name
14:28:24.171913 [DEBUG] WDA GET /session/6037E35C-6753-4231-B5D6-B28A7C7802F7/element/E2000000-0000-0000-2124-010000000000/rect
14:28:24.171933 [DEBUG] WDA GET /session/6037E35C-6753-4231-B5D6-B28A7C7802F7/element/E2000000-0000-0000-2124-010000000000/text
14:28:24.171955 [DEBUG] WDA GET /session/6037E35C-6753-4231-B5D6-B28A7C7802F7/element/E2000000-0000-0000-2124-010000000000/displayed
14:28:24.187237 [DEBUG] WDA GET /session/6037E35C-6753-4231-B5D6-B28A7C7802F7/element/E2000000-0000-0000-2124-010000000000/name completed (15ms, status: 200)
14:28:24.202122 [DEBUG] WDA GET /session/6037E35C-6753-4231-B5D6-B28A7C7802F7/element/E2000000-0000-0000-2124-010000000000/rect completed (30ms, status: 200)
14:28:24.218928 [DEBUG] WDA GET /session/6037E35C-6753-4231-B5D6-B28A7C7802F7/element/E2000000-0000-0000-2124-010000000000/displayed completed (47ms, status: 200)
14:28:24.232630 [DEBUG] WDA GET /session/6037E35C-6753-4231-B5D6-B28A7C7802F7/element/E2000000-0000-0000-2124-010000000000/text completed (60ms, status: 200)
14:28:24.232997 [DEBUG] WDA POST /session/6037E35C-6753-4231-B5D6-B28A7C7802F7/element/E2000000-0000-0000-2124-010000000000/click body=
14:28:24.556962 [DEBUG] WDA POST /session/6037E35C-6753-4231-B5D6-B28A7C7802F7/element/E2000000-0000-0000-2124-010000000000/click completed (323ms, status: 200)
14:28:24.557007 [DEBUG] Step 6 completed successfully (482ms): tapOn: text="Done"
14:28:24.557338 [DEBUG] Executing step 7: assertVisible: text="Half Dome"
14:28:24.557540 [DEBUG] WDA POST /session/6037E35C-6753-4231-B5D6-B28A7C7802F7/element body={"using":"predicate string","value":"(label CONTAINS[c] 'Half Dome' OR name CONTAINS[c] 'Half Dome' ...
14:28:24.671747 [DEBUG] WDA POST /session/6037E35C-6753-4231-B5D6-B28A7C7802F7/element completed (114ms, status: 200)
14:28:24.675155 [DEBUG] WDA GET /session/6037E35C-6753-4231-B5D6-B28A7C7802F7/element/E1000000-0000-0000-2124-010000000000/name
14:28:24.675172 [DEBUG] WDA GET /session/6037E35C-6753-4231-B5D6-B28A7C7802F7/element/E1000000-0000-0000-2124-010000000000/displayed
14:28:24.675215 [DEBUG] WDA GET /session/6037E35C-6753-4231-B5D6-B28A7C7802F7/element/E1000000-0000-0000-2124-010000000000/text
14:28:24.675255 [DEBUG] WDA GET /session/6037E35C-6753-4231-B5D6-B28A7C7802F7/element/E1000000-0000-0000-2124-010000000000/rect
14:28:24.722905 [DEBUG] WDA GET /session/6037E35C-6753-4231-B5D6-B28A7C7802F7/element/E1000000-0000-0000-2124-010000000000/name completed (47ms, status: 200)
14:28:24.781226 [DEBUG] WDA GET /session/6037E35C-6753-4231-B5D6-B28A7C7802F7/element/E1000000-0000-0000-2124-010000000000/displayed completed (106ms, status: 200)
14:28:24.825338 [DEBUG] WDA GET /session/6037E35C-6753-4231-B5D6-B28A7C7802F7/element/E1000000-0000-0000-2124-010000000000/text completed (150ms, status: 200)
14:28:24.882281 [DEBUG] WDA GET /session/6037E35C-6753-4231-B5D6-B28A7C7802F7/element/E1000000-0000-0000-2124-010000000000/rect completed (207ms, status: 404)
14:28:24.882416 [DEBUG] WDA GET /session/6037E35C-6753-4231-B5D6-B28A7C7802F7/source
14:28:26.166115 [DEBUG] WDA GET /session/6037E35C-6753-4231-B5D6-B28A7C7802F7/source completed (1283ms, status: 200)
14:28:26.167175 [DEBUG] Step 7 completed successfully (1609ms): assertVisible: text="Half Dome"
14:28:26.168370 [INFO] === Flow completed: 06-visit (status: passed, duration: 9245ms, passed: 8, failed: 0, skipped: 0) ===
14:28:26.169380 [INFO] Flow execution completed: 1 passed, 0 failed, 0 skipped
14:28:26.169458 [INFO] Generating reports...
14:28:26.169840 [INFO] Shutting down devices started by maestro-runner...
14:28:26.169845 [INFO] Shutting down all tracked emulators
14:28:26.169849 [INFO] Shutting down all tracked simulators
