Resolved: scheme=(none) simulator=emulator-5554 screens=0 flows=1
Preparing runner...
Runner ready
Booting emulator: emulator-5554
Emulator booted: Pixel_8_API_35 (emulator-5554)
Skipping build and install (--no-build)
Running 1 flow(s)...
Running 1 flow(s) in one GrantivaAgent session: .maestro/04-discard.yaml

  grantiva-runner 1.1.18-grantiva.7 - by Grantiva
  Fast, lightweight UI test runner


Setup
────────────────────────────────────────
  ✓ Found 1 test flow(s)
  ✓ Report directory: /Users/kyle/Developer/grantiva-cli/.worktrees/qa-android/findings/evidence/AND-043/04-discard

Execution
────────────────────────────────────────
  ⏳ Connecting to device emulator-5554...
  ✓ Connected to google sdk_gphone64_arm64 (SDK 35)
  ⏳ Starting UIAutomator2 server...
  → Socket: /tmp/uia2-emulator-5554.sock
  ✓ UIAutomator2 server started
  ⏳ Creating session...
  ✓ Session created

  [1/1] 04-discard (04-discard.yaml)
────────────────────────────────────────────────────────────
    ✓ launchApp (1.7s)
    ✓ tapOn: text="Deep Links" (1.1s)
    ✓ tapOn: text="Edit Landmark" (688ms)
    ✓ tapOn: text="Location" (731ms)
    ✓ inputText: "X" (244ms)
    ✓ tapOn: text="Cancel" (673ms)
    ✓ assertVisible: text="You have unsaved changes that will be lost." (668ms)
    ✓ takeScreenshot (148ms)
    ✓ tapOn: text="Keep Editing" (565ms)
    ✓ assertVisible: text="Edit Landmark" (666ms)
    ✓ tapOn: text="Cancel" (134ms)
    ✓ tapOn: text="Discard" (1.4s)
    ✓ assertVisible: text="Deep Links" (604ms)
✓ 04-discard 9.2s

  [1/1] 04-discard (.maestro/04-discard.yaml) - Device: google sdk_gphone64_arm64 (android 35 Simulator)
  ────────────────────────────────────────────────────────────
    ✓ launchApp (1.7s)
    ✓ tapOn (1.1s)
    ✓ tapOn (688ms)
    ✓ tapOn (731ms)
    ✓ inputText (244ms)
    ✓ tapOn (673ms)
    ✓ assertVisible (668ms)
    ✓ takeScreenshot (148ms)
    ✓ tapOn (565ms)
    ✓ assertVisible (666ms)
    ✓ tapOn (134ms)
    ✓ tapOn (1.4s)
    ✓ assertVisible (604ms)
✓ 04-discard 9.2s

  13 steps passing (9.2s)

════════════════════════════════════════════════════════════════════════════════════════════════════════════════════
  Flow                           Status   Steps   Pass   Fail   Skip   Duration  Device
────────────────────────────────────────────────────────────────────────────────────────────────────────────────────
  04-discard                     ✓ PASS      13     13      0      0       9.2s  google sdk_gphone64_arm64 (...
────────────────────────────────────────────────────────────────────────────────────────────────────────────────────
  TOTAL                             1/1      13     13      0      0       9.2s
════════════════════════════════════════════════════════════════════════════════════════════════════════════════════

  ✓ Tests completed. Generating reports...

  Reports: /Users/kyle/Developer/grantiva-cli/.worktrees/qa-android/findings/evidence/AND-043/04-discard
    ├── report.json
    ├── junit-report.xml
    └── allure-results/

  Paths:
    JSON:   /Users/kyle/Developer/grantiva-cli/.worktrees/qa-android/findings/evidence/AND-043/04-discard/report.json
    JUnit:  /Users/kyle/Developer/grantiva-cli/.worktrees/qa-android/findings/evidence/AND-043/04-discard/junit-report.xml
    Allure: /Users/kyle/Developer/grantiva-cli/.worktrees/qa-android/findings/evidence/AND-043/04-discard/allure-results

  Built by Grantiva

