Resolved: scheme=(none) simulator=emulator-5554 screens=0 flows=1
Preparing runner...
Runner ready
Booting emulator: emulator-5554
Emulator booted: Pixel_8_API_35 (emulator-5554)
Skipping build and install (--no-build)
Running 1 flow(s)...
Running 1 flow(s) in one GrantivaAgent session: .maestro/07-deeplink.yaml

  grantiva-runner 1.1.18-grantiva.7 - by Grantiva
  Fast, lightweight UI test runner


Setup
────────────────────────────────────────
  ✓ Found 1 test flow(s)
  ✓ Report directory: /Users/kyle/Developer/grantiva-cli/.worktrees/qa-android/findings/evidence/AND-043/07-deeplink

Execution
────────────────────────────────────────
  ⏳ Connecting to device emulator-5554...
  ✓ Connected to google sdk_gphone64_arm64 (SDK 35)
  ⏳ Starting UIAutomator2 server...
  → Socket: /tmp/uia2-emulator-5554.sock
  ✓ UIAutomator2 server started
  ⏳ Creating session...
  ✓ Session created

  [1/1] 07-deeplink (07-deeplink.yaml)
────────────────────────────────────────────────────────────
    ✓ launchApp (1.7s)
    ✓ tapOn: text="Deep Links" (1.2s)
    ✓ tapOn: text="landmarks://category/lakes" (735ms)
    ✓ assertVisible: text="Mono Lake" (584ms)
    ✓ takeScreenshot (171ms)
✓ 07-deeplink 4.5s

  [1/1] 07-deeplink (.maestro/07-deeplink.yaml) - Device: google sdk_gphone64_arm64 (android 35 Simulator)
  ────────────────────────────────────────────────────────────
    ✓ launchApp (1.7s)
    ✓ tapOn (1.2s)
    ✓ tapOn (735ms)
    ✓ assertVisible (584ms)
    ✓ takeScreenshot (171ms)
✓ 07-deeplink 4.4s

  5 steps passing (4.5s)

════════════════════════════════════════════════════════════════════════════════════════════════════════════════════
  Flow                           Status   Steps   Pass   Fail   Skip   Duration  Device
────────────────────────────────────────────────────────────────────────────────────────────────────────────────────
  07-deeplink                    ✓ PASS       5      5      0      0       4.5s  google sdk_gphone64_arm64 (...
────────────────────────────────────────────────────────────────────────────────────────────────────────────────────
  TOTAL                             1/1       5      5      0      0       4.5s
════════════════════════════════════════════════════════════════════════════════════════════════════════════════════

  ✓ Tests completed. Generating reports...

  Reports: /Users/kyle/Developer/grantiva-cli/.worktrees/qa-android/findings/evidence/AND-043/07-deeplink
    ├── report.json
    ├── junit-report.xml
    └── allure-results/

  Paths:
    JSON:   /Users/kyle/Developer/grantiva-cli/.worktrees/qa-android/findings/evidence/AND-043/07-deeplink/report.json
    JUnit:  /Users/kyle/Developer/grantiva-cli/.worktrees/qa-android/findings/evidence/AND-043/07-deeplink/junit-report.xml
    Allure: /Users/kyle/Developer/grantiva-cli/.worktrees/qa-android/findings/evidence/AND-043/07-deeplink/allure-results

  Built by Grantiva

