Resolved: scheme=(none) simulator=emulator-5554 screens=0 flows=1
Preparing runner...
Runner ready
Booting emulator: emulator-5554
Emulator booted: Pixel_8_API_35 (emulator-5554)
Skipping build and install (--no-build)
Running 1 flow(s)...
Running 1 flow(s) in one GrantivaAgent session: .maestro/11-slow.yaml

  grantiva-runner 1.1.18-grantiva.7 - by Grantiva
  Fast, lightweight UI test runner


Setup
────────────────────────────────────────
  ✓ Found 1 test flow(s)
  ✓ Report directory: /Users/kyle/Developer/grantiva-cli/.worktrees/qa-android/findings/evidence/AND-043/11-slow

Execution
────────────────────────────────────────
  ⏳ Connecting to device emulator-5554...
  ✓ Connected to google sdk_gphone64_arm64 (SDK 35)
  ⏳ Starting UIAutomator2 server...
  → Socket: /tmp/uia2-emulator-5554.sock
  ✓ UIAutomator2 server started
  ⏳ Creating session...
  ✓ Session created

  [1/1] 11-slow (11-slow.yaml)
────────────────────────────────────────────────────────────
    ✓ launchApp (1.7s)
    ✓ tapOn: text="Deep Links" (3.3s)
    ✓ tapOn: text="Slow Screen" (838ms)
    ✓ assertVisible: text="Loading…" (600ms)
    ✓ extendedWaitUntil: visible text="Loaded after delay" (2.5s)
    ✓ takeScreenshot (135ms)
✓ 11-slow 9.1s

  [1/1] 11-slow (.maestro/11-slow.yaml) - Device: google sdk_gphone64_arm64 (android 35 Simulator)
  ────────────────────────────────────────────────────────────
    ✓ launchApp (1.7s)
    ✓ tapOn (3.3s)
    ✓ tapOn (838ms)
    ✓ assertVisible (600ms)
    ✓ extendedWaitUntil (2.5s)
    ✓ takeScreenshot (135ms)
✓ 11-slow 9.1s

  6 steps passing (9.1s)

════════════════════════════════════════════════════════════════════════════════════════════════════════════════════
  Flow                           Status   Steps   Pass   Fail   Skip   Duration  Device
────────────────────────────────────────────────────────────────────────────────────────────────────────────────────
  11-slow                        ✓ PASS       6      6      0      0       9.1s  google sdk_gphone64_arm64 (...
────────────────────────────────────────────────────────────────────────────────────────────────────────────────────
  TOTAL                             1/1       6      6      0      0       9.1s
════════════════════════════════════════════════════════════════════════════════════════════════════════════════════

  ✓ Tests completed. Generating reports...

  Reports: /Users/kyle/Developer/grantiva-cli/.worktrees/qa-android/findings/evidence/AND-043/11-slow
    ├── report.json
    ├── junit-report.xml
    └── allure-results/

  Paths:
    JSON:   /Users/kyle/Developer/grantiva-cli/.worktrees/qa-android/findings/evidence/AND-043/11-slow/report.json
    JUnit:  /Users/kyle/Developer/grantiva-cli/.worktrees/qa-android/findings/evidence/AND-043/11-slow/junit-report.xml
    Allure: /Users/kyle/Developer/grantiva-cli/.worktrees/qa-android/findings/evidence/AND-043/11-slow/allure-results

  Built by Grantiva

