14:11:42.475558 [INFO] === Test execution started ===
14:11:42.475624 [INFO] Output directory: /Users/kyle/Developer/grantiva-cli/.worktrees/qa-ios/findings/evidence/IOS-030/02-favorite
14:11:42.475630 [INFO] Platform: ios
14:11:42.475633 [INFO] Driver: uiautomator2
14:11:42.475935 [INFO] Validated 1 flow(s)
14:11:42.593612 [INFO] Single device execution mode
14:11:42.593644 [INFO] Starting flow execution (parallel: false, devices: [])
14:11:42.593652 [INFO] Creating driver for single device execution
14:11:42.593656 [INFO] Using specified iOS device: 6EEDCB1A-E693-488A-B34C-5A0AB5DE9400
14:11:42.701669 [INFO] Device 6EEDCB1A-E693-488A-B34C-5A0AB5DE9400 is a simulator
14:11:42.701750 [INFO] Building WDA for device 6EEDCB1A-E693-488A-B34C-5A0AB5DE9400 (team ID: )
14:11:42.929301 [INFO] WDA build completed successfully
14:11:42.929320 [INFO] Starting WDA on device 6EEDCB1A-E693-488A-B34C-5A0AB5DE9400 (port: 8876)
14:11:45.160364 [INFO] WDA started successfully on port 8876
14:11:45.516452 [DEBUG] WDA GET /window/size
14:11:45.570939 [DEBUG] WDA GET /window/size completed (54ms, status: 200)
14:11:45.571010 [INFO] Driver created: ios on qa-ios-1
14:11:45.572566 [INFO] === Starting flow: 02-favorite ===
14:11:45.572576 [INFO] Flow file: /var/folders/jv/76l6crmx6nl3hf150gzry_ym0000gn/T/grantiva-AACE3A6D-ADA5-4741-87C1-7D372493919A/0/02-favorite.yaml
14:11:45.572579 [INFO] Total steps: 13
14:11:45.572698 [DEBUG] WDA POST /appium/settings body={"settings":{"shouldWaitForQuiescence":false,"waitForIdleTimeout":0}}
14:11:45.573152 [DEBUG] WDA POST /appium/settings completed (0ms, status: 404)
14:11:45.573213 [DEBUG] WDA POST /session body={"capabilities":{"alwaysMatch":{"bundleId":"com.kylebrowning.Landmarks","defaultAlertAction":"accept...
14:11:48.170462 [DEBUG] WDA POST /session completed (2597ms, status: 200)
14:11:48.170690 [DEBUG] WDA POST /session/BFDF8F05-A9EC-4102-9B11-CD71A1ED7078/appium/settings body={"settings":{"shouldWaitForQuiescence":false,"waitForIdleTimeout":0}}
14:11:48.330049 [DEBUG] WDA POST /session/BFDF8F05-A9EC-4102-9B11-CD71A1ED7078/appium/settings completed (159ms, status: 200)
14:11:48.331470 [DEBUG] Executing step 0: launchApp
14:11:48.789616 [DEBUG] [wda] launchApp com.kylebrowning.Landmarks: argv=[] env=map[]
14:11:48.789686 [DEBUG] WDA POST /session/BFDF8F05-A9EC-4102-9B11-CD71A1ED7078/appium/settings body={"settings":{"acceptAlertButtonSelector":"**/XCUIElementTypeButton[`label BEGINSWITH[c] 'Allow' OR l...
14:11:48.790406 [DEBUG] WDA POST /session/BFDF8F05-A9EC-4102-9B11-CD71A1ED7078/appium/settings completed (0ms, status: 200)
14:11:48.790491 [DEBUG] WDA POST /session/BFDF8F05-A9EC-4102-9B11-CD71A1ED7078/wda/apps/launch body={"bundleId":"com.kylebrowning.Landmarks"}
14:11:50.310590 [DEBUG] WDA POST /session/BFDF8F05-A9EC-4102-9B11-CD71A1ED7078/wda/apps/launch completed (1520ms, status: 200)
14:11:50.310653 [DEBUG] Step 0 completed successfully (1979ms): launchApp
14:11:50.311120 [DEBUG] Executing step 1: tapOn: text="Lake Tahoe"
14:11:50.311402 [DEBUG] Flutter: parallel search (text="Lake Tahoe", id="")
14:11:50.311453 [DEBUG] WDA POST /session/BFDF8F05-A9EC-4102-9B11-CD71A1ED7078/element body={"using":"predicate string","value":"((type == 'XCUIElementTypeTextField' OR type == 'XCUIElementTyp...
14:11:50.311516 [DEBUG] WDA POST /session/BFDF8F05-A9EC-4102-9B11-CD71A1ED7078/element body={"using":"class chain","value":"**/XCUIElementTypeSecureTextField[`(label CONTAINS[c] 'Lake Tahoe' O...
14:11:50.311565 [DEBUG] WDA POST /session/BFDF8F05-A9EC-4102-9B11-CD71A1ED7078/element body={"using":"class chain","value":"**/XCUIElementTypeTextField[`(label CONTAINS[c] 'Lake Tahoe' OR valu...
14:11:50.311603 [DEBUG] WDA POST /session/BFDF8F05-A9EC-4102-9B11-CD71A1ED7078/element body={"using":"class chain","value":"**/XCUIElementTypeButton[`(label ==[c] 'Lake Tahoe' OR name ==[c] 'L...
14:11:50.485870 [DEBUG] WDA POST /session/BFDF8F05-A9EC-4102-9B11-CD71A1ED7078/element completed (174ms, status: 404)
14:11:50.562113 [DEBUG] WDA POST /session/BFDF8F05-A9EC-4102-9B11-CD71A1ED7078/element completed (250ms, status: 404)
14:11:50.607008 [DEBUG] WDA POST /session/BFDF8F05-A9EC-4102-9B11-CD71A1ED7078/element completed (295ms, status: 404)
14:11:50.653227 [DEBUG] WDA POST /session/BFDF8F05-A9EC-4102-9B11-CD71A1ED7078/element completed (341ms, status: 404)
14:11:50.653355 [DEBUG] WDA POST /session/BFDF8F05-A9EC-4102-9B11-CD71A1ED7078/element body={"using":"predicate string","value":"(label == 'Lake Tahoe' OR name == 'Lake Tahoe' OR value == 'Lak...
14:11:50.752403 [DEBUG] WDA POST /session/BFDF8F05-A9EC-4102-9B11-CD71A1ED7078/element completed (99ms, status: 200)
14:11:50.752450 [DEBUG] WDA GET /session/BFDF8F05-A9EC-4102-9B11-CD71A1ED7078/element/AB000000-0000-0000-565C-000000000000/name
14:11:50.752481 [DEBUG] WDA GET /session/BFDF8F05-A9EC-4102-9B11-CD71A1ED7078/element/AB000000-0000-0000-565C-000000000000/rect
14:11:50.752508 [DEBUG] WDA GET /session/BFDF8F05-A9EC-4102-9B11-CD71A1ED7078/element/AB000000-0000-0000-565C-000000000000/text
14:11:50.752532 [DEBUG] WDA GET /session/BFDF8F05-A9EC-4102-9B11-CD71A1ED7078/element/AB000000-0000-0000-565C-000000000000/displayed
14:11:50.801830 [DEBUG] WDA GET /session/BFDF8F05-A9EC-4102-9B11-CD71A1ED7078/element/AB000000-0000-0000-565C-000000000000/name completed (49ms, status: 200)
14:11:50.848959 [DEBUG] WDA GET /session/BFDF8F05-A9EC-4102-9B11-CD71A1ED7078/element/AB000000-0000-0000-565C-000000000000/rect completed (96ms, status: 200)
14:11:50.895122 [DEBUG] WDA GET /session/BFDF8F05-A9EC-4102-9B11-CD71A1ED7078/element/AB000000-0000-0000-565C-000000000000/text completed (142ms, status: 200)
14:11:50.947655 [DEBUG] WDA GET /session/BFDF8F05-A9EC-4102-9B11-CD71A1ED7078/element/AB000000-0000-0000-565C-000000000000/displayed completed (195ms, status: 200)
14:11:50.947711 [DEBUG] WDA POST /session/BFDF8F05-A9EC-4102-9B11-CD71A1ED7078/element/AB000000-0000-0000-565C-000000000000/click body=
14:11:51.328056 [DEBUG] WDA POST /session/BFDF8F05-A9EC-4102-9B11-CD71A1ED7078/element/AB000000-0000-0000-565C-000000000000/click completed (380ms, status: 200)
14:11:51.438766 [DEBUG] Flutter fallback: failed to get trees: no Flutter VM service found
14:11:51.438792 [DEBUG] Step 1 completed successfully (1127ms): tapOn: text="Lake Tahoe"
14:11:51.439150 [DEBUG] Executing step 2: tapOn: text="Favorite"
14:11:51.439409 [DEBUG] WDA POST /session/BFDF8F05-A9EC-4102-9B11-CD71A1ED7078/element body={"using":"predicate string","value":"((type == 'XCUIElementTypeTextField' OR type == 'XCUIElementTyp...
14:11:51.439489 [DEBUG] WDA POST /session/BFDF8F05-A9EC-4102-9B11-CD71A1ED7078/element body={"using":"class chain","value":"**/XCUIElementTypeTextField[`(label CONTAINS[c] 'Favorite' OR value ...
14:11:51.439521 [DEBUG] WDA POST /session/BFDF8F05-A9EC-4102-9B11-CD71A1ED7078/element body={"using":"class chain","value":"**/XCUIElementTypeSecureTextField[`(label CONTAINS[c] 'Favorite' OR ...
14:11:51.439595 [DEBUG] WDA POST /session/BFDF8F05-A9EC-4102-9B11-CD71A1ED7078/element body={"using":"class chain","value":"**/XCUIElementTypeButton[`(label ==[c] 'Favorite' OR name ==[c] 'Fav...
14:11:51.574454 [DEBUG] WDA POST /session/BFDF8F05-A9EC-4102-9B11-CD71A1ED7078/element completed (135ms, status: 200)
14:11:51.637406 [DEBUG] WDA POST /session/BFDF8F05-A9EC-4102-9B11-CD71A1ED7078/element completed (197ms, status: 404)
14:11:51.741159 [DEBUG] WDA POST /session/BFDF8F05-A9EC-4102-9B11-CD71A1ED7078/element completed (301ms, status: 200)
14:11:51.775718 [DEBUG] WDA POST /session/BFDF8F05-A9EC-4102-9B11-CD71A1ED7078/element completed (336ms, status: 404)
14:11:51.775816 [DEBUG] WDA GET /session/BFDF8F05-A9EC-4102-9B11-CD71A1ED7078/element/BD000000-0000-0000-565C-000000000000/name
14:11:51.775836 [DEBUG] WDA GET /session/BFDF8F05-A9EC-4102-9B11-CD71A1ED7078/element/BD000000-0000-0000-565C-000000000000/rect
14:11:51.775870 [DEBUG] WDA GET /session/BFDF8F05-A9EC-4102-9B11-CD71A1ED7078/element/BD000000-0000-0000-565C-000000000000/displayed
14:11:51.775896 [DEBUG] WDA GET /session/BFDF8F05-A9EC-4102-9B11-CD71A1ED7078/element/BD000000-0000-0000-565C-000000000000/text
14:11:51.810565 [DEBUG] WDA GET /session/BFDF8F05-A9EC-4102-9B11-CD71A1ED7078/element/BD000000-0000-0000-565C-000000000000/name completed (34ms, status: 200)
14:11:51.845112 [DEBUG] WDA GET /session/BFDF8F05-A9EC-4102-9B11-CD71A1ED7078/element/BD000000-0000-0000-565C-000000000000/rect completed (69ms, status: 200)
14:11:51.881985 [DEBUG] WDA GET /session/BFDF8F05-A9EC-4102-9B11-CD71A1ED7078/element/BD000000-0000-0000-565C-000000000000/text completed (106ms, status: 200)
14:11:51.922700 [DEBUG] WDA GET /session/BFDF8F05-A9EC-4102-9B11-CD71A1ED7078/element/BD000000-0000-0000-565C-000000000000/displayed completed (146ms, status: 200)
14:11:51.922753 [DEBUG] WDA POST /session/BFDF8F05-A9EC-4102-9B11-CD71A1ED7078/element/BD000000-0000-0000-565C-000000000000/click body=
14:11:52.294656 [DEBUG] WDA POST /session/BFDF8F05-A9EC-4102-9B11-CD71A1ED7078/element/BD000000-0000-0000-565C-000000000000/click completed (371ms, status: 200)
14:11:52.294755 [DEBUG] Step 2 completed successfully (855ms): tapOn: text="Favorite"
14:11:52.295675 [DEBUG] Executing step 3: assertVisible: text="Unfavorite"
14:11:52.296240 [DEBUG] WDA POST /session/BFDF8F05-A9EC-4102-9B11-CD71A1ED7078/element body={"using":"predicate string","value":"(label CONTAINS[c] 'Unfavorite' OR name CONTAINS[c] 'Unfavorite...
14:11:52.340184 [DEBUG] WDA POST /session/BFDF8F05-A9EC-4102-9B11-CD71A1ED7078/element completed (43ms, status: 404)
14:11:52.340404 [DEBUG] WDA GET /session/BFDF8F05-A9EC-4102-9B11-CD71A1ED7078/source
14:11:52.752735 [DEBUG] WDA GET /session/BFDF8F05-A9EC-4102-9B11-CD71A1ED7078/source completed (412ms, status: 200)
14:11:52.805078 [DEBUG] WDA POST /session/BFDF8F05-A9EC-4102-9B11-CD71A1ED7078/element body={"using":"predicate string","value":"(label CONTAINS[c] 'Unfavorite' OR name CONTAINS[c] 'Unfavorite...
14:11:52.876455 [DEBUG] WDA POST /session/BFDF8F05-A9EC-4102-9B11-CD71A1ED7078/element completed (71ms, status: 200)
14:11:52.876511 [DEBUG] WDA GET /session/BFDF8F05-A9EC-4102-9B11-CD71A1ED7078/element/B7000000-0000-0000-565C-000000000000/name
14:11:52.876544 [DEBUG] WDA GET /session/BFDF8F05-A9EC-4102-9B11-CD71A1ED7078/element/B7000000-0000-0000-565C-000000000000/rect
14:11:52.876570 [DEBUG] WDA GET /session/BFDF8F05-A9EC-4102-9B11-CD71A1ED7078/element/B7000000-0000-0000-565C-000000000000/text
14:11:52.876605 [DEBUG] WDA GET /session/BFDF8F05-A9EC-4102-9B11-CD71A1ED7078/element/B7000000-0000-0000-565C-000000000000/displayed
14:11:52.910782 [DEBUG] WDA GET /session/BFDF8F05-A9EC-4102-9B11-CD71A1ED7078/element/B7000000-0000-0000-565C-000000000000/name completed (34ms, status: 200)
14:11:52.948139 [DEBUG] WDA GET /session/BFDF8F05-A9EC-4102-9B11-CD71A1ED7078/element/B7000000-0000-0000-565C-000000000000/rect completed (71ms, status: 200)
14:11:52.989753 [DEBUG] WDA GET /session/BFDF8F05-A9EC-4102-9B11-CD71A1ED7078/element/B7000000-0000-0000-565C-000000000000/displayed completed (113ms, status: 200)
14:11:53.028268 [DEBUG] WDA GET /session/BFDF8F05-A9EC-4102-9B11-CD71A1ED7078/element/B7000000-0000-0000-565C-000000000000/text completed (151ms, status: 200)
14:11:53.028318 [DEBUG] Step 3 completed successfully (732ms): assertVisible: text="Unfavorite"
14:11:53.028735 [DEBUG] Executing step 4: tapOn: text="Landmarks"
14:11:53.028968 [DEBUG] WDA POST /session/BFDF8F05-A9EC-4102-9B11-CD71A1ED7078/element body={"using":"class chain","value":"**/XCUIElementTypeSecureTextField[`(label CONTAINS[c] 'Landmarks' OR...
14:11:53.028975 [DEBUG] WDA POST /session/BFDF8F05-A9EC-4102-9B11-CD71A1ED7078/element body={"using":"class chain","value":"**/XCUIElementTypeTextField[`(label CONTAINS[c] 'Landmarks' OR value...
14:11:53.028988 [DEBUG] WDA POST /session/BFDF8F05-A9EC-4102-9B11-CD71A1ED7078/element body={"using":"predicate string","value":"((type == 'XCUIElementTypeTextField' OR type == 'XCUIElementTyp...
14:11:53.029019 [DEBUG] WDA POST /session/BFDF8F05-A9EC-4102-9B11-CD71A1ED7078/element body={"using":"class chain","value":"**/XCUIElementTypeButton[`(label ==[c] 'Landmarks' OR name ==[c] 'La...
14:11:53.061532 [DEBUG] WDA POST /session/BFDF8F05-A9EC-4102-9B11-CD71A1ED7078/element completed (32ms, status: 404)
14:11:53.093762 [DEBUG] WDA POST /session/BFDF8F05-A9EC-4102-9B11-CD71A1ED7078/element completed (64ms, status: 404)
14:11:53.160213 [DEBUG] WDA POST /session/BFDF8F05-A9EC-4102-9B11-CD71A1ED7078/element completed (131ms, status: 200)
14:11:53.226095 [DEBUG] WDA POST /session/BFDF8F05-A9EC-4102-9B11-CD71A1ED7078/element completed (197ms, status: 200)
14:11:53.226163 [DEBUG] WDA GET /session/BFDF8F05-A9EC-4102-9B11-CD71A1ED7078/element/B6000000-0000-0000-565C-000000000000/rect
14:11:53.226174 [DEBUG] WDA GET /session/BFDF8F05-A9EC-4102-9B11-CD71A1ED7078/element/B6000000-0000-0000-565C-000000000000/text
14:11:53.226214 [DEBUG] WDA GET /session/BFDF8F05-A9EC-4102-9B11-CD71A1ED7078/element/B6000000-0000-0000-565C-000000000000/name
14:11:53.226238 [DEBUG] WDA GET /session/BFDF8F05-A9EC-4102-9B11-CD71A1ED7078/element/B6000000-0000-0000-565C-000000000000/displayed
14:11:53.258792 [DEBUG] WDA GET /session/BFDF8F05-A9EC-4102-9B11-CD71A1ED7078/element/B6000000-0000-0000-565C-000000000000/rect completed (32ms, status: 200)
14:11:53.291598 [DEBUG] WDA GET /session/BFDF8F05-A9EC-4102-9B11-CD71A1ED7078/element/B6000000-0000-0000-565C-000000000000/text completed (65ms, status: 200)
14:11:53.324760 [DEBUG] WDA GET /session/BFDF8F05-A9EC-4102-9B11-CD71A1ED7078/element/B6000000-0000-0000-565C-000000000000/name completed (98ms, status: 200)
14:11:53.365361 [DEBUG] WDA GET /session/BFDF8F05-A9EC-4102-9B11-CD71A1ED7078/element/B6000000-0000-0000-565C-000000000000/displayed completed (139ms, status: 200)
14:11:53.365433 [DEBUG] WDA POST /session/BFDF8F05-A9EC-4102-9B11-CD71A1ED7078/element/B6000000-0000-0000-565C-000000000000/click body=
14:11:53.727780 [DEBUG] WDA POST /session/BFDF8F05-A9EC-4102-9B11-CD71A1ED7078/element/B6000000-0000-0000-565C-000000000000/click completed (362ms, status: 200)
14:11:53.727844 [DEBUG] Step 4 completed successfully (699ms): tapOn: text="Landmarks"
14:11:53.728425 [DEBUG] Executing step 5: tapOn: text="Favorites"
14:11:53.728809 [DEBUG] WDA POST /session/BFDF8F05-A9EC-4102-9B11-CD71A1ED7078/element body={"using":"predicate string","value":"((type == 'XCUIElementTypeTextField' OR type == 'XCUIElementTyp...
14:11:53.728825 [DEBUG] WDA POST /session/BFDF8F05-A9EC-4102-9B11-CD71A1ED7078/element body={"using":"class chain","value":"**/XCUIElementTypeButton[`(label ==[c] 'Favorites' OR name ==[c] 'Fa...
14:11:53.728850 [DEBUG] WDA POST /session/BFDF8F05-A9EC-4102-9B11-CD71A1ED7078/element body={"using":"class chain","value":"**/XCUIElementTypeSecureTextField[`(label CONTAINS[c] 'Favorites' OR...
14:11:53.728882 [DEBUG] WDA POST /session/BFDF8F05-A9EC-4102-9B11-CD71A1ED7078/element body={"using":"class chain","value":"**/XCUIElementTypeTextField[`(label CONTAINS[c] 'Favorites' OR value...
14:11:53.796578 [DEBUG] WDA POST /session/BFDF8F05-A9EC-4102-9B11-CD71A1ED7078/element completed (67ms, status: 404)
14:11:53.847681 [DEBUG] WDA POST /session/BFDF8F05-A9EC-4102-9B11-CD71A1ED7078/element completed (118ms, status: 404)
14:11:53.897432 [DEBUG] WDA POST /session/BFDF8F05-A9EC-4102-9B11-CD71A1ED7078/element completed (168ms, status: 404)
14:11:53.946992 [DEBUG] WDA POST /session/BFDF8F05-A9EC-4102-9B11-CD71A1ED7078/element completed (218ms, status: 404)
14:11:53.947455 [DEBUG] WDA POST /session/BFDF8F05-A9EC-4102-9B11-CD71A1ED7078/element body={"using":"predicate string","value":"(label == 'Favorites' OR name == 'Favorites' OR value == 'Favor...
14:11:54.007685 [DEBUG] WDA POST /session/BFDF8F05-A9EC-4102-9B11-CD71A1ED7078/element completed (60ms, status: 404)
14:11:54.007822 [DEBUG] WDA POST /session/BFDF8F05-A9EC-4102-9B11-CD71A1ED7078/element body={"using":"predicate string","value":"(label CONTAINS[c] 'Favorites' OR name CONTAINS[c] 'Favorites' ...
14:11:54.079845 [DEBUG] WDA POST /session/BFDF8F05-A9EC-4102-9B11-CD71A1ED7078/element completed (72ms, status: 404)
14:11:54.079928 [DEBUG] WDA GET /session/BFDF8F05-A9EC-4102-9B11-CD71A1ED7078/source
14:11:55.113720 [DEBUG] WDA GET /session/BFDF8F05-A9EC-4102-9B11-CD71A1ED7078/source completed (1033ms, status: 200)
14:11:55.114929 [DEBUG] WDA POST /session/BFDF8F05-A9EC-4102-9B11-CD71A1ED7078/wda/tap body={"x":201,"y":822}
14:11:55.539680 [DEBUG] WDA POST /session/BFDF8F05-A9EC-4102-9B11-CD71A1ED7078/wda/tap completed (424ms, status: 200)
14:11:55.539736 [DEBUG] Step 5 completed successfully (1811ms): tapOn: text="Favorites"
14:11:55.540086 [DEBUG] Executing step 6: assertVisible: text="Lake Tahoe"
14:11:55.540331 [DEBUG] WDA POST /session/BFDF8F05-A9EC-4102-9B11-CD71A1ED7078/element body={"using":"predicate string","value":"(label CONTAINS[c] 'Lake Tahoe' OR name CONTAINS[c] 'Lake Tahoe...
14:11:55.605942 [DEBUG] WDA POST /session/BFDF8F05-A9EC-4102-9B11-CD71A1ED7078/element completed (65ms, status: 200)
14:11:55.606004 [DEBUG] WDA GET /session/BFDF8F05-A9EC-4102-9B11-CD71A1ED7078/element/0E010000-0000-0000-565C-000000000000/name
14:11:55.606009 [DEBUG] WDA GET /session/BFDF8F05-A9EC-4102-9B11-CD71A1ED7078/element/0E010000-0000-0000-565C-000000000000/rect
14:11:55.606018 [DEBUG] WDA GET /session/BFDF8F05-A9EC-4102-9B11-CD71A1ED7078/element/0E010000-0000-0000-565C-000000000000/text
14:11:55.606030 [DEBUG] WDA GET /session/BFDF8F05-A9EC-4102-9B11-CD71A1ED7078/element/0E010000-0000-0000-565C-000000000000/displayed
14:11:55.633697 [DEBUG] WDA GET /session/BFDF8F05-A9EC-4102-9B11-CD71A1ED7078/element/0E010000-0000-0000-565C-000000000000/rect completed (27ms, status: 200)
14:11:55.662366 [DEBUG] WDA GET /session/BFDF8F05-A9EC-4102-9B11-CD71A1ED7078/element/0E010000-0000-0000-565C-000000000000/name completed (56ms, status: 200)
14:11:55.694058 [DEBUG] WDA GET /session/BFDF8F05-A9EC-4102-9B11-CD71A1ED7078/element/0E010000-0000-0000-565C-000000000000/displayed completed (88ms, status: 200)
14:11:55.720438 [DEBUG] WDA GET /session/BFDF8F05-A9EC-4102-9B11-CD71A1ED7078/element/0E010000-0000-0000-565C-000000000000/text completed (114ms, status: 200)
14:11:55.720491 [DEBUG] Step 6 completed successfully (180ms): assertVisible: text="Lake Tahoe"
14:11:55.720865 [DEBUG] Executing step 7: takeScreenshot
14:11:55.721053 [DEBUG] WDA GET /session/BFDF8F05-A9EC-4102-9B11-CD71A1ED7078/screenshot
14:11:55.791430 [DEBUG] WDA GET /session/BFDF8F05-A9EC-4102-9B11-CD71A1ED7078/screenshot completed (70ms, status: 200)
14:11:55.792646 [DEBUG] Step 7 completed successfully (71ms): takeScreenshot
14:11:55.792901 [DEBUG] Executing step 8: swipe: LEFT
14:11:55.793076 [DEBUG] WDA POST /session/BFDF8F05-A9EC-4102-9B11-CD71A1ED7078/wda/dragfromtoforduration body={"duration":0.1,"fromX":361.8,"fromY":437,"toX":40.2,"toY":437}
14:11:56.897372 [DEBUG] WDA POST /session/BFDF8F05-A9EC-4102-9B11-CD71A1ED7078/wda/dragfromtoforduration completed (1104ms, status: 200)
14:11:56.897415 [DEBUG] Step 8 completed successfully (1104ms): swipe: LEFT
14:11:56.897773 [DEBUG] Executing step 9: tapOn: text="Remove"
14:11:56.898004 [DEBUG] WDA POST /session/BFDF8F05-A9EC-4102-9B11-CD71A1ED7078/element body={"using":"predicate string","value":"((type == 'XCUIElementTypeTextField' OR type == 'XCUIElementTyp...
14:11:56.898017 [DEBUG] WDA POST /session/BFDF8F05-A9EC-4102-9B11-CD71A1ED7078/element body={"using":"class chain","value":"**/XCUIElementTypeTextField[`(label CONTAINS[c] 'Remove' OR value CO...
14:11:56.898024 [DEBUG] WDA POST /session/BFDF8F05-A9EC-4102-9B11-CD71A1ED7078/element body={"using":"class chain","value":"**/XCUIElementTypeSecureTextField[`(label CONTAINS[c] 'Remove' OR va...
14:11:56.898074 [DEBUG] WDA POST /session/BFDF8F05-A9EC-4102-9B11-CD71A1ED7078/element body={"using":"class chain","value":"**/XCUIElementTypeButton[`(label ==[c] 'Remove' OR name ==[c] 'Remov...
14:11:56.923106 [DEBUG] WDA POST /session/BFDF8F05-A9EC-4102-9B11-CD71A1ED7078/element completed (25ms, status: 404)
14:11:56.947344 [DEBUG] WDA POST /session/BFDF8F05-A9EC-4102-9B11-CD71A1ED7078/element completed (49ms, status: 404)
14:11:56.971537 [DEBUG] WDA POST /session/BFDF8F05-A9EC-4102-9B11-CD71A1ED7078/element completed (73ms, status: 404)
14:11:56.993788 [DEBUG] WDA POST /session/BFDF8F05-A9EC-4102-9B11-CD71A1ED7078/element completed (95ms, status: 404)
14:11:56.993881 [DEBUG] WDA POST /session/BFDF8F05-A9EC-4102-9B11-CD71A1ED7078/element body={"using":"predicate string","value":"(label == 'Remove' OR name == 'Remove' OR value == 'Remove')"}
14:11:57.019431 [DEBUG] WDA POST /session/BFDF8F05-A9EC-4102-9B11-CD71A1ED7078/element completed (25ms, status: 404)
14:11:57.019521 [DEBUG] WDA POST /session/BFDF8F05-A9EC-4102-9B11-CD71A1ED7078/element body={"using":"predicate string","value":"(label CONTAINS[c] 'Remove' OR name CONTAINS[c] 'Remove' OR val...
14:11:57.048356 [DEBUG] WDA POST /session/BFDF8F05-A9EC-4102-9B11-CD71A1ED7078/element completed (28ms, status: 404)
14:11:57.048430 [DEBUG] WDA GET /session/BFDF8F05-A9EC-4102-9B11-CD71A1ED7078/source
14:11:57.279477 [DEBUG] WDA GET /session/BFDF8F05-A9EC-4102-9B11-CD71A1ED7078/source completed (231ms, status: 200)
14:11:57.279856 [DEBUG] WDA POST /session/BFDF8F05-A9EC-4102-9B11-CD71A1ED7078/element body={"using":"predicate string","value":"((type == 'XCUIElementTypeTextField' OR type == 'XCUIElementTyp...
14:11:57.279878 [DEBUG] WDA POST /session/BFDF8F05-A9EC-4102-9B11-CD71A1ED7078/element body={"using":"class chain","value":"**/XCUIElementTypeSecureTextField[`(label CONTAINS[c] 'Remove' OR va...
14:11:57.279895 [DEBUG] WDA POST /session/BFDF8F05-A9EC-4102-9B11-CD71A1ED7078/element body={"using":"class chain","value":"**/XCUIElementTypeTextField[`(label CONTAINS[c] 'Remove' OR value CO...
14:11:57.279920 [DEBUG] WDA POST /session/BFDF8F05-A9EC-4102-9B11-CD71A1ED7078/element body={"using":"class chain","value":"**/XCUIElementTypeButton[`(label ==[c] 'Remove' OR name ==[c] 'Remov...
14:11:57.318864 [DEBUG] WDA POST /session/BFDF8F05-A9EC-4102-9B11-CD71A1ED7078/element completed (39ms, status: 404)
14:11:57.342619 [DEBUG] WDA POST /session/BFDF8F05-A9EC-4102-9B11-CD71A1ED7078/element completed (62ms, status: 404)
14:11:57.365161 [DEBUG] WDA POST /session/BFDF8F05-A9EC-4102-9B11-CD71A1ED7078/element completed (85ms, status: 404)
14:11:57.387952 [DEBUG] WDA POST /session/BFDF8F05-A9EC-4102-9B11-CD71A1ED7078/element completed (108ms, status: 404)
14:11:57.388061 [DEBUG] WDA POST /session/BFDF8F05-A9EC-4102-9B11-CD71A1ED7078/element body={"using":"predicate string","value":"(label == 'Remove' OR name == 'Remove' OR value == 'Remove')"}
14:11:57.413859 [DEBUG] WDA POST /session/BFDF8F05-A9EC-4102-9B11-CD71A1ED7078/element completed (25ms, status: 404)
14:11:57.413951 [DEBUG] WDA POST /session/BFDF8F05-A9EC-4102-9B11-CD71A1ED7078/element body={"using":"predicate string","value":"(label CONTAINS[c] 'Remove' OR name CONTAINS[c] 'Remove' OR val...
14:11:57.439885 [DEBUG] WDA POST /session/BFDF8F05-A9EC-4102-9B11-CD71A1ED7078/element completed (25ms, status: 404)
14:11:57.439970 [DEBUG] WDA GET /session/BFDF8F05-A9EC-4102-9B11-CD71A1ED7078/source
14:11:57.671673 [DEBUG] WDA GET /session/BFDF8F05-A9EC-4102-9B11-CD71A1ED7078/source completed (231ms, status: 200)
14:11:57.672056 [DEBUG] WDA POST /session/BFDF8F05-A9EC-4102-9B11-CD71A1ED7078/element body={"using":"class chain","value":"**/XCUIElementTypeButton[`(label ==[c] 'Remove' OR name ==[c] 'Remov...
14:11:57.672063 [DEBUG] WDA POST /session/BFDF8F05-A9EC-4102-9B11-CD71A1ED7078/element body={"using":"class chain","value":"**/XCUIElementTypeSecureTextField[`(label CONTAINS[c] 'Remove' OR va...
14:11:57.672077 [DEBUG] WDA POST /session/BFDF8F05-A9EC-4102-9B11-CD71A1ED7078/element body={"using":"predicate string","value":"((type == 'XCUIElementTypeTextField' OR type == 'XCUIElementTyp...
14:11:57.672095 [DEBUG] WDA POST /session/BFDF8F05-A9EC-4102-9B11-CD71A1ED7078/element body={"using":"class chain","value":"**/XCUIElementTypeTextField[`(label CONTAINS[c] 'Remove' OR value CO...
14:11:57.694311 [DEBUG] WDA POST /session/BFDF8F05-A9EC-4102-9B11-CD71A1ED7078/element completed (22ms, status: 404)
14:11:57.716723 [DEBUG] WDA POST /session/BFDF8F05-A9EC-4102-9B11-CD71A1ED7078/element completed (44ms, status: 404)
14:11:57.738481 [DEBUG] WDA POST /session/BFDF8F05-A9EC-4102-9B11-CD71A1ED7078/element completed (66ms, status: 404)
14:11:57.761566 [DEBUG] WDA POST /session/BFDF8F05-A9EC-4102-9B11-CD71A1ED7078/element completed (89ms, status: 404)
14:11:57.761646 [DEBUG] WDA POST /session/BFDF8F05-A9EC-4102-9B11-CD71A1ED7078/element body={"using":"predicate string","value":"(label == 'Remove' OR name == 'Remove' OR value == 'Remove')"}
14:11:57.786420 [DEBUG] WDA POST /session/BFDF8F05-A9EC-4102-9B11-CD71A1ED7078/element completed (24ms, status: 404)
14:11:57.786488 [DEBUG] WDA POST /session/BFDF8F05-A9EC-4102-9B11-CD71A1ED7078/element body={"using":"predicate string","value":"(label CONTAINS[c] 'Remove' OR name CONTAINS[c] 'Remove' OR val...
14:11:57.810958 [DEBUG] WDA POST /session/BFDF8F05-A9EC-4102-9B11-CD71A1ED7078/element completed (24ms, status: 404)
14:11:57.811085 [DEBUG] WDA GET /session/BFDF8F05-A9EC-4102-9B11-CD71A1ED7078/source
14:11:58.051540 [DEBUG] WDA GET /session/BFDF8F05-A9EC-4102-9B11-CD71A1ED7078/source completed (240ms, status: 200)
14:11:58.051923 [DEBUG] WDA POST /session/BFDF8F05-A9EC-4102-9B11-CD71A1ED7078/element body={"using":"predicate string","value":"((type == 'XCUIElementTypeTextField' OR type == 'XCUIElementTyp...
14:11:58.051934 [DEBUG] WDA POST /session/BFDF8F05-A9EC-4102-9B11-CD71A1ED7078/element body={"using":"class chain","value":"**/XCUIElementTypeButton[`(label ==[c] 'Remove' OR name ==[c] 'Remov...
14:11:58.051952 [DEBUG] WDA POST /session/BFDF8F05-A9EC-4102-9B11-CD71A1ED7078/element body={"using":"class chain","value":"**/XCUIElementTypeSecureTextField[`(label CONTAINS[c] 'Remove' OR va...
14:11:58.051975 [DEBUG] WDA POST /session/BFDF8F05-A9EC-4102-9B11-CD71A1ED7078/element body={"using":"class chain","value":"**/XCUIElementTypeTextField[`(label CONTAINS[c] 'Remove' OR value CO...
14:11:58.075583 [DEBUG] WDA POST /session/BFDF8F05-A9EC-4102-9B11-CD71A1ED7078/element completed (23ms, status: 404)
14:11:58.098209 [DEBUG] WDA POST /session/BFDF8F05-A9EC-4102-9B11-CD71A1ED7078/element completed (46ms, status: 404)
14:11:58.120506 [DEBUG] WDA POST /session/BFDF8F05-A9EC-4102-9B11-CD71A1ED7078/element completed (68ms, status: 404)
14:11:58.142568 [DEBUG] WDA POST /session/BFDF8F05-A9EC-4102-9B11-CD71A1ED7078/element completed (90ms, status: 404)
14:11:58.142655 [DEBUG] WDA POST /session/BFDF8F05-A9EC-4102-9B11-CD71A1ED7078/element body={"using":"predicate string","value":"(label == 'Remove' OR name == 'Remove' OR value == 'Remove')"}
14:11:58.166982 [DEBUG] WDA POST /session/BFDF8F05-A9EC-4102-9B11-CD71A1ED7078/element completed (24ms, status: 404)
14:11:58.167051 [DEBUG] WDA POST /session/BFDF8F05-A9EC-4102-9B11-CD71A1ED7078/element body={"using":"predicate string","value":"(label CONTAINS[c] 'Remove' OR name CONTAINS[c] 'Remove' OR val...
14:11:58.191604 [DEBUG] WDA POST /session/BFDF8F05-A9EC-4102-9B11-CD71A1ED7078/element completed (24ms, status: 404)
14:11:58.191672 [DEBUG] WDA GET /session/BFDF8F05-A9EC-4102-9B11-CD71A1ED7078/source
14:11:58.436888 [DEBUG] WDA GET /session/BFDF8F05-A9EC-4102-9B11-CD71A1ED7078/source completed (245ms, status: 200)
14:11:58.437266 [DEBUG] WDA POST /session/BFDF8F05-A9EC-4102-9B11-CD71A1ED7078/element body={"using":"predicate string","value":"((type == 'XCUIElementTypeTextField' OR type == 'XCUIElementTyp...
14:11:58.437272 [DEBUG] WDA POST /session/BFDF8F05-A9EC-4102-9B11-CD71A1ED7078/element body={"using":"class chain","value":"**/XCUIElementTypeSecureTextField[`(label CONTAINS[c] 'Remove' OR va...
14:11:58.437288 [DEBUG] WDA POST /session/BFDF8F05-A9EC-4102-9B11-CD71A1ED7078/element body={"using":"class chain","value":"**/XCUIElementTypeTextField[`(label CONTAINS[c] 'Remove' OR value CO...
14:11:58.437310 [DEBUG] WDA POST /session/BFDF8F05-A9EC-4102-9B11-CD71A1ED7078/element body={"using":"class chain","value":"**/XCUIElementTypeButton[`(label ==[c] 'Remove' OR name ==[c] 'Remov...
14:11:58.460403 [DEBUG] WDA POST /session/BFDF8F05-A9EC-4102-9B11-CD71A1ED7078/element completed (23ms, status: 404)
14:11:58.483852 [DEBUG] WDA POST /session/BFDF8F05-A9EC-4102-9B11-CD71A1ED7078/element completed (46ms, status: 404)
14:11:58.507680 [DEBUG] WDA POST /session/BFDF8F05-A9EC-4102-9B11-CD71A1ED7078/element completed (70ms, status: 404)
14:11:58.530519 [DEBUG] WDA POST /session/BFDF8F05-A9EC-4102-9B11-CD71A1ED7078/element completed (93ms, status: 404)
14:11:58.530620 [DEBUG] WDA POST /session/BFDF8F05-A9EC-4102-9B11-CD71A1ED7078/element body={"using":"predicate string","value":"(label == 'Remove' OR name == 'Remove' OR value == 'Remove')"}
14:11:58.555861 [DEBUG] WDA POST /session/BFDF8F05-A9EC-4102-9B11-CD71A1ED7078/element completed (25ms, status: 404)
14:11:58.555932 [DEBUG] WDA POST /session/BFDF8F05-A9EC-4102-9B11-CD71A1ED7078/element body={"using":"predicate string","value":"(label CONTAINS[c] 'Remove' OR name CONTAINS[c] 'Remove' OR val...
14:11:58.581199 [DEBUG] WDA POST /session/BFDF8F05-A9EC-4102-9B11-CD71A1ED7078/element completed (25ms, status: 404)
14:11:58.581270 [DEBUG] WDA GET /session/BFDF8F05-A9EC-4102-9B11-CD71A1ED7078/source
14:11:58.801195 [DEBUG] WDA GET /session/BFDF8F05-A9EC-4102-9B11-CD71A1ED7078/source completed (219ms, status: 200)
14:11:58.801601 [DEBUG] WDA POST /session/BFDF8F05-A9EC-4102-9B11-CD71A1ED7078/element body={"using":"predicate string","value":"((type == 'XCUIElementTypeTextField' OR type == 'XCUIElementTyp...
14:11:58.801624 [DEBUG] WDA POST /session/BFDF8F05-A9EC-4102-9B11-CD71A1ED7078/element body={"using":"class chain","value":"**/XCUIElementTypeSecureTextField[`(label CONTAINS[c] 'Remove' OR va...
14:11:58.801648 [DEBUG] WDA POST /session/BFDF8F05-A9EC-4102-9B11-CD71A1ED7078/element body={"using":"class chain","value":"**/XCUIElementTypeTextField[`(label CONTAINS[c] 'Remove' OR value CO...
14:11:58.801671 [DEBUG] WDA POST /session/BFDF8F05-A9EC-4102-9B11-CD71A1ED7078/element body={"using":"class chain","value":"**/XCUIElementTypeButton[`(label ==[c] 'Remove' OR name ==[c] 'Remov...
14:11:58.825276 [DEBUG] WDA POST /session/BFDF8F05-A9EC-4102-9B11-CD71A1ED7078/element completed (23ms, status: 404)
14:11:58.848369 [DEBUG] WDA POST /session/BFDF8F05-A9EC-4102-9B11-CD71A1ED7078/element completed (46ms, status: 404)
14:11:58.870506 [DEBUG] WDA POST /session/BFDF8F05-A9EC-4102-9B11-CD71A1ED7078/element completed (68ms, status: 404)
14:11:58.892801 [DEBUG] WDA POST /session/BFDF8F05-A9EC-4102-9B11-CD71A1ED7078/element completed (91ms, status: 404)
14:11:58.892888 [DEBUG] WDA POST /session/BFDF8F05-A9EC-4102-9B11-CD71A1ED7078/element body={"using":"predicate string","value":"(label == 'Remove' OR name == 'Remove' OR value == 'Remove')"}
14:11:58.917764 [DEBUG] WDA POST /session/BFDF8F05-A9EC-4102-9B11-CD71A1ED7078/element completed (24ms, status: 404)
14:11:58.917846 [DEBUG] WDA POST /session/BFDF8F05-A9EC-4102-9B11-CD71A1ED7078/element body={"using":"predicate string","value":"(label CONTAINS[c] 'Remove' OR name CONTAINS[c] 'Remove' OR val...
14:11:58.942642 [DEBUG] WDA POST /session/BFDF8F05-A9EC-4102-9B11-CD71A1ED7078/element completed (24ms, status: 404)
14:11:58.942714 [DEBUG] WDA GET /session/BFDF8F05-A9EC-4102-9B11-CD71A1ED7078/source
14:11:59.174557 [DEBUG] WDA GET /session/BFDF8F05-A9EC-4102-9B11-CD71A1ED7078/source completed (231ms, status: 200)
14:11:59.174935 [DEBUG] WDA POST /session/BFDF8F05-A9EC-4102-9B11-CD71A1ED7078/element body={"using":"class chain","value":"**/XCUIElementTypeSecureTextField[`(label CONTAINS[c] 'Remove' OR va...
14:11:59.174961 [DEBUG] WDA POST /session/BFDF8F05-A9EC-4102-9B11-CD71A1ED7078/element body={"using":"class chain","value":"**/XCUIElementTypeButton[`(label ==[c] 'Remove' OR name ==[c] 'Remov...
14:11:59.175023 [DEBUG] WDA POST /session/BFDF8F05-A9EC-4102-9B11-CD71A1ED7078/element body={"using":"predicate string","value":"((type == 'XCUIElementTypeTextField' OR type == 'XCUIElementTyp...
14:11:59.175049 [DEBUG] WDA POST /session/BFDF8F05-A9EC-4102-9B11-CD71A1ED7078/element body={"using":"class chain","value":"**/XCUIElementTypeTextField[`(label CONTAINS[c] 'Remove' OR value CO...
14:11:59.197572 [DEBUG] WDA POST /session/BFDF8F05-A9EC-4102-9B11-CD71A1ED7078/element completed (22ms, status: 404)
14:11:59.221640 [DEBUG] WDA POST /session/BFDF8F05-A9EC-4102-9B11-CD71A1ED7078/element completed (46ms, status: 404)
14:11:59.245937 [DEBUG] WDA POST /session/BFDF8F05-A9EC-4102-9B11-CD71A1ED7078/element completed (70ms, status: 404)
14:11:59.270409 [DEBUG] WDA POST /session/BFDF8F05-A9EC-4102-9B11-CD71A1ED7078/element completed (95ms, status: 404)
14:11:59.270584 [DEBUG] WDA POST /session/BFDF8F05-A9EC-4102-9B11-CD71A1ED7078/element body={"using":"predicate string","value":"(label == 'Remove' OR name == 'Remove' OR value == 'Remove')"}
14:11:59.296745 [DEBUG] WDA POST /session/BFDF8F05-A9EC-4102-9B11-CD71A1ED7078/element completed (26ms, status: 404)
14:11:59.296819 [DEBUG] WDA POST /session/BFDF8F05-A9EC-4102-9B11-CD71A1ED7078/element body={"using":"predicate string","value":"(label CONTAINS[c] 'Remove' OR name CONTAINS[c] 'Remove' OR val...
14:11:59.346390 [DEBUG] WDA POST /session/BFDF8F05-A9EC-4102-9B11-CD71A1ED7078/element completed (49ms, status: 404)
14:11:59.346466 [DEBUG] WDA GET /session/BFDF8F05-A9EC-4102-9B11-CD71A1ED7078/source
14:11:59.574726 [DEBUG] WDA GET /session/BFDF8F05-A9EC-4102-9B11-CD71A1ED7078/source completed (228ms, status: 200)
14:11:59.575095 [DEBUG] WDA POST /session/BFDF8F05-A9EC-4102-9B11-CD71A1ED7078/element body={"using":"class chain","value":"**/XCUIElementTypeSecureTextField[`(label CONTAINS[c] 'Remove' OR va...
14:11:59.575102 [DEBUG] WDA POST /session/BFDF8F05-A9EC-4102-9B11-CD71A1ED7078/element body={"using":"class chain","value":"**/XCUIElementTypeTextField[`(label CONTAINS[c] 'Remove' OR value CO...
14:11:59.575110 [DEBUG] WDA POST /session/BFDF8F05-A9EC-4102-9B11-CD71A1ED7078/element body={"using":"class chain","value":"**/XCUIElementTypeButton[`(label ==[c] 'Remove' OR name ==[c] 'Remov...
14:11:59.575119 [DEBUG] WDA POST /session/BFDF8F05-A9EC-4102-9B11-CD71A1ED7078/element body={"using":"predicate string","value":"((type == 'XCUIElementTypeTextField' OR type == 'XCUIElementTyp...
14:11:59.597439 [DEBUG] WDA POST /session/BFDF8F05-A9EC-4102-9B11-CD71A1ED7078/element completed (22ms, status: 404)
14:11:59.619721 [DEBUG] WDA POST /session/BFDF8F05-A9EC-4102-9B11-CD71A1ED7078/element completed (44ms, status: 404)
14:11:59.644335 [DEBUG] WDA POST /session/BFDF8F05-A9EC-4102-9B11-CD71A1ED7078/element completed (69ms, status: 404)
14:11:59.668004 [DEBUG] WDA POST /session/BFDF8F05-A9EC-4102-9B11-CD71A1ED7078/element completed (92ms, status: 404)
14:11:59.668100 [DEBUG] WDA POST /session/BFDF8F05-A9EC-4102-9B11-CD71A1ED7078/element body={"using":"predicate string","value":"(label == 'Remove' OR name == 'Remove' OR value == 'Remove')"}
14:11:59.692534 [DEBUG] WDA POST /session/BFDF8F05-A9EC-4102-9B11-CD71A1ED7078/element completed (24ms, status: 404)
14:11:59.692613 [DEBUG] WDA POST /session/BFDF8F05-A9EC-4102-9B11-CD71A1ED7078/element body={"using":"predicate string","value":"(label CONTAINS[c] 'Remove' OR name CONTAINS[c] 'Remove' OR val...
14:11:59.717279 [DEBUG] WDA POST /session/BFDF8F05-A9EC-4102-9B11-CD71A1ED7078/element completed (24ms, status: 404)
14:11:59.717349 [DEBUG] WDA GET /session/BFDF8F05-A9EC-4102-9B11-CD71A1ED7078/source
14:11:59.976516 [DEBUG] WDA GET /session/BFDF8F05-A9EC-4102-9B11-CD71A1ED7078/source completed (259ms, status: 200)
14:11:59.977337 [DEBUG] WDA POST /session/BFDF8F05-A9EC-4102-9B11-CD71A1ED7078/element body={"using":"predicate string","value":"((type == 'XCUIElementTypeTextField' OR type == 'XCUIElementTyp...
14:11:59.977352 [DEBUG] WDA POST /session/BFDF8F05-A9EC-4102-9B11-CD71A1ED7078/element body={"using":"class chain","value":"**/XCUIElementTypeTextField[`(label CONTAINS[c] 'Remove' OR value CO...
14:11:59.977360 [DEBUG] WDA POST /session/BFDF8F05-A9EC-4102-9B11-CD71A1ED7078/element body={"using":"class chain","value":"**/XCUIElementTypeSecureTextField[`(label CONTAINS[c] 'Remove' OR va...
14:11:59.977412 [DEBUG] WDA POST /session/BFDF8F05-A9EC-4102-9B11-CD71A1ED7078/element body={"using":"class chain","value":"**/XCUIElementTypeButton[`(label ==[c] 'Remove' OR name ==[c] 'Remov...
14:12:00.001713 [DEBUG] WDA POST /session/BFDF8F05-A9EC-4102-9B11-CD71A1ED7078/element completed (24ms, status: 404)
14:12:00.029351 [DEBUG] WDA POST /session/BFDF8F05-A9EC-4102-9B11-CD71A1ED7078/element completed (52ms, status: 404)
14:12:00.054035 [DEBUG] WDA POST /session/BFDF8F05-A9EC-4102-9B11-CD71A1ED7078/element completed (76ms, status: 404)
14:12:00.078783 [DEBUG] WDA POST /session/BFDF8F05-A9EC-4102-9B11-CD71A1ED7078/element completed (101ms, status: 404)
14:12:00.078877 [DEBUG] WDA POST /session/BFDF8F05-A9EC-4102-9B11-CD71A1ED7078/element body={"using":"predicate string","value":"(label == 'Remove' OR name == 'Remove' OR value == 'Remove')"}
14:12:00.105109 [DEBUG] WDA POST /session/BFDF8F05-A9EC-4102-9B11-CD71A1ED7078/element completed (26ms, status: 404)
14:12:00.105201 [DEBUG] WDA POST /session/BFDF8F05-A9EC-4102-9B11-CD71A1ED7078/element body={"using":"predicate string","value":"(label CONTAINS[c] 'Remove' OR name CONTAINS[c] 'Remove' OR val...
14:12:00.130424 [DEBUG] WDA POST /session/BFDF8F05-A9EC-4102-9B11-CD71A1ED7078/element completed (25ms, status: 404)
14:12:00.130497 [DEBUG] WDA GET /session/BFDF8F05-A9EC-4102-9B11-CD71A1ED7078/source
14:12:00.363545 [DEBUG] WDA GET /session/BFDF8F05-A9EC-4102-9B11-CD71A1ED7078/source completed (233ms, status: 200)
14:12:00.363954 [DEBUG] WDA POST /session/BFDF8F05-A9EC-4102-9B11-CD71A1ED7078/element body={"using":"predicate string","value":"((type == 'XCUIElementTypeTextField' OR type == 'XCUIElementTyp...
14:12:00.364000 [DEBUG] WDA POST /session/BFDF8F05-A9EC-4102-9B11-CD71A1ED7078/element body={"using":"class chain","value":"**/XCUIElementTypeSecureTextField[`(label CONTAINS[c] 'Remove' OR va...
14:12:00.364050 [DEBUG] WDA POST /session/BFDF8F05-A9EC-4102-9B11-CD71A1ED7078/element body={"using":"class chain","value":"**/XCUIElementTypeButton[`(label ==[c] 'Remove' OR name ==[c] 'Remov...
14:12:00.364117 [DEBUG] WDA POST /session/BFDF8F05-A9EC-4102-9B11-CD71A1ED7078/element body={"using":"class chain","value":"**/XCUIElementTypeTextField[`(label CONTAINS[c] 'Remove' OR value CO...
14:12:00.388550 [DEBUG] WDA POST /session/BFDF8F05-A9EC-4102-9B11-CD71A1ED7078/element completed (24ms, status: 404)
14:12:00.415163 [DEBUG] WDA POST /session/BFDF8F05-A9EC-4102-9B11-CD71A1ED7078/element completed (51ms, status: 404)
14:12:00.458663 [DEBUG] WDA POST /session/BFDF8F05-A9EC-4102-9B11-CD71A1ED7078/element completed (94ms, status: 404)
14:12:00.495033 [DEBUG] WDA POST /session/BFDF8F05-A9EC-4102-9B11-CD71A1ED7078/element completed (131ms, status: 404)
14:12:00.495128 [DEBUG] WDA POST /session/BFDF8F05-A9EC-4102-9B11-CD71A1ED7078/element body={"using":"predicate string","value":"(label == 'Remove' OR name == 'Remove' OR value == 'Remove')"}
14:12:00.527469 [DEBUG] WDA POST /session/BFDF8F05-A9EC-4102-9B11-CD71A1ED7078/element completed (32ms, status: 404)
14:12:00.527546 [DEBUG] WDA POST /session/BFDF8F05-A9EC-4102-9B11-CD71A1ED7078/element body={"using":"predicate string","value":"(label CONTAINS[c] 'Remove' OR name CONTAINS[c] 'Remove' OR val...
14:12:00.555555 [DEBUG] WDA POST /session/BFDF8F05-A9EC-4102-9B11-CD71A1ED7078/element completed (28ms, status: 404)
14:12:00.555634 [DEBUG] WDA GET /session/BFDF8F05-A9EC-4102-9B11-CD71A1ED7078/source
14:12:00.800308 [DEBUG] WDA GET /session/BFDF8F05-A9EC-4102-9B11-CD71A1ED7078/source completed (244ms, status: 200)
14:12:00.800674 [DEBUG] WDA POST /session/BFDF8F05-A9EC-4102-9B11-CD71A1ED7078/element body={"using":"predicate string","value":"((type == 'XCUIElementTypeTextField' OR type == 'XCUIElementTyp...
14:12:00.800688 [DEBUG] WDA POST /session/BFDF8F05-A9EC-4102-9B11-CD71A1ED7078/element body={"using":"class chain","value":"**/XCUIElementTypeSecureTextField[`(label CONTAINS[c] 'Remove' OR va...
14:12:00.800705 [DEBUG] WDA POST /session/BFDF8F05-A9EC-4102-9B11-CD71A1ED7078/element body={"using":"class chain","value":"**/XCUIElementTypeTextField[`(label CONTAINS[c] 'Remove' OR value CO...
14:12:00.800729 [DEBUG] WDA POST /session/BFDF8F05-A9EC-4102-9B11-CD71A1ED7078/element body={"using":"class chain","value":"**/XCUIElementTypeButton[`(label ==[c] 'Remove' OR name ==[c] 'Remov...
14:12:00.825050 [DEBUG] WDA POST /session/BFDF8F05-A9EC-4102-9B11-CD71A1ED7078/element completed (24ms, status: 404)
14:12:00.848072 [DEBUG] WDA POST /session/BFDF8F05-A9EC-4102-9B11-CD71A1ED7078/element completed (47ms, status: 404)
14:12:00.871644 [DEBUG] WDA POST /session/BFDF8F05-A9EC-4102-9B11-CD71A1ED7078/element completed (70ms, status: 404)
14:12:00.895352 [DEBUG] WDA POST /session/BFDF8F05-A9EC-4102-9B11-CD71A1ED7078/element completed (94ms, status: 404)
14:12:00.895451 [DEBUG] WDA POST /session/BFDF8F05-A9EC-4102-9B11-CD71A1ED7078/element body={"using":"predicate string","value":"(label == 'Remove' OR name == 'Remove' OR value == 'Remove')"}
14:12:00.921972 [DEBUG] WDA POST /session/BFDF8F05-A9EC-4102-9B11-CD71A1ED7078/element completed (26ms, status: 404)
14:12:00.922058 [DEBUG] WDA POST /session/BFDF8F05-A9EC-4102-9B11-CD71A1ED7078/element body={"using":"predicate string","value":"(label CONTAINS[c] 'Remove' OR name CONTAINS[c] 'Remove' OR val...
14:12:00.948088 [DEBUG] WDA POST /session/BFDF8F05-A9EC-4102-9B11-CD71A1ED7078/element completed (26ms, status: 404)
14:12:00.948161 [DEBUG] WDA GET /session/BFDF8F05-A9EC-4102-9B11-CD71A1ED7078/source
14:12:01.194884 [DEBUG] WDA GET /session/BFDF8F05-A9EC-4102-9B11-CD71A1ED7078/source completed (246ms, status: 200)
14:12:01.195633 [DEBUG] WDA POST /session/BFDF8F05-A9EC-4102-9B11-CD71A1ED7078/element body={"using":"class chain","value":"**/XCUIElementTypeSecureTextField[`(label CONTAINS[c] 'Remove' OR va...
14:12:01.195648 [DEBUG] WDA POST /session/BFDF8F05-A9EC-4102-9B11-CD71A1ED7078/element body={"using":"class chain","value":"**/XCUIElementTypeButton[`(label ==[c] 'Remove' OR name ==[c] 'Remov...
14:12:01.195663 [DEBUG] WDA POST /session/BFDF8F05-A9EC-4102-9B11-CD71A1ED7078/element body={"using":"predicate string","value":"((type == 'XCUIElementTypeTextField' OR type == 'XCUIElementTyp...
14:12:01.195685 [DEBUG] WDA POST /session/BFDF8F05-A9EC-4102-9B11-CD71A1ED7078/element body={"using":"class chain","value":"**/XCUIElementTypeTextField[`(label CONTAINS[c] 'Remove' OR value CO...
14:12:01.219198 [DEBUG] WDA POST /session/BFDF8F05-A9EC-4102-9B11-CD71A1ED7078/element completed (23ms, status: 404)
14:12:01.242195 [DEBUG] WDA POST /session/BFDF8F05-A9EC-4102-9B11-CD71A1ED7078/element completed (46ms, status: 404)
14:12:01.266597 [DEBUG] WDA POST /session/BFDF8F05-A9EC-4102-9B11-CD71A1ED7078/element completed (70ms, status: 404)
14:12:01.290573 [DEBUG] WDA POST /session/BFDF8F05-A9EC-4102-9B11-CD71A1ED7078/element completed (94ms, status: 404)
14:12:01.290666 [DEBUG] WDA POST /session/BFDF8F05-A9EC-4102-9B11-CD71A1ED7078/element body={"using":"predicate string","value":"(label == 'Remove' OR name == 'Remove' OR value == 'Remove')"}
14:12:01.316408 [DEBUG] WDA POST /session/BFDF8F05-A9EC-4102-9B11-CD71A1ED7078/element completed (25ms, status: 404)
14:12:01.316488 [DEBUG] WDA POST /session/BFDF8F05-A9EC-4102-9B11-CD71A1ED7078/element body={"using":"predicate string","value":"(label CONTAINS[c] 'Remove' OR name CONTAINS[c] 'Remove' OR val...
14:12:01.342059 [DEBUG] WDA POST /session/BFDF8F05-A9EC-4102-9B11-CD71A1ED7078/element completed (25ms, status: 404)
14:12:01.342157 [DEBUG] WDA GET /session/BFDF8F05-A9EC-4102-9B11-CD71A1ED7078/source
14:12:01.595048 [DEBUG] WDA GET /session/BFDF8F05-A9EC-4102-9B11-CD71A1ED7078/source completed (252ms, status: 200)
14:12:01.595453 [DEBUG] WDA POST /session/BFDF8F05-A9EC-4102-9B11-CD71A1ED7078/element body={"using":"predicate string","value":"((type == 'XCUIElementTypeTextField' OR type == 'XCUIElementTyp...
14:12:01.595464 [DEBUG] WDA POST /session/BFDF8F05-A9EC-4102-9B11-CD71A1ED7078/element body={"using":"class chain","value":"**/XCUIElementTypeTextField[`(label CONTAINS[c] 'Remove' OR value CO...
14:12:01.595490 [DEBUG] WDA POST /session/BFDF8F05-A9EC-4102-9B11-CD71A1ED7078/element body={"using":"class chain","value":"**/XCUIElementTypeSecureTextField[`(label CONTAINS[c] 'Remove' OR va...
14:12:01.595525 [DEBUG] WDA POST /session/BFDF8F05-A9EC-4102-9B11-CD71A1ED7078/element body={"using":"class chain","value":"**/XCUIElementTypeButton[`(label ==[c] 'Remove' OR name ==[c] 'Remov...
14:12:01.620981 [DEBUG] WDA POST /session/BFDF8F05-A9EC-4102-9B11-CD71A1ED7078/element completed (25ms, status: 404)
14:12:01.647159 [DEBUG] WDA POST /session/BFDF8F05-A9EC-4102-9B11-CD71A1ED7078/element completed (51ms, status: 404)
14:12:01.671359 [DEBUG] WDA POST /session/BFDF8F05-A9EC-4102-9B11-CD71A1ED7078/element completed (75ms, status: 404)
14:12:01.695554 [DEBUG] WDA POST /session/BFDF8F05-A9EC-4102-9B11-CD71A1ED7078/element completed (100ms, status: 404)
14:12:01.695681 [DEBUG] WDA POST /session/BFDF8F05-A9EC-4102-9B11-CD71A1ED7078/element body={"using":"predicate string","value":"(label == 'Remove' OR name == 'Remove' OR value == 'Remove')"}
14:12:01.723147 [DEBUG] WDA POST /session/BFDF8F05-A9EC-4102-9B11-CD71A1ED7078/element completed (27ms, status: 404)
14:12:01.723234 [DEBUG] WDA POST /session/BFDF8F05-A9EC-4102-9B11-CD71A1ED7078/element body={"using":"predicate string","value":"(label CONTAINS[c] 'Remove' OR name CONTAINS[c] 'Remove' OR val...
14:12:01.750482 [DEBUG] WDA POST /session/BFDF8F05-A9EC-4102-9B11-CD71A1ED7078/element completed (27ms, status: 404)
14:12:01.750565 [DEBUG] WDA GET /session/BFDF8F05-A9EC-4102-9B11-CD71A1ED7078/source
14:12:01.995048 [DEBUG] WDA GET /session/BFDF8F05-A9EC-4102-9B11-CD71A1ED7078/source completed (244ms, status: 200)
14:12:01.995472 [DEBUG] WDA POST /session/BFDF8F05-A9EC-4102-9B11-CD71A1ED7078/element body={"using":"predicate string","value":"((type == 'XCUIElementTypeTextField' OR type == 'XCUIElementTyp...
14:12:01.995490 [DEBUG] WDA POST /session/BFDF8F05-A9EC-4102-9B11-CD71A1ED7078/element body={"using":"class chain","value":"**/XCUIElementTypeButton[`(label ==[c] 'Remove' OR name ==[c] 'Remov...
14:12:01.995509 [DEBUG] WDA POST /session/BFDF8F05-A9EC-4102-9B11-CD71A1ED7078/element body={"using":"class chain","value":"**/XCUIElementTypeTextField[`(label CONTAINS[c] 'Remove' OR value CO...
14:12:01.995538 [DEBUG] WDA POST /session/BFDF8F05-A9EC-4102-9B11-CD71A1ED7078/element body={"using":"class chain","value":"**/XCUIElementTypeSecureTextField[`(label CONTAINS[c] 'Remove' OR va...
14:12:02.023965 [DEBUG] WDA POST /session/BFDF8F05-A9EC-4102-9B11-CD71A1ED7078/element completed (28ms, status: 404)
14:12:02.044325 [DEBUG] WDA POST /session/BFDF8F05-A9EC-4102-9B11-CD71A1ED7078/element completed (48ms, status: 404)
14:12:02.067323 [DEBUG] WDA POST /session/BFDF8F05-A9EC-4102-9B11-CD71A1ED7078/element completed (71ms, status: 404)
14:12:02.090191 [DEBUG] WDA POST /session/BFDF8F05-A9EC-4102-9B11-CD71A1ED7078/element completed (94ms, status: 404)
14:12:02.090288 [DEBUG] WDA POST /session/BFDF8F05-A9EC-4102-9B11-CD71A1ED7078/element body={"using":"predicate string","value":"(label == 'Remove' OR name == 'Remove' OR value == 'Remove')"}
14:12:02.115497 [DEBUG] WDA POST /session/BFDF8F05-A9EC-4102-9B11-CD71A1ED7078/element completed (25ms, status: 404)
14:12:02.115568 [DEBUG] WDA POST /session/BFDF8F05-A9EC-4102-9B11-CD71A1ED7078/element body={"using":"predicate string","value":"(label CONTAINS[c] 'Remove' OR name CONTAINS[c] 'Remove' OR val...
14:12:02.140391 [DEBUG] WDA POST /session/BFDF8F05-A9EC-4102-9B11-CD71A1ED7078/element completed (24ms, status: 404)
14:12:02.140473 [DEBUG] WDA GET /session/BFDF8F05-A9EC-4102-9B11-CD71A1ED7078/source
14:12:02.353502 [DEBUG] WDA GET /session/BFDF8F05-A9EC-4102-9B11-CD71A1ED7078/source completed (213ms, status: 200)
14:12:02.354460 [DEBUG] WDA POST /session/BFDF8F05-A9EC-4102-9B11-CD71A1ED7078/element body={"using":"predicate string","value":"((type == 'XCUIElementTypeTextField' OR type == 'XCUIElementTyp...
14:12:02.354479 [DEBUG] WDA POST /session/BFDF8F05-A9EC-4102-9B11-CD71A1ED7078/element body={"using":"class chain","value":"**/XCUIElementTypeTextField[`(label CONTAINS[c] 'Remove' OR value CO...
14:12:02.354521 [DEBUG] WDA POST /session/BFDF8F05-A9EC-4102-9B11-CD71A1ED7078/element body={"using":"class chain","value":"**/XCUIElementTypeSecureTextField[`(label CONTAINS[c] 'Remove' OR va...
14:12:02.354563 [DEBUG] WDA POST /session/BFDF8F05-A9EC-4102-9B11-CD71A1ED7078/element body={"using":"class chain","value":"**/XCUIElementTypeButton[`(label ==[c] 'Remove' OR name ==[c] 'Remov...
14:12:02.377943 [DEBUG] WDA POST /session/BFDF8F05-A9EC-4102-9B11-CD71A1ED7078/element completed (23ms, status: 404)
14:12:02.399457 [DEBUG] WDA POST /session/BFDF8F05-A9EC-4102-9B11-CD71A1ED7078/element completed (44ms, status: 404)
14:12:02.421357 [DEBUG] WDA POST /session/BFDF8F05-A9EC-4102-9B11-CD71A1ED7078/element completed (66ms, status: 404)
14:12:02.442765 [DEBUG] WDA POST /session/BFDF8F05-A9EC-4102-9B11-CD71A1ED7078/element completed (88ms, status: 404)
14:12:02.442857 [DEBUG] WDA POST /session/BFDF8F05-A9EC-4102-9B11-CD71A1ED7078/element body={"using":"predicate string","value":"(label == 'Remove' OR name == 'Remove' OR value == 'Remove')"}
14:12:02.466980 [DEBUG] WDA POST /session/BFDF8F05-A9EC-4102-9B11-CD71A1ED7078/element completed (24ms, status: 404)
14:12:02.467113 [DEBUG] WDA POST /session/BFDF8F05-A9EC-4102-9B11-CD71A1ED7078/element body={"using":"predicate string","value":"(label CONTAINS[c] 'Remove' OR name CONTAINS[c] 'Remove' OR val...
14:12:02.490791 [DEBUG] WDA POST /session/BFDF8F05-A9EC-4102-9B11-CD71A1ED7078/element completed (23ms, status: 404)
14:12:02.490917 [DEBUG] WDA GET /session/BFDF8F05-A9EC-4102-9B11-CD71A1ED7078/source
14:12:02.745170 [DEBUG] WDA GET /session/BFDF8F05-A9EC-4102-9B11-CD71A1ED7078/source completed (254ms, status: 200)
14:12:02.745549 [DEBUG] WDA POST /session/BFDF8F05-A9EC-4102-9B11-CD71A1ED7078/element body={"using":"predicate string","value":"((type == 'XCUIElementTypeTextField' OR type == 'XCUIElementTyp...
14:12:02.745564 [DEBUG] WDA POST /session/BFDF8F05-A9EC-4102-9B11-CD71A1ED7078/element body={"using":"class chain","value":"**/XCUIElementTypeTextField[`(label CONTAINS[c] 'Remove' OR value CO...
14:12:02.745593 [DEBUG] WDA POST /session/BFDF8F05-A9EC-4102-9B11-CD71A1ED7078/element body={"using":"class chain","value":"**/XCUIElementTypeButton[`(label ==[c] 'Remove' OR name ==[c] 'Remov...
14:12:02.745664 [DEBUG] WDA POST /session/BFDF8F05-A9EC-4102-9B11-CD71A1ED7078/element body={"using":"class chain","value":"**/XCUIElementTypeSecureTextField[`(label CONTAINS[c] 'Remove' OR va...
14:12:02.774176 [DEBUG] WDA POST /session/BFDF8F05-A9EC-4102-9B11-CD71A1ED7078/element completed (28ms, status: 404)
14:12:02.806460 [DEBUG] WDA POST /session/BFDF8F05-A9EC-4102-9B11-CD71A1ED7078/element completed (60ms, status: 404)
14:12:02.845116 [DEBUG] WDA POST /session/BFDF8F05-A9EC-4102-9B11-CD71A1ED7078/element completed (99ms, status: 404)
14:12:02.872647 [DEBUG] WDA POST /session/BFDF8F05-A9EC-4102-9B11-CD71A1ED7078/element completed (127ms, status: 404)
14:12:02.872790 [DEBUG] WDA POST /session/BFDF8F05-A9EC-4102-9B11-CD71A1ED7078/element body={"using":"predicate string","value":"(label == 'Remove' OR name == 'Remove' OR value == 'Remove')"}
14:12:02.900644 [DEBUG] WDA POST /session/BFDF8F05-A9EC-4102-9B11-CD71A1ED7078/element completed (27ms, status: 404)
14:12:02.900721 [DEBUG] WDA POST /session/BFDF8F05-A9EC-4102-9B11-CD71A1ED7078/element body={"using":"predicate string","value":"(label CONTAINS[c] 'Remove' OR name CONTAINS[c] 'Remove' OR val...
14:12:02.929225 [DEBUG] WDA POST /session/BFDF8F05-A9EC-4102-9B11-CD71A1ED7078/element completed (28ms, status: 404)
14:12:02.929714 [DEBUG] WDA GET /session/BFDF8F05-A9EC-4102-9B11-CD71A1ED7078/source
14:12:03.232660 [DEBUG] WDA GET /session/BFDF8F05-A9EC-4102-9B11-CD71A1ED7078/source completed (302ms, status: 200)
14:12:03.233031 [DEBUG] WDA POST /session/BFDF8F05-A9EC-4102-9B11-CD71A1ED7078/element body={"using":"predicate string","value":"((type == 'XCUIElementTypeTextField' OR type == 'XCUIElementTyp...
14:12:03.233038 [DEBUG] WDA POST /session/BFDF8F05-A9EC-4102-9B11-CD71A1ED7078/element body={"using":"class chain","value":"**/XCUIElementTypeSecureTextField[`(label CONTAINS[c] 'Remove' OR va...
14:12:03.233059 [DEBUG] WDA POST /session/BFDF8F05-A9EC-4102-9B11-CD71A1ED7078/element body={"using":"class chain","value":"**/XCUIElementTypeButton[`(label ==[c] 'Remove' OR name ==[c] 'Remov...
14:12:03.233080 [DEBUG] WDA POST /session/BFDF8F05-A9EC-4102-9B11-CD71A1ED7078/element body={"using":"class chain","value":"**/XCUIElementTypeTextField[`(label CONTAINS[c] 'Remove' OR value CO...
14:12:03.258602 [DEBUG] WDA POST /session/BFDF8F05-A9EC-4102-9B11-CD71A1ED7078/element completed (25ms, status: 404)
14:12:03.281564 [DEBUG] WDA POST /session/BFDF8F05-A9EC-4102-9B11-CD71A1ED7078/element completed (48ms, status: 404)
14:12:03.304496 [DEBUG] WDA POST /session/BFDF8F05-A9EC-4102-9B11-CD71A1ED7078/element completed (71ms, status: 404)
14:12:03.326554 [DEBUG] WDA POST /session/BFDF8F05-A9EC-4102-9B11-CD71A1ED7078/element completed (93ms, status: 404)
14:12:03.326639 [DEBUG] WDA POST /session/BFDF8F05-A9EC-4102-9B11-CD71A1ED7078/element body={"using":"predicate string","value":"(label == 'Remove' OR name == 'Remove' OR value == 'Remove')"}
14:12:03.351994 [DEBUG] WDA POST /session/BFDF8F05-A9EC-4102-9B11-CD71A1ED7078/element completed (25ms, status: 404)
14:12:03.352071 [DEBUG] WDA POST /session/BFDF8F05-A9EC-4102-9B11-CD71A1ED7078/element body={"using":"predicate string","value":"(label CONTAINS[c] 'Remove' OR name CONTAINS[c] 'Remove' OR val...
14:12:03.377767 [DEBUG] WDA POST /session/BFDF8F05-A9EC-4102-9B11-CD71A1ED7078/element completed (25ms, status: 404)
14:12:03.377845 [DEBUG] WDA GET /session/BFDF8F05-A9EC-4102-9B11-CD71A1ED7078/source
14:12:03.609319 [DEBUG] WDA GET /session/BFDF8F05-A9EC-4102-9B11-CD71A1ED7078/source completed (231ms, status: 200)
14:12:03.610545 [DEBUG] WDA POST /session/BFDF8F05-A9EC-4102-9B11-CD71A1ED7078/element body={"using":"predicate string","value":"((type == 'XCUIElementTypeTextField' OR type == 'XCUIElementTyp...
14:12:03.610586 [DEBUG] WDA POST /session/BFDF8F05-A9EC-4102-9B11-CD71A1ED7078/element body={"using":"class chain","value":"**/XCUIElementTypeSecureTextField[`(label CONTAINS[c] 'Remove' OR va...
14:12:03.610611 [DEBUG] WDA POST /session/BFDF8F05-A9EC-4102-9B11-CD71A1ED7078/element body={"using":"class chain","value":"**/XCUIElementTypeButton[`(label ==[c] 'Remove' OR name ==[c] 'Remov...
14:12:03.610637 [DEBUG] WDA POST /session/BFDF8F05-A9EC-4102-9B11-CD71A1ED7078/element body={"using":"class chain","value":"**/XCUIElementTypeTextField[`(label CONTAINS[c] 'Remove' OR value CO...
14:12:03.632773 [DEBUG] WDA POST /session/BFDF8F05-A9EC-4102-9B11-CD71A1ED7078/element completed (22ms, status: 404)
14:12:03.656642 [DEBUG] WDA POST /session/BFDF8F05-A9EC-4102-9B11-CD71A1ED7078/element completed (46ms, status: 404)
14:12:03.679493 [DEBUG] WDA POST /session/BFDF8F05-A9EC-4102-9B11-CD71A1ED7078/element completed (68ms, status: 404)
14:12:03.703355 [DEBUG] WDA POST /session/BFDF8F05-A9EC-4102-9B11-CD71A1ED7078/element completed (92ms, status: 404)
14:12:03.703453 [DEBUG] WDA POST /session/BFDF8F05-A9EC-4102-9B11-CD71A1ED7078/element body={"using":"predicate string","value":"(label == 'Remove' OR name == 'Remove' OR value == 'Remove')"}
14:12:03.731115 [DEBUG] WDA POST /session/BFDF8F05-A9EC-4102-9B11-CD71A1ED7078/element completed (27ms, status: 404)
14:12:03.731242 [DEBUG] WDA POST /session/BFDF8F05-A9EC-4102-9B11-CD71A1ED7078/element body={"using":"predicate string","value":"(label CONTAINS[c] 'Remove' OR name CONTAINS[c] 'Remove' OR val...
14:12:03.758356 [DEBUG] WDA POST /session/BFDF8F05-A9EC-4102-9B11-CD71A1ED7078/element completed (27ms, status: 404)
14:12:03.758430 [DEBUG] WDA GET /session/BFDF8F05-A9EC-4102-9B11-CD71A1ED7078/source
14:12:04.002821 [DEBUG] WDA GET /session/BFDF8F05-A9EC-4102-9B11-CD71A1ED7078/source completed (244ms, status: 200)
14:12:04.003210 [DEBUG] WDA POST /session/BFDF8F05-A9EC-4102-9B11-CD71A1ED7078/element body={"using":"predicate string","value":"((type == 'XCUIElementTypeTextField' OR type == 'XCUIElementTyp...
14:12:04.003217 [DEBUG] WDA POST /session/BFDF8F05-A9EC-4102-9B11-CD71A1ED7078/element body={"using":"class chain","value":"**/XCUIElementTypeButton[`(label ==[c] 'Remove' OR name ==[c] 'Remov...
14:12:04.003226 [DEBUG] WDA POST /session/BFDF8F05-A9EC-4102-9B11-CD71A1ED7078/element body={"using":"class chain","value":"**/XCUIElementTypeTextField[`(label CONTAINS[c] 'Remove' OR value CO...
14:12:04.003256 [DEBUG] WDA POST /session/BFDF8F05-A9EC-4102-9B11-CD71A1ED7078/element body={"using":"class chain","value":"**/XCUIElementTypeSecureTextField[`(label CONTAINS[c] 'Remove' OR va...
14:12:04.028902 [DEBUG] WDA POST /session/BFDF8F05-A9EC-4102-9B11-CD71A1ED7078/element completed (25ms, status: 404)
14:12:04.052204 [DEBUG] WDA POST /session/BFDF8F05-A9EC-4102-9B11-CD71A1ED7078/element completed (48ms, status: 404)
14:12:04.075876 [DEBUG] WDA POST /session/BFDF8F05-A9EC-4102-9B11-CD71A1ED7078/element completed (72ms, status: 404)
14:12:04.099220 [DEBUG] WDA POST /session/BFDF8F05-A9EC-4102-9B11-CD71A1ED7078/element completed (96ms, status: 404)
14:12:04.099384 [DEBUG] WDA POST /session/BFDF8F05-A9EC-4102-9B11-CD71A1ED7078/element body={"using":"predicate string","value":"(label == 'Remove' OR name == 'Remove' OR value == 'Remove')"}
14:12:04.124764 [DEBUG] WDA POST /session/BFDF8F05-A9EC-4102-9B11-CD71A1ED7078/element completed (25ms, status: 404)
14:12:04.124850 [DEBUG] WDA POST /session/BFDF8F05-A9EC-4102-9B11-CD71A1ED7078/element body={"using":"predicate string","value":"(label CONTAINS[c] 'Remove' OR name CONTAINS[c] 'Remove' OR val...
14:12:04.150270 [DEBUG] WDA POST /session/BFDF8F05-A9EC-4102-9B11-CD71A1ED7078/element completed (25ms, status: 404)
14:12:04.150368 [DEBUG] WDA GET /session/BFDF8F05-A9EC-4102-9B11-CD71A1ED7078/source
14:12:04.398253 [DEBUG] WDA GET /session/BFDF8F05-A9EC-4102-9B11-CD71A1ED7078/source completed (247ms, status: 200)
14:12:04.398627 [DEBUG] WDA POST /session/BFDF8F05-A9EC-4102-9B11-CD71A1ED7078/element body={"using":"predicate string","value":"((type == 'XCUIElementTypeTextField' OR type == 'XCUIElementTyp...
14:12:04.398636 [DEBUG] WDA POST /session/BFDF8F05-A9EC-4102-9B11-CD71A1ED7078/element body={"using":"class chain","value":"**/XCUIElementTypeButton[`(label ==[c] 'Remove' OR name ==[c] 'Remov...
14:12:04.398643 [DEBUG] WDA POST /session/BFDF8F05-A9EC-4102-9B11-CD71A1ED7078/element body={"using":"class chain","value":"**/XCUIElementTypeTextField[`(label CONTAINS[c] 'Remove' OR value CO...
14:12:04.398652 [DEBUG] WDA POST /session/BFDF8F05-A9EC-4102-9B11-CD71A1ED7078/element body={"using":"class chain","value":"**/XCUIElementTypeSecureTextField[`(label CONTAINS[c] 'Remove' OR va...
14:12:04.422098 [DEBUG] WDA POST /session/BFDF8F05-A9EC-4102-9B11-CD71A1ED7078/element completed (23ms, status: 404)
14:12:04.443956 [DEBUG] WDA POST /session/BFDF8F05-A9EC-4102-9B11-CD71A1ED7078/element completed (45ms, status: 404)
14:12:04.466047 [DEBUG] WDA POST /session/BFDF8F05-A9EC-4102-9B11-CD71A1ED7078/element completed (67ms, status: 404)
14:12:04.488143 [DEBUG] WDA POST /session/BFDF8F05-A9EC-4102-9B11-CD71A1ED7078/element completed (89ms, status: 404)
14:12:04.488226 [DEBUG] WDA POST /session/BFDF8F05-A9EC-4102-9B11-CD71A1ED7078/element body={"using":"predicate string","value":"(label == 'Remove' OR name == 'Remove' OR value == 'Remove')"}
14:12:04.512121 [DEBUG] WDA POST /session/BFDF8F05-A9EC-4102-9B11-CD71A1ED7078/element completed (23ms, status: 404)
14:12:04.512186 [DEBUG] WDA POST /session/BFDF8F05-A9EC-4102-9B11-CD71A1ED7078/element body={"using":"predicate string","value":"(label CONTAINS[c] 'Remove' OR name CONTAINS[c] 'Remove' OR val...
14:12:04.536067 [DEBUG] WDA POST /session/BFDF8F05-A9EC-4102-9B11-CD71A1ED7078/element completed (23ms, status: 404)
14:12:04.536131 [DEBUG] WDA GET /session/BFDF8F05-A9EC-4102-9B11-CD71A1ED7078/source
14:12:04.763396 [DEBUG] WDA GET /session/BFDF8F05-A9EC-4102-9B11-CD71A1ED7078/source completed (227ms, status: 200)
14:12:04.764022 [DEBUG] WDA POST /session/BFDF8F05-A9EC-4102-9B11-CD71A1ED7078/element body={"using":"class chain","value":"**/XCUIElementTypeSecureTextField[`(label CONTAINS[c] 'Remove' OR va...
14:12:04.764053 [DEBUG] WDA POST /session/BFDF8F05-A9EC-4102-9B11-CD71A1ED7078/element body={"using":"class chain","value":"**/XCUIElementTypeTextField[`(label CONTAINS[c] 'Remove' OR value CO...
14:12:04.764079 [DEBUG] WDA POST /session/BFDF8F05-A9EC-4102-9B11-CD71A1ED7078/element body={"using":"class chain","value":"**/XCUIElementTypeButton[`(label ==[c] 'Remove' OR name ==[c] 'Remov...
14:12:04.764101 [DEBUG] WDA POST /session/BFDF8F05-A9EC-4102-9B11-CD71A1ED7078/element body={"using":"predicate string","value":"((type == 'XCUIElementTypeTextField' OR type == 'XCUIElementTyp...
14:12:04.787743 [DEBUG] WDA POST /session/BFDF8F05-A9EC-4102-9B11-CD71A1ED7078/element completed (23ms, status: 404)
14:12:04.811988 [DEBUG] WDA POST /session/BFDF8F05-A9EC-4102-9B11-CD71A1ED7078/element completed (47ms, status: 404)
14:12:04.836205 [DEBUG] WDA POST /session/BFDF8F05-A9EC-4102-9B11-CD71A1ED7078/element completed (72ms, status: 404)
14:12:04.860786 [DEBUG] WDA POST /session/BFDF8F05-A9EC-4102-9B11-CD71A1ED7078/element completed (96ms, status: 404)
14:12:04.860876 [DEBUG] WDA POST /session/BFDF8F05-A9EC-4102-9B11-CD71A1ED7078/element body={"using":"predicate string","value":"(label == 'Remove' OR name == 'Remove' OR value == 'Remove')"}
14:12:04.885443 [DEBUG] WDA POST /session/BFDF8F05-A9EC-4102-9B11-CD71A1ED7078/element completed (24ms, status: 404)
14:12:04.885522 [DEBUG] WDA POST /session/BFDF8F05-A9EC-4102-9B11-CD71A1ED7078/element body={"using":"predicate string","value":"(label CONTAINS[c] 'Remove' OR name CONTAINS[c] 'Remove' OR val...
14:12:04.910192 [DEBUG] WDA POST /session/BFDF8F05-A9EC-4102-9B11-CD71A1ED7078/element completed (24ms, status: 404)
14:12:04.910262 [DEBUG] WDA GET /session/BFDF8F05-A9EC-4102-9B11-CD71A1ED7078/source
14:12:05.129774 [DEBUG] WDA GET /session/BFDF8F05-A9EC-4102-9B11-CD71A1ED7078/source completed (219ms, status: 200)
14:12:05.130138 [DEBUG] WDA POST /session/BFDF8F05-A9EC-4102-9B11-CD71A1ED7078/element body={"using":"predicate string","value":"((type == 'XCUIElementTypeTextField' OR type == 'XCUIElementTyp...
14:12:05.130145 [DEBUG] WDA POST /session/BFDF8F05-A9EC-4102-9B11-CD71A1ED7078/element body={"using":"class chain","value":"**/XCUIElementTypeButton[`(label ==[c] 'Remove' OR name ==[c] 'Remov...
14:12:05.130156 [DEBUG] WDA POST /session/BFDF8F05-A9EC-4102-9B11-CD71A1ED7078/element body={"using":"class chain","value":"**/XCUIElementTypeTextField[`(label CONTAINS[c] 'Remove' OR value CO...
14:12:05.130194 [DEBUG] WDA POST /session/BFDF8F05-A9EC-4102-9B11-CD71A1ED7078/element body={"using":"class chain","value":"**/XCUIElementTypeSecureTextField[`(label CONTAINS[c] 'Remove' OR va...
14:12:05.153666 [DEBUG] WDA POST /session/BFDF8F05-A9EC-4102-9B11-CD71A1ED7078/element completed (23ms, status: 404)
14:12:05.175594 [DEBUG] WDA POST /session/BFDF8F05-A9EC-4102-9B11-CD71A1ED7078/element completed (45ms, status: 404)
14:12:05.197705 [DEBUG] WDA POST /session/BFDF8F05-A9EC-4102-9B11-CD71A1ED7078/element completed (67ms, status: 404)
14:12:05.220218 [DEBUG] WDA POST /session/BFDF8F05-A9EC-4102-9B11-CD71A1ED7078/element completed (90ms, status: 404)
14:12:05.220300 [DEBUG] WDA POST /session/BFDF8F05-A9EC-4102-9B11-CD71A1ED7078/element body={"using":"predicate string","value":"(label == 'Remove' OR name == 'Remove' OR value == 'Remove')"}
14:12:05.244076 [DEBUG] WDA POST /session/BFDF8F05-A9EC-4102-9B11-CD71A1ED7078/element completed (23ms, status: 404)
14:12:05.244306 [DEBUG] WDA POST /session/BFDF8F05-A9EC-4102-9B11-CD71A1ED7078/element body={"using":"predicate string","value":"(label CONTAINS[c] 'Remove' OR name CONTAINS[c] 'Remove' OR val...
14:12:05.268773 [DEBUG] WDA POST /session/BFDF8F05-A9EC-4102-9B11-CD71A1ED7078/element completed (24ms, status: 404)
14:12:05.268842 [DEBUG] WDA GET /session/BFDF8F05-A9EC-4102-9B11-CD71A1ED7078/source
14:12:05.485185 [DEBUG] WDA GET /session/BFDF8F05-A9EC-4102-9B11-CD71A1ED7078/source completed (216ms, status: 200)
14:12:05.485565 [DEBUG] WDA POST /session/BFDF8F05-A9EC-4102-9B11-CD71A1ED7078/element body={"using":"predicate string","value":"((type == 'XCUIElementTypeTextField' OR type == 'XCUIElementTyp...
14:12:05.485574 [DEBUG] WDA POST /session/BFDF8F05-A9EC-4102-9B11-CD71A1ED7078/element body={"using":"class chain","value":"**/XCUIElementTypeSecureTextField[`(label CONTAINS[c] 'Remove' OR va...
14:12:05.485581 [DEBUG] WDA POST /session/BFDF8F05-A9EC-4102-9B11-CD71A1ED7078/element body={"using":"class chain","value":"**/XCUIElementTypeButton[`(label ==[c] 'Remove' OR name ==[c] 'Remov...
14:12:05.485625 [DEBUG] WDA POST /session/BFDF8F05-A9EC-4102-9B11-CD71A1ED7078/element body={"using":"class chain","value":"**/XCUIElementTypeTextField[`(label CONTAINS[c] 'Remove' OR value CO...
14:12:05.524691 [DEBUG] WDA POST /session/BFDF8F05-A9EC-4102-9B11-CD71A1ED7078/element completed (39ms, status: 404)
14:12:05.546727 [DEBUG] WDA POST /session/BFDF8F05-A9EC-4102-9B11-CD71A1ED7078/element completed (61ms, status: 404)
14:12:05.569443 [DEBUG] WDA POST /session/BFDF8F05-A9EC-4102-9B11-CD71A1ED7078/element completed (83ms, status: 404)
14:12:05.590939 [DEBUG] WDA POST /session/BFDF8F05-A9EC-4102-9B11-CD71A1ED7078/element completed (105ms, status: 404)
14:12:05.591095 [DEBUG] WDA POST /session/BFDF8F05-A9EC-4102-9B11-CD71A1ED7078/element body={"using":"predicate string","value":"(label == 'Remove' OR name == 'Remove' OR value == 'Remove')"}
14:12:05.614890 [DEBUG] WDA POST /session/BFDF8F05-A9EC-4102-9B11-CD71A1ED7078/element completed (23ms, status: 404)
14:12:05.615035 [DEBUG] WDA POST /session/BFDF8F05-A9EC-4102-9B11-CD71A1ED7078/element body={"using":"predicate string","value":"(label CONTAINS[c] 'Remove' OR name CONTAINS[c] 'Remove' OR val...
14:12:05.639098 [DEBUG] WDA POST /session/BFDF8F05-A9EC-4102-9B11-CD71A1ED7078/element completed (24ms, status: 404)
14:12:05.639239 [DEBUG] WDA GET /session/BFDF8F05-A9EC-4102-9B11-CD71A1ED7078/source
14:12:05.843270 [DEBUG] WDA GET /session/BFDF8F05-A9EC-4102-9B11-CD71A1ED7078/source completed (204ms, status: 200)
14:12:05.844485 [DEBUG] WDA POST /session/BFDF8F05-A9EC-4102-9B11-CD71A1ED7078/element body={"using":"class chain","value":"**/XCUIElementTypeSecureTextField[`(label CONTAINS[c] 'Remove' OR va...
14:12:05.844533 [DEBUG] WDA POST /session/BFDF8F05-A9EC-4102-9B11-CD71A1ED7078/element body={"using":"class chain","value":"**/XCUIElementTypeButton[`(label ==[c] 'Remove' OR name ==[c] 'Remov...
14:12:05.844568 [DEBUG] WDA POST /session/BFDF8F05-A9EC-4102-9B11-CD71A1ED7078/element body={"using":"class chain","value":"**/XCUIElementTypeTextField[`(label CONTAINS[c] 'Remove' OR value CO...
14:12:05.844595 [DEBUG] WDA POST /session/BFDF8F05-A9EC-4102-9B11-CD71A1ED7078/element body={"using":"predicate string","value":"((type == 'XCUIElementTypeTextField' OR type == 'XCUIElementTyp...
14:12:05.866787 [DEBUG] WDA POST /session/BFDF8F05-A9EC-4102-9B11-CD71A1ED7078/element completed (22ms, status: 404)
14:12:05.888431 [DEBUG] WDA POST /session/BFDF8F05-A9EC-4102-9B11-CD71A1ED7078/element completed (43ms, status: 404)
14:12:05.909890 [DEBUG] WDA POST /session/BFDF8F05-A9EC-4102-9B11-CD71A1ED7078/element completed (65ms, status: 404)
14:12:05.934574 [DEBUG] WDA POST /session/BFDF8F05-A9EC-4102-9B11-CD71A1ED7078/element completed (90ms, status: 404)
14:12:05.934756 [DEBUG] WDA POST /session/BFDF8F05-A9EC-4102-9B11-CD71A1ED7078/element body={"using":"predicate string","value":"(label == 'Remove' OR name == 'Remove' OR value == 'Remove')"}
14:12:05.959950 [DEBUG] WDA POST /session/BFDF8F05-A9EC-4102-9B11-CD71A1ED7078/element completed (25ms, status: 404)
14:12:05.960092 [DEBUG] WDA POST /session/BFDF8F05-A9EC-4102-9B11-CD71A1ED7078/element body={"using":"predicate string","value":"(label CONTAINS[c] 'Remove' OR name CONTAINS[c] 'Remove' OR val...
14:12:05.985448 [DEBUG] WDA POST /session/BFDF8F05-A9EC-4102-9B11-CD71A1ED7078/element completed (25ms, status: 404)
14:12:05.985584 [DEBUG] WDA GET /session/BFDF8F05-A9EC-4102-9B11-CD71A1ED7078/source
14:12:06.198627 [DEBUG] WDA GET /session/BFDF8F05-A9EC-4102-9B11-CD71A1ED7078/source completed (213ms, status: 200)
14:12:06.199007 [DEBUG] WDA POST /session/BFDF8F05-A9EC-4102-9B11-CD71A1ED7078/element body={"using":"predicate string","value":"((type == 'XCUIElementTypeTextField' OR type == 'XCUIElementTyp...
14:12:06.199014 [DEBUG] WDA POST /session/BFDF8F05-A9EC-4102-9B11-CD71A1ED7078/element body={"using":"class chain","value":"**/XCUIElementTypeButton[`(label ==[c] 'Remove' OR name ==[c] 'Remov...
14:12:06.199032 [DEBUG] WDA POST /session/BFDF8F05-A9EC-4102-9B11-CD71A1ED7078/element body={"using":"class chain","value":"**/XCUIElementTypeSecureTextField[`(label CONTAINS[c] 'Remove' OR va...
14:12:06.199049 [DEBUG] WDA POST /session/BFDF8F05-A9EC-4102-9B11-CD71A1ED7078/element body={"using":"class chain","value":"**/XCUIElementTypeTextField[`(label CONTAINS[c] 'Remove' OR value CO...
14:12:06.221380 [DEBUG] WDA POST /session/BFDF8F05-A9EC-4102-9B11-CD71A1ED7078/element completed (22ms, status: 404)
14:12:06.244024 [DEBUG] WDA POST /session/BFDF8F05-A9EC-4102-9B11-CD71A1ED7078/element completed (45ms, status: 404)
14:12:06.265610 [DEBUG] WDA POST /session/BFDF8F05-A9EC-4102-9B11-CD71A1ED7078/element completed (66ms, status: 404)
14:12:06.286857 [DEBUG] WDA POST /session/BFDF8F05-A9EC-4102-9B11-CD71A1ED7078/element completed (87ms, status: 404)
14:12:06.287118 [DEBUG] WDA POST /session/BFDF8F05-A9EC-4102-9B11-CD71A1ED7078/element body={"using":"predicate string","value":"(label == 'Remove' OR name == 'Remove' OR value == 'Remove')"}
14:12:06.311130 [DEBUG] WDA POST /session/BFDF8F05-A9EC-4102-9B11-CD71A1ED7078/element completed (24ms, status: 404)
14:12:06.311311 [DEBUG] WDA POST /session/BFDF8F05-A9EC-4102-9B11-CD71A1ED7078/element body={"using":"predicate string","value":"(label CONTAINS[c] 'Remove' OR name CONTAINS[c] 'Remove' OR val...
14:12:06.335346 [DEBUG] WDA POST /session/BFDF8F05-A9EC-4102-9B11-CD71A1ED7078/element completed (24ms, status: 404)
14:12:06.335441 [DEBUG] WDA GET /session/BFDF8F05-A9EC-4102-9B11-CD71A1ED7078/source
14:12:06.537498 [DEBUG] WDA GET /session/BFDF8F05-A9EC-4102-9B11-CD71A1ED7078/source completed (202ms, status: 200)
14:12:06.538934 [DEBUG] WDA POST /session/BFDF8F05-A9EC-4102-9B11-CD71A1ED7078/element body={"using":"predicate string","value":"((type == 'XCUIElementTypeTextField' OR type == 'XCUIElementTyp...
14:12:06.538972 [DEBUG] WDA POST /session/BFDF8F05-A9EC-4102-9B11-CD71A1ED7078/element body={"using":"class chain","value":"**/XCUIElementTypeTextField[`(label CONTAINS[c] 'Remove' OR value CO...
14:12:06.539004 [DEBUG] WDA POST /session/BFDF8F05-A9EC-4102-9B11-CD71A1ED7078/element body={"using":"class chain","value":"**/XCUIElementTypeSecureTextField[`(label CONTAINS[c] 'Remove' OR va...
14:12:06.539065 [DEBUG] WDA POST /session/BFDF8F05-A9EC-4102-9B11-CD71A1ED7078/element body={"using":"class chain","value":"**/XCUIElementTypeButton[`(label ==[c] 'Remove' OR name ==[c] 'Remov...
14:12:06.561978 [DEBUG] WDA POST /session/BFDF8F05-A9EC-4102-9B11-CD71A1ED7078/element completed (23ms, status: 404)
14:12:06.582851 [DEBUG] WDA POST /session/BFDF8F05-A9EC-4102-9B11-CD71A1ED7078/element completed (43ms, status: 404)
14:12:06.604621 [DEBUG] WDA POST /session/BFDF8F05-A9EC-4102-9B11-CD71A1ED7078/element completed (65ms, status: 404)
14:12:06.626045 [DEBUG] WDA POST /session/BFDF8F05-A9EC-4102-9B11-CD71A1ED7078/element completed (87ms, status: 404)
14:12:06.626230 [DEBUG] WDA POST /session/BFDF8F05-A9EC-4102-9B11-CD71A1ED7078/element body={"using":"predicate string","value":"(label == 'Remove' OR name == 'Remove' OR value == 'Remove')"}
14:12:06.649764 [DEBUG] WDA POST /session/BFDF8F05-A9EC-4102-9B11-CD71A1ED7078/element completed (23ms, status: 404)
14:12:06.649914 [DEBUG] WDA POST /session/BFDF8F05-A9EC-4102-9B11-CD71A1ED7078/element body={"using":"predicate string","value":"(label CONTAINS[c] 'Remove' OR name CONTAINS[c] 'Remove' OR val...
14:12:06.673988 [DEBUG] WDA POST /session/BFDF8F05-A9EC-4102-9B11-CD71A1ED7078/element completed (24ms, status: 404)
14:12:06.674120 [DEBUG] WDA GET /session/BFDF8F05-A9EC-4102-9B11-CD71A1ED7078/source
14:12:06.876802 [DEBUG] WDA GET /session/BFDF8F05-A9EC-4102-9B11-CD71A1ED7078/source completed (202ms, status: 200)
14:12:06.877948 [DEBUG] WDA POST /session/BFDF8F05-A9EC-4102-9B11-CD71A1ED7078/element body={"using":"predicate string","value":"((type == 'XCUIElementTypeTextField' OR type == 'XCUIElementTyp...
14:12:06.877986 [DEBUG] WDA POST /session/BFDF8F05-A9EC-4102-9B11-CD71A1ED7078/element body={"using":"class chain","value":"**/XCUIElementTypeSecureTextField[`(label CONTAINS[c] 'Remove' OR va...
14:12:06.878015 [DEBUG] WDA POST /session/BFDF8F05-A9EC-4102-9B11-CD71A1ED7078/element body={"using":"class chain","value":"**/XCUIElementTypeButton[`(label ==[c] 'Remove' OR name ==[c] 'Remov...
14:12:06.878044 [DEBUG] WDA POST /session/BFDF8F05-A9EC-4102-9B11-CD71A1ED7078/element body={"using":"class chain","value":"**/XCUIElementTypeTextField[`(label CONTAINS[c] 'Remove' OR value CO...
14:12:06.900862 [DEBUG] WDA POST /session/BFDF8F05-A9EC-4102-9B11-CD71A1ED7078/element completed (22ms, status: 404)
14:12:06.923925 [DEBUG] WDA POST /session/BFDF8F05-A9EC-4102-9B11-CD71A1ED7078/element completed (45ms, status: 404)
14:12:06.945953 [DEBUG] WDA POST /session/BFDF8F05-A9EC-4102-9B11-CD71A1ED7078/element completed (68ms, status: 404)
14:12:06.967225 [DEBUG] WDA POST /session/BFDF8F05-A9EC-4102-9B11-CD71A1ED7078/element completed (89ms, status: 404)
14:12:06.967303 [DEBUG] WDA POST /session/BFDF8F05-A9EC-4102-9B11-CD71A1ED7078/element body={"using":"predicate string","value":"(label == 'Remove' OR name == 'Remove' OR value == 'Remove')"}
14:12:06.991472 [DEBUG] WDA POST /session/BFDF8F05-A9EC-4102-9B11-CD71A1ED7078/element completed (24ms, status: 404)
14:12:06.991549 [DEBUG] WDA POST /session/BFDF8F05-A9EC-4102-9B11-CD71A1ED7078/element body={"using":"predicate string","value":"(label CONTAINS[c] 'Remove' OR name CONTAINS[c] 'Remove' OR val...
14:12:07.015073 [DEBUG] WDA POST /session/BFDF8F05-A9EC-4102-9B11-CD71A1ED7078/element completed (23ms, status: 404)
14:12:07.015205 [DEBUG] WDA GET /session/BFDF8F05-A9EC-4102-9B11-CD71A1ED7078/source
14:12:07.236744 [DEBUG] WDA GET /session/BFDF8F05-A9EC-4102-9B11-CD71A1ED7078/source completed (221ms, status: 200)
14:12:07.237126 [DEBUG] WDA POST /session/BFDF8F05-A9EC-4102-9B11-CD71A1ED7078/element body={"using":"class chain","value":"**/XCUIElementTypeSecureTextField[`(label CONTAINS[c] 'Remove' OR va...
14:12:07.237134 [DEBUG] WDA POST /session/BFDF8F05-A9EC-4102-9B11-CD71A1ED7078/element body={"using":"class chain","value":"**/XCUIElementTypeTextField[`(label CONTAINS[c] 'Remove' OR value CO...
14:12:07.237145 [DEBUG] WDA POST /session/BFDF8F05-A9EC-4102-9B11-CD71A1ED7078/element body={"using":"predicate string","value":"((type == 'XCUIElementTypeTextField' OR type == 'XCUIElementTyp...
14:12:07.237172 [DEBUG] WDA POST /session/BFDF8F05-A9EC-4102-9B11-CD71A1ED7078/element body={"using":"class chain","value":"**/XCUIElementTypeButton[`(label ==[c] 'Remove' OR name ==[c] 'Remov...
14:12:07.259297 [DEBUG] WDA POST /session/BFDF8F05-A9EC-4102-9B11-CD71A1ED7078/element completed (22ms, status: 404)
14:12:07.282748 [DEBUG] WDA POST /session/BFDF8F05-A9EC-4102-9B11-CD71A1ED7078/element completed (45ms, status: 404)
14:12:07.304448 [DEBUG] WDA POST /session/BFDF8F05-A9EC-4102-9B11-CD71A1ED7078/element completed (67ms, status: 404)
14:12:07.327030 [DEBUG] WDA POST /session/BFDF8F05-A9EC-4102-9B11-CD71A1ED7078/element completed (89ms, status: 404)
14:12:07.327103 [DEBUG] WDA POST /session/BFDF8F05-A9EC-4102-9B11-CD71A1ED7078/element body={"using":"predicate string","value":"(label == 'Remove' OR name == 'Remove' OR value == 'Remove')"}
14:12:07.351519 [DEBUG] WDA POST /session/BFDF8F05-A9EC-4102-9B11-CD71A1ED7078/element completed (24ms, status: 404)
14:12:07.351592 [DEBUG] WDA POST /session/BFDF8F05-A9EC-4102-9B11-CD71A1ED7078/element body={"using":"predicate string","value":"(label CONTAINS[c] 'Remove' OR name CONTAINS[c] 'Remove' OR val...
14:12:07.376498 [DEBUG] WDA POST /session/BFDF8F05-A9EC-4102-9B11-CD71A1ED7078/element completed (24ms, status: 404)
14:12:07.376566 [DEBUG] WDA GET /session/BFDF8F05-A9EC-4102-9B11-CD71A1ED7078/source
14:12:07.593962 [DEBUG] WDA GET /session/BFDF8F05-A9EC-4102-9B11-CD71A1ED7078/source completed (217ms, status: 200)
14:12:07.594833 [DEBUG] WDA POST /session/BFDF8F05-A9EC-4102-9B11-CD71A1ED7078/element body={"using":"class chain","value":"**/XCUIElementTypeSecureTextField[`(label CONTAINS[c] 'Remove' OR va...
14:12:07.594845 [DEBUG] WDA POST /session/BFDF8F05-A9EC-4102-9B11-CD71A1ED7078/element body={"using":"class chain","value":"**/XCUIElementTypeButton[`(label ==[c] 'Remove' OR name ==[c] 'Remov...
14:12:07.594864 [DEBUG] WDA POST /session/BFDF8F05-A9EC-4102-9B11-CD71A1ED7078/element body={"using":"class chain","value":"**/XCUIElementTypeTextField[`(label CONTAINS[c] 'Remove' OR value CO...
14:12:07.594873 [DEBUG] WDA POST /session/BFDF8F05-A9EC-4102-9B11-CD71A1ED7078/element body={"using":"predicate string","value":"((type == 'XCUIElementTypeTextField' OR type == 'XCUIElementTyp...
14:12:07.633058 [DEBUG] WDA POST /session/BFDF8F05-A9EC-4102-9B11-CD71A1ED7078/element completed (38ms, status: 404)
14:12:07.656411 [DEBUG] WDA POST /session/BFDF8F05-A9EC-4102-9B11-CD71A1ED7078/element completed (61ms, status: 404)
14:12:07.679061 [DEBUG] WDA POST /session/BFDF8F05-A9EC-4102-9B11-CD71A1ED7078/element completed (84ms, status: 404)
14:12:07.702433 [DEBUG] WDA POST /session/BFDF8F05-A9EC-4102-9B11-CD71A1ED7078/element completed (107ms, status: 404)
14:12:07.702539 [DEBUG] WDA POST /session/BFDF8F05-A9EC-4102-9B11-CD71A1ED7078/element body={"using":"predicate string","value":"(label == 'Remove' OR name == 'Remove' OR value == 'Remove')"}
14:12:07.728223 [DEBUG] WDA POST /session/BFDF8F05-A9EC-4102-9B11-CD71A1ED7078/element completed (25ms, status: 404)
14:12:07.728298 [DEBUG] WDA POST /session/BFDF8F05-A9EC-4102-9B11-CD71A1ED7078/element body={"using":"predicate string","value":"(label CONTAINS[c] 'Remove' OR name CONTAINS[c] 'Remove' OR val...
14:12:07.754252 [DEBUG] WDA POST /session/BFDF8F05-A9EC-4102-9B11-CD71A1ED7078/element completed (25ms, status: 404)
14:12:07.754319 [DEBUG] WDA GET /session/BFDF8F05-A9EC-4102-9B11-CD71A1ED7078/source
14:12:07.992709 [DEBUG] WDA GET /session/BFDF8F05-A9EC-4102-9B11-CD71A1ED7078/source completed (238ms, status: 200)
14:12:07.993087 [DEBUG] WDA POST /session/BFDF8F05-A9EC-4102-9B11-CD71A1ED7078/element body={"using":"predicate string","value":"((type == 'XCUIElementTypeTextField' OR type == 'XCUIElementTyp...
14:12:07.993098 [DEBUG] WDA POST /session/BFDF8F05-A9EC-4102-9B11-CD71A1ED7078/element body={"using":"class chain","value":"**/XCUIElementTypeTextField[`(label CONTAINS[c] 'Remove' OR value CO...
14:12:07.993106 [DEBUG] WDA POST /session/BFDF8F05-A9EC-4102-9B11-CD71A1ED7078/element body={"using":"class chain","value":"**/XCUIElementTypeSecureTextField[`(label CONTAINS[c] 'Remove' OR va...
14:12:07.993122 [DEBUG] WDA POST /session/BFDF8F05-A9EC-4102-9B11-CD71A1ED7078/element body={"using":"class chain","value":"**/XCUIElementTypeButton[`(label ==[c] 'Remove' OR name ==[c] 'Remov...
14:12:08.016512 [DEBUG] WDA POST /session/BFDF8F05-A9EC-4102-9B11-CD71A1ED7078/element completed (23ms, status: 404)
14:12:08.043625 [DEBUG] WDA POST /session/BFDF8F05-A9EC-4102-9B11-CD71A1ED7078/element completed (50ms, status: 404)
14:12:08.064133 [DEBUG] WDA POST /session/BFDF8F05-A9EC-4102-9B11-CD71A1ED7078/element completed (71ms, status: 404)
14:12:08.087898 [DEBUG] WDA POST /session/BFDF8F05-A9EC-4102-9B11-CD71A1ED7078/element completed (94ms, status: 404)
14:12:08.087993 [DEBUG] WDA POST /session/BFDF8F05-A9EC-4102-9B11-CD71A1ED7078/element body={"using":"predicate string","value":"(label == 'Remove' OR name == 'Remove' OR value == 'Remove')"}
14:12:08.113255 [DEBUG] WDA POST /session/BFDF8F05-A9EC-4102-9B11-CD71A1ED7078/element completed (25ms, status: 404)
14:12:08.113342 [DEBUG] WDA POST /session/BFDF8F05-A9EC-4102-9B11-CD71A1ED7078/element body={"using":"predicate string","value":"(label CONTAINS[c] 'Remove' OR name CONTAINS[c] 'Remove' OR val...
14:12:08.139508 [DEBUG] WDA POST /session/BFDF8F05-A9EC-4102-9B11-CD71A1ED7078/element completed (26ms, status: 404)
14:12:08.139631 [DEBUG] WDA GET /session/BFDF8F05-A9EC-4102-9B11-CD71A1ED7078/source
14:12:08.374150 [DEBUG] WDA GET /session/BFDF8F05-A9EC-4102-9B11-CD71A1ED7078/source completed (234ms, status: 200)
14:12:08.374544 [DEBUG] WDA POST /session/BFDF8F05-A9EC-4102-9B11-CD71A1ED7078/element body={"using":"predicate string","value":"((type == 'XCUIElementTypeTextField' OR type == 'XCUIElementTyp...
14:12:08.374577 [DEBUG] WDA POST /session/BFDF8F05-A9EC-4102-9B11-CD71A1ED7078/element body={"using":"class chain","value":"**/XCUIElementTypeSecureTextField[`(label CONTAINS[c] 'Remove' OR va...
14:12:08.374605 [DEBUG] WDA POST /session/BFDF8F05-A9EC-4102-9B11-CD71A1ED7078/element body={"using":"class chain","value":"**/XCUIElementTypeTextField[`(label CONTAINS[c] 'Remove' OR value CO...
14:12:08.374631 [DEBUG] WDA POST /session/BFDF8F05-A9EC-4102-9B11-CD71A1ED7078/element body={"using":"class chain","value":"**/XCUIElementTypeButton[`(label ==[c] 'Remove' OR name ==[c] 'Remov...
14:12:08.398644 [DEBUG] WDA POST /session/BFDF8F05-A9EC-4102-9B11-CD71A1ED7078/element completed (24ms, status: 404)
14:12:08.420381 [DEBUG] WDA POST /session/BFDF8F05-A9EC-4102-9B11-CD71A1ED7078/element completed (45ms, status: 404)
14:12:08.442945 [DEBUG] WDA POST /session/BFDF8F05-A9EC-4102-9B11-CD71A1ED7078/element completed (68ms, status: 404)
14:12:08.466000 [DEBUG] WDA POST /session/BFDF8F05-A9EC-4102-9B11-CD71A1ED7078/element completed (91ms, status: 404)
14:12:08.466084 [DEBUG] WDA POST /session/BFDF8F05-A9EC-4102-9B11-CD71A1ED7078/element body={"using":"predicate string","value":"(label == 'Remove' OR name == 'Remove' OR value == 'Remove')"}
14:12:08.490614 [DEBUG] WDA POST /session/BFDF8F05-A9EC-4102-9B11-CD71A1ED7078/element completed (24ms, status: 404)
14:12:08.490686 [DEBUG] WDA POST /session/BFDF8F05-A9EC-4102-9B11-CD71A1ED7078/element body={"using":"predicate string","value":"(label CONTAINS[c] 'Remove' OR name CONTAINS[c] 'Remove' OR val...
14:12:08.515639 [DEBUG] WDA POST /session/BFDF8F05-A9EC-4102-9B11-CD71A1ED7078/element completed (24ms, status: 404)
14:12:08.515840 [DEBUG] WDA GET /session/BFDF8F05-A9EC-4102-9B11-CD71A1ED7078/source
14:12:08.750688 [DEBUG] WDA GET /session/BFDF8F05-A9EC-4102-9B11-CD71A1ED7078/source completed (234ms, status: 200)
14:12:08.751120 [DEBUG] WDA POST /session/BFDF8F05-A9EC-4102-9B11-CD71A1ED7078/element body={"using":"predicate string","value":"((type == 'XCUIElementTypeTextField' OR type == 'XCUIElementTyp...
14:12:08.751132 [DEBUG] WDA POST /session/BFDF8F05-A9EC-4102-9B11-CD71A1ED7078/element body={"using":"class chain","value":"**/XCUIElementTypeButton[`(label ==[c] 'Remove' OR name ==[c] 'Remov...
14:12:08.751140 [DEBUG] WDA POST /session/BFDF8F05-A9EC-4102-9B11-CD71A1ED7078/element body={"using":"class chain","value":"**/XCUIElementTypeTextField[`(label CONTAINS[c] 'Remove' OR value CO...
14:12:08.751172 [DEBUG] WDA POST /session/BFDF8F05-A9EC-4102-9B11-CD71A1ED7078/element body={"using":"class chain","value":"**/XCUIElementTypeSecureTextField[`(label CONTAINS[c] 'Remove' OR va...
14:12:08.774964 [DEBUG] WDA POST /session/BFDF8F05-A9EC-4102-9B11-CD71A1ED7078/element completed (23ms, status: 404)
14:12:08.797645 [DEBUG] WDA POST /session/BFDF8F05-A9EC-4102-9B11-CD71A1ED7078/element completed (46ms, status: 404)
14:12:08.820945 [DEBUG] WDA POST /session/BFDF8F05-A9EC-4102-9B11-CD71A1ED7078/element completed (69ms, status: 404)
14:12:08.844253 [DEBUG] WDA POST /session/BFDF8F05-A9EC-4102-9B11-CD71A1ED7078/element completed (93ms, status: 404)
14:12:08.844357 [DEBUG] WDA POST /session/BFDF8F05-A9EC-4102-9B11-CD71A1ED7078/element body={"using":"predicate string","value":"(label == 'Remove' OR name == 'Remove' OR value == 'Remove')"}
14:12:08.869768 [DEBUG] WDA POST /session/BFDF8F05-A9EC-4102-9B11-CD71A1ED7078/element completed (25ms, status: 404)
14:12:08.869843 [DEBUG] WDA POST /session/BFDF8F05-A9EC-4102-9B11-CD71A1ED7078/element body={"using":"predicate string","value":"(label CONTAINS[c] 'Remove' OR name CONTAINS[c] 'Remove' OR val...
14:12:08.894522 [DEBUG] WDA POST /session/BFDF8F05-A9EC-4102-9B11-CD71A1ED7078/element completed (24ms, status: 404)
14:12:08.894584 [DEBUG] WDA GET /session/BFDF8F05-A9EC-4102-9B11-CD71A1ED7078/source
14:12:09.132722 [DEBUG] WDA GET /session/BFDF8F05-A9EC-4102-9B11-CD71A1ED7078/source completed (238ms, status: 200)
14:12:09.133097 [ERROR] Step 9 failed (12235ms): tapOn: text="Remove" - Error: Element not found: text='Remove' (cause: context deadline exceeded: WDA error: unable to find an element using 'predicate string', value '(label CONTAINS[c] 'Remove' OR name CONTAINS[c] 'Remove' OR value CONTAINS[c] 'Remove')'; page source: no elements match selector; closest on-screen texts: "love", "water.waves", "Vertical scroll bar, 1 page")
14:12:09.133103 [DEBUG] WDA GET /session/BFDF8F05-A9EC-4102-9B11-CD71A1ED7078/screenshot
14:12:09.203084 [DEBUG] WDA GET /session/BFDF8F05-A9EC-4102-9B11-CD71A1ED7078/screenshot completed (69ms, status: 200)
14:12:09.203966 [DEBUG] WDA GET /session/BFDF8F05-A9EC-4102-9B11-CD71A1ED7078/source
14:12:09.426890 [DEBUG] WDA GET /session/BFDF8F05-A9EC-4102-9B11-CD71A1ED7078/source completed (222ms, status: 200)
14:12:09.428965 [INFO] === Flow completed: 02-favorite (status: failed, duration: 23856ms, passed: 9, failed: 1, skipped: 3) ===
14:12:09.430019 [INFO] Flow execution completed: 0 passed, 1 failed, 0 skipped
14:12:09.430114 [INFO] Generating reports...
14:12:09.430558 [INFO] Shutting down devices started by maestro-runner...
14:12:09.430565 [INFO] Shutting down all tracked emulators
14:12:09.430569 [INFO] Shutting down all tracked simulators
