14:14:51.599426 [INFO] === Test execution started ===
14:14:51.599509 [INFO] Output directory: /Users/kyle/Developer/grantiva-cli/.worktrees/qa-ios/findings/evidence/IOS-037/rep
14:14:51.599523 [INFO] Platform: ios
14:14:51.599528 [INFO] Driver: uiautomator2
14:14:51.599999 [INFO] Validated 1 flow(s)
14:14:51.749288 [INFO] Single device execution mode
14:14:51.749307 [INFO] Starting flow execution (parallel: false, devices: [])
14:14:51.749312 [INFO] Creating driver for single device execution
14:14:51.749320 [INFO] Using specified iOS device: 4DAB1D26-5107-4B17-9093-AC2E19DE0403
14:14:51.873625 [INFO] Device 4DAB1D26-5107-4B17-9093-AC2E19DE0403 is a simulator
14:14:51.873722 [INFO] Building WDA for device 4DAB1D26-5107-4B17-9093-AC2E19DE0403 (team ID: )
14:14:52.098393 [INFO] WDA build completed successfully
14:14:52.098410 [INFO] Starting WDA on device 4DAB1D26-5107-4B17-9093-AC2E19DE0403 (port: 8607)
14:14:54.341386 [INFO] WDA started successfully on port 8607
14:14:54.754781 [DEBUG] WDA GET /window/size
14:14:54.824092 [DEBUG] WDA GET /window/size completed (69ms, status: 200)
14:14:54.824178 [INFO] Driver created: ios on qa-ios-2
14:14:54.825602 [INFO] === Starting flow: many-note ===
14:14:54.825607 [INFO] Flow file: /var/folders/jv/76l6crmx6nl3hf150gzry_ym0000gn/T/grantiva-EEC5765C-54F4-4522-BAEB-37679CBD68E7/0/many-note.yaml
14:14:54.825611 [INFO] Total steps: 12
14:14:54.825737 [DEBUG] WDA POST /appium/settings body={"settings":{"shouldWaitForQuiescence":false,"waitForIdleTimeout":0}}
14:14:54.826314 [DEBUG] WDA POST /appium/settings completed (0ms, status: 404)
14:14:54.826400 [DEBUG] WDA POST /session body={"capabilities":{"alwaysMatch":{"bundleId":"com.kylebrowning.Landmarks","defaultAlertAction":"accept...
14:14:57.429955 [DEBUG] WDA POST /session completed (2603ms, status: 200)
14:14:57.430032 [DEBUG] WDA POST /session/09D7A0E2-7F48-4867-8C59-9EF3DD6A9BE0/appium/settings body={"settings":{"shouldWaitForQuiescence":false,"waitForIdleTimeout":0}}
14:14:57.569904 [DEBUG] WDA POST /session/09D7A0E2-7F48-4867-8C59-9EF3DD6A9BE0/appium/settings completed (139ms, status: 200)
14:14:57.570368 [DEBUG] Executing step 0: launchApp
14:14:58.076457 [DEBUG] [wda] launchApp com.kylebrowning.Landmarks: argv=[] env=map[LANDMARKS_NOTE:x-note LANDMARKS_SEED:many]
14:14:58.076560 [DEBUG] WDA POST /session/09D7A0E2-7F48-4867-8C59-9EF3DD6A9BE0/appium/settings body={"settings":{"acceptAlertButtonSelector":"**/XCUIElementTypeButton[`label BEGINSWITH[c] 'Allow' OR l...
14:14:58.077319 [DEBUG] WDA POST /session/09D7A0E2-7F48-4867-8C59-9EF3DD6A9BE0/appium/settings completed (0ms, status: 200)
14:14:58.077426 [DEBUG] WDA POST /session/09D7A0E2-7F48-4867-8C59-9EF3DD6A9BE0/wda/apps/terminate body={"bundleId":"com.kylebrowning.Landmarks"}
14:14:58.077939 [DEBUG] WDA POST /session/09D7A0E2-7F48-4867-8C59-9EF3DD6A9BE0/wda/apps/terminate completed (0ms, status: 200)
14:14:58.077982 [DEBUG] WDA POST /session/09D7A0E2-7F48-4867-8C59-9EF3DD6A9BE0/wda/apps/launch body={"bundleId":"com.kylebrowning.Landmarks","environment":{"LANDMARKS_NOTE":"x-note","LANDMARKS_SEED":"...
14:14:59.622266 [DEBUG] WDA POST /session/09D7A0E2-7F48-4867-8C59-9EF3DD6A9BE0/wda/apps/launch completed (1544ms, status: 200)
14:14:59.622327 [DEBUG] Step 0 completed successfully (2051ms): launchApp
14:14:59.622744 [DEBUG] Executing step 1: swipe: UP
14:14:59.623142 [DEBUG] WDA POST /session/09D7A0E2-7F48-4867-8C59-9EF3DD6A9BE0/wda/dragfromtoforduration body={"duration":0.1,"fromX":201,"fromY":786.6,"toX":201,"toY":87.4}
14:15:01.672929 [DEBUG] WDA POST /session/09D7A0E2-7F48-4867-8C59-9EF3DD6A9BE0/wda/dragfromtoforduration completed (2049ms, status: 200)
14:15:01.672971 [DEBUG] Step 1 completed successfully (2050ms): swipe: UP
14:15:01.673287 [DEBUG] Executing step 2: swipe: UP
14:15:01.673497 [DEBUG] WDA POST /session/09D7A0E2-7F48-4867-8C59-9EF3DD6A9BE0/wda/dragfromtoforduration body={"duration":0.1,"fromX":201,"fromY":786.6,"toX":201,"toY":87.4}
14:15:03.630580 [DEBUG] WDA POST /session/09D7A0E2-7F48-4867-8C59-9EF3DD6A9BE0/wda/dragfromtoforduration completed (1957ms, status: 200)
14:15:03.630622 [DEBUG] Step 2 completed successfully (1957ms): swipe: UP
14:15:03.630967 [DEBUG] Executing step 3: swipe: UP
14:15:03.631159 [DEBUG] WDA POST /session/09D7A0E2-7F48-4867-8C59-9EF3DD6A9BE0/wda/dragfromtoforduration body={"duration":0.1,"fromX":201,"fromY":786.6,"toX":201,"toY":87.4}
14:15:05.600302 [DEBUG] WDA POST /session/09D7A0E2-7F48-4867-8C59-9EF3DD6A9BE0/wda/dragfromtoforduration completed (1969ms, status: 200)
14:15:05.600353 [DEBUG] Step 3 completed successfully (1969ms): swipe: UP
14:15:05.600865 [DEBUG] Executing step 4: swipe: UP
14:15:05.601182 [DEBUG] WDA POST /session/09D7A0E2-7F48-4867-8C59-9EF3DD6A9BE0/wda/dragfromtoforduration body={"duration":0.1,"fromX":201,"fromY":786.6,"toX":201,"toY":87.4}
14:15:07.531387 [DEBUG] WDA POST /session/09D7A0E2-7F48-4867-8C59-9EF3DD6A9BE0/wda/dragfromtoforduration completed (1930ms, status: 200)
14:15:07.531427 [DEBUG] Step 4 completed successfully (1930ms): swipe: UP
14:15:07.531827 [DEBUG] Executing step 5: swipe: UP
14:15:07.532015 [DEBUG] WDA POST /session/09D7A0E2-7F48-4867-8C59-9EF3DD6A9BE0/wda/dragfromtoforduration body={"duration":0.1,"fromX":201,"fromY":786.6,"toX":201,"toY":87.4}
14:15:09.522228 [DEBUG] WDA POST /session/09D7A0E2-7F48-4867-8C59-9EF3DD6A9BE0/wda/dragfromtoforduration completed (1990ms, status: 200)
14:15:09.522274 [DEBUG] Step 5 completed successfully (1990ms): swipe: UP
14:15:09.522670 [DEBUG] Executing step 6: swipe: UP
14:15:09.522860 [DEBUG] WDA POST /session/09D7A0E2-7F48-4867-8C59-9EF3DD6A9BE0/wda/dragfromtoforduration body={"duration":0.1,"fromX":201,"fromY":786.6,"toX":201,"toY":87.4}
14:15:11.499688 [DEBUG] WDA POST /session/09D7A0E2-7F48-4867-8C59-9EF3DD6A9BE0/wda/dragfromtoforduration completed (1976ms, status: 200)
14:15:11.499919 [DEBUG] Step 6 completed successfully (1977ms): swipe: UP
14:15:11.500852 [DEBUG] Executing step 7: swipe: UP
14:15:11.502235 [DEBUG] WDA POST /session/09D7A0E2-7F48-4867-8C59-9EF3DD6A9BE0/wda/dragfromtoforduration body={"duration":0.1,"fromX":201,"fromY":786.6,"toX":201,"toY":87.4}
14:15:13.461189 [DEBUG] WDA POST /session/09D7A0E2-7F48-4867-8C59-9EF3DD6A9BE0/wda/dragfromtoforduration completed (1958ms, status: 200)
14:15:13.461366 [DEBUG] Step 7 completed successfully (1960ms): swipe: UP
14:15:13.461760 [DEBUG] Executing step 8: swipe: UP
14:15:13.462085 [DEBUG] WDA POST /session/09D7A0E2-7F48-4867-8C59-9EF3DD6A9BE0/wda/dragfromtoforduration body={"duration":0.1,"fromX":201,"fromY":786.6,"toX":201,"toY":87.4}
14:15:15.400733 [DEBUG] WDA POST /session/09D7A0E2-7F48-4867-8C59-9EF3DD6A9BE0/wda/dragfromtoforduration completed (1938ms, status: 200)
14:15:15.400813 [DEBUG] Step 8 completed successfully (1939ms): swipe: UP
14:15:15.402555 [DEBUG] Executing step 9: assertVisible: text="Landmark 70"
14:15:15.404887 [DEBUG] Flutter: parallel search (text="Landmark 70", id="")
14:15:15.404933 [DEBUG] WDA POST /session/09D7A0E2-7F48-4867-8C59-9EF3DD6A9BE0/element body={"using":"predicate string","value":"(label CONTAINS[c] 'Landmark 70' OR name CONTAINS[c] 'Landmark ...
14:15:15.546809 [DEBUG] WDA POST /session/09D7A0E2-7F48-4867-8C59-9EF3DD6A9BE0/element completed (141ms, status: 200)
14:15:15.546881 [DEBUG] WDA GET /session/09D7A0E2-7F48-4867-8C59-9EF3DD6A9BE0/element/B8020000-0000-0000-3599-000000000000/name
14:15:15.546913 [DEBUG] WDA GET /session/09D7A0E2-7F48-4867-8C59-9EF3DD6A9BE0/element/B8020000-0000-0000-3599-000000000000/rect
14:15:15.546953 [DEBUG] WDA GET /session/09D7A0E2-7F48-4867-8C59-9EF3DD6A9BE0/element/B8020000-0000-0000-3599-000000000000/text
14:15:15.547019 [DEBUG] WDA GET /session/09D7A0E2-7F48-4867-8C59-9EF3DD6A9BE0/element/B8020000-0000-0000-3599-000000000000/displayed
14:15:15.598228 [DEBUG] WDA GET /session/09D7A0E2-7F48-4867-8C59-9EF3DD6A9BE0/element/B8020000-0000-0000-3599-000000000000/name completed (51ms, status: 200)
14:15:15.654628 [DEBUG] WDA GET /session/09D7A0E2-7F48-4867-8C59-9EF3DD6A9BE0/element/B8020000-0000-0000-3599-000000000000/displayed completed (107ms, status: 200)
14:15:15.707749 [DEBUG] WDA GET /session/09D7A0E2-7F48-4867-8C59-9EF3DD6A9BE0/element/B8020000-0000-0000-3599-000000000000/rect completed (160ms, status: 200)
14:15:15.755972 [DEBUG] WDA GET /session/09D7A0E2-7F48-4867-8C59-9EF3DD6A9BE0/element/B8020000-0000-0000-3599-000000000000/text completed (209ms, status: 200)
14:15:16.463712 [DEBUG] Flutter fallback: failed to get trees: no Flutter VM service found
14:15:16.463766 [DEBUG] Step 9 completed successfully (1061ms): assertVisible: text="Landmark 70"
14:15:16.464555 [DEBUG] Executing step 10: tapOn: text="Deep Links"
14:15:16.465055 [DEBUG] WDA POST /session/09D7A0E2-7F48-4867-8C59-9EF3DD6A9BE0/element body={"using":"predicate string","value":"((type == 'XCUIElementTypeTextField' OR type == 'XCUIElementTyp...
14:15:16.465079 [DEBUG] WDA POST /session/09D7A0E2-7F48-4867-8C59-9EF3DD6A9BE0/element body={"using":"class chain","value":"**/XCUIElementTypeSecureTextField[`(label CONTAINS[c] 'Deep Links' O...
14:15:16.465108 [DEBUG] WDA POST /session/09D7A0E2-7F48-4867-8C59-9EF3DD6A9BE0/element body={"using":"class chain","value":"**/XCUIElementTypeTextField[`(label CONTAINS[c] 'Deep Links' OR valu...
14:15:16.465144 [DEBUG] WDA POST /session/09D7A0E2-7F48-4867-8C59-9EF3DD6A9BE0/element body={"using":"class chain","value":"**/XCUIElementTypeButton[`(label ==[c] 'Deep Links' OR name ==[c] 'D...
14:15:16.563435 [DEBUG] WDA POST /session/09D7A0E2-7F48-4867-8C59-9EF3DD6A9BE0/element completed (98ms, status: 200)
14:15:16.609177 [DEBUG] WDA POST /session/09D7A0E2-7F48-4867-8C59-9EF3DD6A9BE0/element completed (144ms, status: 404)
14:15:16.701054 [DEBUG] WDA POST /session/09D7A0E2-7F48-4867-8C59-9EF3DD6A9BE0/element completed (235ms, status: 200)
14:15:16.745771 [DEBUG] WDA POST /session/09D7A0E2-7F48-4867-8C59-9EF3DD6A9BE0/element completed (280ms, status: 404)
14:15:16.745987 [DEBUG] WDA GET /session/09D7A0E2-7F48-4867-8C59-9EF3DD6A9BE0/element/1E000000-0000-0000-3599-000000000000/name
14:15:16.746037 [DEBUG] WDA GET /session/09D7A0E2-7F48-4867-8C59-9EF3DD6A9BE0/element/1E000000-0000-0000-3599-000000000000/rect
14:15:16.746075 [DEBUG] WDA GET /session/09D7A0E2-7F48-4867-8C59-9EF3DD6A9BE0/element/1E000000-0000-0000-3599-000000000000/text
14:15:16.746126 [DEBUG] WDA GET /session/09D7A0E2-7F48-4867-8C59-9EF3DD6A9BE0/element/1E000000-0000-0000-3599-000000000000/displayed
14:15:16.791787 [DEBUG] WDA GET /session/09D7A0E2-7F48-4867-8C59-9EF3DD6A9BE0/element/1E000000-0000-0000-3599-000000000000/name completed (45ms, status: 200)
14:15:16.836640 [DEBUG] WDA GET /session/09D7A0E2-7F48-4867-8C59-9EF3DD6A9BE0/element/1E000000-0000-0000-3599-000000000000/rect completed (90ms, status: 200)
14:15:16.884369 [DEBUG] WDA GET /session/09D7A0E2-7F48-4867-8C59-9EF3DD6A9BE0/element/1E000000-0000-0000-3599-000000000000/displayed completed (138ms, status: 200)
14:15:16.928403 [DEBUG] WDA GET /session/09D7A0E2-7F48-4867-8C59-9EF3DD6A9BE0/element/1E000000-0000-0000-3599-000000000000/text completed (182ms, status: 200)
14:15:16.928550 [DEBUG] WDA POST /session/09D7A0E2-7F48-4867-8C59-9EF3DD6A9BE0/element/1E000000-0000-0000-3599-000000000000/click body=
14:15:17.317054 [DEBUG] WDA POST /session/09D7A0E2-7F48-4867-8C59-9EF3DD6A9BE0/element/1E000000-0000-0000-3599-000000000000/click completed (388ms, status: 200)
14:15:17.317126 [DEBUG] Step 10 completed successfully (852ms): tapOn: text="Deep Links"
14:15:17.317869 [DEBUG] Executing step 11: assertVisible: text="x-note"
14:15:17.318349 [DEBUG] WDA POST /session/09D7A0E2-7F48-4867-8C59-9EF3DD6A9BE0/element body={"using":"predicate string","value":"(label CONTAINS[c] 'x-note' OR name CONTAINS[c] 'x-note' OR val...
14:15:17.423696 [DEBUG] WDA POST /session/09D7A0E2-7F48-4867-8C59-9EF3DD6A9BE0/element completed (105ms, status: 200)
14:15:17.423743 [DEBUG] WDA GET /session/09D7A0E2-7F48-4867-8C59-9EF3DD6A9BE0/element/34030000-0000-0000-3599-000000000000/name
14:15:17.423761 [DEBUG] WDA GET /session/09D7A0E2-7F48-4867-8C59-9EF3DD6A9BE0/element/34030000-0000-0000-3599-000000000000/rect
14:15:17.423800 [DEBUG] WDA GET /session/09D7A0E2-7F48-4867-8C59-9EF3DD6A9BE0/element/34030000-0000-0000-3599-000000000000/displayed
14:15:17.423831 [DEBUG] WDA GET /session/09D7A0E2-7F48-4867-8C59-9EF3DD6A9BE0/element/34030000-0000-0000-3599-000000000000/text
14:15:17.470337 [DEBUG] WDA GET /session/09D7A0E2-7F48-4867-8C59-9EF3DD6A9BE0/element/34030000-0000-0000-3599-000000000000/rect completed (46ms, status: 200)
14:15:17.546992 [DEBUG] WDA GET /session/09D7A0E2-7F48-4867-8C59-9EF3DD6A9BE0/element/34030000-0000-0000-3599-000000000000/name completed (123ms, status: 200)
14:15:17.591989 [DEBUG] WDA GET /session/09D7A0E2-7F48-4867-8C59-9EF3DD6A9BE0/element/34030000-0000-0000-3599-000000000000/text completed (168ms, status: 200)
14:15:17.640337 [DEBUG] WDA GET /session/09D7A0E2-7F48-4867-8C59-9EF3DD6A9BE0/element/34030000-0000-0000-3599-000000000000/displayed completed (216ms, status: 200)
14:15:17.640434 [DEBUG] Step 11 completed successfully (322ms): assertVisible: text="x-note"
14:15:17.643608 [INFO] === Flow completed: many-note (status: passed, duration: 22817ms, passed: 12, failed: 0, skipped: 0) ===
14:15:17.646125 [INFO] Flow execution completed: 1 passed, 0 failed, 0 skipped
14:15:17.646231 [INFO] Generating reports...
14:15:17.646867 [INFO] Shutting down devices started by maestro-runner...
14:15:17.646875 [INFO] Shutting down all tracked emulators
14:15:17.646879 [INFO] Shutting down all tracked simulators
