14:04:03.158433 [INFO] === Test execution started ===
14:04:03.158520 [INFO] Output directory: /Users/kyle/Developer/grantiva-cli/.worktrees/qa-android/findings/evidence/AND-044/report
14:04:03.158529 [INFO] Platform: android
14:04:03.158534 [INFO] Driver: uiautomator2
14:04:03.158816 [INFO] Validated 1 flow(s)
14:04:03.158837 [INFO] Single device execution mode
14:04:03.158847 [INFO] Starting flow execution (parallel: false, devices: [])
14:04:03.158855 [INFO] Creating driver for single device execution
14:04:03.158859 [INFO] Connecting to Android device: emulator-5554
14:04:03.242141 [INFO] Device info: google sdk_gphone64_arm64, SDK 35, Serial emulator-5554, Emulator: true
14:04:03.264287 [INFO] Starting UIAutomator2 server on device emulator-5554
14:04:03.666373 [WARN] failed to remove default socket forward for /tmp/uia2-emulator-5554.sock: adb forward --remove localfilesystem:/tmp/uia2-emulator-5554.sock: exit status 1: adb: error: listener 'localfilesystem:/tmp/uia2-emulator-5554.sock' not found
14:04:03.677939 [WARN] failed to remove adb forward for tcp:6790: adb forward --remove tcp:6790: exit status 1: adb: error: listener 'tcp:6790' not found
14:04:04.739213 [INFO] Creating UIAutomator2 session with capabilities: Platform=Android, Device=sdk_gphone64_arm64
14:04:04.746553 [INFO] Session created successfully: 6ef713ce-ba85-4758-a60b-5e5986ce946c
14:04:04.793694 [INFO] Driver created: android on google sdk_gphone64_arm64
14:04:04.796015 [INFO] === Starting flow: qa-arrow ===
14:04:04.796024 [INFO] Flow file: /var/folders/jv/76l6crmx6nl3hf150gzry_ym0000gn/T/grantiva-4FB9AE6C-CDA2-4A6A-8744-2D35AFA1CE9A/0/qa-arrow.yaml
14:04:04.796029 [INFO] Total steps: 5
14:04:04.801271 [DEBUG] Executing step 0: launchApp
14:04:06.491469 [DEBUG] Step 0 completed successfully (1690ms): launchApp
14:04:06.491865 [DEBUG] Executing step 1: tapOn: text="Deep Links"
14:04:06.492094 [DEBUG] Flutter: parallel search (text="Deep Links", id="")
14:04:06.518510 [DEBUG] Flutter fallback: failed to get trees: no Flutter VM service found
14:04:06.544446 [DEBUG] Flutter fallback: failed to get trees: no Flutter VM service found
14:04:06.569716 [DEBUG] Flutter fallback: failed to get trees: no Flutter VM service found
14:04:06.594283 [DEBUG] Flutter fallback: failed to get trees: no Flutter VM service found
14:04:06.618304 [DEBUG] Flutter fallback: failed to get trees: no Flutter VM service found
14:04:06.642325 [DEBUG] Flutter fallback: failed to get trees: no Flutter VM service found
14:04:06.666146 [DEBUG] Flutter fallback: failed to get trees: no Flutter VM service found
14:04:06.691687 [DEBUG] Flutter fallback: failed to get trees: no Flutter VM service found
14:04:06.718022 [DEBUG] Flutter fallback: failed to get trees: no Flutter VM service found
14:04:06.742229 [DEBUG] Flutter fallback: failed to get trees: no Flutter VM service found
14:04:06.769984 [DEBUG] Flutter fallback: failed to get trees: no Flutter VM service found
14:04:06.796447 [DEBUG] Flutter fallback: failed to get trees: no Flutter VM service found
14:04:06.820835 [DEBUG] Flutter fallback: failed to get trees: no Flutter VM service found
14:04:06.847265 [DEBUG] Flutter fallback: failed to get trees: no Flutter VM service found
14:04:06.875779 [DEBUG] Flutter fallback: failed to get trees: no Flutter VM service found
14:04:06.900991 [DEBUG] Flutter fallback: failed to get trees: no Flutter VM service found
14:04:06.924596 [DEBUG] Flutter fallback: failed to get trees: no Flutter VM service found
14:04:06.949221 [DEBUG] Flutter fallback: failed to get trees: no Flutter VM service found
14:04:06.972779 [DEBUG] Flutter fallback: failed to get trees: no Flutter VM service found
14:04:06.997577 [DEBUG] Flutter fallback: failed to get trees: no Flutter VM service found
14:04:07.022230 [DEBUG] Flutter fallback: failed to get trees: no Flutter VM service found
14:04:07.046084 [DEBUG] Flutter fallback: failed to get trees: no Flutter VM service found
14:04:07.076669 [DEBUG] Flutter fallback: failed to get trees: no Flutter VM service found
14:04:07.107475 [DEBUG] Flutter fallback: failed to get trees: no Flutter VM service found
14:04:07.139611 [DEBUG] Flutter fallback: failed to get trees: no Flutter VM service found
14:04:07.166255 [DEBUG] Flutter fallback: failed to get trees: no Flutter VM service found
14:04:07.192958 [DEBUG] Flutter fallback: failed to get trees: no Flutter VM service found
14:04:07.218562 [DEBUG] Flutter fallback: failed to get trees: no Flutter VM service found
14:04:07.243752 [DEBUG] Flutter fallback: failed to get trees: no Flutter VM service found
14:04:07.267926 [DEBUG] Flutter fallback: failed to get trees: no Flutter VM service found
14:04:07.290833 [DEBUG] Flutter fallback: failed to get trees: no Flutter VM service found
14:04:07.315475 [DEBUG] Flutter fallback: failed to get trees: no Flutter VM service found
14:04:07.342619 [DEBUG] Flutter fallback: failed to get trees: no Flutter VM service found
14:04:07.369189 [DEBUG] Flutter fallback: failed to get trees: no Flutter VM service found
14:04:07.395716 [DEBUG] Flutter fallback: failed to get trees: no Flutter VM service found
14:04:07.420690 [DEBUG] Flutter fallback: failed to get trees: no Flutter VM service found
14:04:07.445042 [DEBUG] Flutter fallback: failed to get trees: no Flutter VM service found
14:04:07.471029 [DEBUG] Flutter fallback: failed to get trees: no Flutter VM service found
14:04:07.497512 [DEBUG] Flutter fallback: failed to get trees: no Flutter VM service found
14:04:07.523765 [DEBUG] Flutter fallback: failed to get trees: no Flutter VM service found
14:04:07.550510 [DEBUG] Flutter fallback: failed to get trees: no Flutter VM service found
14:04:07.575285 [DEBUG] Flutter fallback: failed to get trees: no Flutter VM service found
14:04:07.601690 [DEBUG] Flutter fallback: failed to get trees: no Flutter VM service found
14:04:07.627885 [DEBUG] Flutter fallback: failed to get trees: no Flutter VM service found
14:04:07.652134 [DEBUG] Flutter fallback: failed to get trees: no Flutter VM service found
14:04:07.676506 [DEBUG] Flutter fallback: failed to get trees: no Flutter VM service found
14:04:07.702318 [DEBUG] Flutter fallback: failed to get trees: no Flutter VM service found
14:04:07.731823 [DEBUG] Flutter fallback: failed to get trees: no Flutter VM service found
14:04:07.759465 [DEBUG] Flutter fallback: failed to get trees: no Flutter VM service found
14:04:07.786866 [DEBUG] Flutter fallback: failed to get trees: no Flutter VM service found
14:04:07.821537 [DEBUG] Flutter fallback: failed to get trees: no Flutter VM service found
14:04:07.854443 [DEBUG] Flutter fallback: failed to get trees: no Flutter VM service found
14:04:07.854468 [DEBUG] Step 1 completed successfully (1362ms): tapOn: text="Deep Links"
14:04:07.854868 [DEBUG] Executing step 2: tapOn: text="Mountains → Yosemite Valley"
14:04:08.758715 [DEBUG] Step 2 completed successfully (903ms): tapOn: text="Mountains → Yosemite Valley"
14:04:08.759033 [DEBUG] Executing step 3: assertVisible: text="Yosemite, CA"
14:04:09.674236 [DEBUG] Step 3 completed successfully (915ms): assertVisible: text="Yosemite, CA"
14:04:09.674843 [DEBUG] Executing step 4: takeScreenshot
14:04:10.153425 [DEBUG] Step 4 completed successfully (478ms): takeScreenshot
14:04:10.155946 [INFO] === Flow completed: qa-arrow (status: passed, duration: 5359ms, passed: 5, failed: 0, skipped: 0) ===
14:04:10.861779 [WARN] failed to remove default socket forward for /tmp/uia2-emulator-5554.sock: adb forward --remove localfilesystem:/tmp/uia2-emulator-5554.sock: exit status 1: adb: error: listener 'localfilesystem:/tmp/uia2-emulator-5554.sock' not found
14:04:10.904342 [WARN] failed to remove adb forward for tcp:6790: adb forward --remove tcp:6790: exit status 1: adb: error: listener 'tcp:6790' not found
14:04:10.904372 [INFO] Flow execution completed: 1 passed, 0 failed, 0 skipped
14:04:10.904597 [INFO] Generating reports...
14:04:10.914245 [INFO] Shutting down devices started by maestro-runner...
14:04:10.914267 [INFO] Shutting down all tracked emulators
14:04:10.914275 [INFO] Shutting down all tracked simulators
