Resolved: scheme=Landmarks (UI Testing) simulator=qa-ios-1 screens=0 flows=1
Preparing runner...
Runner ready
Booting simulator: qa-ios-1
Simulator booted: qa-ios-1 (6EEDCB1A-E693-488A-B34C-5A0AB5DE9400)
Skipping build and install (--no-build)
Running 1 flow(s)...
Running 1 flow(s) in one GrantivaAgent session: qa/stop.yaml

  grantiva-runner 1.1.18-grantiva.7 - by Grantiva
  Fast, lightweight UI test runner


Setup
────────────────────────────────────────
  ✓ Found 1 test flow(s)
  ✓ Report directory: /Users/kyle/Developer/grantiva-cli/.worktrees/qa-ios/findings/evidence/IOS-075/rep-stop

Execution
────────────────────────────────────────
  ⏳ Checking GrantivaAgent installation...
  ✓ GrantivaAgent installed
  ⏳ Building GrantivaAgent...
  ✓ Using cached GrantivaAgent build (sim-ios26.0-iphone)
  ✓ GrantivaAgent built
  ⏳ Starting GrantivaAgent...
Starting GrantivaAgent...
GrantivaAgent started
  ✓ GrantivaAgent started
  ✓ GrantivaAgent port: 8876

  [1/1] stop (stop.yaml)
────────────────────────────────────────────────────────────
    ✓ stopApp (1.0s)
    ✓ launchApp (2.0s)
    ✓ assertVisible: text="Featured" (1.2s)
✓ stop 5.9s

  [1/1] stop (qa/stop.yaml) - Device: qa-ios-1 (ios 26.0 Simulator)
  ────────────────────────────────────────────────────────────
    ✓ stopApp (1.0s)
    ✓ launchApp (2.0s)
    ✓ assertVisible (1.2s)
✓ stop 4.2s

  3 steps passing (5.9s)

════════════════════════════════════════════════════════════════════════════════════════════════════════════════════
  Flow                           Status   Steps   Pass   Fail   Skip   Duration  Device
────────────────────────────────────────────────────────────────────────────────────────────────────────────────────
  stop                           ✓ PASS       3      3      0      0       5.9s  qa-ios-1 (ios 26.0 Simulator)
────────────────────────────────────────────────────────────────────────────────────────────────────────────────────
  TOTAL                             1/1       3      3      0      0       5.9s
════════════════════════════════════════════════════════════════════════════════════════════════════════════════════

  ✓ Tests completed. Generating reports...

  Reports: /Users/kyle/Developer/grantiva-cli/.worktrees/qa-ios/findings/evidence/IOS-075/rep-stop
    ├── report.json
    ├── junit-report.xml
    └── allure-results/

  Paths:
    JSON:   /Users/kyle/Developer/grantiva-cli/.worktrees/qa-ios/findings/evidence/IOS-075/rep-stop/report.json
    JUnit:  /Users/kyle/Developer/grantiva-cli/.worktrees/qa-ios/findings/evidence/IOS-075/rep-stop/junit-report.xml
    Allure: /Users/kyle/Developer/grantiva-cli/.worktrees/qa-ios/findings/evidence/IOS-075/rep-stop/allure-results

  Built by Grantiva

