14:18:30.014411 [INFO] === Test execution started ===
14:18:30.014468 [INFO] Output directory: /Users/kyle/Developer/grantiva-cli/.worktrees/qa-ios/findings/evidence/IOS-snap-failure/rep
14:18:30.014473 [INFO] Platform: ios
14:18:30.014477 [INFO] Driver: uiautomator2
14:18:30.014776 [INFO] Validated 1 flow(s)
14:18:30.123575 [INFO] Single device execution mode
14:18:30.123594 [INFO] Starting flow execution (parallel: false, devices: [])
14:18:30.123599 [INFO] Creating driver for single device execution
14:18:30.123604 [INFO] Using specified iOS device: 6EEDCB1A-E693-488A-B34C-5A0AB5DE9400
14:18:30.228509 [INFO] Device 6EEDCB1A-E693-488A-B34C-5A0AB5DE9400 is a simulator
14:18:30.228603 [INFO] Building WDA for device 6EEDCB1A-E693-488A-B34C-5A0AB5DE9400 (team ID: )
14:18:30.438113 [INFO] WDA build completed successfully
14:18:30.438128 [INFO] Starting WDA on device 6EEDCB1A-E693-488A-B34C-5A0AB5DE9400 (port: 8876)
14:18:32.661056 [INFO] WDA started successfully on port 8876
14:18:33.016875 [DEBUG] WDA GET /window/size
14:18:33.068992 [DEBUG] WDA GET /window/size completed (52ms, status: 200)
14:18:33.069053 [INFO] Driver created: ios on qa-ios-1
14:18:33.070416 [INFO] === Starting flow: 02-favorite ===
14:18:33.070421 [INFO] Flow file: /var/folders/jv/76l6crmx6nl3hf150gzry_ym0000gn/T/grantiva-4D16E3D1-8E49-4706-98AA-F7B0332F2EE5/0/02-favorite.yaml
14:18:33.070424 [INFO] Total steps: 13
14:18:33.070545 [DEBUG] WDA POST /appium/settings body={"settings":{"shouldWaitForQuiescence":false,"waitForIdleTimeout":0}}
14:18:33.071072 [DEBUG] WDA POST /appium/settings completed (0ms, status: 404)
14:18:33.071147 [DEBUG] WDA POST /session body={"capabilities":{"alwaysMatch":{"bundleId":"com.kylebrowning.Landmarks","defaultAlertAction":"accept...
14:18:35.652153 [DEBUG] WDA POST /session completed (2581ms, status: 200)
14:18:35.652318 [DEBUG] WDA POST /session/F92521D4-D1AC-48AF-8F12-0C6D400993F5/appium/settings body={"settings":{"shouldWaitForQuiescence":false,"waitForIdleTimeout":0}}
14:18:35.851833 [DEBUG] WDA POST /session/F92521D4-D1AC-48AF-8F12-0C6D400993F5/appium/settings completed (199ms, status: 200)
14:18:35.853304 [DEBUG] Executing step 0: launchApp
14:18:36.315099 [DEBUG] [wda] launchApp com.kylebrowning.Landmarks: argv=[] env=map[]
14:18:36.315173 [DEBUG] WDA POST /session/F92521D4-D1AC-48AF-8F12-0C6D400993F5/appium/settings body={"settings":{"acceptAlertButtonSelector":"**/XCUIElementTypeButton[`label BEGINSWITH[c] 'Allow' OR l...
14:18:36.315817 [DEBUG] WDA POST /session/F92521D4-D1AC-48AF-8F12-0C6D400993F5/appium/settings completed (0ms, status: 200)
14:18:36.315897 [DEBUG] WDA POST /session/F92521D4-D1AC-48AF-8F12-0C6D400993F5/wda/apps/launch body={"bundleId":"com.kylebrowning.Landmarks"}
14:18:37.832516 [DEBUG] WDA POST /session/F92521D4-D1AC-48AF-8F12-0C6D400993F5/wda/apps/launch completed (1516ms, status: 200)
14:18:37.832589 [DEBUG] Step 0 completed successfully (1979ms): launchApp
14:18:37.833568 [DEBUG] Executing step 1: tapOn: text="Lake Tahoe"
14:18:37.835369 [DEBUG] Flutter: parallel search (text="Lake Tahoe", id="")
14:18:37.835463 [DEBUG] WDA POST /session/F92521D4-D1AC-48AF-8F12-0C6D400993F5/element body={"using":"predicate string","value":"((type == 'XCUIElementTypeTextField' OR type == 'XCUIElementTyp...
14:18:37.835493 [DEBUG] WDA POST /session/F92521D4-D1AC-48AF-8F12-0C6D400993F5/element body={"using":"class chain","value":"**/XCUIElementTypeTextField[`(label CONTAINS[c] 'Lake Tahoe' OR valu...
14:18:37.835712 [DEBUG] WDA POST /session/F92521D4-D1AC-48AF-8F12-0C6D400993F5/element body={"using":"class chain","value":"**/XCUIElementTypeSecureTextField[`(label CONTAINS[c] 'Lake Tahoe' O...
14:18:37.835771 [DEBUG] WDA POST /session/F92521D4-D1AC-48AF-8F12-0C6D400993F5/element body={"using":"class chain","value":"**/XCUIElementTypeButton[`(label ==[c] 'Lake Tahoe' OR name ==[c] 'L...
14:18:38.006837 [DEBUG] WDA POST /session/F92521D4-D1AC-48AF-8F12-0C6D400993F5/element completed (171ms, status: 404)
14:18:38.081343 [DEBUG] WDA POST /session/F92521D4-D1AC-48AF-8F12-0C6D400993F5/element completed (245ms, status: 404)
14:18:38.126414 [DEBUG] WDA POST /session/F92521D4-D1AC-48AF-8F12-0C6D400993F5/element completed (290ms, status: 404)
14:18:38.170449 [DEBUG] WDA POST /session/F92521D4-D1AC-48AF-8F12-0C6D400993F5/element completed (334ms, status: 404)
14:18:38.170540 [DEBUG] WDA POST /session/F92521D4-D1AC-48AF-8F12-0C6D400993F5/element body={"using":"predicate string","value":"(label == 'Lake Tahoe' OR name == 'Lake Tahoe' OR value == 'Lak...
14:18:38.265490 [DEBUG] WDA POST /session/F92521D4-D1AC-48AF-8F12-0C6D400993F5/element completed (94ms, status: 200)
14:18:38.265550 [DEBUG] WDA GET /session/F92521D4-D1AC-48AF-8F12-0C6D400993F5/element/AB000000-0000-0000-5FC3-000000000000/text
14:18:38.265581 [DEBUG] WDA GET /session/F92521D4-D1AC-48AF-8F12-0C6D400993F5/element/AB000000-0000-0000-5FC3-000000000000/name
14:18:38.265616 [DEBUG] WDA GET /session/F92521D4-D1AC-48AF-8F12-0C6D400993F5/element/AB000000-0000-0000-5FC3-000000000000/displayed
14:18:38.265641 [DEBUG] WDA GET /session/F92521D4-D1AC-48AF-8F12-0C6D400993F5/element/AB000000-0000-0000-5FC3-000000000000/rect
14:18:38.310713 [DEBUG] WDA GET /session/F92521D4-D1AC-48AF-8F12-0C6D400993F5/element/AB000000-0000-0000-5FC3-000000000000/text completed (45ms, status: 200)
14:18:38.361724 [DEBUG] WDA GET /session/F92521D4-D1AC-48AF-8F12-0C6D400993F5/element/AB000000-0000-0000-5FC3-000000000000/displayed completed (96ms, status: 200)
14:18:38.406570 [DEBUG] WDA GET /session/F92521D4-D1AC-48AF-8F12-0C6D400993F5/element/AB000000-0000-0000-5FC3-000000000000/rect completed (141ms, status: 200)
14:18:38.452324 [DEBUG] WDA GET /session/F92521D4-D1AC-48AF-8F12-0C6D400993F5/element/AB000000-0000-0000-5FC3-000000000000/name completed (186ms, status: 200)
14:18:38.452414 [DEBUG] WDA POST /session/F92521D4-D1AC-48AF-8F12-0C6D400993F5/element/AB000000-0000-0000-5FC3-000000000000/click body=
14:18:38.831614 [DEBUG] WDA POST /session/F92521D4-D1AC-48AF-8F12-0C6D400993F5/element/AB000000-0000-0000-5FC3-000000000000/click completed (379ms, status: 200)
14:18:39.073012 [DEBUG] Flutter fallback: failed to get trees: no Flutter VM service found
14:18:39.073326 [DEBUG] Step 1 completed successfully (1239ms): tapOn: text="Lake Tahoe"
14:18:39.075786 [DEBUG] Executing step 2: tapOn: text="Favorite"
14:18:39.076841 [DEBUG] WDA POST /session/F92521D4-D1AC-48AF-8F12-0C6D400993F5/element body={"using":"predicate string","value":"((type == 'XCUIElementTypeTextField' OR type == 'XCUIElementTyp...
14:18:39.076924 [DEBUG] WDA POST /session/F92521D4-D1AC-48AF-8F12-0C6D400993F5/element body={"using":"class chain","value":"**/XCUIElementTypeSecureTextField[`(label CONTAINS[c] 'Favorite' OR ...
14:18:39.076950 [DEBUG] WDA POST /session/F92521D4-D1AC-48AF-8F12-0C6D400993F5/element body={"using":"class chain","value":"**/XCUIElementTypeTextField[`(label CONTAINS[c] 'Favorite' OR value ...
14:18:39.077018 [DEBUG] WDA POST /session/F92521D4-D1AC-48AF-8F12-0C6D400993F5/element body={"using":"class chain","value":"**/XCUIElementTypeButton[`(label ==[c] 'Favorite' OR name ==[c] 'Fav...
14:18:39.146328 [DEBUG] WDA POST /session/F92521D4-D1AC-48AF-8F12-0C6D400993F5/element completed (69ms, status: 404)
14:18:39.248489 [DEBUG] WDA POST /session/F92521D4-D1AC-48AF-8F12-0C6D400993F5/element completed (171ms, status: 200)
14:18:39.317375 [DEBUG] WDA POST /session/F92521D4-D1AC-48AF-8F12-0C6D400993F5/element completed (240ms, status: 200)
14:18:39.350378 [DEBUG] WDA POST /session/F92521D4-D1AC-48AF-8F12-0C6D400993F5/element completed (273ms, status: 404)
14:18:39.350713 [DEBUG] WDA GET /session/F92521D4-D1AC-48AF-8F12-0C6D400993F5/element/BD000000-0000-0000-5FC3-000000000000/name
14:18:39.350745 [DEBUG] WDA GET /session/F92521D4-D1AC-48AF-8F12-0C6D400993F5/element/BD000000-0000-0000-5FC3-000000000000/displayed
14:18:39.350800 [DEBUG] WDA GET /session/F92521D4-D1AC-48AF-8F12-0C6D400993F5/element/BD000000-0000-0000-5FC3-000000000000/rect
14:18:39.350864 [DEBUG] WDA GET /session/F92521D4-D1AC-48AF-8F12-0C6D400993F5/element/BD000000-0000-0000-5FC3-000000000000/text
14:18:39.383947 [DEBUG] WDA GET /session/F92521D4-D1AC-48AF-8F12-0C6D400993F5/element/BD000000-0000-0000-5FC3-000000000000/name completed (33ms, status: 200)
14:18:39.425749 [DEBUG] WDA GET /session/F92521D4-D1AC-48AF-8F12-0C6D400993F5/element/BD000000-0000-0000-5FC3-000000000000/displayed completed (74ms, status: 200)
14:18:39.457768 [DEBUG] WDA GET /session/F92521D4-D1AC-48AF-8F12-0C6D400993F5/element/BD000000-0000-0000-5FC3-000000000000/text completed (107ms, status: 200)
14:18:39.491540 [DEBUG] WDA GET /session/F92521D4-D1AC-48AF-8F12-0C6D400993F5/element/BD000000-0000-0000-5FC3-000000000000/rect completed (140ms, status: 200)
14:18:39.491731 [DEBUG] WDA POST /session/F92521D4-D1AC-48AF-8F12-0C6D400993F5/element/BD000000-0000-0000-5FC3-000000000000/click body=
14:18:39.860256 [DEBUG] WDA POST /session/F92521D4-D1AC-48AF-8F12-0C6D400993F5/element/BD000000-0000-0000-5FC3-000000000000/click completed (368ms, status: 200)
14:18:39.860326 [DEBUG] Step 2 completed successfully (784ms): tapOn: text="Favorite"
14:18:39.861392 [DEBUG] Executing step 3: assertVisible: text="Unfavorite"
14:18:39.862264 [DEBUG] WDA POST /session/F92521D4-D1AC-48AF-8F12-0C6D400993F5/element body={"using":"predicate string","value":"(label CONTAINS[c] 'Unfavorite' OR name CONTAINS[c] 'Unfavorite...
14:18:39.913833 [DEBUG] WDA POST /session/F92521D4-D1AC-48AF-8F12-0C6D400993F5/element completed (51ms, status: 404)
14:18:39.913935 [DEBUG] WDA GET /session/F92521D4-D1AC-48AF-8F12-0C6D400993F5/source
14:18:40.295535 [DEBUG] WDA GET /session/F92521D4-D1AC-48AF-8F12-0C6D400993F5/source completed (381ms, status: 200)
14:18:40.347468 [DEBUG] WDA POST /session/F92521D4-D1AC-48AF-8F12-0C6D400993F5/element body={"using":"predicate string","value":"(label CONTAINS[c] 'Unfavorite' OR name CONTAINS[c] 'Unfavorite...
14:18:40.418483 [DEBUG] WDA POST /session/F92521D4-D1AC-48AF-8F12-0C6D400993F5/element completed (71ms, status: 200)
14:18:40.418541 [DEBUG] WDA GET /session/F92521D4-D1AC-48AF-8F12-0C6D400993F5/element/B7000000-0000-0000-5FC3-000000000000/name
14:18:40.418571 [DEBUG] WDA GET /session/F92521D4-D1AC-48AF-8F12-0C6D400993F5/element/B7000000-0000-0000-5FC3-000000000000/text
14:18:40.418594 [DEBUG] WDA GET /session/F92521D4-D1AC-48AF-8F12-0C6D400993F5/element/B7000000-0000-0000-5FC3-000000000000/displayed
14:18:40.418612 [DEBUG] WDA GET /session/F92521D4-D1AC-48AF-8F12-0C6D400993F5/element/B7000000-0000-0000-5FC3-000000000000/rect
14:18:40.449764 [DEBUG] WDA GET /session/F92521D4-D1AC-48AF-8F12-0C6D400993F5/element/B7000000-0000-0000-5FC3-000000000000/text completed (31ms, status: 200)
14:18:40.483441 [DEBUG] WDA GET /session/F92521D4-D1AC-48AF-8F12-0C6D400993F5/element/B7000000-0000-0000-5FC3-000000000000/name completed (64ms, status: 200)
14:18:40.523197 [DEBUG] WDA GET /session/F92521D4-D1AC-48AF-8F12-0C6D400993F5/element/B7000000-0000-0000-5FC3-000000000000/displayed completed (104ms, status: 200)
14:18:40.554977 [DEBUG] WDA GET /session/F92521D4-D1AC-48AF-8F12-0C6D400993F5/element/B7000000-0000-0000-5FC3-000000000000/rect completed (136ms, status: 200)
14:18:40.555072 [DEBUG] Step 3 completed successfully (693ms): assertVisible: text="Unfavorite"
14:18:40.555999 [DEBUG] Executing step 4: tapOn: text="Landmarks"
14:18:40.556853 [DEBUG] WDA POST /session/F92521D4-D1AC-48AF-8F12-0C6D400993F5/element body={"using":"predicate string","value":"((type == 'XCUIElementTypeTextField' OR type == 'XCUIElementTyp...
14:18:40.556873 [DEBUG] WDA POST /session/F92521D4-D1AC-48AF-8F12-0C6D400993F5/element body={"using":"class chain","value":"**/XCUIElementTypeTextField[`(label CONTAINS[c] 'Landmarks' OR value...
14:18:40.556894 [DEBUG] WDA POST /session/F92521D4-D1AC-48AF-8F12-0C6D400993F5/element body={"using":"class chain","value":"**/XCUIElementTypeSecureTextField[`(label CONTAINS[c] 'Landmarks' OR...
14:18:40.556924 [DEBUG] WDA POST /session/F92521D4-D1AC-48AF-8F12-0C6D400993F5/element body={"using":"class chain","value":"**/XCUIElementTypeButton[`(label ==[c] 'Landmarks' OR name ==[c] 'La...
14:18:40.588240 [DEBUG] WDA POST /session/F92521D4-D1AC-48AF-8F12-0C6D400993F5/element completed (31ms, status: 404)
14:18:40.619125 [DEBUG] WDA POST /session/F92521D4-D1AC-48AF-8F12-0C6D400993F5/element completed (62ms, status: 404)
14:18:40.681350 [DEBUG] WDA POST /session/F92521D4-D1AC-48AF-8F12-0C6D400993F5/element completed (124ms, status: 200)
14:18:40.743060 [DEBUG] WDA POST /session/F92521D4-D1AC-48AF-8F12-0C6D400993F5/element completed (186ms, status: 200)
14:18:40.743144 [DEBUG] WDA GET /session/F92521D4-D1AC-48AF-8F12-0C6D400993F5/element/B6000000-0000-0000-5FC3-000000000000/name
14:18:40.743188 [DEBUG] WDA GET /session/F92521D4-D1AC-48AF-8F12-0C6D400993F5/element/B6000000-0000-0000-5FC3-000000000000/rect
14:18:40.743254 [DEBUG] WDA GET /session/F92521D4-D1AC-48AF-8F12-0C6D400993F5/element/B6000000-0000-0000-5FC3-000000000000/text
14:18:40.743291 [DEBUG] WDA GET /session/F92521D4-D1AC-48AF-8F12-0C6D400993F5/element/B6000000-0000-0000-5FC3-000000000000/displayed
14:18:40.773063 [DEBUG] WDA GET /session/F92521D4-D1AC-48AF-8F12-0C6D400993F5/element/B6000000-0000-0000-5FC3-000000000000/rect completed (29ms, status: 200)
14:18:40.802645 [DEBUG] WDA GET /session/F92521D4-D1AC-48AF-8F12-0C6D400993F5/element/B6000000-0000-0000-5FC3-000000000000/name completed (59ms, status: 200)
14:18:40.831523 [DEBUG] WDA GET /session/F92521D4-D1AC-48AF-8F12-0C6D400993F5/element/B6000000-0000-0000-5FC3-000000000000/text completed (88ms, status: 200)
14:18:40.869018 [DEBUG] WDA GET /session/F92521D4-D1AC-48AF-8F12-0C6D400993F5/element/B6000000-0000-0000-5FC3-000000000000/displayed completed (125ms, status: 200)
14:18:40.869144 [DEBUG] WDA POST /session/F92521D4-D1AC-48AF-8F12-0C6D400993F5/element/B6000000-0000-0000-5FC3-000000000000/click body=
14:18:41.225905 [DEBUG] WDA POST /session/F92521D4-D1AC-48AF-8F12-0C6D400993F5/element/B6000000-0000-0000-5FC3-000000000000/click completed (356ms, status: 200)
14:18:41.226201 [DEBUG] Step 4 completed successfully (670ms): tapOn: text="Landmarks"
14:18:41.227629 [DEBUG] Executing step 5: tapOn: text="Favorites"
14:18:41.228247 [DEBUG] WDA POST /session/F92521D4-D1AC-48AF-8F12-0C6D400993F5/element body={"using":"predicate string","value":"((type == 'XCUIElementTypeTextField' OR type == 'XCUIElementTyp...
14:18:41.228261 [DEBUG] WDA POST /session/F92521D4-D1AC-48AF-8F12-0C6D400993F5/element body={"using":"class chain","value":"**/XCUIElementTypeSecureTextField[`(label CONTAINS[c] 'Favorites' OR...
14:18:41.228296 [DEBUG] WDA POST /session/F92521D4-D1AC-48AF-8F12-0C6D400993F5/element body={"using":"class chain","value":"**/XCUIElementTypeTextField[`(label CONTAINS[c] 'Favorites' OR value...
14:18:41.228367 [DEBUG] WDA POST /session/F92521D4-D1AC-48AF-8F12-0C6D400993F5/element body={"using":"class chain","value":"**/XCUIElementTypeButton[`(label ==[c] 'Favorites' OR name ==[c] 'Fa...
14:18:41.289350 [DEBUG] WDA POST /session/F92521D4-D1AC-48AF-8F12-0C6D400993F5/element completed (61ms, status: 404)
14:18:41.342390 [DEBUG] WDA POST /session/F92521D4-D1AC-48AF-8F12-0C6D400993F5/element completed (114ms, status: 404)
14:18:41.392523 [DEBUG] WDA POST /session/F92521D4-D1AC-48AF-8F12-0C6D400993F5/element completed (164ms, status: 404)
14:18:41.443129 [DEBUG] WDA POST /session/F92521D4-D1AC-48AF-8F12-0C6D400993F5/element completed (214ms, status: 404)
14:18:41.443312 [DEBUG] WDA POST /session/F92521D4-D1AC-48AF-8F12-0C6D400993F5/element body={"using":"predicate string","value":"(label == 'Favorites' OR name == 'Favorites' OR value == 'Favor...
14:18:41.497036 [DEBUG] WDA POST /session/F92521D4-D1AC-48AF-8F12-0C6D400993F5/element completed (53ms, status: 404)
14:18:41.497256 [DEBUG] WDA POST /session/F92521D4-D1AC-48AF-8F12-0C6D400993F5/element body={"using":"predicate string","value":"(label CONTAINS[c] 'Favorites' OR name CONTAINS[c] 'Favorites' ...
14:18:41.565428 [DEBUG] WDA POST /session/F92521D4-D1AC-48AF-8F12-0C6D400993F5/element completed (68ms, status: 404)
14:18:41.565618 [DEBUG] WDA GET /session/F92521D4-D1AC-48AF-8F12-0C6D400993F5/source
14:18:42.549966 [DEBUG] WDA GET /session/F92521D4-D1AC-48AF-8F12-0C6D400993F5/source completed (984ms, status: 200)
14:18:42.551507 [DEBUG] WDA POST /session/F92521D4-D1AC-48AF-8F12-0C6D400993F5/wda/tap body={"x":201,"y":822}
14:18:42.974436 [DEBUG] WDA POST /session/F92521D4-D1AC-48AF-8F12-0C6D400993F5/wda/tap completed (422ms, status: 200)
14:18:42.974486 [DEBUG] Step 5 completed successfully (1746ms): tapOn: text="Favorites"
14:18:42.974962 [DEBUG] Executing step 6: assertVisible: text="Lake Tahoe"
14:18:42.975184 [DEBUG] WDA POST /session/F92521D4-D1AC-48AF-8F12-0C6D400993F5/element body={"using":"predicate string","value":"(label CONTAINS[c] 'Lake Tahoe' OR name CONTAINS[c] 'Lake Tahoe...
14:18:43.038798 [DEBUG] WDA POST /session/F92521D4-D1AC-48AF-8F12-0C6D400993F5/element completed (63ms, status: 200)
14:18:43.038871 [DEBUG] WDA GET /session/F92521D4-D1AC-48AF-8F12-0C6D400993F5/element/0E010000-0000-0000-5FC3-000000000000/name
14:18:43.038896 [DEBUG] WDA GET /session/F92521D4-D1AC-48AF-8F12-0C6D400993F5/element/0E010000-0000-0000-5FC3-000000000000/rect
14:18:43.038920 [DEBUG] WDA GET /session/F92521D4-D1AC-48AF-8F12-0C6D400993F5/element/0E010000-0000-0000-5FC3-000000000000/text
14:18:43.038948 [DEBUG] WDA GET /session/F92521D4-D1AC-48AF-8F12-0C6D400993F5/element/0E010000-0000-0000-5FC3-000000000000/displayed
14:18:43.067611 [DEBUG] WDA GET /session/F92521D4-D1AC-48AF-8F12-0C6D400993F5/element/0E010000-0000-0000-5FC3-000000000000/name completed (28ms, status: 200)
14:18:43.097202 [DEBUG] WDA GET /session/F92521D4-D1AC-48AF-8F12-0C6D400993F5/element/0E010000-0000-0000-5FC3-000000000000/rect completed (58ms, status: 200)
14:18:43.122637 [DEBUG] WDA GET /session/F92521D4-D1AC-48AF-8F12-0C6D400993F5/element/0E010000-0000-0000-5FC3-000000000000/text completed (83ms, status: 200)
14:18:43.153742 [DEBUG] WDA GET /session/F92521D4-D1AC-48AF-8F12-0C6D400993F5/element/0E010000-0000-0000-5FC3-000000000000/displayed completed (114ms, status: 200)
14:18:43.153827 [DEBUG] Step 6 completed successfully (178ms): assertVisible: text="Lake Tahoe"
14:18:43.154281 [DEBUG] Executing step 7: takeScreenshot
14:18:43.154461 [DEBUG] WDA GET /session/F92521D4-D1AC-48AF-8F12-0C6D400993F5/screenshot
14:18:43.224926 [DEBUG] WDA GET /session/F92521D4-D1AC-48AF-8F12-0C6D400993F5/screenshot completed (70ms, status: 200)
14:18:43.225793 [DEBUG] Step 7 completed successfully (71ms): takeScreenshot
14:18:43.226108 [DEBUG] Executing step 8: swipe: LEFT
14:18:43.226282 [DEBUG] WDA POST /session/F92521D4-D1AC-48AF-8F12-0C6D400993F5/wda/dragfromtoforduration body={"duration":0.1,"fromX":361.8,"fromY":437,"toX":40.2,"toY":437}
14:18:44.318511 [DEBUG] WDA POST /session/F92521D4-D1AC-48AF-8F12-0C6D400993F5/wda/dragfromtoforduration completed (1092ms, status: 200)
14:18:44.318584 [DEBUG] Step 8 completed successfully (1092ms): swipe: LEFT
14:18:44.319497 [DEBUG] Executing step 9: tapOn: text="Remove"
14:18:44.320100 [DEBUG] WDA POST /session/F92521D4-D1AC-48AF-8F12-0C6D400993F5/element body={"using":"predicate string","value":"((type == 'XCUIElementTypeTextField' OR type == 'XCUIElementTyp...
14:18:44.320142 [DEBUG] WDA POST /session/F92521D4-D1AC-48AF-8F12-0C6D400993F5/element body={"using":"class chain","value":"**/XCUIElementTypeSecureTextField[`(label CONTAINS[c] 'Remove' OR va...
14:18:44.320180 [DEBUG] WDA POST /session/F92521D4-D1AC-48AF-8F12-0C6D400993F5/element body={"using":"class chain","value":"**/XCUIElementTypeTextField[`(label CONTAINS[c] 'Remove' OR value CO...
14:18:44.320213 [DEBUG] WDA POST /session/F92521D4-D1AC-48AF-8F12-0C6D400993F5/element body={"using":"class chain","value":"**/XCUIElementTypeButton[`(label ==[c] 'Remove' OR name ==[c] 'Remov...
14:18:44.348326 [DEBUG] WDA POST /session/F92521D4-D1AC-48AF-8F12-0C6D400993F5/element completed (28ms, status: 404)
14:18:44.374391 [DEBUG] WDA POST /session/F92521D4-D1AC-48AF-8F12-0C6D400993F5/element completed (54ms, status: 404)
14:18:44.398684 [DEBUG] WDA POST /session/F92521D4-D1AC-48AF-8F12-0C6D400993F5/element completed (78ms, status: 404)
14:18:44.420700 [DEBUG] WDA POST /session/F92521D4-D1AC-48AF-8F12-0C6D400993F5/element completed (100ms, status: 404)
14:18:44.420869 [DEBUG] WDA POST /session/F92521D4-D1AC-48AF-8F12-0C6D400993F5/element body={"using":"predicate string","value":"(label == 'Remove' OR name == 'Remove' OR value == 'Remove')"}
14:18:44.444208 [DEBUG] WDA POST /session/F92521D4-D1AC-48AF-8F12-0C6D400993F5/element completed (23ms, status: 404)
14:18:44.444372 [DEBUG] WDA POST /session/F92521D4-D1AC-48AF-8F12-0C6D400993F5/element body={"using":"predicate string","value":"(label CONTAINS[c] 'Remove' OR name CONTAINS[c] 'Remove' OR val...
14:18:44.467808 [DEBUG] WDA POST /session/F92521D4-D1AC-48AF-8F12-0C6D400993F5/element completed (23ms, status: 404)
14:18:44.467974 [DEBUG] WDA GET /session/F92521D4-D1AC-48AF-8F12-0C6D400993F5/source
14:18:44.671569 [DEBUG] WDA GET /session/F92521D4-D1AC-48AF-8F12-0C6D400993F5/source completed (203ms, status: 200)
14:18:44.672970 [DEBUG] WDA POST /session/F92521D4-D1AC-48AF-8F12-0C6D400993F5/element body={"using":"predicate string","value":"((type == 'XCUIElementTypeTextField' OR type == 'XCUIElementTyp...
14:18:44.673010 [DEBUG] WDA POST /session/F92521D4-D1AC-48AF-8F12-0C6D400993F5/element body={"using":"class chain","value":"**/XCUIElementTypeSecureTextField[`(label CONTAINS[c] 'Remove' OR va...
14:18:44.673042 [DEBUG] WDA POST /session/F92521D4-D1AC-48AF-8F12-0C6D400993F5/element body={"using":"class chain","value":"**/XCUIElementTypeTextField[`(label CONTAINS[c] 'Remove' OR value CO...
14:18:44.673080 [DEBUG] WDA POST /session/F92521D4-D1AC-48AF-8F12-0C6D400993F5/element body={"using":"class chain","value":"**/XCUIElementTypeButton[`(label ==[c] 'Remove' OR name ==[c] 'Remov...
14:18:44.709614 [DEBUG] WDA POST /session/F92521D4-D1AC-48AF-8F12-0C6D400993F5/element completed (36ms, status: 404)
14:18:44.732540 [DEBUG] WDA POST /session/F92521D4-D1AC-48AF-8F12-0C6D400993F5/element completed (59ms, status: 404)
14:18:44.754557 [DEBUG] WDA POST /session/F92521D4-D1AC-48AF-8F12-0C6D400993F5/element completed (81ms, status: 404)
14:18:44.776247 [DEBUG] WDA POST /session/F92521D4-D1AC-48AF-8F12-0C6D400993F5/element completed (103ms, status: 404)
14:18:44.776326 [DEBUG] WDA POST /session/F92521D4-D1AC-48AF-8F12-0C6D400993F5/element body={"using":"predicate string","value":"(label == 'Remove' OR name == 'Remove' OR value == 'Remove')"}
14:18:44.800740 [DEBUG] WDA POST /session/F92521D4-D1AC-48AF-8F12-0C6D400993F5/element completed (24ms, status: 404)
14:18:44.800830 [DEBUG] WDA POST /session/F92521D4-D1AC-48AF-8F12-0C6D400993F5/element body={"using":"predicate string","value":"(label CONTAINS[c] 'Remove' OR name CONTAINS[c] 'Remove' OR val...
14:18:44.824882 [DEBUG] WDA POST /session/F92521D4-D1AC-48AF-8F12-0C6D400993F5/element completed (24ms, status: 404)
14:18:44.824957 [DEBUG] WDA GET /session/F92521D4-D1AC-48AF-8F12-0C6D400993F5/source
14:18:45.038824 [DEBUG] WDA GET /session/F92521D4-D1AC-48AF-8F12-0C6D400993F5/source completed (213ms, status: 200)
14:18:45.039218 [DEBUG] WDA POST /session/F92521D4-D1AC-48AF-8F12-0C6D400993F5/element body={"using":"predicate string","value":"((type == 'XCUIElementTypeTextField' OR type == 'XCUIElementTyp...
14:18:45.039226 [DEBUG] WDA POST /session/F92521D4-D1AC-48AF-8F12-0C6D400993F5/element body={"using":"class chain","value":"**/XCUIElementTypeButton[`(label ==[c] 'Remove' OR name ==[c] 'Remov...
14:18:45.039274 [DEBUG] WDA POST /session/F92521D4-D1AC-48AF-8F12-0C6D400993F5/element body={"using":"class chain","value":"**/XCUIElementTypeSecureTextField[`(label CONTAINS[c] 'Remove' OR va...
14:18:45.039315 [DEBUG] WDA POST /session/F92521D4-D1AC-48AF-8F12-0C6D400993F5/element body={"using":"class chain","value":"**/XCUIElementTypeTextField[`(label CONTAINS[c] 'Remove' OR value CO...
14:18:45.061617 [DEBUG] WDA POST /session/F92521D4-D1AC-48AF-8F12-0C6D400993F5/element completed (22ms, status: 404)
14:18:45.083490 [DEBUG] WDA POST /session/F92521D4-D1AC-48AF-8F12-0C6D400993F5/element completed (44ms, status: 404)
14:18:45.104465 [DEBUG] WDA POST /session/F92521D4-D1AC-48AF-8F12-0C6D400993F5/element completed (65ms, status: 404)
14:18:45.125167 [DEBUG] WDA POST /session/F92521D4-D1AC-48AF-8F12-0C6D400993F5/element completed (85ms, status: 404)
14:18:45.125373 [DEBUG] WDA POST /session/F92521D4-D1AC-48AF-8F12-0C6D400993F5/element body={"using":"predicate string","value":"(label == 'Remove' OR name == 'Remove' OR value == 'Remove')"}
14:18:45.148181 [DEBUG] WDA POST /session/F92521D4-D1AC-48AF-8F12-0C6D400993F5/element completed (22ms, status: 404)
14:18:45.148566 [DEBUG] WDA POST /session/F92521D4-D1AC-48AF-8F12-0C6D400993F5/element body={"using":"predicate string","value":"(label CONTAINS[c] 'Remove' OR name CONTAINS[c] 'Remove' OR val...
14:18:45.171737 [DEBUG] WDA POST /session/F92521D4-D1AC-48AF-8F12-0C6D400993F5/element completed (23ms, status: 404)
14:18:45.171931 [DEBUG] WDA GET /session/F92521D4-D1AC-48AF-8F12-0C6D400993F5/source
14:18:45.375029 [DEBUG] WDA GET /session/F92521D4-D1AC-48AF-8F12-0C6D400993F5/source completed (203ms, status: 200)
14:18:45.376242 [DEBUG] WDA POST /session/F92521D4-D1AC-48AF-8F12-0C6D400993F5/element body={"using":"class chain","value":"**/XCUIElementTypeTextField[`(label CONTAINS[c] 'Remove' OR value CO...
14:18:45.376292 [DEBUG] WDA POST /session/F92521D4-D1AC-48AF-8F12-0C6D400993F5/element body={"using":"class chain","value":"**/XCUIElementTypeButton[`(label ==[c] 'Remove' OR name ==[c] 'Remov...
14:18:45.376334 [DEBUG] WDA POST /session/F92521D4-D1AC-48AF-8F12-0C6D400993F5/element body={"using":"predicate string","value":"((type == 'XCUIElementTypeTextField' OR type == 'XCUIElementTyp...
14:18:45.376368 [DEBUG] WDA POST /session/F92521D4-D1AC-48AF-8F12-0C6D400993F5/element body={"using":"class chain","value":"**/XCUIElementTypeSecureTextField[`(label CONTAINS[c] 'Remove' OR va...
14:18:45.397924 [DEBUG] WDA POST /session/F92521D4-D1AC-48AF-8F12-0C6D400993F5/element completed (21ms, status: 404)
14:18:45.418832 [DEBUG] WDA POST /session/F92521D4-D1AC-48AF-8F12-0C6D400993F5/element completed (42ms, status: 404)
14:18:45.439403 [DEBUG] WDA POST /session/F92521D4-D1AC-48AF-8F12-0C6D400993F5/element completed (63ms, status: 404)
14:18:45.461012 [DEBUG] WDA POST /session/F92521D4-D1AC-48AF-8F12-0C6D400993F5/element completed (84ms, status: 404)
14:18:45.461194 [DEBUG] WDA POST /session/F92521D4-D1AC-48AF-8F12-0C6D400993F5/element body={"using":"predicate string","value":"(label == 'Remove' OR name == 'Remove' OR value == 'Remove')"}
14:18:45.484785 [DEBUG] WDA POST /session/F92521D4-D1AC-48AF-8F12-0C6D400993F5/element completed (23ms, status: 404)
14:18:45.484890 [DEBUG] WDA POST /session/F92521D4-D1AC-48AF-8F12-0C6D400993F5/element body={"using":"predicate string","value":"(label CONTAINS[c] 'Remove' OR name CONTAINS[c] 'Remove' OR val...
14:18:45.508701 [DEBUG] WDA POST /session/F92521D4-D1AC-48AF-8F12-0C6D400993F5/element completed (23ms, status: 404)
14:18:45.508788 [DEBUG] WDA GET /session/F92521D4-D1AC-48AF-8F12-0C6D400993F5/source
14:18:45.715778 [DEBUG] WDA GET /session/F92521D4-D1AC-48AF-8F12-0C6D400993F5/source completed (206ms, status: 200)
14:18:45.716888 [DEBUG] WDA POST /session/F92521D4-D1AC-48AF-8F12-0C6D400993F5/element body={"using":"predicate string","value":"((type == 'XCUIElementTypeTextField' OR type == 'XCUIElementTyp...
14:18:45.716976 [DEBUG] WDA POST /session/F92521D4-D1AC-48AF-8F12-0C6D400993F5/element body={"using":"class chain","value":"**/XCUIElementTypeSecureTextField[`(label CONTAINS[c] 'Remove' OR va...
14:18:45.717141 [DEBUG] WDA POST /session/F92521D4-D1AC-48AF-8F12-0C6D400993F5/element body={"using":"class chain","value":"**/XCUIElementTypeTextField[`(label CONTAINS[c] 'Remove' OR value CO...
14:18:45.717221 [DEBUG] WDA POST /session/F92521D4-D1AC-48AF-8F12-0C6D400993F5/element body={"using":"class chain","value":"**/XCUIElementTypeButton[`(label ==[c] 'Remove' OR name ==[c] 'Remov...
14:18:45.738959 [DEBUG] WDA POST /session/F92521D4-D1AC-48AF-8F12-0C6D400993F5/element completed (22ms, status: 404)
14:18:45.761569 [DEBUG] WDA POST /session/F92521D4-D1AC-48AF-8F12-0C6D400993F5/element completed (44ms, status: 404)
14:18:45.783714 [DEBUG] WDA POST /session/F92521D4-D1AC-48AF-8F12-0C6D400993F5/element completed (66ms, status: 404)
14:18:45.805115 [DEBUG] WDA POST /session/F92521D4-D1AC-48AF-8F12-0C6D400993F5/element completed (88ms, status: 404)
14:18:45.805205 [DEBUG] WDA POST /session/F92521D4-D1AC-48AF-8F12-0C6D400993F5/element body={"using":"predicate string","value":"(label == 'Remove' OR name == 'Remove' OR value == 'Remove')"}
14:18:45.830014 [DEBUG] WDA POST /session/F92521D4-D1AC-48AF-8F12-0C6D400993F5/element completed (24ms, status: 404)
14:18:45.830193 [DEBUG] WDA POST /session/F92521D4-D1AC-48AF-8F12-0C6D400993F5/element body={"using":"predicate string","value":"(label CONTAINS[c] 'Remove' OR name CONTAINS[c] 'Remove' OR val...
14:18:45.853945 [DEBUG] WDA POST /session/F92521D4-D1AC-48AF-8F12-0C6D400993F5/element completed (23ms, status: 404)
14:18:45.854117 [DEBUG] WDA GET /session/F92521D4-D1AC-48AF-8F12-0C6D400993F5/source
14:18:46.059189 [DEBUG] WDA GET /session/F92521D4-D1AC-48AF-8F12-0C6D400993F5/source completed (205ms, status: 200)
14:18:46.060005 [DEBUG] WDA POST /session/F92521D4-D1AC-48AF-8F12-0C6D400993F5/element body={"using":"predicate string","value":"((type == 'XCUIElementTypeTextField' OR type == 'XCUIElementTyp...
14:18:46.060030 [DEBUG] WDA POST /session/F92521D4-D1AC-48AF-8F12-0C6D400993F5/element body={"using":"class chain","value":"**/XCUIElementTypeTextField[`(label CONTAINS[c] 'Remove' OR value CO...
14:18:46.060121 [DEBUG] WDA POST /session/F92521D4-D1AC-48AF-8F12-0C6D400993F5/element body={"using":"class chain","value":"**/XCUIElementTypeSecureTextField[`(label CONTAINS[c] 'Remove' OR va...
14:18:46.060223 [DEBUG] WDA POST /session/F92521D4-D1AC-48AF-8F12-0C6D400993F5/element body={"using":"class chain","value":"**/XCUIElementTypeButton[`(label ==[c] 'Remove' OR name ==[c] 'Remov...
14:18:46.082545 [DEBUG] WDA POST /session/F92521D4-D1AC-48AF-8F12-0C6D400993F5/element completed (22ms, status: 404)
14:18:46.103279 [DEBUG] WDA POST /session/F92521D4-D1AC-48AF-8F12-0C6D400993F5/element completed (43ms, status: 404)
14:18:46.123966 [DEBUG] WDA POST /session/F92521D4-D1AC-48AF-8F12-0C6D400993F5/element completed (63ms, status: 404)
14:18:46.144644 [DEBUG] WDA POST /session/F92521D4-D1AC-48AF-8F12-0C6D400993F5/element completed (84ms, status: 404)
14:18:46.144844 [DEBUG] WDA POST /session/F92521D4-D1AC-48AF-8F12-0C6D400993F5/element body={"using":"predicate string","value":"(label == 'Remove' OR name == 'Remove' OR value == 'Remove')"}
14:18:46.167667 [DEBUG] WDA POST /session/F92521D4-D1AC-48AF-8F12-0C6D400993F5/element completed (22ms, status: 404)
14:18:46.167864 [DEBUG] WDA POST /session/F92521D4-D1AC-48AF-8F12-0C6D400993F5/element body={"using":"predicate string","value":"(label CONTAINS[c] 'Remove' OR name CONTAINS[c] 'Remove' OR val...
14:18:46.190638 [DEBUG] WDA POST /session/F92521D4-D1AC-48AF-8F12-0C6D400993F5/element completed (22ms, status: 404)
14:18:46.190773 [DEBUG] WDA GET /session/F92521D4-D1AC-48AF-8F12-0C6D400993F5/source
14:18:46.407345 [DEBUG] WDA GET /session/F92521D4-D1AC-48AF-8F12-0C6D400993F5/source completed (216ms, status: 200)
14:18:46.408030 [DEBUG] WDA POST /session/F92521D4-D1AC-48AF-8F12-0C6D400993F5/element body={"using":"predicate string","value":"((type == 'XCUIElementTypeTextField' OR type == 'XCUIElementTyp...
14:18:46.408053 [DEBUG] WDA POST /session/F92521D4-D1AC-48AF-8F12-0C6D400993F5/element body={"using":"class chain","value":"**/XCUIElementTypeSecureTextField[`(label CONTAINS[c] 'Remove' OR va...
14:18:46.408075 [DEBUG] WDA POST /session/F92521D4-D1AC-48AF-8F12-0C6D400993F5/element body={"using":"class chain","value":"**/XCUIElementTypeButton[`(label ==[c] 'Remove' OR name ==[c] 'Remov...
14:18:46.408098 [DEBUG] WDA POST /session/F92521D4-D1AC-48AF-8F12-0C6D400993F5/element body={"using":"class chain","value":"**/XCUIElementTypeTextField[`(label CONTAINS[c] 'Remove' OR value CO...
14:18:46.431445 [DEBUG] WDA POST /session/F92521D4-D1AC-48AF-8F12-0C6D400993F5/element completed (23ms, status: 404)
14:18:46.455717 [DEBUG] WDA POST /session/F92521D4-D1AC-48AF-8F12-0C6D400993F5/element completed (47ms, status: 404)
14:18:46.481218 [DEBUG] WDA POST /session/F92521D4-D1AC-48AF-8F12-0C6D400993F5/element completed (73ms, status: 404)
14:18:46.503353 [DEBUG] WDA POST /session/F92521D4-D1AC-48AF-8F12-0C6D400993F5/element completed (95ms, status: 404)
14:18:46.503450 [DEBUG] WDA POST /session/F92521D4-D1AC-48AF-8F12-0C6D400993F5/element body={"using":"predicate string","value":"(label == 'Remove' OR name == 'Remove' OR value == 'Remove')"}
14:18:46.527919 [DEBUG] WDA POST /session/F92521D4-D1AC-48AF-8F12-0C6D400993F5/element completed (24ms, status: 404)
14:18:46.527986 [DEBUG] WDA POST /session/F92521D4-D1AC-48AF-8F12-0C6D400993F5/element body={"using":"predicate string","value":"(label CONTAINS[c] 'Remove' OR name CONTAINS[c] 'Remove' OR val...
14:18:46.552463 [DEBUG] WDA POST /session/F92521D4-D1AC-48AF-8F12-0C6D400993F5/element completed (24ms, status: 404)
14:18:46.552540 [DEBUG] WDA GET /session/F92521D4-D1AC-48AF-8F12-0C6D400993F5/source
14:18:46.765298 [DEBUG] WDA GET /session/F92521D4-D1AC-48AF-8F12-0C6D400993F5/source completed (212ms, status: 200)
14:18:46.765670 [DEBUG] WDA POST /session/F92521D4-D1AC-48AF-8F12-0C6D400993F5/element body={"using":"class chain","value":"**/XCUIElementTypeSecureTextField[`(label CONTAINS[c] 'Remove' OR va...
14:18:46.765801 [DEBUG] WDA POST /session/F92521D4-D1AC-48AF-8F12-0C6D400993F5/element body={"using":"predicate string","value":"((type == 'XCUIElementTypeTextField' OR type == 'XCUIElementTyp...
14:18:46.765822 [DEBUG] WDA POST /session/F92521D4-D1AC-48AF-8F12-0C6D400993F5/element body={"using":"class chain","value":"**/XCUIElementTypeButton[`(label ==[c] 'Remove' OR name ==[c] 'Remov...
14:18:46.765843 [DEBUG] WDA POST /session/F92521D4-D1AC-48AF-8F12-0C6D400993F5/element body={"using":"class chain","value":"**/XCUIElementTypeTextField[`(label CONTAINS[c] 'Remove' OR value CO...
14:18:46.803561 [DEBUG] WDA POST /session/F92521D4-D1AC-48AF-8F12-0C6D400993F5/element completed (37ms, status: 404)
14:18:46.826607 [DEBUG] WDA POST /session/F92521D4-D1AC-48AF-8F12-0C6D400993F5/element completed (60ms, status: 404)
14:18:46.849562 [DEBUG] WDA POST /session/F92521D4-D1AC-48AF-8F12-0C6D400993F5/element completed (83ms, status: 404)
14:18:46.871748 [DEBUG] WDA POST /session/F92521D4-D1AC-48AF-8F12-0C6D400993F5/element completed (106ms, status: 404)
14:18:46.871853 [DEBUG] WDA POST /session/F92521D4-D1AC-48AF-8F12-0C6D400993F5/element body={"using":"predicate string","value":"(label == 'Remove' OR name == 'Remove' OR value == 'Remove')"}
14:18:46.895796 [DEBUG] WDA POST /session/F92521D4-D1AC-48AF-8F12-0C6D400993F5/element completed (23ms, status: 404)
14:18:46.895873 [DEBUG] WDA POST /session/F92521D4-D1AC-48AF-8F12-0C6D400993F5/element body={"using":"predicate string","value":"(label CONTAINS[c] 'Remove' OR name CONTAINS[c] 'Remove' OR val...
14:18:46.919305 [DEBUG] WDA POST /session/F92521D4-D1AC-48AF-8F12-0C6D400993F5/element completed (23ms, status: 404)
14:18:46.919456 [DEBUG] WDA GET /session/F92521D4-D1AC-48AF-8F12-0C6D400993F5/source
14:18:47.159937 [DEBUG] WDA GET /session/F92521D4-D1AC-48AF-8F12-0C6D400993F5/source completed (240ms, status: 200)
14:18:47.160313 [DEBUG] WDA POST /session/F92521D4-D1AC-48AF-8F12-0C6D400993F5/element body={"using":"class chain","value":"**/XCUIElementTypeSecureTextField[`(label CONTAINS[c] 'Remove' OR va...
14:18:47.160333 [DEBUG] WDA POST /session/F92521D4-D1AC-48AF-8F12-0C6D400993F5/element body={"using":"class chain","value":"**/XCUIElementTypeButton[`(label ==[c] 'Remove' OR name ==[c] 'Remov...
14:18:47.160381 [DEBUG] WDA POST /session/F92521D4-D1AC-48AF-8F12-0C6D400993F5/element body={"using":"predicate string","value":"((type == 'XCUIElementTypeTextField' OR type == 'XCUIElementTyp...
14:18:47.160415 [DEBUG] WDA POST /session/F92521D4-D1AC-48AF-8F12-0C6D400993F5/element body={"using":"class chain","value":"**/XCUIElementTypeTextField[`(label CONTAINS[c] 'Remove' OR value CO...
14:18:47.183884 [DEBUG] WDA POST /session/F92521D4-D1AC-48AF-8F12-0C6D400993F5/element completed (23ms, status: 404)
14:18:47.206326 [DEBUG] WDA POST /session/F92521D4-D1AC-48AF-8F12-0C6D400993F5/element completed (45ms, status: 404)
14:18:47.229454 [DEBUG] WDA POST /session/F92521D4-D1AC-48AF-8F12-0C6D400993F5/element completed (69ms, status: 404)
14:18:47.251245 [DEBUG] WDA POST /session/F92521D4-D1AC-48AF-8F12-0C6D400993F5/element completed (90ms, status: 404)
14:18:47.251337 [DEBUG] WDA POST /session/F92521D4-D1AC-48AF-8F12-0C6D400993F5/element body={"using":"predicate string","value":"(label == 'Remove' OR name == 'Remove' OR value == 'Remove')"}
14:18:47.276449 [DEBUG] WDA POST /session/F92521D4-D1AC-48AF-8F12-0C6D400993F5/element completed (25ms, status: 404)
14:18:47.276514 [DEBUG] WDA POST /session/F92521D4-D1AC-48AF-8F12-0C6D400993F5/element body={"using":"predicate string","value":"(label CONTAINS[c] 'Remove' OR name CONTAINS[c] 'Remove' OR val...
14:18:47.300961 [DEBUG] WDA POST /session/F92521D4-D1AC-48AF-8F12-0C6D400993F5/element completed (24ms, status: 404)
14:18:47.301029 [DEBUG] WDA GET /session/F92521D4-D1AC-48AF-8F12-0C6D400993F5/source
14:18:47.535797 [DEBUG] WDA GET /session/F92521D4-D1AC-48AF-8F12-0C6D400993F5/source completed (234ms, status: 200)
14:18:47.536158 [DEBUG] WDA POST /session/F92521D4-D1AC-48AF-8F12-0C6D400993F5/element body={"using":"class chain","value":"**/XCUIElementTypeSecureTextField[`(label CONTAINS[c] 'Remove' OR va...
14:18:47.536165 [DEBUG] WDA POST /session/F92521D4-D1AC-48AF-8F12-0C6D400993F5/element body={"using":"class chain","value":"**/XCUIElementTypeButton[`(label ==[c] 'Remove' OR name ==[c] 'Remov...
14:18:47.536180 [DEBUG] WDA POST /session/F92521D4-D1AC-48AF-8F12-0C6D400993F5/element body={"using":"class chain","value":"**/XCUIElementTypeTextField[`(label CONTAINS[c] 'Remove' OR value CO...
14:18:47.536208 [DEBUG] WDA POST /session/F92521D4-D1AC-48AF-8F12-0C6D400993F5/element body={"using":"predicate string","value":"((type == 'XCUIElementTypeTextField' OR type == 'XCUIElementTyp...
14:18:47.558629 [DEBUG] WDA POST /session/F92521D4-D1AC-48AF-8F12-0C6D400993F5/element completed (22ms, status: 404)
14:18:47.581240 [DEBUG] WDA POST /session/F92521D4-D1AC-48AF-8F12-0C6D400993F5/element completed (45ms, status: 404)
14:18:47.603617 [DEBUG] WDA POST /session/F92521D4-D1AC-48AF-8F12-0C6D400993F5/element completed (67ms, status: 404)
14:18:47.626841 [DEBUG] WDA POST /session/F92521D4-D1AC-48AF-8F12-0C6D400993F5/element completed (90ms, status: 404)
14:18:47.626926 [DEBUG] WDA POST /session/F92521D4-D1AC-48AF-8F12-0C6D400993F5/element body={"using":"predicate string","value":"(label == 'Remove' OR name == 'Remove' OR value == 'Remove')"}
14:18:47.651450 [DEBUG] WDA POST /session/F92521D4-D1AC-48AF-8F12-0C6D400993F5/element completed (24ms, status: 404)
14:18:47.651523 [DEBUG] WDA POST /session/F92521D4-D1AC-48AF-8F12-0C6D400993F5/element body={"using":"predicate string","value":"(label CONTAINS[c] 'Remove' OR name CONTAINS[c] 'Remove' OR val...
14:18:47.676517 [DEBUG] WDA POST /session/F92521D4-D1AC-48AF-8F12-0C6D400993F5/element completed (24ms, status: 404)
14:18:47.676585 [DEBUG] WDA GET /session/F92521D4-D1AC-48AF-8F12-0C6D400993F5/source
14:18:47.902941 [DEBUG] WDA GET /session/F92521D4-D1AC-48AF-8F12-0C6D400993F5/source completed (226ms, status: 200)
14:18:47.903298 [DEBUG] WDA POST /session/F92521D4-D1AC-48AF-8F12-0C6D400993F5/element body={"using":"predicate string","value":"((type == 'XCUIElementTypeTextField' OR type == 'XCUIElementTyp...
14:18:47.903306 [DEBUG] WDA POST /session/F92521D4-D1AC-48AF-8F12-0C6D400993F5/element body={"using":"class chain","value":"**/XCUIElementTypeTextField[`(label CONTAINS[c] 'Remove' OR value CO...
14:18:47.903326 [DEBUG] WDA POST /session/F92521D4-D1AC-48AF-8F12-0C6D400993F5/element body={"using":"class chain","value":"**/XCUIElementTypeButton[`(label ==[c] 'Remove' OR name ==[c] 'Remov...
14:18:47.903347 [DEBUG] WDA POST /session/F92521D4-D1AC-48AF-8F12-0C6D400993F5/element body={"using":"class chain","value":"**/XCUIElementTypeSecureTextField[`(label CONTAINS[c] 'Remove' OR va...
14:18:47.926885 [DEBUG] WDA POST /session/F92521D4-D1AC-48AF-8F12-0C6D400993F5/element completed (23ms, status: 404)
14:18:47.949261 [DEBUG] WDA POST /session/F92521D4-D1AC-48AF-8F12-0C6D400993F5/element completed (45ms, status: 404)
14:18:47.972110 [DEBUG] WDA POST /session/F92521D4-D1AC-48AF-8F12-0C6D400993F5/element completed (68ms, status: 404)
14:18:47.995162 [DEBUG] WDA POST /session/F92521D4-D1AC-48AF-8F12-0C6D400993F5/element completed (91ms, status: 404)
14:18:47.995245 [DEBUG] WDA POST /session/F92521D4-D1AC-48AF-8F12-0C6D400993F5/element body={"using":"predicate string","value":"(label == 'Remove' OR name == 'Remove' OR value == 'Remove')"}
14:18:48.019317 [DEBUG] WDA POST /session/F92521D4-D1AC-48AF-8F12-0C6D400993F5/element completed (24ms, status: 404)
14:18:48.019394 [DEBUG] WDA POST /session/F92521D4-D1AC-48AF-8F12-0C6D400993F5/element body={"using":"predicate string","value":"(label CONTAINS[c] 'Remove' OR name CONTAINS[c] 'Remove' OR val...
14:18:48.044061 [DEBUG] WDA POST /session/F92521D4-D1AC-48AF-8F12-0C6D400993F5/element completed (24ms, status: 404)
14:18:48.044120 [DEBUG] WDA GET /session/F92521D4-D1AC-48AF-8F12-0C6D400993F5/source
14:18:48.256682 [DEBUG] WDA GET /session/F92521D4-D1AC-48AF-8F12-0C6D400993F5/source completed (212ms, status: 200)
14:18:48.257034 [DEBUG] WDA POST /session/F92521D4-D1AC-48AF-8F12-0C6D400993F5/element body={"using":"class chain","value":"**/XCUIElementTypeSecureTextField[`(label CONTAINS[c] 'Remove' OR va...
14:18:48.257042 [DEBUG] WDA POST /session/F92521D4-D1AC-48AF-8F12-0C6D400993F5/element body={"using":"predicate string","value":"((type == 'XCUIElementTypeTextField' OR type == 'XCUIElementTyp...
14:18:48.257049 [DEBUG] WDA POST /session/F92521D4-D1AC-48AF-8F12-0C6D400993F5/element body={"using":"class chain","value":"**/XCUIElementTypeTextField[`(label CONTAINS[c] 'Remove' OR value CO...
14:18:48.257076 [DEBUG] WDA POST /session/F92521D4-D1AC-48AF-8F12-0C6D400993F5/element body={"using":"class chain","value":"**/XCUIElementTypeButton[`(label ==[c] 'Remove' OR name ==[c] 'Remov...
14:18:48.280754 [DEBUG] WDA POST /session/F92521D4-D1AC-48AF-8F12-0C6D400993F5/element completed (23ms, status: 404)
14:18:48.302471 [DEBUG] WDA POST /session/F92521D4-D1AC-48AF-8F12-0C6D400993F5/element completed (45ms, status: 404)
14:18:48.324185 [DEBUG] WDA POST /session/F92521D4-D1AC-48AF-8F12-0C6D400993F5/element completed (67ms, status: 404)
14:18:48.346112 [DEBUG] WDA POST /session/F92521D4-D1AC-48AF-8F12-0C6D400993F5/element completed (89ms, status: 404)
14:18:48.346197 [DEBUG] WDA POST /session/F92521D4-D1AC-48AF-8F12-0C6D400993F5/element body={"using":"predicate string","value":"(label == 'Remove' OR name == 'Remove' OR value == 'Remove')"}
14:18:48.370448 [DEBUG] WDA POST /session/F92521D4-D1AC-48AF-8F12-0C6D400993F5/element completed (24ms, status: 404)
14:18:48.370515 [DEBUG] WDA POST /session/F92521D4-D1AC-48AF-8F12-0C6D400993F5/element body={"using":"predicate string","value":"(label CONTAINS[c] 'Remove' OR name CONTAINS[c] 'Remove' OR val...
14:18:48.394436 [DEBUG] WDA POST /session/F92521D4-D1AC-48AF-8F12-0C6D400993F5/element completed (23ms, status: 404)
14:18:48.394506 [DEBUG] WDA GET /session/F92521D4-D1AC-48AF-8F12-0C6D400993F5/source
14:18:48.608202 [DEBUG] WDA GET /session/F92521D4-D1AC-48AF-8F12-0C6D400993F5/source completed (213ms, status: 200)
14:18:48.608569 [DEBUG] WDA POST /session/F92521D4-D1AC-48AF-8F12-0C6D400993F5/element body={"using":"class chain","value":"**/XCUIElementTypeSecureTextField[`(label CONTAINS[c] 'Remove' OR va...
14:18:48.608577 [DEBUG] WDA POST /session/F92521D4-D1AC-48AF-8F12-0C6D400993F5/element body={"using":"class chain","value":"**/XCUIElementTypeButton[`(label ==[c] 'Remove' OR name ==[c] 'Remov...
14:18:48.608587 [DEBUG] WDA POST /session/F92521D4-D1AC-48AF-8F12-0C6D400993F5/element body={"using":"class chain","value":"**/XCUIElementTypeTextField[`(label CONTAINS[c] 'Remove' OR value CO...
14:18:48.608599 [DEBUG] WDA POST /session/F92521D4-D1AC-48AF-8F12-0C6D400993F5/element body={"using":"predicate string","value":"((type == 'XCUIElementTypeTextField' OR type == 'XCUIElementTyp...
14:18:48.631451 [DEBUG] WDA POST /session/F92521D4-D1AC-48AF-8F12-0C6D400993F5/element completed (22ms, status: 404)
14:18:48.652965 [DEBUG] WDA POST /session/F92521D4-D1AC-48AF-8F12-0C6D400993F5/element completed (44ms, status: 404)
14:18:48.675738 [DEBUG] WDA POST /session/F92521D4-D1AC-48AF-8F12-0C6D400993F5/element completed (67ms, status: 404)
14:18:48.697765 [DEBUG] WDA POST /session/F92521D4-D1AC-48AF-8F12-0C6D400993F5/element completed (89ms, status: 404)
14:18:48.697862 [DEBUG] WDA POST /session/F92521D4-D1AC-48AF-8F12-0C6D400993F5/element body={"using":"predicate string","value":"(label == 'Remove' OR name == 'Remove' OR value == 'Remove')"}
14:18:48.722398 [DEBUG] WDA POST /session/F92521D4-D1AC-48AF-8F12-0C6D400993F5/element completed (24ms, status: 404)
14:18:48.722478 [DEBUG] WDA POST /session/F92521D4-D1AC-48AF-8F12-0C6D400993F5/element body={"using":"predicate string","value":"(label CONTAINS[c] 'Remove' OR name CONTAINS[c] 'Remove' OR val...
14:18:48.746987 [DEBUG] WDA POST /session/F92521D4-D1AC-48AF-8F12-0C6D400993F5/element completed (24ms, status: 404)
14:18:48.747049 [DEBUG] WDA GET /session/F92521D4-D1AC-48AF-8F12-0C6D400993F5/source
14:18:48.961650 [DEBUG] WDA GET /session/F92521D4-D1AC-48AF-8F12-0C6D400993F5/source completed (214ms, status: 200)
14:18:48.962354 [DEBUG] WDA POST /session/F92521D4-D1AC-48AF-8F12-0C6D400993F5/element body={"using":"predicate string","value":"((type == 'XCUIElementTypeTextField' OR type == 'XCUIElementTyp...
14:18:48.962374 [DEBUG] WDA POST /session/F92521D4-D1AC-48AF-8F12-0C6D400993F5/element body={"using":"class chain","value":"**/XCUIElementTypeButton[`(label ==[c] 'Remove' OR name ==[c] 'Remov...
14:18:48.962395 [DEBUG] WDA POST /session/F92521D4-D1AC-48AF-8F12-0C6D400993F5/element body={"using":"class chain","value":"**/XCUIElementTypeTextField[`(label CONTAINS[c] 'Remove' OR value CO...
14:18:48.962415 [DEBUG] WDA POST /session/F92521D4-D1AC-48AF-8F12-0C6D400993F5/element body={"using":"class chain","value":"**/XCUIElementTypeSecureTextField[`(label CONTAINS[c] 'Remove' OR va...
14:18:49.000580 [DEBUG] WDA POST /session/F92521D4-D1AC-48AF-8F12-0C6D400993F5/element completed (38ms, status: 404)
14:18:49.022873 [DEBUG] WDA POST /session/F92521D4-D1AC-48AF-8F12-0C6D400993F5/element completed (60ms, status: 404)
14:18:49.045321 [DEBUG] WDA POST /session/F92521D4-D1AC-48AF-8F12-0C6D400993F5/element completed (82ms, status: 404)
14:18:49.067327 [DEBUG] WDA POST /session/F92521D4-D1AC-48AF-8F12-0C6D400993F5/element completed (104ms, status: 404)
14:18:49.067411 [DEBUG] WDA POST /session/F92521D4-D1AC-48AF-8F12-0C6D400993F5/element body={"using":"predicate string","value":"(label == 'Remove' OR name == 'Remove' OR value == 'Remove')"}
14:18:49.091717 [DEBUG] WDA POST /session/F92521D4-D1AC-48AF-8F12-0C6D400993F5/element completed (24ms, status: 404)
14:18:49.091788 [DEBUG] WDA POST /session/F92521D4-D1AC-48AF-8F12-0C6D400993F5/element body={"using":"predicate string","value":"(label CONTAINS[c] 'Remove' OR name CONTAINS[c] 'Remove' OR val...
14:18:49.115941 [DEBUG] WDA POST /session/F92521D4-D1AC-48AF-8F12-0C6D400993F5/element completed (24ms, status: 404)
14:18:49.116011 [DEBUG] WDA GET /session/F92521D4-D1AC-48AF-8F12-0C6D400993F5/source
14:18:49.329147 [DEBUG] WDA GET /session/F92521D4-D1AC-48AF-8F12-0C6D400993F5/source completed (213ms, status: 200)
14:18:49.329503 [DEBUG] WDA POST /session/F92521D4-D1AC-48AF-8F12-0C6D400993F5/element body={"using":"class chain","value":"**/XCUIElementTypeSecureTextField[`(label CONTAINS[c] 'Remove' OR va...
14:18:49.329524 [DEBUG] WDA POST /session/F92521D4-D1AC-48AF-8F12-0C6D400993F5/element body={"using":"class chain","value":"**/XCUIElementTypeTextField[`(label CONTAINS[c] 'Remove' OR value CO...
14:18:49.329548 [DEBUG] WDA POST /session/F92521D4-D1AC-48AF-8F12-0C6D400993F5/element body={"using":"class chain","value":"**/XCUIElementTypeButton[`(label ==[c] 'Remove' OR name ==[c] 'Remov...
14:18:49.329566 [DEBUG] WDA POST /session/F92521D4-D1AC-48AF-8F12-0C6D400993F5/element body={"using":"predicate string","value":"((type == 'XCUIElementTypeTextField' OR type == 'XCUIElementTyp...
14:18:49.352057 [DEBUG] WDA POST /session/F92521D4-D1AC-48AF-8F12-0C6D400993F5/element completed (22ms, status: 404)
14:18:49.373931 [DEBUG] WDA POST /session/F92521D4-D1AC-48AF-8F12-0C6D400993F5/element completed (44ms, status: 404)
14:18:49.396964 [DEBUG] WDA POST /session/F92521D4-D1AC-48AF-8F12-0C6D400993F5/element completed (67ms, status: 404)
14:18:49.419185 [DEBUG] WDA POST /session/F92521D4-D1AC-48AF-8F12-0C6D400993F5/element completed (89ms, status: 404)
14:18:49.419275 [DEBUG] WDA POST /session/F92521D4-D1AC-48AF-8F12-0C6D400993F5/element body={"using":"predicate string","value":"(label == 'Remove' OR name == 'Remove' OR value == 'Remove')"}
14:18:49.443397 [DEBUG] WDA POST /session/F92521D4-D1AC-48AF-8F12-0C6D400993F5/element completed (24ms, status: 404)
14:18:49.443474 [DEBUG] WDA POST /session/F92521D4-D1AC-48AF-8F12-0C6D400993F5/element body={"using":"predicate string","value":"(label CONTAINS[c] 'Remove' OR name CONTAINS[c] 'Remove' OR val...
14:18:49.468033 [DEBUG] WDA POST /session/F92521D4-D1AC-48AF-8F12-0C6D400993F5/element completed (24ms, status: 404)
14:18:49.468101 [DEBUG] WDA GET /session/F92521D4-D1AC-48AF-8F12-0C6D400993F5/source
14:18:49.673582 [DEBUG] WDA GET /session/F92521D4-D1AC-48AF-8F12-0C6D400993F5/source completed (205ms, status: 200)
14:18:49.674353 [DEBUG] WDA POST /session/F92521D4-D1AC-48AF-8F12-0C6D400993F5/element body={"using":"class chain","value":"**/XCUIElementTypeSecureTextField[`(label CONTAINS[c] 'Remove' OR va...
14:18:49.674371 [DEBUG] WDA POST /session/F92521D4-D1AC-48AF-8F12-0C6D400993F5/element body={"using":"predicate string","value":"((type == 'XCUIElementTypeTextField' OR type == 'XCUIElementTyp...
14:18:49.674389 [DEBUG] WDA POST /session/F92521D4-D1AC-48AF-8F12-0C6D400993F5/element body={"using":"class chain","value":"**/XCUIElementTypeTextField[`(label CONTAINS[c] 'Remove' OR value CO...
14:18:49.674419 [DEBUG] WDA POST /session/F92521D4-D1AC-48AF-8F12-0C6D400993F5/element body={"using":"class chain","value":"**/XCUIElementTypeButton[`(label ==[c] 'Remove' OR name ==[c] 'Remov...
14:18:49.696206 [DEBUG] WDA POST /session/F92521D4-D1AC-48AF-8F12-0C6D400993F5/element completed (21ms, status: 404)
14:18:49.718239 [DEBUG] WDA POST /session/F92521D4-D1AC-48AF-8F12-0C6D400993F5/element completed (43ms, status: 404)
14:18:49.740607 [DEBUG] WDA POST /session/F92521D4-D1AC-48AF-8F12-0C6D400993F5/element completed (66ms, status: 404)
14:18:49.762752 [DEBUG] WDA POST /session/F92521D4-D1AC-48AF-8F12-0C6D400993F5/element completed (88ms, status: 404)
14:18:49.762825 [DEBUG] WDA POST /session/F92521D4-D1AC-48AF-8F12-0C6D400993F5/element body={"using":"predicate string","value":"(label == 'Remove' OR name == 'Remove' OR value == 'Remove')"}
14:18:49.786780 [DEBUG] WDA POST /session/F92521D4-D1AC-48AF-8F12-0C6D400993F5/element completed (23ms, status: 404)
14:18:49.786913 [DEBUG] WDA POST /session/F92521D4-D1AC-48AF-8F12-0C6D400993F5/element body={"using":"predicate string","value":"(label CONTAINS[c] 'Remove' OR name CONTAINS[c] 'Remove' OR val...
14:18:49.810308 [DEBUG] WDA POST /session/F92521D4-D1AC-48AF-8F12-0C6D400993F5/element completed (23ms, status: 404)
14:18:49.810434 [DEBUG] WDA GET /session/F92521D4-D1AC-48AF-8F12-0C6D400993F5/source
14:18:50.013743 [DEBUG] WDA GET /session/F92521D4-D1AC-48AF-8F12-0C6D400993F5/source completed (203ms, status: 200)
14:18:50.015279 [DEBUG] WDA POST /session/F92521D4-D1AC-48AF-8F12-0C6D400993F5/element body={"using":"class chain","value":"**/XCUIElementTypeButton[`(label ==[c] 'Remove' OR name ==[c] 'Remov...
14:18:50.015335 [DEBUG] WDA POST /session/F92521D4-D1AC-48AF-8F12-0C6D400993F5/element body={"using":"class chain","value":"**/XCUIElementTypeSecureTextField[`(label CONTAINS[c] 'Remove' OR va...
14:18:50.015376 [DEBUG] WDA POST /session/F92521D4-D1AC-48AF-8F12-0C6D400993F5/element body={"using":"predicate string","value":"((type == 'XCUIElementTypeTextField' OR type == 'XCUIElementTyp...
14:18:50.015412 [DEBUG] WDA POST /session/F92521D4-D1AC-48AF-8F12-0C6D400993F5/element body={"using":"class chain","value":"**/XCUIElementTypeTextField[`(label CONTAINS[c] 'Remove' OR value CO...
14:18:50.037424 [DEBUG] WDA POST /session/F92521D4-D1AC-48AF-8F12-0C6D400993F5/element completed (22ms, status: 404)
14:18:50.058054 [DEBUG] WDA POST /session/F92521D4-D1AC-48AF-8F12-0C6D400993F5/element completed (42ms, status: 404)
14:18:50.079894 [DEBUG] WDA POST /session/F92521D4-D1AC-48AF-8F12-0C6D400993F5/element completed (64ms, status: 404)
14:18:50.101830 [DEBUG] WDA POST /session/F92521D4-D1AC-48AF-8F12-0C6D400993F5/element completed (86ms, status: 404)
14:18:50.101912 [DEBUG] WDA POST /session/F92521D4-D1AC-48AF-8F12-0C6D400993F5/element body={"using":"predicate string","value":"(label == 'Remove' OR name == 'Remove' OR value == 'Remove')"}
14:18:50.126850 [DEBUG] WDA POST /session/F92521D4-D1AC-48AF-8F12-0C6D400993F5/element completed (24ms, status: 404)
14:18:50.126921 [DEBUG] WDA POST /session/F92521D4-D1AC-48AF-8F12-0C6D400993F5/element body={"using":"predicate string","value":"(label CONTAINS[c] 'Remove' OR name CONTAINS[c] 'Remove' OR val...
14:18:50.151390 [DEBUG] WDA POST /session/F92521D4-D1AC-48AF-8F12-0C6D400993F5/element completed (24ms, status: 404)
14:18:50.151450 [DEBUG] WDA GET /session/F92521D4-D1AC-48AF-8F12-0C6D400993F5/source
14:18:50.363369 [DEBUG] WDA GET /session/F92521D4-D1AC-48AF-8F12-0C6D400993F5/source completed (211ms, status: 200)
14:18:50.363781 [DEBUG] WDA POST /session/F92521D4-D1AC-48AF-8F12-0C6D400993F5/element body={"using":"predicate string","value":"((type == 'XCUIElementTypeTextField' OR type == 'XCUIElementTyp...
14:18:50.363798 [DEBUG] WDA POST /session/F92521D4-D1AC-48AF-8F12-0C6D400993F5/element body={"using":"class chain","value":"**/XCUIElementTypeSecureTextField[`(label CONTAINS[c] 'Remove' OR va...
14:18:50.363805 [DEBUG] WDA POST /session/F92521D4-D1AC-48AF-8F12-0C6D400993F5/element body={"using":"class chain","value":"**/XCUIElementTypeButton[`(label ==[c] 'Remove' OR name ==[c] 'Remov...
14:18:50.363843 [DEBUG] WDA POST /session/F92521D4-D1AC-48AF-8F12-0C6D400993F5/element body={"using":"class chain","value":"**/XCUIElementTypeTextField[`(label CONTAINS[c] 'Remove' OR value CO...
14:18:50.386571 [DEBUG] WDA POST /session/F92521D4-D1AC-48AF-8F12-0C6D400993F5/element completed (22ms, status: 404)
14:18:50.409100 [DEBUG] WDA POST /session/F92521D4-D1AC-48AF-8F12-0C6D400993F5/element completed (45ms, status: 404)
14:18:50.432594 [DEBUG] WDA POST /session/F92521D4-D1AC-48AF-8F12-0C6D400993F5/element completed (68ms, status: 404)
14:18:50.456588 [DEBUG] WDA POST /session/F92521D4-D1AC-48AF-8F12-0C6D400993F5/element completed (92ms, status: 404)
14:18:50.456672 [DEBUG] WDA POST /session/F92521D4-D1AC-48AF-8F12-0C6D400993F5/element body={"using":"predicate string","value":"(label == 'Remove' OR name == 'Remove' OR value == 'Remove')"}
14:18:50.482100 [DEBUG] WDA POST /session/F92521D4-D1AC-48AF-8F12-0C6D400993F5/element completed (25ms, status: 404)
14:18:50.482178 [DEBUG] WDA POST /session/F92521D4-D1AC-48AF-8F12-0C6D400993F5/element body={"using":"predicate string","value":"(label CONTAINS[c] 'Remove' OR name CONTAINS[c] 'Remove' OR val...
14:18:50.509120 [DEBUG] WDA POST /session/F92521D4-D1AC-48AF-8F12-0C6D400993F5/element completed (26ms, status: 404)
14:18:50.509209 [DEBUG] WDA GET /session/F92521D4-D1AC-48AF-8F12-0C6D400993F5/source
14:18:50.733301 [DEBUG] WDA GET /session/F92521D4-D1AC-48AF-8F12-0C6D400993F5/source completed (224ms, status: 200)
14:18:50.733676 [DEBUG] WDA POST /session/F92521D4-D1AC-48AF-8F12-0C6D400993F5/element body={"using":"predicate string","value":"((type == 'XCUIElementTypeTextField' OR type == 'XCUIElementTyp...
14:18:50.733682 [DEBUG] WDA POST /session/F92521D4-D1AC-48AF-8F12-0C6D400993F5/element body={"using":"class chain","value":"**/XCUIElementTypeTextField[`(label CONTAINS[c] 'Remove' OR value CO...
14:18:50.733697 [DEBUG] WDA POST /session/F92521D4-D1AC-48AF-8F12-0C6D400993F5/element body={"using":"class chain","value":"**/XCUIElementTypeSecureTextField[`(label CONTAINS[c] 'Remove' OR va...
14:18:50.733714 [DEBUG] WDA POST /session/F92521D4-D1AC-48AF-8F12-0C6D400993F5/element body={"using":"class chain","value":"**/XCUIElementTypeButton[`(label ==[c] 'Remove' OR name ==[c] 'Remov...
14:18:50.756072 [DEBUG] WDA POST /session/F92521D4-D1AC-48AF-8F12-0C6D400993F5/element completed (22ms, status: 404)
14:18:50.779584 [DEBUG] WDA POST /session/F92521D4-D1AC-48AF-8F12-0C6D400993F5/element completed (45ms, status: 404)
14:18:50.801376 [DEBUG] WDA POST /session/F92521D4-D1AC-48AF-8F12-0C6D400993F5/element completed (67ms, status: 404)
14:18:50.823086 [DEBUG] WDA POST /session/F92521D4-D1AC-48AF-8F12-0C6D400993F5/element completed (89ms, status: 404)
14:18:50.823292 [DEBUG] WDA POST /session/F92521D4-D1AC-48AF-8F12-0C6D400993F5/element body={"using":"predicate string","value":"(label == 'Remove' OR name == 'Remove' OR value == 'Remove')"}
14:18:50.846454 [DEBUG] WDA POST /session/F92521D4-D1AC-48AF-8F12-0C6D400993F5/element completed (23ms, status: 404)
14:18:50.846642 [DEBUG] WDA POST /session/F92521D4-D1AC-48AF-8F12-0C6D400993F5/element body={"using":"predicate string","value":"(label CONTAINS[c] 'Remove' OR name CONTAINS[c] 'Remove' OR val...
14:18:50.869523 [DEBUG] WDA POST /session/F92521D4-D1AC-48AF-8F12-0C6D400993F5/element completed (22ms, status: 404)
14:18:50.870028 [DEBUG] WDA GET /session/F92521D4-D1AC-48AF-8F12-0C6D400993F5/source
14:18:51.081328 [DEBUG] WDA GET /session/F92521D4-D1AC-48AF-8F12-0C6D400993F5/source completed (211ms, status: 200)
14:18:51.081715 [DEBUG] WDA POST /session/F92521D4-D1AC-48AF-8F12-0C6D400993F5/element body={"using":"predicate string","value":"((type == 'XCUIElementTypeTextField' OR type == 'XCUIElementTyp...
14:18:51.081724 [DEBUG] WDA POST /session/F92521D4-D1AC-48AF-8F12-0C6D400993F5/element body={"using":"class chain","value":"**/XCUIElementTypeButton[`(label ==[c] 'Remove' OR name ==[c] 'Remov...
14:18:51.081736 [DEBUG] WDA POST /session/F92521D4-D1AC-48AF-8F12-0C6D400993F5/element body={"using":"class chain","value":"**/XCUIElementTypeSecureTextField[`(label CONTAINS[c] 'Remove' OR va...
14:18:51.081763 [DEBUG] WDA POST /session/F92521D4-D1AC-48AF-8F12-0C6D400993F5/element body={"using":"class chain","value":"**/XCUIElementTypeTextField[`(label CONTAINS[c] 'Remove' OR value CO...
14:18:51.120156 [DEBUG] WDA POST /session/F92521D4-D1AC-48AF-8F12-0C6D400993F5/element completed (38ms, status: 404)
14:18:51.142860 [DEBUG] WDA POST /session/F92521D4-D1AC-48AF-8F12-0C6D400993F5/element completed (61ms, status: 404)
14:18:51.164411 [DEBUG] WDA POST /session/F92521D4-D1AC-48AF-8F12-0C6D400993F5/element completed (82ms, status: 404)
14:18:51.185600 [DEBUG] WDA POST /session/F92521D4-D1AC-48AF-8F12-0C6D400993F5/element completed (103ms, status: 404)
14:18:51.185743 [DEBUG] WDA POST /session/F92521D4-D1AC-48AF-8F12-0C6D400993F5/element body={"using":"predicate string","value":"(label == 'Remove' OR name == 'Remove' OR value == 'Remove')"}
14:18:51.209015 [DEBUG] WDA POST /session/F92521D4-D1AC-48AF-8F12-0C6D400993F5/element completed (23ms, status: 404)
14:18:51.209174 [DEBUG] WDA POST /session/F92521D4-D1AC-48AF-8F12-0C6D400993F5/element body={"using":"predicate string","value":"(label CONTAINS[c] 'Remove' OR name CONTAINS[c] 'Remove' OR val...
14:18:51.232504 [DEBUG] WDA POST /session/F92521D4-D1AC-48AF-8F12-0C6D400993F5/element completed (23ms, status: 404)
14:18:51.232675 [DEBUG] WDA GET /session/F92521D4-D1AC-48AF-8F12-0C6D400993F5/source
14:18:51.441020 [DEBUG] WDA GET /session/F92521D4-D1AC-48AF-8F12-0C6D400993F5/source completed (208ms, status: 200)
14:18:51.441749 [DEBUG] WDA POST /session/F92521D4-D1AC-48AF-8F12-0C6D400993F5/element body={"using":"class chain","value":"**/XCUIElementTypeSecureTextField[`(label CONTAINS[c] 'Remove' OR va...
14:18:51.441795 [DEBUG] WDA POST /session/F92521D4-D1AC-48AF-8F12-0C6D400993F5/element body={"using":"class chain","value":"**/XCUIElementTypeTextField[`(label CONTAINS[c] 'Remove' OR value CO...
14:18:51.441827 [DEBUG] WDA POST /session/F92521D4-D1AC-48AF-8F12-0C6D400993F5/element body={"using":"predicate string","value":"((type == 'XCUIElementTypeTextField' OR type == 'XCUIElementTyp...
14:18:51.441856 [DEBUG] WDA POST /session/F92521D4-D1AC-48AF-8F12-0C6D400993F5/element body={"using":"class chain","value":"**/XCUIElementTypeButton[`(label ==[c] 'Remove' OR name ==[c] 'Remov...
14:18:51.463586 [DEBUG] WDA POST /session/F92521D4-D1AC-48AF-8F12-0C6D400993F5/element completed (21ms, status: 404)
14:18:51.484460 [DEBUG] WDA POST /session/F92521D4-D1AC-48AF-8F12-0C6D400993F5/element completed (42ms, status: 404)
14:18:51.506956 [DEBUG] WDA POST /session/F92521D4-D1AC-48AF-8F12-0C6D400993F5/element completed (65ms, status: 404)
14:18:51.528608 [DEBUG] WDA POST /session/F92521D4-D1AC-48AF-8F12-0C6D400993F5/element completed (86ms, status: 404)
14:18:51.528836 [DEBUG] WDA POST /session/F92521D4-D1AC-48AF-8F12-0C6D400993F5/element body={"using":"predicate string","value":"(label == 'Remove' OR name == 'Remove' OR value == 'Remove')"}
14:18:51.552338 [DEBUG] WDA POST /session/F92521D4-D1AC-48AF-8F12-0C6D400993F5/element completed (23ms, status: 404)
14:18:51.552421 [DEBUG] WDA POST /session/F92521D4-D1AC-48AF-8F12-0C6D400993F5/element body={"using":"predicate string","value":"(label CONTAINS[c] 'Remove' OR name CONTAINS[c] 'Remove' OR val...
14:18:51.578004 [DEBUG] WDA POST /session/F92521D4-D1AC-48AF-8F12-0C6D400993F5/element completed (25ms, status: 404)
14:18:51.578075 [DEBUG] WDA GET /session/F92521D4-D1AC-48AF-8F12-0C6D400993F5/source
14:18:51.800552 [DEBUG] WDA GET /session/F92521D4-D1AC-48AF-8F12-0C6D400993F5/source completed (222ms, status: 200)
14:18:51.800912 [DEBUG] WDA POST /session/F92521D4-D1AC-48AF-8F12-0C6D400993F5/element body={"using":"class chain","value":"**/XCUIElementTypeSecureTextField[`(label CONTAINS[c] 'Remove' OR va...
14:18:51.800926 [DEBUG] WDA POST /session/F92521D4-D1AC-48AF-8F12-0C6D400993F5/element body={"using":"class chain","value":"**/XCUIElementTypeTextField[`(label CONTAINS[c] 'Remove' OR value CO...
14:18:51.800938 [DEBUG] WDA POST /session/F92521D4-D1AC-48AF-8F12-0C6D400993F5/element body={"using":"class chain","value":"**/XCUIElementTypeButton[`(label ==[c] 'Remove' OR name ==[c] 'Remov...
14:18:51.800945 [DEBUG] WDA POST /session/F92521D4-D1AC-48AF-8F12-0C6D400993F5/element body={"using":"predicate string","value":"((type == 'XCUIElementTypeTextField' OR type == 'XCUIElementTyp...
14:18:51.822996 [DEBUG] WDA POST /session/F92521D4-D1AC-48AF-8F12-0C6D400993F5/element completed (22ms, status: 404)
14:18:51.844271 [DEBUG] WDA POST /session/F92521D4-D1AC-48AF-8F12-0C6D400993F5/element completed (43ms, status: 404)
14:18:51.867166 [DEBUG] WDA POST /session/F92521D4-D1AC-48AF-8F12-0C6D400993F5/element completed (66ms, status: 404)
14:18:51.889302 [DEBUG] WDA POST /session/F92521D4-D1AC-48AF-8F12-0C6D400993F5/element completed (88ms, status: 404)
14:18:51.889377 [DEBUG] WDA POST /session/F92521D4-D1AC-48AF-8F12-0C6D400993F5/element body={"using":"predicate string","value":"(label == 'Remove' OR name == 'Remove' OR value == 'Remove')"}
14:18:51.914029 [DEBUG] WDA POST /session/F92521D4-D1AC-48AF-8F12-0C6D400993F5/element completed (24ms, status: 404)
14:18:51.914139 [DEBUG] WDA POST /session/F92521D4-D1AC-48AF-8F12-0C6D400993F5/element body={"using":"predicate string","value":"(label CONTAINS[c] 'Remove' OR name CONTAINS[c] 'Remove' OR val...
14:18:51.938514 [DEBUG] WDA POST /session/F92521D4-D1AC-48AF-8F12-0C6D400993F5/element completed (24ms, status: 404)
14:18:51.938609 [DEBUG] WDA GET /session/F92521D4-D1AC-48AF-8F12-0C6D400993F5/source
14:18:52.149346 [DEBUG] WDA GET /session/F92521D4-D1AC-48AF-8F12-0C6D400993F5/source completed (210ms, status: 200)
14:18:52.150018 [DEBUG] WDA POST /session/F92521D4-D1AC-48AF-8F12-0C6D400993F5/element body={"using":"class chain","value":"**/XCUIElementTypeSecureTextField[`(label CONTAINS[c] 'Remove' OR va...
14:18:52.150028 [DEBUG] WDA POST /session/F92521D4-D1AC-48AF-8F12-0C6D400993F5/element body={"using":"class chain","value":"**/XCUIElementTypeButton[`(label ==[c] 'Remove' OR name ==[c] 'Remov...
14:18:52.150044 [DEBUG] WDA POST /session/F92521D4-D1AC-48AF-8F12-0C6D400993F5/element body={"using":"predicate string","value":"((type == 'XCUIElementTypeTextField' OR type == 'XCUIElementTyp...
14:18:52.150066 [DEBUG] WDA POST /session/F92521D4-D1AC-48AF-8F12-0C6D400993F5/element body={"using":"class chain","value":"**/XCUIElementTypeTextField[`(label CONTAINS[c] 'Remove' OR value CO...
14:18:52.172284 [DEBUG] WDA POST /session/F92521D4-D1AC-48AF-8F12-0C6D400993F5/element completed (22ms, status: 404)
14:18:52.194036 [DEBUG] WDA POST /session/F92521D4-D1AC-48AF-8F12-0C6D400993F5/element completed (44ms, status: 404)
14:18:52.216567 [DEBUG] WDA POST /session/F92521D4-D1AC-48AF-8F12-0C6D400993F5/element completed (66ms, status: 404)
14:18:52.238695 [DEBUG] WDA POST /session/F92521D4-D1AC-48AF-8F12-0C6D400993F5/element completed (88ms, status: 404)
14:18:52.238784 [DEBUG] WDA POST /session/F92521D4-D1AC-48AF-8F12-0C6D400993F5/element body={"using":"predicate string","value":"(label == 'Remove' OR name == 'Remove' OR value == 'Remove')"}
14:18:52.263484 [DEBUG] WDA POST /session/F92521D4-D1AC-48AF-8F12-0C6D400993F5/element completed (24ms, status: 404)
14:18:52.263587 [DEBUG] WDA POST /session/F92521D4-D1AC-48AF-8F12-0C6D400993F5/element body={"using":"predicate string","value":"(label CONTAINS[c] 'Remove' OR name CONTAINS[c] 'Remove' OR val...
14:18:52.288666 [DEBUG] WDA POST /session/F92521D4-D1AC-48AF-8F12-0C6D400993F5/element completed (25ms, status: 404)
14:18:52.288744 [DEBUG] WDA GET /session/F92521D4-D1AC-48AF-8F12-0C6D400993F5/source
14:18:52.517915 [DEBUG] WDA GET /session/F92521D4-D1AC-48AF-8F12-0C6D400993F5/source completed (229ms, status: 200)
14:18:52.518286 [DEBUG] WDA POST /session/F92521D4-D1AC-48AF-8F12-0C6D400993F5/element body={"using":"class chain","value":"**/XCUIElementTypeButton[`(label ==[c] 'Remove' OR name ==[c] 'Remov...
14:18:52.518294 [DEBUG] WDA POST /session/F92521D4-D1AC-48AF-8F12-0C6D400993F5/element body={"using":"class chain","value":"**/XCUIElementTypeTextField[`(label CONTAINS[c] 'Remove' OR value CO...
14:18:52.518311 [DEBUG] WDA POST /session/F92521D4-D1AC-48AF-8F12-0C6D400993F5/element body={"using":"predicate string","value":"((type == 'XCUIElementTypeTextField' OR type == 'XCUIElementTyp...
14:18:52.518331 [DEBUG] WDA POST /session/F92521D4-D1AC-48AF-8F12-0C6D400993F5/element body={"using":"class chain","value":"**/XCUIElementTypeSecureTextField[`(label CONTAINS[c] 'Remove' OR va...
14:18:52.541207 [DEBUG] WDA POST /session/F92521D4-D1AC-48AF-8F12-0C6D400993F5/element completed (22ms, status: 404)
14:18:52.563479 [DEBUG] WDA POST /session/F92521D4-D1AC-48AF-8F12-0C6D400993F5/element completed (45ms, status: 404)
14:18:52.585399 [DEBUG] WDA POST /session/F92521D4-D1AC-48AF-8F12-0C6D400993F5/element completed (67ms, status: 404)
14:18:52.608047 [DEBUG] WDA POST /session/F92521D4-D1AC-48AF-8F12-0C6D400993F5/element completed (89ms, status: 404)
14:18:52.608214 [DEBUG] WDA POST /session/F92521D4-D1AC-48AF-8F12-0C6D400993F5/element body={"using":"predicate string","value":"(label == 'Remove' OR name == 'Remove' OR value == 'Remove')"}
14:18:52.631912 [DEBUG] WDA POST /session/F92521D4-D1AC-48AF-8F12-0C6D400993F5/element completed (23ms, status: 404)
14:18:52.631978 [DEBUG] WDA POST /session/F92521D4-D1AC-48AF-8F12-0C6D400993F5/element body={"using":"predicate string","value":"(label CONTAINS[c] 'Remove' OR name CONTAINS[c] 'Remove' OR val...
14:18:52.655990 [DEBUG] WDA POST /session/F92521D4-D1AC-48AF-8F12-0C6D400993F5/element completed (24ms, status: 404)
14:18:52.656060 [DEBUG] WDA GET /session/F92521D4-D1AC-48AF-8F12-0C6D400993F5/source
14:18:52.866178 [DEBUG] WDA GET /session/F92521D4-D1AC-48AF-8F12-0C6D400993F5/source completed (210ms, status: 200)
14:18:52.866535 [DEBUG] WDA POST /session/F92521D4-D1AC-48AF-8F12-0C6D400993F5/element body={"using":"class chain","value":"**/XCUIElementTypeSecureTextField[`(label CONTAINS[c] 'Remove' OR va...
14:18:52.866541 [DEBUG] WDA POST /session/F92521D4-D1AC-48AF-8F12-0C6D400993F5/element body={"using":"predicate string","value":"((type == 'XCUIElementTypeTextField' OR type == 'XCUIElementTyp...
14:18:52.866558 [DEBUG] WDA POST /session/F92521D4-D1AC-48AF-8F12-0C6D400993F5/element body={"using":"class chain","value":"**/XCUIElementTypeTextField[`(label CONTAINS[c] 'Remove' OR value CO...
14:18:52.866618 [DEBUG] WDA POST /session/F92521D4-D1AC-48AF-8F12-0C6D400993F5/element body={"using":"class chain","value":"**/XCUIElementTypeButton[`(label ==[c] 'Remove' OR name ==[c] 'Remov...
14:18:52.889920 [DEBUG] WDA POST /session/F92521D4-D1AC-48AF-8F12-0C6D400993F5/element completed (23ms, status: 404)
14:18:52.911464 [DEBUG] WDA POST /session/F92521D4-D1AC-48AF-8F12-0C6D400993F5/element completed (44ms, status: 404)
14:18:52.932575 [DEBUG] WDA POST /session/F92521D4-D1AC-48AF-8F12-0C6D400993F5/element completed (66ms, status: 404)
14:18:52.954690 [DEBUG] WDA POST /session/F92521D4-D1AC-48AF-8F12-0C6D400993F5/element completed (88ms, status: 404)
14:18:52.954775 [DEBUG] WDA POST /session/F92521D4-D1AC-48AF-8F12-0C6D400993F5/element body={"using":"predicate string","value":"(label == 'Remove' OR name == 'Remove' OR value == 'Remove')"}
14:18:52.978948 [DEBUG] WDA POST /session/F92521D4-D1AC-48AF-8F12-0C6D400993F5/element completed (24ms, status: 404)
14:18:52.979027 [DEBUG] WDA POST /session/F92521D4-D1AC-48AF-8F12-0C6D400993F5/element body={"using":"predicate string","value":"(label CONTAINS[c] 'Remove' OR name CONTAINS[c] 'Remove' OR val...
14:18:53.002920 [DEBUG] WDA POST /session/F92521D4-D1AC-48AF-8F12-0C6D400993F5/element completed (23ms, status: 404)
14:18:53.002977 [DEBUG] WDA GET /session/F92521D4-D1AC-48AF-8F12-0C6D400993F5/source
14:18:53.209792 [DEBUG] WDA GET /session/F92521D4-D1AC-48AF-8F12-0C6D400993F5/source completed (206ms, status: 200)
14:18:53.210155 [DEBUG] WDA POST /session/F92521D4-D1AC-48AF-8F12-0C6D400993F5/element body={"using":"predicate string","value":"((type == 'XCUIElementTypeTextField' OR type == 'XCUIElementTyp...
14:18:53.210165 [DEBUG] WDA POST /session/F92521D4-D1AC-48AF-8F12-0C6D400993F5/element body={"using":"class chain","value":"**/XCUIElementTypeSecureTextField[`(label CONTAINS[c] 'Remove' OR va...
14:18:53.210185 [DEBUG] WDA POST /session/F92521D4-D1AC-48AF-8F12-0C6D400993F5/element body={"using":"class chain","value":"**/XCUIElementTypeButton[`(label ==[c] 'Remove' OR name ==[c] 'Remov...
14:18:53.210318 [DEBUG] WDA POST /session/F92521D4-D1AC-48AF-8F12-0C6D400993F5/element body={"using":"class chain","value":"**/XCUIElementTypeTextField[`(label CONTAINS[c] 'Remove' OR value CO...
14:18:53.248190 [DEBUG] WDA POST /session/F92521D4-D1AC-48AF-8F12-0C6D400993F5/element completed (38ms, status: 404)
14:18:53.269522 [DEBUG] WDA POST /session/F92521D4-D1AC-48AF-8F12-0C6D400993F5/element completed (59ms, status: 404)
14:18:53.291496 [DEBUG] WDA POST /session/F92521D4-D1AC-48AF-8F12-0C6D400993F5/element completed (81ms, status: 404)
14:18:53.313052 [DEBUG] WDA POST /session/F92521D4-D1AC-48AF-8F12-0C6D400993F5/element completed (102ms, status: 404)
14:18:53.313201 [DEBUG] WDA POST /session/F92521D4-D1AC-48AF-8F12-0C6D400993F5/element body={"using":"predicate string","value":"(label == 'Remove' OR name == 'Remove' OR value == 'Remove')"}
14:18:53.336442 [DEBUG] WDA POST /session/F92521D4-D1AC-48AF-8F12-0C6D400993F5/element completed (23ms, status: 404)
14:18:53.336587 [DEBUG] WDA POST /session/F92521D4-D1AC-48AF-8F12-0C6D400993F5/element body={"using":"predicate string","value":"(label CONTAINS[c] 'Remove' OR name CONTAINS[c] 'Remove' OR val...
14:18:53.359629 [DEBUG] WDA POST /session/F92521D4-D1AC-48AF-8F12-0C6D400993F5/element completed (23ms, status: 404)
14:18:53.359801 [DEBUG] WDA GET /session/F92521D4-D1AC-48AF-8F12-0C6D400993F5/source
14:18:53.568749 [DEBUG] WDA GET /session/F92521D4-D1AC-48AF-8F12-0C6D400993F5/source completed (208ms, status: 200)
14:18:53.569512 [DEBUG] WDA POST /session/F92521D4-D1AC-48AF-8F12-0C6D400993F5/element body={"using":"predicate string","value":"((type == 'XCUIElementTypeTextField' OR type == 'XCUIElementTyp...
14:18:53.569540 [DEBUG] WDA POST /session/F92521D4-D1AC-48AF-8F12-0C6D400993F5/element body={"using":"class chain","value":"**/XCUIElementTypeTextField[`(label CONTAINS[c] 'Remove' OR value CO...
14:18:53.569557 [DEBUG] WDA POST /session/F92521D4-D1AC-48AF-8F12-0C6D400993F5/element body={"using":"class chain","value":"**/XCUIElementTypeSecureTextField[`(label CONTAINS[c] 'Remove' OR va...
14:18:53.569587 [DEBUG] WDA POST /session/F92521D4-D1AC-48AF-8F12-0C6D400993F5/element body={"using":"class chain","value":"**/XCUIElementTypeButton[`(label ==[c] 'Remove' OR name ==[c] 'Remov...
14:18:53.591747 [DEBUG] WDA POST /session/F92521D4-D1AC-48AF-8F12-0C6D400993F5/element completed (22ms, status: 404)
14:18:53.614353 [DEBUG] WDA POST /session/F92521D4-D1AC-48AF-8F12-0C6D400993F5/element completed (44ms, status: 404)
14:18:53.636432 [DEBUG] WDA POST /session/F92521D4-D1AC-48AF-8F12-0C6D400993F5/element completed (66ms, status: 404)
14:18:53.657978 [DEBUG] WDA POST /session/F92521D4-D1AC-48AF-8F12-0C6D400993F5/element completed (88ms, status: 404)
14:18:53.658053 [DEBUG] WDA POST /session/F92521D4-D1AC-48AF-8F12-0C6D400993F5/element body={"using":"predicate string","value":"(label == 'Remove' OR name == 'Remove' OR value == 'Remove')"}
14:18:53.682567 [DEBUG] WDA POST /session/F92521D4-D1AC-48AF-8F12-0C6D400993F5/element completed (24ms, status: 404)
14:18:53.682638 [DEBUG] WDA POST /session/F92521D4-D1AC-48AF-8F12-0C6D400993F5/element body={"using":"predicate string","value":"(label CONTAINS[c] 'Remove' OR name CONTAINS[c] 'Remove' OR val...
14:18:53.706667 [DEBUG] WDA POST /session/F92521D4-D1AC-48AF-8F12-0C6D400993F5/element completed (24ms, status: 404)
14:18:53.706775 [DEBUG] WDA GET /session/F92521D4-D1AC-48AF-8F12-0C6D400993F5/source
14:18:53.911974 [DEBUG] WDA GET /session/F92521D4-D1AC-48AF-8F12-0C6D400993F5/source completed (205ms, status: 200)
14:18:53.913479 [DEBUG] WDA POST /session/F92521D4-D1AC-48AF-8F12-0C6D400993F5/element body={"using":"predicate string","value":"((type == 'XCUIElementTypeTextField' OR type == 'XCUIElementTyp...
14:18:53.913531 [DEBUG] WDA POST /session/F92521D4-D1AC-48AF-8F12-0C6D400993F5/element body={"using":"class chain","value":"**/XCUIElementTypeTextField[`(label CONTAINS[c] 'Remove' OR value CO...
14:18:53.913569 [DEBUG] WDA POST /session/F92521D4-D1AC-48AF-8F12-0C6D400993F5/element body={"using":"class chain","value":"**/XCUIElementTypeSecureTextField[`(label CONTAINS[c] 'Remove' OR va...
14:18:53.913605 [DEBUG] WDA POST /session/F92521D4-D1AC-48AF-8F12-0C6D400993F5/element body={"using":"class chain","value":"**/XCUIElementTypeButton[`(label ==[c] 'Remove' OR name ==[c] 'Remov...
14:18:53.936571 [DEBUG] WDA POST /session/F92521D4-D1AC-48AF-8F12-0C6D400993F5/element completed (23ms, status: 404)
14:18:53.957504 [DEBUG] WDA POST /session/F92521D4-D1AC-48AF-8F12-0C6D400993F5/element completed (44ms, status: 404)
14:18:53.979154 [DEBUG] WDA POST /session/F92521D4-D1AC-48AF-8F12-0C6D400993F5/element completed (65ms, status: 404)
14:18:54.000151 [DEBUG] WDA POST /session/F92521D4-D1AC-48AF-8F12-0C6D400993F5/element completed (86ms, status: 404)
14:18:54.000457 [DEBUG] WDA POST /session/F92521D4-D1AC-48AF-8F12-0C6D400993F5/element body={"using":"predicate string","value":"(label == 'Remove' OR name == 'Remove' OR value == 'Remove')"}
14:18:54.023793 [DEBUG] WDA POST /session/F92521D4-D1AC-48AF-8F12-0C6D400993F5/element completed (23ms, status: 404)
14:18:54.024021 [DEBUG] WDA POST /session/F92521D4-D1AC-48AF-8F12-0C6D400993F5/element body={"using":"predicate string","value":"(label CONTAINS[c] 'Remove' OR name CONTAINS[c] 'Remove' OR val...
14:18:54.047315 [DEBUG] WDA POST /session/F92521D4-D1AC-48AF-8F12-0C6D400993F5/element completed (23ms, status: 404)
14:18:54.047496 [DEBUG] WDA GET /session/F92521D4-D1AC-48AF-8F12-0C6D400993F5/source
14:18:54.249808 [DEBUG] WDA GET /session/F92521D4-D1AC-48AF-8F12-0C6D400993F5/source completed (202ms, status: 200)
14:18:54.250580 [DEBUG] WDA POST /session/F92521D4-D1AC-48AF-8F12-0C6D400993F5/element body={"using":"class chain","value":"**/XCUIElementTypeTextField[`(label CONTAINS[c] 'Remove' OR value CO...
14:18:54.250633 [DEBUG] WDA POST /session/F92521D4-D1AC-48AF-8F12-0C6D400993F5/element body={"using":"predicate string","value":"((type == 'XCUIElementTypeTextField' OR type == 'XCUIElementTyp...
14:18:54.250669 [DEBUG] WDA POST /session/F92521D4-D1AC-48AF-8F12-0C6D400993F5/element body={"using":"class chain","value":"**/XCUIElementTypeSecureTextField[`(label CONTAINS[c] 'Remove' OR va...
14:18:54.250692 [DEBUG] WDA POST /session/F92521D4-D1AC-48AF-8F12-0C6D400993F5/element body={"using":"class chain","value":"**/XCUIElementTypeButton[`(label ==[c] 'Remove' OR name ==[c] 'Remov...
14:18:54.274324 [DEBUG] WDA POST /session/F92521D4-D1AC-48AF-8F12-0C6D400993F5/element completed (23ms, status: 404)
14:18:54.298784 [DEBUG] WDA POST /session/F92521D4-D1AC-48AF-8F12-0C6D400993F5/element completed (48ms, status: 404)
14:18:54.322016 [DEBUG] WDA POST /session/F92521D4-D1AC-48AF-8F12-0C6D400993F5/element completed (71ms, status: 404)
14:18:54.347111 [DEBUG] WDA POST /session/F92521D4-D1AC-48AF-8F12-0C6D400993F5/element completed (96ms, status: 404)
14:18:54.347290 [DEBUG] WDA POST /session/F92521D4-D1AC-48AF-8F12-0C6D400993F5/element body={"using":"predicate string","value":"(label == 'Remove' OR name == 'Remove' OR value == 'Remove')"}
14:18:54.371526 [DEBUG] WDA POST /session/F92521D4-D1AC-48AF-8F12-0C6D400993F5/element completed (24ms, status: 404)
14:18:54.371721 [DEBUG] WDA POST /session/F92521D4-D1AC-48AF-8F12-0C6D400993F5/element body={"using":"predicate string","value":"(label CONTAINS[c] 'Remove' OR name CONTAINS[c] 'Remove' OR val...
14:18:54.395900 [DEBUG] WDA POST /session/F92521D4-D1AC-48AF-8F12-0C6D400993F5/element completed (24ms, status: 404)
14:18:54.396937 [DEBUG] WDA GET /session/F92521D4-D1AC-48AF-8F12-0C6D400993F5/source
14:18:54.606878 [DEBUG] WDA GET /session/F92521D4-D1AC-48AF-8F12-0C6D400993F5/source completed (209ms, status: 200)
14:18:54.607697 [DEBUG] WDA POST /session/F92521D4-D1AC-48AF-8F12-0C6D400993F5/element body={"using":"class chain","value":"**/XCUIElementTypeButton[`(label ==[c] 'Remove' OR name ==[c] 'Remov...
14:18:54.607724 [DEBUG] WDA POST /session/F92521D4-D1AC-48AF-8F12-0C6D400993F5/element body={"using":"predicate string","value":"((type == 'XCUIElementTypeTextField' OR type == 'XCUIElementTyp...
14:18:54.607767 [DEBUG] WDA POST /session/F92521D4-D1AC-48AF-8F12-0C6D400993F5/element body={"using":"class chain","value":"**/XCUIElementTypeSecureTextField[`(label CONTAINS[c] 'Remove' OR va...
14:18:54.607830 [DEBUG] WDA POST /session/F92521D4-D1AC-48AF-8F12-0C6D400993F5/element body={"using":"class chain","value":"**/XCUIElementTypeTextField[`(label CONTAINS[c] 'Remove' OR value CO...
14:18:54.630567 [DEBUG] WDA POST /session/F92521D4-D1AC-48AF-8F12-0C6D400993F5/element completed (22ms, status: 404)
14:18:54.651403 [DEBUG] WDA POST /session/F92521D4-D1AC-48AF-8F12-0C6D400993F5/element completed (43ms, status: 404)
14:18:54.672955 [DEBUG] WDA POST /session/F92521D4-D1AC-48AF-8F12-0C6D400993F5/element completed (65ms, status: 404)
14:18:54.693905 [DEBUG] WDA POST /session/F92521D4-D1AC-48AF-8F12-0C6D400993F5/element completed (86ms, status: 404)
14:18:54.694050 [DEBUG] WDA POST /session/F92521D4-D1AC-48AF-8F12-0C6D400993F5/element body={"using":"predicate string","value":"(label == 'Remove' OR name == 'Remove' OR value == 'Remove')"}
14:18:54.717132 [DEBUG] WDA POST /session/F92521D4-D1AC-48AF-8F12-0C6D400993F5/element completed (23ms, status: 404)
14:18:54.717265 [DEBUG] WDA POST /session/F92521D4-D1AC-48AF-8F12-0C6D400993F5/element body={"using":"predicate string","value":"(label CONTAINS[c] 'Remove' OR name CONTAINS[c] 'Remove' OR val...
14:18:54.740560 [DEBUG] WDA POST /session/F92521D4-D1AC-48AF-8F12-0C6D400993F5/element completed (23ms, status: 404)
14:18:54.740750 [DEBUG] WDA GET /session/F92521D4-D1AC-48AF-8F12-0C6D400993F5/source
14:18:54.943100 [DEBUG] WDA GET /session/F92521D4-D1AC-48AF-8F12-0C6D400993F5/source completed (202ms, status: 200)
14:18:54.943884 [DEBUG] WDA POST /session/F92521D4-D1AC-48AF-8F12-0C6D400993F5/element body={"using":"class chain","value":"**/XCUIElementTypeTextField[`(label CONTAINS[c] 'Remove' OR value CO...
14:18:54.943922 [DEBUG] WDA POST /session/F92521D4-D1AC-48AF-8F12-0C6D400993F5/element body={"using":"class chain","value":"**/XCUIElementTypeButton[`(label ==[c] 'Remove' OR name ==[c] 'Remov...
14:18:54.943963 [DEBUG] WDA POST /session/F92521D4-D1AC-48AF-8F12-0C6D400993F5/element body={"using":"predicate string","value":"((type == 'XCUIElementTypeTextField' OR type == 'XCUIElementTyp...
14:18:54.944399 [DEBUG] WDA POST /session/F92521D4-D1AC-48AF-8F12-0C6D400993F5/element body={"using":"class chain","value":"**/XCUIElementTypeSecureTextField[`(label CONTAINS[c] 'Remove' OR va...
14:18:54.966110 [DEBUG] WDA POST /session/F92521D4-D1AC-48AF-8F12-0C6D400993F5/element completed (22ms, status: 404)
14:18:54.987485 [DEBUG] WDA POST /session/F92521D4-D1AC-48AF-8F12-0C6D400993F5/element completed (43ms, status: 404)
14:18:55.008609 [DEBUG] WDA POST /session/F92521D4-D1AC-48AF-8F12-0C6D400993F5/element completed (64ms, status: 404)
14:18:55.030584 [DEBUG] WDA POST /session/F92521D4-D1AC-48AF-8F12-0C6D400993F5/element completed (86ms, status: 404)
14:18:55.030745 [DEBUG] WDA POST /session/F92521D4-D1AC-48AF-8F12-0C6D400993F5/element body={"using":"predicate string","value":"(label == 'Remove' OR name == 'Remove' OR value == 'Remove')"}
14:18:55.053730 [DEBUG] WDA POST /session/F92521D4-D1AC-48AF-8F12-0C6D400993F5/element completed (22ms, status: 404)
14:18:55.053874 [DEBUG] WDA POST /session/F92521D4-D1AC-48AF-8F12-0C6D400993F5/element body={"using":"predicate string","value":"(label CONTAINS[c] 'Remove' OR name CONTAINS[c] 'Remove' OR val...
14:18:55.076998 [DEBUG] WDA POST /session/F92521D4-D1AC-48AF-8F12-0C6D400993F5/element completed (23ms, status: 404)
14:18:55.077129 [DEBUG] WDA GET /session/F92521D4-D1AC-48AF-8F12-0C6D400993F5/source
14:18:55.285278 [DEBUG] WDA GET /session/F92521D4-D1AC-48AF-8F12-0C6D400993F5/source completed (208ms, status: 200)
14:18:55.286085 [DEBUG] WDA POST /session/F92521D4-D1AC-48AF-8F12-0C6D400993F5/element body={"using":"predicate string","value":"((type == 'XCUIElementTypeTextField' OR type == 'XCUIElementTyp...
14:18:55.286114 [DEBUG] WDA POST /session/F92521D4-D1AC-48AF-8F12-0C6D400993F5/element body={"using":"class chain","value":"**/XCUIElementTypeTextField[`(label CONTAINS[c] 'Remove' OR value CO...
14:18:55.286139 [DEBUG] WDA POST /session/F92521D4-D1AC-48AF-8F12-0C6D400993F5/element body={"using":"class chain","value":"**/XCUIElementTypeSecureTextField[`(label CONTAINS[c] 'Remove' OR va...
14:18:55.286173 [DEBUG] WDA POST /session/F92521D4-D1AC-48AF-8F12-0C6D400993F5/element body={"using":"class chain","value":"**/XCUIElementTypeButton[`(label ==[c] 'Remove' OR name ==[c] 'Remov...
14:18:55.321782 [DEBUG] WDA POST /session/F92521D4-D1AC-48AF-8F12-0C6D400993F5/element completed (35ms, status: 404)
14:18:55.344073 [DEBUG] WDA POST /session/F92521D4-D1AC-48AF-8F12-0C6D400993F5/element completed (58ms, status: 404)
14:18:55.365662 [DEBUG] WDA POST /session/F92521D4-D1AC-48AF-8F12-0C6D400993F5/element completed (79ms, status: 404)
14:18:55.386682 [DEBUG] WDA POST /session/F92521D4-D1AC-48AF-8F12-0C6D400993F5/element completed (100ms, status: 404)
14:18:55.386864 [DEBUG] WDA POST /session/F92521D4-D1AC-48AF-8F12-0C6D400993F5/element body={"using":"predicate string","value":"(label == 'Remove' OR name == 'Remove' OR value == 'Remove')"}
14:18:55.411366 [DEBUG] WDA POST /session/F92521D4-D1AC-48AF-8F12-0C6D400993F5/element completed (24ms, status: 404)
14:18:55.411590 [DEBUG] WDA POST /session/F92521D4-D1AC-48AF-8F12-0C6D400993F5/element body={"using":"predicate string","value":"(label CONTAINS[c] 'Remove' OR name CONTAINS[c] 'Remove' OR val...
14:18:55.437084 [DEBUG] WDA POST /session/F92521D4-D1AC-48AF-8F12-0C6D400993F5/element completed (25ms, status: 404)
14:18:55.437219 [DEBUG] WDA GET /session/F92521D4-D1AC-48AF-8F12-0C6D400993F5/source
14:18:55.647928 [DEBUG] WDA GET /session/F92521D4-D1AC-48AF-8F12-0C6D400993F5/source completed (210ms, status: 200)
14:18:55.649078 [DEBUG] WDA POST /session/F92521D4-D1AC-48AF-8F12-0C6D400993F5/element body={"using":"predicate string","value":"((type == 'XCUIElementTypeTextField' OR type == 'XCUIElementTyp...
14:18:55.649143 [DEBUG] WDA POST /session/F92521D4-D1AC-48AF-8F12-0C6D400993F5/element body={"using":"class chain","value":"**/XCUIElementTypeSecureTextField[`(label CONTAINS[c] 'Remove' OR va...
14:18:55.649186 [DEBUG] WDA POST /session/F92521D4-D1AC-48AF-8F12-0C6D400993F5/element body={"using":"class chain","value":"**/XCUIElementTypeButton[`(label ==[c] 'Remove' OR name ==[c] 'Remov...
14:18:55.649228 [DEBUG] WDA POST /session/F92521D4-D1AC-48AF-8F12-0C6D400993F5/element body={"using":"class chain","value":"**/XCUIElementTypeTextField[`(label CONTAINS[c] 'Remove' OR value CO...
14:18:55.672446 [DEBUG] WDA POST /session/F92521D4-D1AC-48AF-8F12-0C6D400993F5/element completed (23ms, status: 404)
14:18:55.693486 [DEBUG] WDA POST /session/F92521D4-D1AC-48AF-8F12-0C6D400993F5/element completed (44ms, status: 404)
14:18:55.714266 [DEBUG] WDA POST /session/F92521D4-D1AC-48AF-8F12-0C6D400993F5/element completed (65ms, status: 404)
14:18:55.735502 [DEBUG] WDA POST /session/F92521D4-D1AC-48AF-8F12-0C6D400993F5/element completed (86ms, status: 404)
14:18:55.735662 [DEBUG] WDA POST /session/F92521D4-D1AC-48AF-8F12-0C6D400993F5/element body={"using":"predicate string","value":"(label == 'Remove' OR name == 'Remove' OR value == 'Remove')"}
14:18:55.758724 [DEBUG] WDA POST /session/F92521D4-D1AC-48AF-8F12-0C6D400993F5/element completed (23ms, status: 404)
14:18:55.758864 [DEBUG] WDA POST /session/F92521D4-D1AC-48AF-8F12-0C6D400993F5/element body={"using":"predicate string","value":"(label CONTAINS[c] 'Remove' OR name CONTAINS[c] 'Remove' OR val...
14:18:55.782367 [DEBUG] WDA POST /session/F92521D4-D1AC-48AF-8F12-0C6D400993F5/element completed (23ms, status: 404)
14:18:55.782531 [DEBUG] WDA GET /session/F92521D4-D1AC-48AF-8F12-0C6D400993F5/source
14:18:55.988872 [DEBUG] WDA GET /session/F92521D4-D1AC-48AF-8F12-0C6D400993F5/source completed (206ms, status: 200)
14:18:55.989661 [DEBUG] WDA POST /session/F92521D4-D1AC-48AF-8F12-0C6D400993F5/element body={"using":"predicate string","value":"((type == 'XCUIElementTypeTextField' OR type == 'XCUIElementTyp...
14:18:55.989676 [DEBUG] WDA POST /session/F92521D4-D1AC-48AF-8F12-0C6D400993F5/element body={"using":"class chain","value":"**/XCUIElementTypeSecureTextField[`(label CONTAINS[c] 'Remove' OR va...
14:18:55.989746 [DEBUG] WDA POST /session/F92521D4-D1AC-48AF-8F12-0C6D400993F5/element body={"using":"class chain","value":"**/XCUIElementTypeTextField[`(label CONTAINS[c] 'Remove' OR value CO...
14:18:55.989763 [DEBUG] WDA POST /session/F92521D4-D1AC-48AF-8F12-0C6D400993F5/element body={"using":"class chain","value":"**/XCUIElementTypeButton[`(label ==[c] 'Remove' OR name ==[c] 'Remov...
14:18:56.012544 [DEBUG] WDA POST /session/F92521D4-D1AC-48AF-8F12-0C6D400993F5/element completed (22ms, status: 404)
14:18:56.033393 [DEBUG] WDA POST /session/F92521D4-D1AC-48AF-8F12-0C6D400993F5/element completed (43ms, status: 404)
14:18:56.054644 [DEBUG] WDA POST /session/F92521D4-D1AC-48AF-8F12-0C6D400993F5/element completed (64ms, status: 404)
14:18:56.075566 [DEBUG] WDA POST /session/F92521D4-D1AC-48AF-8F12-0C6D400993F5/element completed (85ms, status: 404)
14:18:56.075767 [DEBUG] WDA POST /session/F92521D4-D1AC-48AF-8F12-0C6D400993F5/element body={"using":"predicate string","value":"(label == 'Remove' OR name == 'Remove' OR value == 'Remove')"}
14:18:56.098569 [DEBUG] WDA POST /session/F92521D4-D1AC-48AF-8F12-0C6D400993F5/element completed (22ms, status: 404)
14:18:56.098721 [DEBUG] WDA POST /session/F92521D4-D1AC-48AF-8F12-0C6D400993F5/element body={"using":"predicate string","value":"(label CONTAINS[c] 'Remove' OR name CONTAINS[c] 'Remove' OR val...
14:18:56.121703 [DEBUG] WDA POST /session/F92521D4-D1AC-48AF-8F12-0C6D400993F5/element completed (22ms, status: 404)
14:18:56.121866 [DEBUG] WDA GET /session/F92521D4-D1AC-48AF-8F12-0C6D400993F5/source
14:18:56.323395 [DEBUG] WDA GET /session/F92521D4-D1AC-48AF-8F12-0C6D400993F5/source completed (201ms, status: 200)
14:18:56.324152 [ERROR] Step 9 failed (12004ms): tapOn: text="Remove" - Error: Element not found: text='Remove' (cause: context deadline exceeded: WDA error: unable to find an element using 'predicate string', value '(label CONTAINS[c] 'Remove' OR name CONTAINS[c] 'Remove' OR value CONTAINS[c] 'Remove')'; page source: no elements match selector; closest on-screen texts: "love", "water.waves", "Vertical scroll bar, 1 page")
14:18:56.324167 [DEBUG] WDA GET /session/F92521D4-D1AC-48AF-8F12-0C6D400993F5/screenshot
14:18:56.397897 [DEBUG] WDA GET /session/F92521D4-D1AC-48AF-8F12-0C6D400993F5/screenshot completed (73ms, status: 200)
14:18:56.400852 [DEBUG] WDA GET /session/F92521D4-D1AC-48AF-8F12-0C6D400993F5/source
14:18:56.611707 [DEBUG] WDA GET /session/F92521D4-D1AC-48AF-8F12-0C6D400993F5/source completed (210ms, status: 200)
14:18:56.619115 [INFO] === Flow completed: 02-favorite (status: failed, duration: 23548ms, passed: 9, failed: 1, skipped: 3) ===
14:18:56.621630 [INFO] Flow execution completed: 0 passed, 1 failed, 0 skipped
14:18:56.621955 [INFO] Generating reports...
14:18:56.623289 [INFO] Shutting down devices started by maestro-runner...
14:18:56.623317 [INFO] Shutting down all tracked emulators
14:18:56.623328 [INFO] Shutting down all tracked simulators
