14:11:32.721354 POST /session [7.268125ms] OK body={"capabilities":{"platformName":"Android","deviceName":"sdk_gphone64_arm64"}}
14:11:32.725558 POST /session/3d32f3d4-e9e5-426a-8ea7-d15799ff5f0d/appium/settings [4.077417ms] OK body={"settings":{"enableMultiWindows":true,"waitForIdleTimeout":200}}
14:11:32.728318 POST /session/3d32f3d4-e9e5-426a-8ea7-d15799ff5f0d/appium/settings [2.710041ms] OK body={"settings":{"implicitWait":100}}
14:11:32.770958 GET /session/3d32f3d4-e9e5-426a-8ea7-d15799ff5f0d/appium/device/info [19.816625ms] OK body=
14:11:32.777183 POST /session/3d32f3d4-e9e5-426a-8ea7-d15799ff5f0d/appium/settings [4.499458ms] OK body={"settings":{"waitForIdleTimeout":200}}
14:11:32.913707 GET /session/3d32f3d4-e9e5-426a-8ea7-d15799ff5f0d/screenshot [135.801958ms] OK body=
14:11:33.597699 POST /session/3d32f3d4-e9e5-426a-8ea7-d15799ff5f0d/appium/device/launch_app [8.8455ms] OK body={"appId":"com.kylebrowning.landmarks"}
14:11:34.734635 GET /session/3d32f3d4-e9e5-426a-8ea7-d15799ff5f0d/screenshot [133.624875ms] OK body=
14:11:35.029656 GET /session/3d32f3d4-e9e5-426a-8ea7-d15799ff5f0d/source [294.229375ms] OK body=
14:11:35.154205 GET /session/3d32f3d4-e9e5-426a-8ea7-d15799ff5f0d/screenshot [123.399708ms] OK body=
14:11:35.566714 POST /session/3d32f3d4-e9e5-426a-8ea7-d15799ff5f0d/element [411.934417ms] ERR:404 body={"strategy":"-android uiautomator","selector":"new UiSelector().textContains(\"Deep Links\").clickab...
14:11:35.593078 POST /session/3d32f3d4-e9e5-426a-8ea7-d15799ff5f0d/element [26.25275ms] ERR:404 body={"strategy":"-android uiautomator","selector":"new UiSelector().descriptionContains(\"Deep Links\")....
14:11:35.629481 POST /session/3d32f3d4-e9e5-426a-8ea7-d15799ff5f0d/element [36.316459ms] OK body={"strategy":"-android uiautomator","selector":"new UiSelector().textContains(\"Deep Links\")"}
14:11:35.676752 GET /session/3d32f3d4-e9e5-426a-8ea7-d15799ff5f0d/source [46.99475ms] OK body=
14:11:35.740437 POST /session/3d32f3d4-e9e5-426a-8ea7-d15799ff5f0d/appium/gestures/click [62.559541ms] OK body={"offset":{"x":907,"y":2232}}
14:11:35.973256 GET /session/3d32f3d4-e9e5-426a-8ea7-d15799ff5f0d/screenshot [185.14775ms] OK body=
14:11:36.397482 GET /session/3d32f3d4-e9e5-426a-8ea7-d15799ff5f0d/source [422.616333ms] OK body=
14:11:36.595152 GET /session/3d32f3d4-e9e5-426a-8ea7-d15799ff5f0d/screenshot [195.425459ms] OK body=
14:11:36.675043 POST /session/3d32f3d4-e9e5-426a-8ea7-d15799ff5f0d/element [78.970791ms] ERR:404 body={"strategy":"-android uiautomator","selector":"new UiSelector().textContains(\"Caching Demo\").click...
14:11:36.702331 POST /session/3d32f3d4-e9e5-426a-8ea7-d15799ff5f0d/element [27.222834ms] ERR:404 body={"strategy":"-android uiautomator","selector":"new UiSelector().descriptionContains(\"Caching Demo\"...
14:11:36.708933 POST /session/3d32f3d4-e9e5-426a-8ea7-d15799ff5f0d/element [6.537458ms] OK body={"strategy":"-android uiautomator","selector":"new UiSelector().textContains(\"Caching Demo\")"}
14:11:36.741995 GET /session/3d32f3d4-e9e5-426a-8ea7-d15799ff5f0d/source [32.689125ms] OK body=
14:11:36.826909 POST /session/3d32f3d4-e9e5-426a-8ea7-d15799ff5f0d/appium/gestures/click [84.129458ms] OK body={"offset":{"x":540,"y":422}}
14:11:36.982421 GET /session/3d32f3d4-e9e5-426a-8ea7-d15799ff5f0d/screenshot [154.8035ms] OK body=
14:11:37.474060 GET /session/3d32f3d4-e9e5-426a-8ea7-d15799ff5f0d/source [490.959125ms] OK body=
14:11:37.593393 GET /session/3d32f3d4-e9e5-426a-8ea7-d15799ff5f0d/screenshot [118.371542ms] OK body=
14:11:37.599438 POST /session/3d32f3d4-e9e5-426a-8ea7-d15799ff5f0d/element [5.718292ms] OK body={"strategy":"-android uiautomator","selector":"new UiSelector().textContains(\"Cache Policy\")"}
14:11:37.722342 GET /session/3d32f3d4-e9e5-426a-8ea7-d15799ff5f0d/screenshot [122.518875ms] OK body=
14:11:37.750140 GET /session/3d32f3d4-e9e5-426a-8ea7-d15799ff5f0d/source [27.331708ms] OK body=
14:11:37.869640 GET /session/3d32f3d4-e9e5-426a-8ea7-d15799ff5f0d/screenshot [118.262459ms] OK body=
14:11:37.885216 POST /session/3d32f3d4-e9e5-426a-8ea7-d15799ff5f0d/element [15.260459ms] ERR:404 body={"strategy":"-android uiautomator","selector":"new UiSelector().textContains(\"Fetch with Policy\")....
14:11:37.901444 POST /session/3d32f3d4-e9e5-426a-8ea7-d15799ff5f0d/element [16.143875ms] ERR:404 body={"strategy":"-android uiautomator","selector":"new UiSelector().descriptionContains(\"Fetch with Pol...
14:11:37.907855 POST /session/3d32f3d4-e9e5-426a-8ea7-d15799ff5f0d/element [6.355334ms] OK body={"strategy":"-android uiautomator","selector":"new UiSelector().textContains(\"Fetch with Policy\")"...
14:11:37.941194 GET /session/3d32f3d4-e9e5-426a-8ea7-d15799ff5f0d/source [33.162292ms] OK body=
14:11:38.007332 POST /session/3d32f3d4-e9e5-426a-8ea7-d15799ff5f0d/appium/gestures/click [65.526458ms] OK body={"offset":{"x":244,"y":622}}
14:11:38.138517 GET /session/3d32f3d4-e9e5-426a-8ea7-d15799ff5f0d/screenshot [130.838167ms] OK body=
14:11:38.169088 GET /session/3d32f3d4-e9e5-426a-8ea7-d15799ff5f0d/source [29.994125ms] OK body=
14:11:38.293725 GET /session/3d32f3d4-e9e5-426a-8ea7-d15799ff5f0d/screenshot [123.401125ms] OK body=
14:11:38.427301 GET /session/3d32f3d4-e9e5-426a-8ea7-d15799ff5f0d/screenshot [132.831083ms] OK body=
14:11:38.554903 GET /session/3d32f3d4-e9e5-426a-8ea7-d15799ff5f0d/screenshot [127.002875ms] OK body=
14:11:38.582579 GET /session/3d32f3d4-e9e5-426a-8ea7-d15799ff5f0d/source [26.985792ms] OK body=
14:11:38.703898 GET /session/3d32f3d4-e9e5-426a-8ea7-d15799ff5f0d/screenshot [120.301292ms] OK body=
14:11:38.722803 POST /session/3d32f3d4-e9e5-426a-8ea7-d15799ff5f0d/element [18.538417ms] ERR:404 body={"strategy":"-android uiautomator","selector":"new UiSelector().textContains(\"Clear Cache\").clicka...
14:11:38.737607 POST /session/3d32f3d4-e9e5-426a-8ea7-d15799ff5f0d/element [14.742ms] ERR:404 body={"strategy":"-android uiautomator","selector":"new UiSelector().descriptionContains(\"Clear Cache\")...
14:11:38.744089 POST /session/3d32f3d4-e9e5-426a-8ea7-d15799ff5f0d/element [6.439667ms] OK body={"strategy":"-android uiautomator","selector":"new UiSelector().textContains(\"Clear Cache\")"}
14:11:38.768146 GET /session/3d32f3d4-e9e5-426a-8ea7-d15799ff5f0d/source [23.941875ms] OK body=
14:11:38.840597 POST /session/3d32f3d4-e9e5-426a-8ea7-d15799ff5f0d/appium/gestures/click [71.550208ms] OK body={"offset":{"x":204,"y":780}}
14:11:38.977551 GET /session/3d32f3d4-e9e5-426a-8ea7-d15799ff5f0d/screenshot [136.66525ms] OK body=
14:11:39.428022 GET /session/3d32f3d4-e9e5-426a-8ea7-d15799ff5f0d/source [449.980917ms] OK body=
14:11:39.432542 DELETE /session/3d32f3d4-e9e5-426a-8ea7-d15799ff5f0d [1.768084ms] OK body=
