14:11:31.142186 [INFO] === Test execution started ===
14:11:31.142249 [INFO] Output directory: /Users/kyle/Developer/grantiva-cli/.worktrees/qa-android/findings/evidence/AND-065/report2
14:11:31.142255 [INFO] Platform: android
14:11:31.142258 [INFO] Driver: uiautomator2
14:11:31.142519 [INFO] Validated 1 flow(s)
14:11:31.142535 [INFO] Single device execution mode
14:11:31.142540 [INFO] Starting flow execution (parallel: false, devices: [])
14:11:31.142544 [INFO] Creating driver for single device execution
14:11:31.142549 [INFO] Connecting to Android device: emulator-5554
14:11:31.218845 [INFO] Device info: google sdk_gphone64_arm64, SDK 35, Serial emulator-5554, Emulator: true
14:11:31.239366 [INFO] Starting UIAutomator2 server on device emulator-5554
14:11:31.641403 [WARN] failed to remove default socket forward for /tmp/uia2-emulator-5554.sock: adb forward --remove localfilesystem:/tmp/uia2-emulator-5554.sock: exit status 1: adb: error: listener 'localfilesystem:/tmp/uia2-emulator-5554.sock' not found
14:11:31.655292 [WARN] failed to remove adb forward for tcp:6790: adb forward --remove tcp:6790: exit status 1: adb: error: listener 'tcp:6790' not found
14:11:32.714049 [INFO] Creating UIAutomator2 session with capabilities: Platform=Android, Device=sdk_gphone64_arm64
14:11:32.721457 [INFO] Session created successfully: 3d32f3d4-e9e5-426a-8ea7-d15799ff5f0d
14:11:32.771056 [INFO] Driver created: android on google sdk_gphone64_arm64
14:11:32.772561 [INFO] === Starting flow: 08-caching ===
14:11:32.772566 [INFO] Flow file: /var/folders/jv/76l6crmx6nl3hf150gzry_ym0000gn/T/grantiva-6030C452-97EE-499B-B868-F7641331D5B1/0/08-caching.yaml
14:11:32.772570 [INFO] Total steps: 7
14:11:32.777485 [DEBUG] Executing step 0: launchApp
14:11:34.599787 [DEBUG] Step 0 completed successfully (1822ms): launchApp
14:11:35.030277 [DEBUG] Executing step 1: tapOn: text="Deep Links"
14:11:35.154690 [DEBUG] Flutter: parallel search (text="Deep Links", id="")
14:11:35.243694 [DEBUG] Flutter fallback: failed to get trees: no Flutter VM service found
14:11:35.334471 [DEBUG] Flutter fallback: failed to get trees: no Flutter VM service found
14:11:35.414851 [DEBUG] Flutter fallback: failed to get trees: no Flutter VM service found
14:11:35.489437 [DEBUG] Flutter fallback: failed to get trees: no Flutter VM service found
14:11:35.564767 [DEBUG] Flutter fallback: failed to get trees: no Flutter VM service found
14:11:35.677090 [DEBUG] Flutter fallback: failed to get trees: no Flutter VM service found
14:11:35.787677 [DEBUG] Flutter fallback: failed to get trees: no Flutter VM service found
14:11:35.787718 [DEBUG] Step 1 completed successfully (757ms): tapOn: text="Deep Links"
14:11:36.398533 [DEBUG] Executing step 2: tapOn: text="Caching Demo"
14:11:36.826936 [DEBUG] Step 2 completed successfully (428ms): tapOn: text="Caching Demo"
14:11:37.474602 [DEBUG] Executing step 3: assertVisible: text="Cache Policy"
14:11:37.599475 [DEBUG] Step 3 completed successfully (124ms): assertVisible: text="Cache Policy"
14:11:37.750926 [DEBUG] Executing step 4: tapOn: text="Fetch with Policy"
14:11:38.007371 [DEBUG] Step 4 completed successfully (256ms): tapOn: text="Fetch with Policy"
14:11:38.169820 [DEBUG] Executing step 5: takeScreenshot
14:11:38.427616 [DEBUG] Step 5 completed successfully (257ms): takeScreenshot
14:11:38.583169 [DEBUG] Executing step 6: tapOn: text="Clear Cache"
14:11:38.840630 [DEBUG] Step 6 completed successfully (257ms): tapOn: text="Clear Cache"
14:11:39.429634 [INFO] === Flow completed: 08-caching (status: passed, duration: 6657ms, passed: 7, failed: 0, skipped: 0) ===
14:11:39.820948 [WARN] failed to remove default socket forward for /tmp/uia2-emulator-5554.sock: adb forward --remove localfilesystem:/tmp/uia2-emulator-5554.sock: exit status 1: adb: error: listener 'localfilesystem:/tmp/uia2-emulator-5554.sock' not found
14:11:39.833355 [WARN] failed to remove adb forward for tcp:6790: adb forward --remove tcp:6790: exit status 1: adb: error: listener 'tcp:6790' not found
14:11:39.833380 [INFO] Flow execution completed: 1 passed, 0 failed, 0 skipped
14:11:39.833650 [INFO] Generating reports...
14:11:39.834741 [INFO] Shutting down devices started by maestro-runner...
14:11:39.834751 [INFO] Shutting down all tracked emulators
14:11:39.834755 [INFO] Shutting down all tracked simulators
