14:01:46.934507 [INFO] === Test execution started ===
14:01:46.934577 [INFO] Output directory: /Users/kyle/Developer/grantiva-cli/.worktrees/qa-android/findings/evidence/AND-038/report
14:01:46.934582 [INFO] Platform: android
14:01:46.934586 [INFO] Driver: uiautomator2
14:01:46.934910 [INFO] Validated 1 flow(s)
14:01:46.934931 [INFO] Single device execution mode
14:01:46.934935 [INFO] Starting flow execution (parallel: false, devices: [])
14:01:46.934940 [INFO] Creating driver for single device execution
14:01:46.934945 [INFO] Connecting to Android device: emulator-5554
14:01:47.020858 [INFO] Device info: google sdk_gphone64_arm64, SDK 35, Serial emulator-5554, Emulator: true
14:01:47.044437 [INFO] Starting UIAutomator2 server on device emulator-5554
14:01:47.457465 [WARN] failed to remove default socket forward for /tmp/uia2-emulator-5554.sock: adb forward --remove localfilesystem:/tmp/uia2-emulator-5554.sock: exit status 1: adb: error: listener 'localfilesystem:/tmp/uia2-emulator-5554.sock' not found
14:01:47.470541 [WARN] failed to remove adb forward for tcp:6790: adb forward --remove tcp:6790: exit status 1: adb: error: listener 'tcp:6790' not found
14:01:48.539228 [INFO] Creating UIAutomator2 session with capabilities: Platform=Android, Device=sdk_gphone64_arm64
14:01:48.546920 [INFO] Session created successfully: cc80999b-dcbf-4f99-a0c4-70cb7631f41c
14:01:48.599875 [INFO] Driver created: android on google sdk_gphone64_arm64
14:01:48.601325 [INFO] === Starting flow: 10-seed-many ===
14:01:48.601330 [INFO] Flow file: /var/folders/jv/76l6crmx6nl3hf150gzry_ym0000gn/T/grantiva-64DFE1C2-3E9F-48C1-B3BC-18309669A47F/0/10-seed-many.yaml
14:01:48.601333 [INFO] Total steps: 7
14:01:48.606807 [DEBUG] Executing step 0: launchApp
14:01:50.327547 [DEBUG] Step 0 completed successfully (1720ms): launchApp
14:01:50.327939 [DEBUG] Executing step 1: scroll
14:01:50.693875 [DEBUG] Step 1 completed successfully (365ms): scroll
14:01:50.694256 [DEBUG] Executing step 2: scroll
14:01:51.055127 [DEBUG] Step 2 completed successfully (360ms): scroll
14:01:51.055506 [DEBUG] Executing step 3: scroll
14:01:51.428597 [DEBUG] Step 3 completed successfully (373ms): scroll
14:01:51.429022 [DEBUG] Executing step 4: scroll
14:01:51.825416 [DEBUG] Step 4 completed successfully (396ms): scroll
14:01:51.825731 [DEBUG] Executing step 5: assertVisible: text="Landmark 30"
14:01:51.826004 [DEBUG] Flutter: parallel search (text="Landmark 30", id="")
14:01:51.912991 [DEBUG] Flutter fallback: failed to get trees: no Flutter VM service found
14:01:51.968111 [DEBUG] Flutter fallback: failed to get trees: no Flutter VM service found
14:01:51.987806 [DEBUG] Flutter fallback: failed to get trees: no Flutter VM service found
14:01:52.007516 [DEBUG] Flutter fallback: failed to get trees: no Flutter VM service found
14:01:52.031903 [DEBUG] Flutter fallback: failed to get trees: no Flutter VM service found
14:01:52.050703 [DEBUG] Flutter fallback: failed to get trees: no Flutter VM service found
14:01:52.068710 [DEBUG] Flutter fallback: failed to get trees: no Flutter VM service found
14:01:52.087209 [DEBUG] Flutter fallback: failed to get trees: no Flutter VM service found
14:01:52.106094 [DEBUG] Flutter fallback: failed to get trees: no Flutter VM service found
14:01:52.125680 [DEBUG] Flutter fallback: failed to get trees: no Flutter VM service found
14:01:52.145713 [DEBUG] Flutter fallback: failed to get trees: no Flutter VM service found
14:01:52.165250 [DEBUG] Flutter fallback: failed to get trees: no Flutter VM service found
14:01:52.183884 [DEBUG] Flutter fallback: failed to get trees: no Flutter VM service found
14:01:52.202034 [DEBUG] Flutter fallback: failed to get trees: no Flutter VM service found
14:01:52.221059 [DEBUG] Flutter fallback: failed to get trees: no Flutter VM service found
14:01:52.240053 [DEBUG] Flutter fallback: failed to get trees: no Flutter VM service found
14:01:52.259462 [DEBUG] Flutter fallback: failed to get trees: no Flutter VM service found
14:01:52.279684 [DEBUG] Flutter fallback: failed to get trees: no Flutter VM service found
14:01:52.299895 [DEBUG] Flutter fallback: failed to get trees: no Flutter VM service found
14:01:52.320448 [DEBUG] Flutter fallback: failed to get trees: no Flutter VM service found
14:01:52.344722 [DEBUG] Flutter fallback: failed to get trees: no Flutter VM service found
14:01:52.369823 [DEBUG] Flutter fallback: failed to get trees: no Flutter VM service found
14:01:52.390327 [DEBUG] Flutter fallback: failed to get trees: no Flutter VM service found
14:01:52.408744 [DEBUG] Flutter fallback: failed to get trees: no Flutter VM service found
14:01:52.427207 [DEBUG] Flutter fallback: failed to get trees: no Flutter VM service found
14:01:52.447186 [DEBUG] Flutter fallback: failed to get trees: no Flutter VM service found
14:01:52.468630 [DEBUG] Flutter fallback: failed to get trees: no Flutter VM service found
14:01:52.488483 [DEBUG] Flutter fallback: failed to get trees: no Flutter VM service found
14:01:52.508986 [DEBUG] Flutter fallback: failed to get trees: no Flutter VM service found
14:01:52.528366 [DEBUG] Flutter fallback: failed to get trees: no Flutter VM service found
14:01:52.550481 [DEBUG] Flutter fallback: failed to get trees: no Flutter VM service found
14:01:52.570695 [DEBUG] Flutter fallback: failed to get trees: no Flutter VM service found
14:01:52.590399 [DEBUG] Flutter fallback: failed to get trees: no Flutter VM service found
14:01:52.611475 [DEBUG] Flutter fallback: failed to get trees: no Flutter VM service found
14:01:52.632171 [DEBUG] Flutter fallback: failed to get trees: no Flutter VM service found
14:01:52.664489 [DEBUG] Flutter fallback: failed to get trees: no Flutter VM service found
14:01:52.684520 [DEBUG] Flutter fallback: failed to get trees: no Flutter VM service found
14:01:52.704652 [DEBUG] Flutter fallback: failed to get trees: no Flutter VM service found
14:01:52.726631 [DEBUG] Flutter fallback: failed to get trees: no Flutter VM service found
14:01:52.747132 [DEBUG] Flutter fallback: failed to get trees: no Flutter VM service found
14:01:52.767911 [DEBUG] Flutter fallback: failed to get trees: no Flutter VM service found
14:01:52.787854 [DEBUG] Flutter fallback: failed to get trees: no Flutter VM service found
14:01:52.808005 [DEBUG] Flutter fallback: failed to get trees: no Flutter VM service found
14:01:52.829003 [DEBUG] Flutter fallback: failed to get trees: no Flutter VM service found
14:01:52.850807 [DEBUG] Flutter fallback: failed to get trees: no Flutter VM service found
14:01:52.871787 [DEBUG] Flutter fallback: failed to get trees: no Flutter VM service found
14:01:52.890416 [DEBUG] Flutter fallback: failed to get trees: no Flutter VM service found
14:01:52.909295 [DEBUG] Flutter fallback: failed to get trees: no Flutter VM service found
14:01:52.929060 [DEBUG] Flutter fallback: failed to get trees: no Flutter VM service found
14:01:52.949308 [DEBUG] Flutter fallback: failed to get trees: no Flutter VM service found
14:01:52.975094 [DEBUG] Flutter fallback: failed to get trees: no Flutter VM service found
14:01:52.996421 [DEBUG] Flutter fallback: failed to get trees: no Flutter VM service found
14:01:53.015355 [DEBUG] Flutter fallback: failed to get trees: no Flutter VM service found
14:01:53.034570 [DEBUG] Flutter fallback: failed to get trees: no Flutter VM service found
14:01:53.054875 [DEBUG] Flutter fallback: failed to get trees: no Flutter VM service found
14:01:53.075031 [DEBUG] Flutter fallback: failed to get trees: no Flutter VM service found
14:01:53.095872 [DEBUG] Flutter fallback: failed to get trees: no Flutter VM service found
14:01:53.116851 [DEBUG] Flutter fallback: failed to get trees: no Flutter VM service found
14:01:53.136490 [DEBUG] Flutter fallback: failed to get trees: no Flutter VM service found
14:01:53.166788 [DEBUG] Flutter fallback: failed to get trees: no Flutter VM service found
14:01:53.191275 [DEBUG] Flutter fallback: failed to get trees: no Flutter VM service found
14:01:53.213391 [DEBUG] Flutter fallback: failed to get trees: no Flutter VM service found
14:01:53.235159 [DEBUG] Flutter fallback: failed to get trees: no Flutter VM service found
14:01:53.254984 [DEBUG] Flutter fallback: failed to get trees: no Flutter VM service found
14:01:53.275507 [DEBUG] Flutter fallback: failed to get trees: no Flutter VM service found
14:01:53.295676 [DEBUG] Flutter fallback: failed to get trees: no Flutter VM service found
14:01:53.316297 [DEBUG] Flutter fallback: failed to get trees: no Flutter VM service found
14:01:53.336166 [DEBUG] Flutter fallback: failed to get trees: no Flutter VM service found
14:01:53.355944 [DEBUG] Flutter fallback: failed to get trees: no Flutter VM service found
14:01:53.375625 [DEBUG] Flutter fallback: failed to get trees: no Flutter VM service found
14:01:53.396978 [DEBUG] Flutter fallback: failed to get trees: no Flutter VM service found
14:01:53.417117 [DEBUG] Flutter fallback: failed to get trees: no Flutter VM service found
14:01:53.435459 [DEBUG] Flutter fallback: failed to get trees: no Flutter VM service found
14:01:53.454439 [DEBUG] Flutter fallback: failed to get trees: no Flutter VM service found
14:01:53.477241 [DEBUG] Flutter fallback: failed to get trees: no Flutter VM service found
14:01:53.497947 [DEBUG] Flutter fallback: failed to get trees: no Flutter VM service found
14:01:53.518167 [DEBUG] Flutter fallback: failed to get trees: no Flutter VM service found
14:01:53.538461 [DEBUG] Flutter fallback: failed to get trees: no Flutter VM service found
14:01:53.558494 [DEBUG] Flutter fallback: failed to get trees: no Flutter VM service found
14:01:53.579163 [DEBUG] Flutter fallback: failed to get trees: no Flutter VM service found
14:01:53.600597 [DEBUG] Flutter fallback: failed to get trees: no Flutter VM service found
14:01:53.621270 [DEBUG] Flutter fallback: failed to get trees: no Flutter VM service found
14:01:53.641229 [DEBUG] Flutter fallback: failed to get trees: no Flutter VM service found
14:01:53.660345 [DEBUG] Flutter fallback: failed to get trees: no Flutter VM service found
14:01:53.680401 [DEBUG] Flutter fallback: failed to get trees: no Flutter VM service found
14:01:53.701971 [DEBUG] Flutter fallback: failed to get trees: no Flutter VM service found
14:01:53.721636 [DEBUG] Flutter fallback: failed to get trees: no Flutter VM service found
14:01:53.741342 [DEBUG] Flutter fallback: failed to get trees: no Flutter VM service found
14:01:53.763887 [DEBUG] Flutter fallback: failed to get trees: no Flutter VM service found
14:01:53.788139 [DEBUG] Flutter fallback: failed to get trees: no Flutter VM service found
14:01:53.820561 [DEBUG] Flutter fallback: failed to get trees: no Flutter VM service found
14:01:53.846668 [DEBUG] Flutter fallback: failed to get trees: no Flutter VM service found
14:01:53.880199 [DEBUG] Flutter fallback: failed to get trees: no Flutter VM service found
14:01:53.907218 [DEBUG] Flutter fallback: failed to get trees: no Flutter VM service found
14:01:53.929083 [DEBUG] Flutter fallback: failed to get trees: no Flutter VM service found
14:01:53.949242 [DEBUG] Flutter fallback: failed to get trees: no Flutter VM service found
14:01:53.969494 [DEBUG] Flutter fallback: failed to get trees: no Flutter VM service found
14:01:53.989720 [DEBUG] Flutter fallback: failed to get trees: no Flutter VM service found
14:01:54.013082 [DEBUG] Flutter fallback: failed to get trees: no Flutter VM service found
14:01:54.036807 [DEBUG] Flutter fallback: failed to get trees: no Flutter VM service found
14:01:54.057062 [DEBUG] Flutter fallback: failed to get trees: no Flutter VM service found
14:01:54.078041 [DEBUG] Flutter fallback: failed to get trees: no Flutter VM service found
14:01:54.099758 [DEBUG] Flutter fallback: failed to get trees: no Flutter VM service found
14:01:54.127714 [DEBUG] Flutter fallback: failed to get trees: no Flutter VM service found
14:01:54.149545 [DEBUG] Flutter fallback: failed to get trees: no Flutter VM service found
14:01:54.171718 [DEBUG] Flutter fallback: failed to get trees: no Flutter VM service found
14:01:54.200158 [DEBUG] Flutter fallback: failed to get trees: no Flutter VM service found
14:01:54.228999 [DEBUG] Flutter fallback: failed to get trees: no Flutter VM service found
14:01:54.258067 [DEBUG] Flutter fallback: failed to get trees: no Flutter VM service found
14:01:54.279790 [DEBUG] Flutter fallback: failed to get trees: no Flutter VM service found
14:01:54.301506 [DEBUG] Flutter fallback: failed to get trees: no Flutter VM service found
14:01:54.322818 [DEBUG] Flutter fallback: failed to get trees: no Flutter VM service found
14:01:54.354760 [DEBUG] Flutter fallback: failed to get trees: no Flutter VM service found
14:01:54.384212 [DEBUG] Flutter fallback: failed to get trees: no Flutter VM service found
14:01:54.409927 [DEBUG] Flutter fallback: failed to get trees: no Flutter VM service found
14:01:54.436109 [DEBUG] Flutter fallback: failed to get trees: no Flutter VM service found
14:01:54.458631 [DEBUG] Flutter fallback: failed to get trees: no Flutter VM service found
14:01:54.480553 [DEBUG] Flutter fallback: failed to get trees: no Flutter VM service found
14:01:54.504274 [DEBUG] Flutter fallback: failed to get trees: no Flutter VM service found
14:01:54.524413 [DEBUG] Flutter fallback: failed to get trees: no Flutter VM service found
14:01:54.548635 [DEBUG] Flutter fallback: failed to get trees: no Flutter VM service found
14:01:54.573509 [DEBUG] Flutter fallback: failed to get trees: no Flutter VM service found
14:01:54.598424 [DEBUG] Flutter fallback: failed to get trees: no Flutter VM service found
14:01:54.619993 [DEBUG] Flutter fallback: failed to get trees: no Flutter VM service found
14:01:54.641065 [DEBUG] Flutter fallback: failed to get trees: no Flutter VM service found
14:01:54.663435 [DEBUG] Flutter fallback: failed to get trees: no Flutter VM service found
14:01:54.686340 [DEBUG] Flutter fallback: failed to get trees: no Flutter VM service found
14:01:54.709561 [DEBUG] Flutter fallback: failed to get trees: no Flutter VM service found
14:01:54.739688 [DEBUG] Flutter fallback: failed to get trees: no Flutter VM service found
14:01:54.763977 [DEBUG] Flutter fallback: failed to get trees: no Flutter VM service found
14:01:54.786846 [DEBUG] Flutter fallback: failed to get trees: no Flutter VM service found
14:01:54.810600 [DEBUG] Flutter fallback: failed to get trees: no Flutter VM service found
14:01:54.834422 [DEBUG] Flutter fallback: failed to get trees: no Flutter VM service found
14:01:54.857220 [DEBUG] Flutter fallback: failed to get trees: no Flutter VM service found
14:01:54.879646 [DEBUG] Flutter fallback: failed to get trees: no Flutter VM service found
14:01:54.905452 [DEBUG] Flutter fallback: failed to get trees: no Flutter VM service found
14:01:54.928238 [DEBUG] Flutter fallback: failed to get trees: no Flutter VM service found
14:01:54.953541 [DEBUG] Flutter fallback: failed to get trees: no Flutter VM service found
14:01:54.975146 [DEBUG] Flutter fallback: failed to get trees: no Flutter VM service found
14:01:55.002006 [DEBUG] Flutter fallback: failed to get trees: no Flutter VM service found
14:01:55.039443 [DEBUG] Flutter fallback: failed to get trees: no Flutter VM service found
14:01:55.061076 [DEBUG] Flutter fallback: failed to get trees: no Flutter VM service found
14:01:55.082872 [DEBUG] Flutter fallback: failed to get trees: no Flutter VM service found
14:01:55.105585 [DEBUG] Flutter fallback: failed to get trees: no Flutter VM service found
14:01:55.129471 [DEBUG] Flutter fallback: failed to get trees: no Flutter VM service found
14:01:55.152514 [DEBUG] Flutter fallback: failed to get trees: no Flutter VM service found
14:01:55.175008 [DEBUG] Flutter fallback: failed to get trees: no Flutter VM service found
14:01:55.205448 [DEBUG] Flutter fallback: failed to get trees: no Flutter VM service found
14:01:55.228512 [DEBUG] Flutter fallback: failed to get trees: no Flutter VM service found
14:01:55.257035 [DEBUG] Flutter fallback: failed to get trees: no Flutter VM service found
14:01:55.288206 [DEBUG] Flutter fallback: failed to get trees: no Flutter VM service found
14:01:55.314295 [DEBUG] Flutter fallback: failed to get trees: no Flutter VM service found
14:01:55.346355 [DEBUG] Flutter fallback: failed to get trees: no Flutter VM service found
14:01:55.403909 [DEBUG] Flutter fallback: failed to get trees: no Flutter VM service found
14:01:55.436341 [DEBUG] Flutter fallback: failed to get trees: no Flutter VM service found
14:01:55.463832 [DEBUG] Flutter fallback: failed to get trees: no Flutter VM service found
14:01:55.487419 [DEBUG] Flutter fallback: failed to get trees: no Flutter VM service found
14:01:55.511956 [DEBUG] Flutter fallback: failed to get trees: no Flutter VM service found
14:01:55.537237 [DEBUG] Flutter fallback: failed to get trees: no Flutter VM service found
14:01:55.562091 [DEBUG] Flutter fallback: failed to get trees: no Flutter VM service found
14:01:55.585279 [DEBUG] Flutter fallback: failed to get trees: no Flutter VM service found
14:01:55.609115 [DEBUG] Flutter fallback: failed to get trees: no Flutter VM service found
14:01:55.631881 [DEBUG] Flutter fallback: failed to get trees: no Flutter VM service found
14:01:55.655738 [DEBUG] Flutter fallback: failed to get trees: no Flutter VM service found
14:01:55.679909 [DEBUG] Flutter fallback: failed to get trees: no Flutter VM service found
14:01:55.703415 [DEBUG] Flutter fallback: failed to get trees: no Flutter VM service found
14:01:55.727395 [DEBUG] Flutter fallback: failed to get trees: no Flutter VM service found
14:01:55.749382 [DEBUG] Flutter fallback: failed to get trees: no Flutter VM service found
14:01:55.771948 [DEBUG] Flutter fallback: failed to get trees: no Flutter VM service found
14:01:55.793119 [DEBUG] Flutter fallback: failed to get trees: no Flutter VM service found
14:01:55.815785 [DEBUG] Flutter fallback: failed to get trees: no Flutter VM service found
14:01:55.837743 [DEBUG] Flutter fallback: failed to get trees: no Flutter VM service found
14:01:55.859920 [DEBUG] Flutter fallback: failed to get trees: no Flutter VM service found
14:01:55.881971 [DEBUG] Flutter fallback: failed to get trees: no Flutter VM service found
14:01:55.907823 [DEBUG] Flutter fallback: failed to get trees: no Flutter VM service found
14:01:55.932701 [DEBUG] Flutter fallback: failed to get trees: no Flutter VM service found
14:01:55.956025 [DEBUG] Flutter fallback: failed to get trees: no Flutter VM service found
14:01:55.978004 [DEBUG] Flutter fallback: failed to get trees: no Flutter VM service found
14:01:56.000498 [DEBUG] Flutter fallback: failed to get trees: no Flutter VM service found
14:01:56.021841 [DEBUG] Flutter fallback: failed to get trees: no Flutter VM service found
14:01:56.044878 [DEBUG] Flutter fallback: failed to get trees: no Flutter VM service found
14:01:56.067969 [DEBUG] Flutter fallback: failed to get trees: no Flutter VM service found
14:01:56.089225 [DEBUG] Flutter fallback: failed to get trees: no Flutter VM service found
14:01:56.111546 [DEBUG] Flutter fallback: failed to get trees: no Flutter VM service found
14:01:56.132951 [DEBUG] Flutter fallback: failed to get trees: no Flutter VM service found
14:01:56.157558 [DEBUG] Flutter fallback: failed to get trees: no Flutter VM service found
14:01:56.179448 [DEBUG] Flutter fallback: failed to get trees: no Flutter VM service found
14:01:56.201745 [DEBUG] Flutter fallback: failed to get trees: no Flutter VM service found
14:01:56.224203 [DEBUG] Flutter fallback: failed to get trees: no Flutter VM service found
14:01:56.247290 [DEBUG] Flutter fallback: failed to get trees: no Flutter VM service found
14:01:56.281851 [DEBUG] Flutter fallback: failed to get trees: no Flutter VM service found
14:01:56.304331 [DEBUG] Flutter fallback: failed to get trees: no Flutter VM service found
14:01:56.327298 [DEBUG] Flutter fallback: failed to get trees: no Flutter VM service found
14:01:56.350372 [DEBUG] Flutter fallback: failed to get trees: no Flutter VM service found
14:01:56.371924 [DEBUG] Flutter fallback: failed to get trees: no Flutter VM service found
14:01:56.393092 [DEBUG] Flutter fallback: failed to get trees: no Flutter VM service found
14:01:56.417878 [DEBUG] Flutter fallback: failed to get trees: no Flutter VM service found
14:01:56.480105 [DEBUG] Flutter fallback: failed to get trees: no Flutter VM service found
14:01:56.576910 [DEBUG] Flutter fallback: failed to get trees: no Flutter VM service found
14:01:56.636195 [DEBUG] Flutter fallback: failed to get trees: no Flutter VM service found
14:01:56.730795 [DEBUG] Flutter fallback: failed to get trees: no Flutter VM service found
14:01:56.781743 [DEBUG] Flutter fallback: failed to get trees: no Flutter VM service found
14:01:56.816986 [DEBUG] Flutter fallback: failed to get trees: no Flutter VM service found
14:01:56.850867 [DEBUG] Flutter fallback: failed to get trees: no Flutter VM service found
14:01:56.881550 [DEBUG] Flutter fallback: failed to get trees: no Flutter VM service found
14:01:56.921765 [DEBUG] Flutter fallback: failed to get trees: no Flutter VM service found
14:01:56.953964 [DEBUG] Flutter fallback: failed to get trees: no Flutter VM service found
14:01:56.986840 [DEBUG] Flutter fallback: failed to get trees: no Flutter VM service found
14:01:57.023727 [DEBUG] Flutter fallback: failed to get trees: no Flutter VM service found
14:01:57.054690 [DEBUG] Flutter fallback: failed to get trees: no Flutter VM service found
14:01:57.091722 [DEBUG] Flutter fallback: failed to get trees: no Flutter VM service found
14:01:57.137418 [DEBUG] Flutter fallback: failed to get trees: no Flutter VM service found
14:01:57.163367 [DEBUG] Flutter fallback: failed to get trees: no Flutter VM service found
14:01:57.188592 [DEBUG] Flutter fallback: failed to get trees: no Flutter VM service found
14:01:57.211789 [DEBUG] Flutter fallback: failed to get trees: no Flutter VM service found
14:01:57.234415 [DEBUG] Flutter fallback: failed to get trees: no Flutter VM service found
14:01:57.261335 [DEBUG] Flutter fallback: failed to get trees: no Flutter VM service found
14:01:57.289435 [DEBUG] Flutter fallback: failed to get trees: no Flutter VM service found
14:01:57.312422 [DEBUG] Flutter fallback: failed to get trees: no Flutter VM service found
14:01:57.336862 [DEBUG] Flutter fallback: failed to get trees: no Flutter VM service found
14:01:57.364596 [DEBUG] Flutter fallback: failed to get trees: no Flutter VM service found
14:01:57.387634 [DEBUG] Flutter fallback: failed to get trees: no Flutter VM service found
14:01:57.408070 [DEBUG] Flutter fallback: failed to get trees: no Flutter VM service found
14:01:57.429470 [DEBUG] Flutter fallback: failed to get trees: no Flutter VM service found
14:01:57.452256 [DEBUG] Flutter fallback: failed to get trees: no Flutter VM service found
14:01:57.477822 [DEBUG] Flutter fallback: failed to get trees: no Flutter VM service found
14:01:57.501948 [DEBUG] Flutter fallback: failed to get trees: no Flutter VM service found
14:01:57.525004 [DEBUG] Flutter fallback: failed to get trees: no Flutter VM service found
14:01:57.548646 [DEBUG] Flutter fallback: failed to get trees: no Flutter VM service found
14:01:57.578634 [DEBUG] Flutter fallback: failed to get trees: no Flutter VM service found
14:01:57.603753 [DEBUG] Flutter fallback: failed to get trees: no Flutter VM service found
14:01:57.627016 [DEBUG] Flutter fallback: failed to get trees: no Flutter VM service found
14:01:57.648465 [DEBUG] Flutter fallback: failed to get trees: no Flutter VM service found
14:01:57.676417 [DEBUG] Flutter fallback: failed to get trees: no Flutter VM service found
14:01:57.714346 [DEBUG] Flutter fallback: failed to get trees: no Flutter VM service found
14:01:57.741261 [DEBUG] Flutter fallback: failed to get trees: no Flutter VM service found
14:01:57.766418 [DEBUG] Flutter fallback: failed to get trees: no Flutter VM service found
14:01:57.790376 [DEBUG] Flutter fallback: failed to get trees: no Flutter VM service found
14:01:57.824767 [DEBUG] Flutter fallback: failed to get trees: no Flutter VM service found
14:01:57.852425 [DEBUG] Flutter fallback: failed to get trees: no Flutter VM service found
14:01:57.896023 [DEBUG] Flutter fallback: failed to get trees: no Flutter VM service found
14:01:57.939051 [DEBUG] Flutter fallback: failed to get trees: no Flutter VM service found
14:01:57.970161 [DEBUG] Flutter fallback: failed to get trees: no Flutter VM service found
14:01:57.997362 [DEBUG] Flutter fallback: failed to get trees: no Flutter VM service found
14:01:58.029229 [DEBUG] Flutter fallback: failed to get trees: no Flutter VM service found
14:01:58.053015 [DEBUG] Flutter fallback: failed to get trees: no Flutter VM service found
14:01:58.086544 [DEBUG] Flutter fallback: failed to get trees: no Flutter VM service found
14:01:58.114908 [DEBUG] Flutter fallback: failed to get trees: no Flutter VM service found
14:01:58.147033 [DEBUG] Flutter fallback: failed to get trees: no Flutter VM service found
14:01:58.176992 [DEBUG] Flutter fallback: failed to get trees: no Flutter VM service found
14:01:58.209841 [DEBUG] Flutter fallback: failed to get trees: no Flutter VM service found
14:01:58.243104 [DEBUG] Flutter fallback: failed to get trees: no Flutter VM service found
14:01:58.274775 [DEBUG] Flutter fallback: failed to get trees: no Flutter VM service found
14:01:58.306139 [DEBUG] Flutter fallback: failed to get trees: no Flutter VM service found
14:01:58.353805 [DEBUG] Flutter fallback: failed to get trees: no Flutter VM service found
14:01:58.378380 [DEBUG] Flutter fallback: failed to get trees: no Flutter VM service found
14:01:58.405258 [DEBUG] Flutter fallback: failed to get trees: no Flutter VM service found
14:01:58.434175 [DEBUG] Flutter fallback: failed to get trees: no Flutter VM service found
14:01:58.464418 [DEBUG] Flutter fallback: failed to get trees: no Flutter VM service found
14:01:58.494544 [DEBUG] Flutter fallback: failed to get trees: no Flutter VM service found
14:01:58.519336 [DEBUG] Flutter fallback: failed to get trees: no Flutter VM service found
14:01:58.547561 [DEBUG] Flutter fallback: failed to get trees: no Flutter VM service found
14:01:58.571929 [DEBUG] Flutter fallback: failed to get trees: no Flutter VM service found
14:01:58.595510 [DEBUG] Flutter fallback: failed to get trees: no Flutter VM service found
14:01:58.620055 [DEBUG] Flutter fallback: failed to get trees: no Flutter VM service found
14:01:58.644457 [DEBUG] Flutter fallback: failed to get trees: no Flutter VM service found
14:01:58.666023 [DEBUG] Flutter fallback: failed to get trees: no Flutter VM service found
14:01:58.687696 [DEBUG] Flutter fallback: failed to get trees: no Flutter VM service found
14:01:58.716810 [DEBUG] Flutter fallback: failed to get trees: no Flutter VM service found
14:01:58.745832 [DEBUG] Flutter fallback: failed to get trees: no Flutter VM service found
14:01:58.775060 [DEBUG] Flutter fallback: failed to get trees: no Flutter VM service found
14:01:58.806178 [DEBUG] Flutter fallback: failed to get trees: no Flutter VM service found
14:01:58.836697 [DEBUG] Flutter fallback: failed to get trees: no Flutter VM service found
14:01:58.870696 [DEBUG] Flutter fallback: failed to get trees: no Flutter VM service found
14:01:58.896282 [DEBUG] Flutter fallback: failed to get trees: no Flutter VM service found
14:01:58.921969 [DEBUG] Flutter fallback: failed to get trees: no Flutter VM service found
14:01:58.947597 [DEBUG] Flutter fallback: failed to get trees: no Flutter VM service found
14:01:58.971573 [DEBUG] Flutter fallback: failed to get trees: no Flutter VM service found
14:01:58.994562 [DEBUG] Flutter fallback: failed to get trees: no Flutter VM service found
14:01:59.019039 [DEBUG] Flutter fallback: failed to get trees: no Flutter VM service found
14:01:59.044757 [DEBUG] Flutter fallback: failed to get trees: no Flutter VM service found
14:01:59.068720 [DEBUG] Flutter fallback: failed to get trees: no Flutter VM service found
14:01:59.093190 [DEBUG] Flutter fallback: failed to get trees: no Flutter VM service found
14:01:59.115965 [DEBUG] Flutter fallback: failed to get trees: no Flutter VM service found
14:01:59.141573 [DEBUG] Flutter fallback: failed to get trees: no Flutter VM service found
14:01:59.166265 [DEBUG] Flutter fallback: failed to get trees: no Flutter VM service found
14:01:59.190025 [DEBUG] Flutter fallback: failed to get trees: no Flutter VM service found
14:01:59.213138 [DEBUG] Flutter fallback: failed to get trees: no Flutter VM service found
14:01:59.234997 [DEBUG] Flutter fallback: failed to get trees: no Flutter VM service found
14:01:59.259684 [DEBUG] Flutter fallback: failed to get trees: no Flutter VM service found
14:01:59.283809 [DEBUG] Flutter fallback: failed to get trees: no Flutter VM service found
14:01:59.315903 [DEBUG] Flutter fallback: failed to get trees: no Flutter VM service found
14:01:59.390266 [DEBUG] Flutter fallback: failed to get trees: no Flutter VM service found
14:01:59.477250 [DEBUG] Flutter fallback: failed to get trees: no Flutter VM service found
14:01:59.544508 [DEBUG] Flutter fallback: failed to get trees: no Flutter VM service found
14:01:59.568623 [DEBUG] Flutter fallback: failed to get trees: no Flutter VM service found
14:01:59.592037 [DEBUG] Flutter fallback: failed to get trees: no Flutter VM service found
14:01:59.619220 [DEBUG] Flutter fallback: failed to get trees: no Flutter VM service found
14:01:59.642393 [DEBUG] Flutter fallback: failed to get trees: no Flutter VM service found
14:01:59.669761 [DEBUG] Flutter fallback: failed to get trees: no Flutter VM service found
14:01:59.694312 [DEBUG] Flutter fallback: failed to get trees: no Flutter VM service found
14:01:59.718193 [DEBUG] Flutter fallback: failed to get trees: no Flutter VM service found
14:01:59.742037 [DEBUG] Flutter fallback: failed to get trees: no Flutter VM service found
14:01:59.765894 [DEBUG] Flutter fallback: failed to get trees: no Flutter VM service found
14:01:59.788553 [DEBUG] Flutter fallback: failed to get trees: no Flutter VM service found
14:01:59.811838 [DEBUG] Flutter fallback: failed to get trees: no Flutter VM service found
14:01:59.833789 [DEBUG] Flutter fallback: failed to get trees: no Flutter VM service found
14:01:59.857055 [DEBUG] Flutter fallback: failed to get trees: no Flutter VM service found
14:01:59.878717 [DEBUG] Flutter fallback: failed to get trees: no Flutter VM service found
14:01:59.900896 [DEBUG] Flutter fallback: failed to get trees: no Flutter VM service found
14:01:59.924465 [DEBUG] Flutter fallback: failed to get trees: no Flutter VM service found
14:01:59.946728 [DEBUG] Flutter fallback: failed to get trees: no Flutter VM service found
14:01:59.969821 [DEBUG] Flutter fallback: failed to get trees: no Flutter VM service found
14:02:00.007383 [DEBUG] Flutter fallback: failed to get trees: no Flutter VM service found
14:02:00.040327 [DEBUG] Flutter fallback: failed to get trees: no Flutter VM service found
14:02:00.067499 [DEBUG] Flutter fallback: failed to get trees: no Flutter VM service found
14:02:00.090032 [DEBUG] Flutter fallback: failed to get trees: no Flutter VM service found
14:02:00.112091 [DEBUG] Flutter fallback: failed to get trees: no Flutter VM service found
14:02:00.134498 [DEBUG] Flutter fallback: failed to get trees: no Flutter VM service found
14:02:00.157546 [DEBUG] Flutter fallback: failed to get trees: no Flutter VM service found
14:02:00.182303 [DEBUG] Flutter fallback: failed to get trees: no Flutter VM service found
14:02:00.206364 [DEBUG] Flutter fallback: failed to get trees: no Flutter VM service found
14:02:00.231434 [DEBUG] Flutter fallback: failed to get trees: no Flutter VM service found
14:02:00.255862 [DEBUG] Flutter fallback: failed to get trees: no Flutter VM service found
14:02:00.281261 [DEBUG] Flutter fallback: failed to get trees: no Flutter VM service found
14:02:00.306834 [DEBUG] Flutter fallback: failed to get trees: no Flutter VM service found
14:02:00.331174 [DEBUG] Flutter fallback: failed to get trees: no Flutter VM service found
14:02:00.355646 [DEBUG] Flutter fallback: failed to get trees: no Flutter VM service found
14:02:00.379870 [DEBUG] Flutter fallback: failed to get trees: no Flutter VM service found
14:02:00.402525 [DEBUG] Flutter fallback: failed to get trees: no Flutter VM service found
14:02:00.425047 [DEBUG] Flutter fallback: failed to get trees: no Flutter VM service found
14:02:00.453790 [DEBUG] Flutter fallback: failed to get trees: no Flutter VM service found
14:02:00.497388 [DEBUG] Flutter fallback: failed to get trees: no Flutter VM service found
14:02:00.555860 [DEBUG] Flutter fallback: failed to get trees: no Flutter VM service found
14:02:00.589573 [DEBUG] Flutter fallback: failed to get trees: no Flutter VM service found
14:02:00.615334 [DEBUG] Flutter fallback: failed to get trees: no Flutter VM service found
14:02:00.640951 [DEBUG] Flutter fallback: failed to get trees: no Flutter VM service found
14:02:00.665139 [DEBUG] Flutter fallback: failed to get trees: no Flutter VM service found
14:02:00.688160 [DEBUG] Flutter fallback: failed to get trees: no Flutter VM service found
14:02:00.713690 [DEBUG] Flutter fallback: failed to get trees: no Flutter VM service found
14:02:00.737346 [DEBUG] Flutter fallback: failed to get trees: no Flutter VM service found
14:02:00.760072 [DEBUG] Flutter fallback: failed to get trees: no Flutter VM service found
14:02:00.784550 [DEBUG] Flutter fallback: failed to get trees: no Flutter VM service found
14:02:00.807294 [DEBUG] Flutter fallback: failed to get trees: no Flutter VM service found
14:02:00.831004 [DEBUG] Flutter fallback: failed to get trees: no Flutter VM service found
14:02:00.854673 [DEBUG] Flutter fallback: failed to get trees: no Flutter VM service found
14:02:00.876525 [DEBUG] Flutter fallback: failed to get trees: no Flutter VM service found
14:02:00.898386 [DEBUG] Flutter fallback: failed to get trees: no Flutter VM service found
14:02:00.921196 [DEBUG] Flutter fallback: failed to get trees: no Flutter VM service found
14:02:00.947680 [DEBUG] Flutter fallback: failed to get trees: no Flutter VM service found
14:02:00.989123 [DEBUG] Flutter fallback: failed to get trees: no Flutter VM service found
14:02:01.033374 [DEBUG] Flutter fallback: failed to get trees: no Flutter VM service found
14:02:01.065078 [DEBUG] Flutter fallback: failed to get trees: no Flutter VM service found
14:02:01.094410 [DEBUG] Flutter fallback: failed to get trees: no Flutter VM service found
14:02:01.119809 [DEBUG] Flutter fallback: failed to get trees: no Flutter VM service found
14:02:01.143910 [DEBUG] Flutter fallback: failed to get trees: no Flutter VM service found
14:02:01.167858 [DEBUG] Flutter fallback: failed to get trees: no Flutter VM service found
14:02:01.193706 [DEBUG] Flutter fallback: failed to get trees: no Flutter VM service found
14:02:01.218007 [DEBUG] Flutter fallback: failed to get trees: no Flutter VM service found
14:02:01.243118 [DEBUG] Flutter fallback: failed to get trees: no Flutter VM service found
14:02:01.268583 [DEBUG] Flutter fallback: failed to get trees: no Flutter VM service found
14:02:01.293025 [DEBUG] Flutter fallback: failed to get trees: no Flutter VM service found
14:02:01.317101 [DEBUG] Flutter fallback: failed to get trees: no Flutter VM service found
14:02:01.343840 [DEBUG] Flutter fallback: failed to get trees: no Flutter VM service found
14:02:01.369164 [DEBUG] Flutter fallback: failed to get trees: no Flutter VM service found
14:02:01.391188 [DEBUG] Flutter fallback: failed to get trees: no Flutter VM service found
14:02:01.413000 [DEBUG] Flutter fallback: failed to get trees: no Flutter VM service found
14:02:01.434943 [DEBUG] Flutter fallback: failed to get trees: no Flutter VM service found
14:02:01.456274 [DEBUG] Flutter fallback: failed to get trees: no Flutter VM service found
14:02:01.502739 [DEBUG] Flutter fallback: failed to get trees: no Flutter VM service found
14:02:01.537065 [DEBUG] Flutter fallback: failed to get trees: no Flutter VM service found
14:02:01.562235 [DEBUG] Flutter fallback: failed to get trees: no Flutter VM service found
14:02:01.588754 [DEBUG] Flutter fallback: failed to get trees: no Flutter VM service found
14:02:01.610873 [DEBUG] Flutter fallback: failed to get trees: no Flutter VM service found
14:02:01.635650 [DEBUG] Flutter fallback: failed to get trees: no Flutter VM service found
14:02:01.657974 [DEBUG] Flutter fallback: failed to get trees: no Flutter VM service found
14:02:01.682157 [DEBUG] Flutter fallback: failed to get trees: no Flutter VM service found
14:02:01.703841 [DEBUG] Flutter fallback: failed to get trees: no Flutter VM service found
14:02:01.727465 [DEBUG] Flutter fallback: failed to get trees: no Flutter VM service found
14:02:01.752280 [DEBUG] Flutter fallback: failed to get trees: no Flutter VM service found
14:02:01.773683 [DEBUG] Flutter fallback: failed to get trees: no Flutter VM service found
14:02:01.796404 [DEBUG] Flutter fallback: failed to get trees: no Flutter VM service found
14:02:01.817708 [DEBUG] Flutter fallback: failed to get trees: no Flutter VM service found
14:02:01.839591 [DEBUG] Flutter fallback: failed to get trees: no Flutter VM service found
14:02:01.860843 [DEBUG] Flutter fallback: failed to get trees: no Flutter VM service found
14:02:01.881322 [DEBUG] Flutter fallback: failed to get trees: no Flutter VM service found
14:02:01.902542 [DEBUG] Flutter fallback: failed to get trees: no Flutter VM service found
14:02:01.924142 [DEBUG] Flutter fallback: failed to get trees: no Flutter VM service found
14:02:01.946839 [DEBUG] Flutter fallback: failed to get trees: no Flutter VM service found
14:02:01.968806 [DEBUG] Flutter fallback: failed to get trees: no Flutter VM service found
14:02:01.990979 [DEBUG] Flutter fallback: failed to get trees: no Flutter VM service found
14:02:02.013408 [DEBUG] Flutter fallback: failed to get trees: no Flutter VM service found
14:02:02.035624 [DEBUG] Flutter fallback: failed to get trees: no Flutter VM service found
14:02:02.058506 [DEBUG] Flutter fallback: failed to get trees: no Flutter VM service found
14:02:02.080875 [DEBUG] Flutter fallback: failed to get trees: no Flutter VM service found
14:02:02.106489 [DEBUG] Flutter fallback: failed to get trees: no Flutter VM service found
14:02:02.130999 [DEBUG] Flutter fallback: failed to get trees: no Flutter VM service found
14:02:02.153684 [DEBUG] Flutter fallback: failed to get trees: no Flutter VM service found
14:02:02.175744 [DEBUG] Flutter fallback: failed to get trees: no Flutter VM service found
14:02:02.196383 [DEBUG] Flutter fallback: failed to get trees: no Flutter VM service found
14:02:02.218155 [DEBUG] Flutter fallback: failed to get trees: no Flutter VM service found
14:02:02.240716 [DEBUG] Flutter fallback: failed to get trees: no Flutter VM service found
14:02:02.264895 [DEBUG] Flutter fallback: failed to get trees: no Flutter VM service found
14:02:02.285849 [DEBUG] Flutter fallback: failed to get trees: no Flutter VM service found
14:02:02.308209 [DEBUG] Flutter fallback: failed to get trees: no Flutter VM service found
14:02:02.334263 [DEBUG] Flutter fallback: failed to get trees: no Flutter VM service found
14:02:02.358894 [DEBUG] Flutter fallback: failed to get trees: no Flutter VM service found
14:02:02.382748 [DEBUG] Flutter fallback: failed to get trees: no Flutter VM service found
14:02:02.405190 [DEBUG] Flutter fallback: failed to get trees: no Flutter VM service found
14:02:02.428728 [DEBUG] Flutter fallback: failed to get trees: no Flutter VM service found
14:02:02.451091 [DEBUG] Flutter fallback: failed to get trees: no Flutter VM service found
14:02:02.473442 [DEBUG] Flutter fallback: failed to get trees: no Flutter VM service found
14:02:02.497079 [DEBUG] Flutter fallback: failed to get trees: no Flutter VM service found
14:02:02.520261 [DEBUG] Flutter fallback: failed to get trees: no Flutter VM service found
14:02:02.543947 [DEBUG] Flutter fallback: failed to get trees: no Flutter VM service found
14:02:02.566211 [DEBUG] Flutter fallback: failed to get trees: no Flutter VM service found
14:02:02.591150 [DEBUG] Flutter fallback: failed to get trees: no Flutter VM service found
14:02:02.613750 [DEBUG] Flutter fallback: failed to get trees: no Flutter VM service found
14:02:02.637735 [DEBUG] Flutter fallback: failed to get trees: no Flutter VM service found
14:02:02.660074 [DEBUG] Flutter fallback: failed to get trees: no Flutter VM service found
14:02:02.682379 [DEBUG] Flutter fallback: failed to get trees: no Flutter VM service found
14:02:02.705806 [DEBUG] Flutter fallback: failed to get trees: no Flutter VM service found
14:02:02.727534 [DEBUG] Flutter fallback: failed to get trees: no Flutter VM service found
14:02:02.750465 [DEBUG] Flutter fallback: failed to get trees: no Flutter VM service found
14:02:02.773404 [DEBUG] Flutter fallback: failed to get trees: no Flutter VM service found
14:02:02.796112 [DEBUG] Flutter fallback: failed to get trees: no Flutter VM service found
14:02:02.820076 [DEBUG] Flutter fallback: failed to get trees: no Flutter VM service found
14:02:02.844853 [DEBUG] Flutter fallback: failed to get trees: no Flutter VM service found
14:02:02.867522 [DEBUG] Flutter fallback: failed to get trees: no Flutter VM service found
14:02:02.889818 [DEBUG] Flutter fallback: failed to get trees: no Flutter VM service found
14:02:02.912600 [DEBUG] Flutter fallback: failed to get trees: no Flutter VM service found
14:02:02.934373 [DEBUG] Flutter fallback: failed to get trees: no Flutter VM service found
14:02:02.958018 [DEBUG] Flutter fallback: failed to get trees: no Flutter VM service found
14:02:02.980275 [DEBUG] Flutter fallback: failed to get trees: no Flutter VM service found
14:02:03.002980 [DEBUG] Flutter fallback: failed to get trees: no Flutter VM service found
14:02:03.059470 [DEBUG] Flutter fallback: failed to get trees: no Flutter VM service found
14:02:03.085309 [DEBUG] Flutter fallback: failed to get trees: no Flutter VM service found
14:02:03.139842 [DEBUG] Flutter fallback: failed to get trees: no Flutter VM service found
14:02:03.167554 [DEBUG] Flutter fallback: failed to get trees: no Flutter VM service found
14:02:03.201487 [DEBUG] Flutter fallback: failed to get trees: no Flutter VM service found
14:02:03.229398 [DEBUG] Flutter fallback: failed to get trees: no Flutter VM service found
14:02:03.268716 [DEBUG] Flutter fallback: failed to get trees: no Flutter VM service found
14:02:03.297500 [DEBUG] Flutter fallback: failed to get trees: no Flutter VM service found
14:02:03.324191 [DEBUG] Flutter fallback: failed to get trees: no Flutter VM service found
14:02:03.352197 [DEBUG] Flutter fallback: failed to get trees: no Flutter VM service found
14:02:03.377570 [DEBUG] Flutter fallback: failed to get trees: no Flutter VM service found
14:02:03.405770 [DEBUG] Flutter fallback: failed to get trees: no Flutter VM service found
14:02:03.429255 [DEBUG] Flutter fallback: failed to get trees: no Flutter VM service found
14:02:03.452462 [DEBUG] Flutter fallback: failed to get trees: no Flutter VM service found
14:02:03.476233 [DEBUG] Flutter fallback: failed to get trees: no Flutter VM service found
14:02:03.501461 [DEBUG] Flutter fallback: failed to get trees: no Flutter VM service found
14:02:03.525014 [DEBUG] Flutter fallback: failed to get trees: no Flutter VM service found
14:02:03.553481 [DEBUG] Flutter fallback: failed to get trees: no Flutter VM service found
14:02:03.578580 [DEBUG] Flutter fallback: failed to get trees: no Flutter VM service found
14:02:03.605774 [DEBUG] Flutter fallback: failed to get trees: no Flutter VM service found
14:02:03.633034 [DEBUG] Flutter fallback: failed to get trees: no Flutter VM service found
14:02:03.670606 [DEBUG] Flutter fallback: failed to get trees: no Flutter VM service found
14:02:03.699892 [DEBUG] Flutter fallback: failed to get trees: no Flutter VM service found
14:02:03.725197 [DEBUG] Flutter fallback: failed to get trees: no Flutter VM service found
14:02:03.753077 [DEBUG] Flutter fallback: failed to get trees: no Flutter VM service found
14:02:03.779680 [DEBUG] Flutter fallback: failed to get trees: no Flutter VM service found
14:02:03.806215 [DEBUG] Flutter fallback: failed to get trees: no Flutter VM service found
14:02:03.830336 [DEBUG] Flutter fallback: failed to get trees: no Flutter VM service found
14:02:03.852475 [DEBUG] Flutter fallback: failed to get trees: no Flutter VM service found
14:02:03.875594 [DEBUG] Flutter fallback: failed to get trees: no Flutter VM service found
14:02:03.897786 [DEBUG] Flutter fallback: failed to get trees: no Flutter VM service found
14:02:03.919307 [DEBUG] Flutter fallback: failed to get trees: no Flutter VM service found
14:02:03.942072 [DEBUG] Flutter fallback: failed to get trees: no Flutter VM service found
14:02:03.964988 [DEBUG] Flutter fallback: failed to get trees: no Flutter VM service found
14:02:03.985654 [DEBUG] Flutter fallback: failed to get trees: no Flutter VM service found
14:02:04.007657 [DEBUG] Flutter fallback: failed to get trees: no Flutter VM service found
14:02:04.032857 [DEBUG] Flutter fallback: failed to get trees: no Flutter VM service found
14:02:04.055618 [DEBUG] Flutter fallback: failed to get trees: no Flutter VM service found
14:02:04.082506 [DEBUG] Flutter fallback: failed to get trees: no Flutter VM service found
14:02:04.108172 [DEBUG] Flutter fallback: failed to get trees: no Flutter VM service found
14:02:04.151701 [DEBUG] Flutter fallback: failed to get trees: no Flutter VM service found
14:02:04.183862 [DEBUG] Flutter fallback: failed to get trees: no Flutter VM service found
14:02:04.216166 [DEBUG] Flutter fallback: failed to get trees: no Flutter VM service found
14:02:04.247947 [DEBUG] Flutter fallback: failed to get trees: no Flutter VM service found
14:02:04.270227 [DEBUG] Flutter fallback: failed to get trees: no Flutter VM service found
14:02:04.293373 [DEBUG] Flutter fallback: failed to get trees: no Flutter VM service found
14:02:04.319009 [DEBUG] Flutter fallback: failed to get trees: no Flutter VM service found
14:02:04.340701 [DEBUG] Flutter fallback: failed to get trees: no Flutter VM service found
14:02:04.363055 [DEBUG] Flutter fallback: failed to get trees: no Flutter VM service found
14:02:04.387310 [DEBUG] Flutter fallback: failed to get trees: no Flutter VM service found
14:02:04.415836 [DEBUG] Flutter fallback: failed to get trees: no Flutter VM service found
14:02:04.440791 [DEBUG] Flutter fallback: failed to get trees: no Flutter VM service found
14:02:04.466953 [DEBUG] Flutter fallback: failed to get trees: no Flutter VM service found
14:02:04.490918 [DEBUG] Flutter fallback: failed to get trees: no Flutter VM service found
14:02:04.517099 [DEBUG] Flutter fallback: failed to get trees: no Flutter VM service found
14:02:04.549925 [DEBUG] Flutter fallback: failed to get trees: no Flutter VM service found
14:02:04.584963 [DEBUG] Flutter fallback: failed to get trees: no Flutter VM service found
14:02:04.608819 [DEBUG] Flutter fallback: failed to get trees: no Flutter VM service found
14:02:04.639996 [DEBUG] Flutter fallback: failed to get trees: no Flutter VM service found
14:02:04.664035 [DEBUG] Flutter fallback: failed to get trees: no Flutter VM service found
14:02:04.686131 [DEBUG] Flutter fallback: failed to get trees: no Flutter VM service found
14:02:04.710684 [DEBUG] Flutter fallback: failed to get trees: no Flutter VM service found
14:02:04.744227 [DEBUG] Flutter fallback: failed to get trees: no Flutter VM service found
14:02:04.778284 [DEBUG] Flutter fallback: failed to get trees: no Flutter VM service found
14:02:04.809163 [DEBUG] Flutter fallback: failed to get trees: no Flutter VM service found
14:02:04.834553 [DEBUG] Flutter fallback: failed to get trees: no Flutter VM service found
14:02:04.859810 [DEBUG] Flutter fallback: failed to get trees: no Flutter VM service found
14:02:04.882576 [DEBUG] Flutter fallback: failed to get trees: no Flutter VM service found
14:02:04.904771 [DEBUG] Flutter fallback: failed to get trees: no Flutter VM service found
14:02:04.930321 [DEBUG] Flutter fallback: failed to get trees: no Flutter VM service found
14:02:04.953398 [DEBUG] Flutter fallback: failed to get trees: no Flutter VM service found
14:02:04.976465 [DEBUG] Flutter fallback: failed to get trees: no Flutter VM service found
14:02:04.999983 [DEBUG] Flutter fallback: failed to get trees: no Flutter VM service found
14:02:05.023969 [DEBUG] Flutter fallback: failed to get trees: no Flutter VM service found
14:02:05.048631 [DEBUG] Flutter fallback: failed to get trees: no Flutter VM service found
14:02:05.071815 [DEBUG] Flutter fallback: failed to get trees: no Flutter VM service found
14:02:05.094823 [DEBUG] Flutter fallback: failed to get trees: no Flutter VM service found
14:02:05.118701 [DEBUG] Flutter fallback: failed to get trees: no Flutter VM service found
14:02:05.144286 [DEBUG] Flutter fallback: failed to get trees: no Flutter VM service found
14:02:05.181673 [DEBUG] Flutter fallback: failed to get trees: no Flutter VM service found
14:02:05.252385 [DEBUG] Flutter fallback: failed to get trees: no Flutter VM service found
14:02:05.280597 [DEBUG] Flutter fallback: failed to get trees: no Flutter VM service found
14:02:05.306950 [DEBUG] Flutter fallback: failed to get trees: no Flutter VM service found
14:02:05.332832 [DEBUG] Flutter fallback: failed to get trees: no Flutter VM service found
14:02:05.357252 [DEBUG] Flutter fallback: failed to get trees: no Flutter VM service found
14:02:05.381359 [DEBUG] Flutter fallback: failed to get trees: no Flutter VM service found
14:02:05.404920 [DEBUG] Flutter fallback: failed to get trees: no Flutter VM service found
14:02:05.428790 [DEBUG] Flutter fallback: failed to get trees: no Flutter VM service found
14:02:05.451277 [DEBUG] Flutter fallback: failed to get trees: no Flutter VM service found
14:02:05.474411 [DEBUG] Flutter fallback: failed to get trees: no Flutter VM service found
14:02:05.497595 [DEBUG] Flutter fallback: failed to get trees: no Flutter VM service found
14:02:05.520444 [DEBUG] Flutter fallback: failed to get trees: no Flutter VM service found
14:02:05.543755 [DEBUG] Flutter fallback: failed to get trees: no Flutter VM service found
14:02:05.567148 [DEBUG] Flutter fallback: failed to get trees: no Flutter VM service found
14:02:05.590868 [DEBUG] Flutter fallback: failed to get trees: no Flutter VM service found
14:02:05.614480 [DEBUG] Flutter fallback: failed to get trees: no Flutter VM service found
14:02:05.639900 [DEBUG] Flutter fallback: failed to get trees: no Flutter VM service found
14:02:05.664682 [DEBUG] Flutter fallback: failed to get trees: no Flutter VM service found
14:02:05.688361 [DEBUG] Flutter fallback: failed to get trees: no Flutter VM service found
14:02:05.714152 [DEBUG] Flutter fallback: failed to get trees: no Flutter VM service found
14:02:05.736962 [DEBUG] Flutter fallback: failed to get trees: no Flutter VM service found
14:02:05.763050 [DEBUG] Flutter fallback: failed to get trees: no Flutter VM service found
14:02:05.788732 [DEBUG] Flutter fallback: failed to get trees: no Flutter VM service found
14:02:05.812482 [DEBUG] Flutter fallback: failed to get trees: no Flutter VM service found
14:02:05.835947 [DEBUG] Flutter fallback: failed to get trees: no Flutter VM service found
14:02:05.859503 [DEBUG] Flutter fallback: failed to get trees: no Flutter VM service found
14:02:05.882863 [DEBUG] Flutter fallback: failed to get trees: no Flutter VM service found
14:02:05.908357 [DEBUG] Flutter fallback: failed to get trees: no Flutter VM service found
14:02:05.933252 [DEBUG] Flutter fallback: failed to get trees: no Flutter VM service found
14:02:05.957423 [DEBUG] Flutter fallback: failed to get trees: no Flutter VM service found
14:02:05.982327 [DEBUG] Flutter fallback: failed to get trees: no Flutter VM service found
14:02:06.011761 [DEBUG] Flutter fallback: failed to get trees: no Flutter VM service found
14:02:06.035968 [DEBUG] Flutter fallback: failed to get trees: no Flutter VM service found
14:02:06.060719 [DEBUG] Flutter fallback: failed to get trees: no Flutter VM service found
14:02:06.083922 [DEBUG] Flutter fallback: failed to get trees: no Flutter VM service found
14:02:06.107658 [DEBUG] Flutter fallback: failed to get trees: no Flutter VM service found
14:02:06.131101 [DEBUG] Flutter fallback: failed to get trees: no Flutter VM service found
14:02:06.155733 [DEBUG] Flutter fallback: failed to get trees: no Flutter VM service found
14:02:06.178942 [DEBUG] Flutter fallback: failed to get trees: no Flutter VM service found
14:02:06.201939 [DEBUG] Flutter fallback: failed to get trees: no Flutter VM service found
14:02:06.226293 [DEBUG] Flutter fallback: failed to get trees: no Flutter VM service found
14:02:06.251084 [DEBUG] Flutter fallback: failed to get trees: no Flutter VM service found
14:02:06.275997 [DEBUG] Flutter fallback: failed to get trees: no Flutter VM service found
14:02:06.300356 [DEBUG] Flutter fallback: failed to get trees: no Flutter VM service found
14:02:06.325999 [DEBUG] Flutter fallback: failed to get trees: no Flutter VM service found
14:02:06.352853 [DEBUG] Flutter fallback: failed to get trees: no Flutter VM service found
14:02:06.377397 [DEBUG] Flutter fallback: failed to get trees: no Flutter VM service found
14:02:06.401684 [DEBUG] Flutter fallback: failed to get trees: no Flutter VM service found
14:02:06.427338 [DEBUG] Flutter fallback: failed to get trees: no Flutter VM service found
14:02:06.451719 [DEBUG] Flutter fallback: failed to get trees: no Flutter VM service found
14:02:06.475870 [DEBUG] Flutter fallback: failed to get trees: no Flutter VM service found
14:02:06.500723 [DEBUG] Flutter fallback: failed to get trees: no Flutter VM service found
14:02:06.525378 [DEBUG] Flutter fallback: failed to get trees: no Flutter VM service found
14:02:06.549325 [DEBUG] Flutter fallback: failed to get trees: no Flutter VM service found
14:02:06.572578 [DEBUG] Flutter fallback: failed to get trees: no Flutter VM service found
14:02:06.595524 [DEBUG] Flutter fallback: failed to get trees: no Flutter VM service found
14:02:06.619326 [DEBUG] Flutter fallback: failed to get trees: no Flutter VM service found
14:02:06.643496 [DEBUG] Flutter fallback: failed to get trees: no Flutter VM service found
14:02:06.665337 [DEBUG] Flutter fallback: failed to get trees: no Flutter VM service found
14:02:06.687853 [DEBUG] Flutter fallback: failed to get trees: no Flutter VM service found
14:02:06.710368 [DEBUG] Flutter fallback: failed to get trees: no Flutter VM service found
14:02:06.732225 [DEBUG] Flutter fallback: failed to get trees: no Flutter VM service found
14:02:06.753960 [DEBUG] Flutter fallback: failed to get trees: no Flutter VM service found
14:02:06.775965 [DEBUG] Flutter fallback: failed to get trees: no Flutter VM service found
14:02:06.798282 [DEBUG] Flutter fallback: failed to get trees: no Flutter VM service found
14:02:06.821464 [DEBUG] Flutter fallback: failed to get trees: no Flutter VM service found
14:02:06.845112 [DEBUG] Flutter fallback: failed to get trees: no Flutter VM service found
14:02:06.868435 [DEBUG] Flutter fallback: failed to get trees: no Flutter VM service found
14:02:06.891730 [DEBUG] Flutter fallback: failed to get trees: no Flutter VM service found
14:02:06.914397 [DEBUG] Flutter fallback: failed to get trees: no Flutter VM service found
14:02:06.937784 [DEBUG] Flutter fallback: failed to get trees: no Flutter VM service found
14:02:06.960577 [DEBUG] Flutter fallback: failed to get trees: no Flutter VM service found
14:02:06.983551 [DEBUG] Flutter fallback: failed to get trees: no Flutter VM service found
14:02:07.006716 [DEBUG] Flutter fallback: failed to get trees: no Flutter VM service found
14:02:07.029700 [DEBUG] Flutter fallback: failed to get trees: no Flutter VM service found
14:02:07.051799 [DEBUG] Flutter fallback: failed to get trees: no Flutter VM service found
14:02:07.075184 [DEBUG] Flutter fallback: failed to get trees: no Flutter VM service found
14:02:07.099435 [DEBUG] Flutter fallback: failed to get trees: no Flutter VM service found
14:02:07.120592 [DEBUG] Flutter fallback: failed to get trees: no Flutter VM service found
14:02:07.143141 [DEBUG] Flutter fallback: failed to get trees: no Flutter VM service found
14:02:07.164721 [DEBUG] Flutter fallback: failed to get trees: no Flutter VM service found
14:02:07.186803 [DEBUG] Flutter fallback: failed to get trees: no Flutter VM service found
14:02:07.208482 [DEBUG] Flutter fallback: failed to get trees: no Flutter VM service found
14:02:07.230908 [DEBUG] Flutter fallback: failed to get trees: no Flutter VM service found
14:02:07.255234 [DEBUG] Flutter fallback: failed to get trees: no Flutter VM service found
14:02:07.278485 [DEBUG] Flutter fallback: failed to get trees: no Flutter VM service found
14:02:07.301950 [DEBUG] Flutter fallback: failed to get trees: no Flutter VM service found
14:02:07.326430 [DEBUG] Flutter fallback: failed to get trees: no Flutter VM service found
14:02:07.349530 [DEBUG] Flutter fallback: failed to get trees: no Flutter VM service found
14:02:07.373642 [DEBUG] Flutter fallback: failed to get trees: no Flutter VM service found
14:02:07.399690 [DEBUG] Flutter fallback: failed to get trees: no Flutter VM service found
14:02:07.422102 [DEBUG] Flutter fallback: failed to get trees: no Flutter VM service found
14:02:07.444879 [DEBUG] Flutter fallback: failed to get trees: no Flutter VM service found
14:02:07.469818 [DEBUG] Flutter fallback: failed to get trees: no Flutter VM service found
14:02:07.492923 [DEBUG] Flutter fallback: failed to get trees: no Flutter VM service found
14:02:07.517436 [DEBUG] Flutter fallback: failed to get trees: no Flutter VM service found
14:02:07.554834 [DEBUG] Flutter fallback: failed to get trees: no Flutter VM service found
14:02:07.582827 [DEBUG] Flutter fallback: failed to get trees: no Flutter VM service found
14:02:07.628547 [DEBUG] Flutter fallback: failed to get trees: no Flutter VM service found
14:02:07.676190 [DEBUG] Flutter fallback: failed to get trees: no Flutter VM service found
14:02:07.724974 [DEBUG] Flutter fallback: failed to get trees: no Flutter VM service found
14:02:07.782521 [DEBUG] Flutter fallback: failed to get trees: no Flutter VM service found
14:02:07.859131 [DEBUG] Flutter fallback: failed to get trees: no Flutter VM service found
14:02:07.909317 [DEBUG] Flutter fallback: failed to get trees: no Flutter VM service found
14:02:07.951726 [DEBUG] Flutter fallback: failed to get trees: no Flutter VM service found
14:02:07.985145 [DEBUG] Flutter fallback: failed to get trees: no Flutter VM service found
14:02:08.042813 [DEBUG] Flutter fallback: failed to get trees: no Flutter VM service found
14:02:08.068758 [DEBUG] Flutter fallback: failed to get trees: no Flutter VM service found
14:02:08.093026 [DEBUG] Flutter fallback: failed to get trees: no Flutter VM service found
14:02:08.117650 [DEBUG] Flutter fallback: failed to get trees: no Flutter VM service found
14:02:08.140832 [DEBUG] Flutter fallback: failed to get trees: no Flutter VM service found
14:02:08.166739 [DEBUG] Flutter fallback: failed to get trees: no Flutter VM service found
14:02:08.192284 [DEBUG] Flutter fallback: failed to get trees: no Flutter VM service found
14:02:08.214988 [DEBUG] Flutter fallback: failed to get trees: no Flutter VM service found
14:02:08.239865 [DEBUG] Flutter fallback: failed to get trees: no Flutter VM service found
14:02:08.265570 [DEBUG] Flutter fallback: failed to get trees: no Flutter VM service found
14:02:08.288906 [DEBUG] Flutter fallback: failed to get trees: no Flutter VM service found
14:02:08.312617 [DEBUG] Flutter fallback: failed to get trees: no Flutter VM service found
14:02:08.336485 [DEBUG] Flutter fallback: failed to get trees: no Flutter VM service found
14:02:08.361007 [DEBUG] Flutter fallback: failed to get trees: no Flutter VM service found
14:02:08.384768 [DEBUG] Flutter fallback: failed to get trees: no Flutter VM service found
14:02:08.409336 [DEBUG] Flutter fallback: failed to get trees: no Flutter VM service found
14:02:08.432475 [DEBUG] Flutter fallback: failed to get trees: no Flutter VM service found
14:02:08.456053 [DEBUG] Flutter fallback: failed to get trees: no Flutter VM service found
14:02:08.480335 [DEBUG] Flutter fallback: failed to get trees: no Flutter VM service found
14:02:08.505045 [DEBUG] Flutter fallback: failed to get trees: no Flutter VM service found
14:02:08.530409 [DEBUG] Flutter fallback: failed to get trees: no Flutter VM service found
14:02:08.554789 [DEBUG] Flutter fallback: failed to get trees: no Flutter VM service found
14:02:08.580126 [DEBUG] Flutter fallback: failed to get trees: no Flutter VM service found
14:02:08.611018 [DEBUG] Flutter fallback: failed to get trees: no Flutter VM service found
14:02:08.637777 [DEBUG] Flutter fallback: failed to get trees: no Flutter VM service found
14:02:08.664867 [DEBUG] Flutter fallback: failed to get trees: no Flutter VM service found
14:02:08.692841 [DEBUG] Flutter fallback: failed to get trees: no Flutter VM service found
14:02:08.720934 [DEBUG] Flutter fallback: failed to get trees: no Flutter VM service found
14:02:08.750402 [DEBUG] Flutter fallback: failed to get trees: no Flutter VM service found
14:02:08.781123 [DEBUG] Flutter fallback: failed to get trees: no Flutter VM service found
14:02:08.806134 [DEBUG] Flutter fallback: failed to get trees: no Flutter VM service found
14:02:08.838384 [DEBUG] Flutter fallback: failed to get trees: no Flutter VM service found
14:02:09.187783 [ERROR] Step 5 failed (17361ms): assertVisible: text="Landmark 30" - Error: Element not visible: context deadline exceeded: no such element: An element could not be located on the page using the given search parameters (cause: context deadline exceeded: no such element: An element could not be located on the page using the given search parameters)
14:02:09.373104 [INFO] === Flow completed: 10-seed-many (status: failed, duration: 20771ms, passed: 5, failed: 1, skipped: 1) ===
14:02:09.769330 [WARN] failed to remove default socket forward for /tmp/uia2-emulator-5554.sock: adb forward --remove localfilesystem:/tmp/uia2-emulator-5554.sock: exit status 1: adb: error: listener 'localfilesystem:/tmp/uia2-emulator-5554.sock' not found
14:02:09.783447 [WARN] failed to remove adb forward for tcp:6790: adb forward --remove tcp:6790: exit status 1: adb: error: listener 'tcp:6790' not found
14:02:09.783486 [INFO] Flow execution completed: 0 passed, 1 failed, 0 skipped
14:02:09.783716 [INFO] Generating reports...
14:02:09.784481 [INFO] Shutting down devices started by maestro-runner...
14:02:09.784496 [INFO] Shutting down all tracked emulators
14:02:09.784504 [INFO] Shutting down all tracked simulators
