Resolved: scheme=Landmarks (UI Testing) simulator=qa-ios-1 screens=0 flows=1
Preparing runner...
Runner ready
Booting simulator: qa-ios-1
Simulator booted: qa-ios-1 (6EEDCB1A-E693-488A-B34C-5A0AB5DE9400)
Skipping build and install (--no-build)
Running 1 flow(s)...
Running 1 flow(s) in one GrantivaAgent session: .maestro/01-browse.yaml

  grantiva-runner 1.1.18-grantiva.7 - by Grantiva
  Fast, lightweight UI test runner


Setup
────────────────────────────────────────
  ✓ Found 1 test flow(s)
  ✓ Report directory: /Users/kyle/Developer/grantiva-cli/.worktrees/qa-ios/findings/evidence/IOS-030/01-browse

Execution
────────────────────────────────────────
  ⏳ Checking GrantivaAgent installation...
  ✓ GrantivaAgent installed
  ⏳ Building GrantivaAgent...
  ✓ Using cached GrantivaAgent build (sim-ios26.0-iphone)
  ✓ GrantivaAgent built
  ⏳ Starting GrantivaAgent...
Starting GrantivaAgent...
GrantivaAgent started
  ✓ GrantivaAgent started
  ✓ GrantivaAgent port: 8876

  [1/1] 01-browse (01-browse.yaml)
────────────────────────────────────────────────────────────
    ✓ launchApp (2.0s)
    ✓ assertVisible: text="Landmarks" (1.1s)
    ✓ assertVisible: text="Featured" (298ms)
    ✓ takeScreenshot (77ms)
    ✓ tapOn: text="Golden Gate Bridge" (862ms)
    ✓ assertVisible: text="San Francisco, CA" (516ms)
    ✓ assertVisible: text="Plan Visit" (265ms)
    ✓ takeScreenshot (88ms)
✓ 01-browse 7.9s

  [1/1] 01-browse (.maestro/01-browse.yaml) - Device: qa-ios-1 (ios 26.0 Simulator)
  ────────────────────────────────────────────────────────────
    ✓ launchApp (2.0s)
    ✓ assertVisible (1.1s)
    ✓ assertVisible (298ms)
    ✓ takeScreenshot (77ms)
    ✓ tapOn (862ms)
    ✓ assertVisible (516ms)
    ✓ assertVisible (265ms)
    ✓ takeScreenshot (88ms)
✓ 01-browse 5.3s

  8 steps passing (7.9s)

════════════════════════════════════════════════════════════════════════════════════════════════════════════════════
  Flow                           Status   Steps   Pass   Fail   Skip   Duration  Device
────────────────────────────────────────────────────────────────────────────────────────────────────────────────────
  01-browse                      ✓ PASS       8      8      0      0       7.9s  qa-ios-1 (ios 26.0 Simulator)
────────────────────────────────────────────────────────────────────────────────────────────────────────────────────
  TOTAL                             1/1       8      8      0      0       7.9s
════════════════════════════════════════════════════════════════════════════════════════════════════════════════════

  ✓ Tests completed. Generating reports...

  Reports: /Users/kyle/Developer/grantiva-cli/.worktrees/qa-ios/findings/evidence/IOS-030/01-browse
    ├── report.json
    ├── junit-report.xml
    └── allure-results/

  Paths:
    JSON:   /Users/kyle/Developer/grantiva-cli/.worktrees/qa-ios/findings/evidence/IOS-030/01-browse/report.json
    JUnit:  /Users/kyle/Developer/grantiva-cli/.worktrees/qa-ios/findings/evidence/IOS-030/01-browse/junit-report.xml
    Allure: /Users/kyle/Developer/grantiva-cli/.worktrees/qa-ios/findings/evidence/IOS-030/01-browse/allure-results

  Built by Grantiva

