Resolved: scheme=Landmarks (UI Testing) simulator=qa-ios-1 screens=0 flows=1
Preparing runner...
Runner ready
Booting simulator: qa-ios-1
Simulator booted: qa-ios-1 (6EEDCB1A-E693-488A-B34C-5A0AB5DE9400)
Skipping build and install (--no-build)
Running 1 flow(s)...
Running 1 flow(s) in one GrantivaAgent session: .maestro/04-discard.yaml

  grantiva-runner 1.1.18-grantiva.7 - by Grantiva
  Fast, lightweight UI test runner


Setup
────────────────────────────────────────
  ✓ Found 1 test flow(s)
  ✓ Report directory: /Users/kyle/Developer/grantiva-cli/.worktrees/qa-ios/findings/evidence/IOS-030/04-discard

Execution
────────────────────────────────────────
  ⏳ Checking GrantivaAgent installation...
  ✓ GrantivaAgent installed
  ⏳ Building GrantivaAgent...
  ✓ Using cached GrantivaAgent build (sim-ios26.0-iphone)
  ✓ GrantivaAgent built
  ⏳ Starting GrantivaAgent...
Starting GrantivaAgent...
GrantivaAgent started
  ✓ GrantivaAgent started
  ✓ GrantivaAgent port: 8876

  [1/1] 04-discard (04-discard.yaml)
────────────────────────────────────────────────────────────
    ✓ launchApp (2.1s)
    ✓ tapOn: text="Deep Links" (1.3s)
    ✓ tapOn: text="Edit Landmark" (936ms)
    ✓ tapOn: text="Location" (1.0s)
    ✓ inputText: "X" (328ms)
    ✓ tapOn: text="Cancel" (1.1s)
    ✓ assertVisible: text="You have unsaved changes that will be lost." (881ms)
    ✓ takeScreenshot (83ms)
    ✓ tapOn: text="Keep Editing" (1.1s)
    ✓ assertVisible: text="Edit Landmark" (516ms)
    ✓ tapOn: text="Cancel" (1.2s)
    ✓ tapOn: text="Discard" (974ms)
    ✓ assertVisible: text="Deep Links" (2.0s)
✓ 04-discard 16.2s

  [1/1] 04-discard (.maestro/04-discard.yaml) - Device: qa-ios-1 (ios 26.0 Simulator)
  ────────────────────────────────────────────────────────────
    ✓ launchApp (2.1s)
    ✓ tapOn (1.3s)
    ✓ tapOn (936ms)
    ✓ tapOn (1.0s)
    ✓ inputText (328ms)
    ✓ tapOn (1.1s)
    ✓ assertVisible (881ms)
    ✓ takeScreenshot (83ms)
    ✓ tapOn (1.1s)
    ✓ assertVisible (516ms)
    ✓ tapOn (1.2s)
    ✓ tapOn (974ms)
    ✓ assertVisible (2.0s)
✓ 04-discard 13.5s

  13 steps passing (16.2s)

════════════════════════════════════════════════════════════════════════════════════════════════════════════════════
  Flow                           Status   Steps   Pass   Fail   Skip   Duration  Device
────────────────────────────────────────────────────────────────────────────────────────────────────────────────────
  04-discard                     ✓ PASS      13     13      0      0      16.2s  qa-ios-1 (ios 26.0 Simulator)
────────────────────────────────────────────────────────────────────────────────────────────────────────────────────
  TOTAL                             1/1      13     13      0      0      16.2s
════════════════════════════════════════════════════════════════════════════════════════════════════════════════════

  ✓ Tests completed. Generating reports...

  Reports: /Users/kyle/Developer/grantiva-cli/.worktrees/qa-ios/findings/evidence/IOS-030/04-discard
    ├── report.json
    ├── junit-report.xml
    └── allure-results/

  Paths:
    JSON:   /Users/kyle/Developer/grantiva-cli/.worktrees/qa-ios/findings/evidence/IOS-030/04-discard/report.json
    JUnit:  /Users/kyle/Developer/grantiva-cli/.worktrees/qa-ios/findings/evidence/IOS-030/04-discard/junit-report.xml
    Allure: /Users/kyle/Developer/grantiva-cli/.worktrees/qa-ios/findings/evidence/IOS-030/04-discard/allure-results

  Built by Grantiva

