Resolved: scheme=Landmarks (UI Testing) simulator=qa-ios-1 screens=0 flows=1
Preparing runner...
Runner ready
Booting simulator: qa-ios-1
Simulator booted: qa-ios-1 (6EEDCB1A-E693-488A-B34C-5A0AB5DE9400)
Skipping build and install (--no-build)
Running 1 flow(s)...
Running 1 flow(s) in one GrantivaAgent session: .maestro/99-crash.yaml

  grantiva-runner 1.1.18-grantiva.7 - by Grantiva
  Fast, lightweight UI test runner


Setup
────────────────────────────────────────
  ✓ Found 1 test flow(s)
  ✓ Report directory: /Users/kyle/Developer/grantiva-cli/.worktrees/qa-ios/findings/evidence/IOS-030/99-crash

Execution
────────────────────────────────────────
  ⏳ Checking GrantivaAgent installation...
  ✓ GrantivaAgent installed
  ⏳ Building GrantivaAgent...
  ✓ Using cached GrantivaAgent build (sim-ios26.0-iphone)
  ✓ GrantivaAgent built
  ⏳ Starting GrantivaAgent...
Starting GrantivaAgent...
GrantivaAgent started
  ✓ GrantivaAgent started
  ✓ GrantivaAgent port: 8876

  [1/1] 99-crash (99-crash.yaml)
────────────────────────────────────────────────────────────
    ✓ launchApp (2.3s)
    ✓ assertVisible: text="Landmarks" (1.5s)
    ✓ assertVisible: text="Featured" (343ms)
    ✗ assertVisible: text="This never appears" (12.7s)
      ╰─ Element not visible: text='This never appears' (cause: context deadline exceeded: no elements match selector; closest on-screen texts: "Sierra Nevada, CA", "heart", "Lake Tahoe, Sierra Nevada, CA")
✗ 99-crash 20.5s

  [1/1] 99-crash (.maestro/99-crash.yaml) - Device: qa-ios-1 (ios 26.0 Simulator)
  ────────────────────────────────────────────────────────────
    ✓ launchApp (2.3s)
    ✓ assertVisible (1.5s)
    ✓ assertVisible (343ms)
    ✗ assertVisible (13.6s)
      ╰─ Element not visible: text='This never appears' (cause: context deadline exceeded: no elements match selector; closest on-screen texts: "Sierra Nevada, CA", "heart", "Lake Tahoe, Sierra Nevada, CA")
✗ 99-crash 17.8s

  3 steps passing (20.5s)
  1 steps failing

════════════════════════════════════════════════════════════════════════════════════════════════════════════════════
  Flow                           Status   Steps   Pass   Fail   Skip   Duration  Device
────────────────────────────────────────────────────────────────────────────────────────────────────────────────────
  99-crash                       ✗ FAIL       4      3      1      0      20.5s  qa-ios-1 (ios 26.0 Simulator)
────────────────────────────────────────────────────────────────────────────────────────────────────────────────────
  TOTAL                             0/1       4      3      1      0      20.5s
════════════════════════════════════════════════════════════════════════════════════════════════════════════════════

  ✓ Tests completed. Generating reports...

  Reports: /Users/kyle/Developer/grantiva-cli/.worktrees/qa-ios/findings/evidence/IOS-030/99-crash
    ├── report.json
    ├── junit-report.xml
    └── allure-results/

  Paths:
    JSON:   /Users/kyle/Developer/grantiva-cli/.worktrees/qa-ios/findings/evidence/IOS-030/99-crash/report.json
    JUnit:  /Users/kyle/Developer/grantiva-cli/.worktrees/qa-ios/findings/evidence/IOS-030/99-crash/junit-report.xml
    Allure: /Users/kyle/Developer/grantiva-cli/.worktrees/qa-ios/findings/evidence/IOS-030/99-crash/allure-results

  Built by Grantiva

Failure screenshot: /Users/kyle/Developer/grantiva-cli/.worktrees/qa-ios/findings/evidence/IOS-030/99-crash/captures/failure-1791580522.png
Error: Runner failed (exit 1):
 exited with code 1
