13:58:32.664631 [INFO] === Test execution started ===
13:58:32.664679 [INFO] Output directory: /Users/kyle/Developer/grantiva-cli/.worktrees/qa-android/findings/evidence/AND-028/report-no-config-id
13:58:32.664683 [INFO] Platform: android
13:58:32.664687 [INFO] Driver: uiautomator2
13:58:32.664947 [INFO] Validated 1 flow(s)
13:58:32.664970 [INFO] Single device execution mode
13:58:32.664977 [INFO] Starting flow execution (parallel: false, devices: [])
13:58:32.664983 [INFO] Creating driver for single device execution
13:58:32.664989 [INFO] Connecting to Android device: emulator-5554
13:58:32.745889 [INFO] Device info: google sdk_gphone64_arm64, SDK 35, Serial emulator-5554, Emulator: true
13:58:32.767634 [INFO] Starting UIAutomator2 server on device emulator-5554
13:58:33.167732 [WARN] failed to remove default socket forward for /tmp/uia2-emulator-5554.sock: adb forward --remove localfilesystem:/tmp/uia2-emulator-5554.sock: exit status 1: adb: error: listener 'localfilesystem:/tmp/uia2-emulator-5554.sock' not found
13:58:33.178980 [WARN] failed to remove adb forward for tcp:6790: adb forward --remove tcp:6790: exit status 1: adb: error: listener 'tcp:6790' not found
13:58:33.736546 [INFO] Creating UIAutomator2 session with capabilities: Platform=Android, Device=sdk_gphone64_arm64
13:58:33.744053 [INFO] Session created successfully: 5f60fb27-59ad-4d8d-a7a4-f073520ca0dd
13:58:33.793926 [INFO] Driver created: android on google sdk_gphone64_arm64
13:58:33.796036 [INFO] === Starting flow: 01-browse ===
13:58:33.796046 [INFO] Flow file: /var/folders/jv/76l6crmx6nl3hf150gzry_ym0000gn/T/grantiva-857CD7F4-6B0E-4F26-90DF-70EA185E5842/0/01-browse.yaml
13:58:33.796050 [INFO] Total steps: 8
13:58:33.801425 [DEBUG] Executing step 0: launchApp
13:58:35.404591 [DEBUG] Step 0 completed successfully (1603ms): launchApp
13:58:35.405100 [DEBUG] Executing step 1: assertVisible: text="Landmarks"
13:58:35.405374 [DEBUG] Flutter: parallel search (text="Landmarks", id="")
13:58:35.481205 [DEBUG] Flutter fallback: failed to get trees: no Flutter VM service found
13:58:35.553380 [DEBUG] Flutter fallback: failed to get trees: no Flutter VM service found
13:58:35.644390 [DEBUG] Flutter fallback: failed to get trees: no Flutter VM service found
13:58:35.644415 [DEBUG] Step 1 completed successfully (239ms): assertVisible: text="Landmarks"
13:58:35.644816 [DEBUG] Executing step 2: assertVisible: text="Featured"
13:58:36.230764 [DEBUG] Step 2 completed successfully (585ms): assertVisible: text="Featured"
13:58:36.231082 [DEBUG] Executing step 3: takeScreenshot
13:58:36.372768 [DEBUG] Step 3 completed successfully (141ms): takeScreenshot
13:58:36.373007 [DEBUG] Executing step 4: tapOn: text="Golden Gate Bridge"
13:58:36.537594 [DEBUG] Step 4 completed successfully (164ms): tapOn: text="Golden Gate Bridge"
13:58:36.537974 [DEBUG] Executing step 5: assertVisible: text="San Francisco, CA"
13:58:37.118491 [DEBUG] Step 5 completed successfully (580ms): assertVisible: text="San Francisco, CA"
13:58:37.118908 [DEBUG] Executing step 6: assertVisible: text="Plan Visit"
13:58:37.124976 [DEBUG] Step 6 completed successfully (6ms): assertVisible: text="Plan Visit"
13:58:37.125315 [DEBUG] Executing step 7: takeScreenshot
13:58:37.244636 [DEBUG] Step 7 completed successfully (119ms): takeScreenshot
13:58:37.245638 [INFO] === Flow completed: 01-browse (status: passed, duration: 3449ms, passed: 8, failed: 0, skipped: 0) ===
13:58:37.639699 [WARN] failed to remove default socket forward for /tmp/uia2-emulator-5554.sock: adb forward --remove localfilesystem:/tmp/uia2-emulator-5554.sock: exit status 1: adb: error: listener 'localfilesystem:/tmp/uia2-emulator-5554.sock' not found
13:58:37.650933 [WARN] failed to remove adb forward for tcp:6790: adb forward --remove tcp:6790: exit status 1: adb: error: listener 'tcp:6790' not found
13:58:37.650952 [INFO] Flow execution completed: 1 passed, 0 failed, 0 skipped
13:58:37.651133 [INFO] Generating reports...
13:58:37.651712 [INFO] Shutting down devices started by maestro-runner...
13:58:37.651739 [INFO] Shutting down all tracked emulators
13:58:37.651758 [INFO] Shutting down all tracked simulators
