14:07:29.002519 [INFO] === Test execution started ===
14:07:29.002586 [INFO] Output directory: /Users/kyle/Developer/grantiva-cli/.worktrees/qa-ios/findings/evidence/IOS-040/rep
14:07:29.002592 [INFO] Platform: ios
14:07:29.002600 [INFO] Driver: uiautomator2
14:07:29.002894 [INFO] Validated 1 flow(s)
14:07:29.123139 [INFO] Single device execution mode
14:07:29.123162 [INFO] Starting flow execution (parallel: false, devices: [])
14:07:29.123169 [INFO] Creating driver for single device execution
14:07:29.123174 [INFO] Using specified iOS device: 6EEDCB1A-E693-488A-B34C-5A0AB5DE9400
14:07:29.260353 [INFO] Device 6EEDCB1A-E693-488A-B34C-5A0AB5DE9400 is a simulator
14:07:29.260453 [INFO] Building WDA for device 6EEDCB1A-E693-488A-B34C-5A0AB5DE9400 (team ID: )
14:07:29.490698 [INFO] WDA build completed successfully
14:07:29.490714 [INFO] Starting WDA on device 6EEDCB1A-E693-488A-B34C-5A0AB5DE9400 (port: 8876)
14:07:31.764385 [INFO] WDA started successfully on port 8876
14:07:32.135843 [DEBUG] WDA GET /window/size
14:07:32.228370 [DEBUG] WDA GET /window/size completed (92ms, status: 200)
14:07:32.228460 [INFO] Driver created: ios on qa-ios-1
14:07:32.229948 [INFO] === Starting flow: 01-browse ===
14:07:32.229953 [INFO] Flow file: /var/folders/jv/76l6crmx6nl3hf150gzry_ym0000gn/T/grantiva-C6008D42-2617-49CB-BCB9-83C4A965F8D7/0/01-browse.yaml
14:07:32.229957 [INFO] Total steps: 8
14:07:32.230108 [DEBUG] WDA POST /appium/settings body={"settings":{"shouldWaitForQuiescence":false,"waitForIdleTimeout":0}}
14:07:32.230686 [DEBUG] WDA POST /appium/settings completed (0ms, status: 404)
14:07:32.230746 [DEBUG] WDA POST /session body={"capabilities":{"alwaysMatch":{"bundleId":"com.kylebrowning.Landmarks","defaultAlertAction":"accept...
14:07:33.803441 [DEBUG] WDA POST /session completed (1572ms, status: 200)
14:07:33.803701 [DEBUG] WDA POST /session/E4DCCA26-8135-4468-96EF-0B0A5D830359/appium/settings body={"settings":{"shouldWaitForQuiescence":false,"waitForIdleTimeout":0}}
14:07:33.968913 [DEBUG] WDA POST /session/E4DCCA26-8135-4468-96EF-0B0A5D830359/appium/settings completed (165ms, status: 200)
14:07:33.969425 [DEBUG] Executing step 0: launchApp
14:07:34.427866 [DEBUG] [wda] launchApp com.kylebrowning.Landmarks: argv=[] env=map[]
14:07:34.427916 [DEBUG] WDA POST /session/E4DCCA26-8135-4468-96EF-0B0A5D830359/appium/settings body={"settings":{"acceptAlertButtonSelector":"**/XCUIElementTypeButton[`label BEGINSWITH[c] 'Allow' OR l...
14:07:34.428567 [DEBUG] WDA POST /session/E4DCCA26-8135-4468-96EF-0B0A5D830359/appium/settings completed (0ms, status: 200)
14:07:34.428646 [DEBUG] WDA POST /session/E4DCCA26-8135-4468-96EF-0B0A5D830359/wda/apps/launch body={"bundleId":"com.kylebrowning.Landmarks"}
14:07:35.956676 [DEBUG] WDA POST /session/E4DCCA26-8135-4468-96EF-0B0A5D830359/wda/apps/launch completed (1528ms, status: 200)
14:07:35.956742 [DEBUG] Step 0 completed successfully (1987ms): launchApp
14:07:35.957140 [DEBUG] Executing step 1: assertVisible: text="Landmarks"
14:07:35.957372 [DEBUG] Flutter: parallel search (text="Landmarks", id="")
14:07:35.957390 [DEBUG] WDA POST /session/E4DCCA26-8135-4468-96EF-0B0A5D830359/element body={"using":"predicate string","value":"(label CONTAINS[c] 'Landmarks' OR name CONTAINS[c] 'Landmarks' ...
14:07:36.159305 [DEBUG] WDA POST /session/E4DCCA26-8135-4468-96EF-0B0A5D830359/element completed (201ms, status: 200)
14:07:36.159385 [DEBUG] WDA GET /session/E4DCCA26-8135-4468-96EF-0B0A5D830359/element/01000000-0000-0000-CE26-000000000000/name
14:07:36.159415 [DEBUG] WDA GET /session/E4DCCA26-8135-4468-96EF-0B0A5D830359/element/01000000-0000-0000-CE26-000000000000/rect
14:07:36.159454 [DEBUG] WDA GET /session/E4DCCA26-8135-4468-96EF-0B0A5D830359/element/01000000-0000-0000-CE26-000000000000/text
14:07:36.159497 [DEBUG] WDA GET /session/E4DCCA26-8135-4468-96EF-0B0A5D830359/element/01000000-0000-0000-CE26-000000000000/displayed
14:07:36.245608 [DEBUG] WDA GET /session/E4DCCA26-8135-4468-96EF-0B0A5D830359/element/01000000-0000-0000-CE26-000000000000/name completed (86ms, status: 200)
14:07:36.303895 [DEBUG] WDA GET /session/E4DCCA26-8135-4468-96EF-0B0A5D830359/element/01000000-0000-0000-CE26-000000000000/rect completed (144ms, status: 200)
14:07:36.334282 [DEBUG] WDA GET /session/E4DCCA26-8135-4468-96EF-0B0A5D830359/element/01000000-0000-0000-CE26-000000000000/text completed (174ms, status: 200)
14:07:36.394071 [DEBUG] WDA GET /session/E4DCCA26-8135-4468-96EF-0B0A5D830359/element/01000000-0000-0000-CE26-000000000000/displayed completed (234ms, status: 200)
14:07:37.314556 [DEBUG] Flutter fallback: failed to get trees: no Flutter VM service found
14:07:37.314588 [DEBUG] Step 1 completed successfully (1357ms): assertVisible: text="Landmarks"
14:07:37.314954 [DEBUG] Executing step 2: assertVisible: text="Featured"
14:07:37.315151 [DEBUG] WDA POST /session/E4DCCA26-8135-4468-96EF-0B0A5D830359/element body={"using":"predicate string","value":"(label CONTAINS[c] 'Featured' OR name CONTAINS[c] 'Featured' OR...
14:07:37.414720 [DEBUG] WDA POST /session/E4DCCA26-8135-4468-96EF-0B0A5D830359/element completed (99ms, status: 200)
14:07:37.414784 [DEBUG] WDA GET /session/E4DCCA26-8135-4468-96EF-0B0A5D830359/element/87000000-0000-0000-CE26-000000000000/rect
14:07:37.414805 [DEBUG] WDA GET /session/E4DCCA26-8135-4468-96EF-0B0A5D830359/element/87000000-0000-0000-CE26-000000000000/name
14:07:37.414826 [DEBUG] WDA GET /session/E4DCCA26-8135-4468-96EF-0B0A5D830359/element/87000000-0000-0000-CE26-000000000000/displayed
14:07:37.414853 [DEBUG] WDA GET /session/E4DCCA26-8135-4468-96EF-0B0A5D830359/element/87000000-0000-0000-CE26-000000000000/text
14:07:37.462049 [DEBUG] WDA GET /session/E4DCCA26-8135-4468-96EF-0B0A5D830359/element/87000000-0000-0000-CE26-000000000000/name completed (47ms, status: 200)
14:07:37.509258 [DEBUG] WDA GET /session/E4DCCA26-8135-4468-96EF-0B0A5D830359/element/87000000-0000-0000-CE26-000000000000/rect completed (94ms, status: 200)
14:07:37.554926 [DEBUG] WDA GET /session/E4DCCA26-8135-4468-96EF-0B0A5D830359/element/87000000-0000-0000-CE26-000000000000/text completed (140ms, status: 200)
14:07:37.612449 [DEBUG] WDA GET /session/E4DCCA26-8135-4468-96EF-0B0A5D830359/element/87000000-0000-0000-CE26-000000000000/displayed completed (197ms, status: 200)
14:07:37.612507 [DEBUG] Step 2 completed successfully (297ms): assertVisible: text="Featured"
14:07:37.612856 [DEBUG] Executing step 3: takeScreenshot
14:07:37.613039 [DEBUG] WDA GET /session/E4DCCA26-8135-4468-96EF-0B0A5D830359/screenshot
14:07:37.688222 [DEBUG] WDA GET /session/E4DCCA26-8135-4468-96EF-0B0A5D830359/screenshot completed (75ms, status: 200)
14:07:37.690021 [DEBUG] Step 3 completed successfully (77ms): takeScreenshot
14:07:37.690265 [DEBUG] Executing step 4: tapOn: text="Golden Gate Bridge"
14:07:37.690473 [DEBUG] WDA POST /session/E4DCCA26-8135-4468-96EF-0B0A5D830359/element body={"using":"predicate string","value":"((type == 'XCUIElementTypeTextField' OR type == 'XCUIElementTyp...
14:07:37.690493 [DEBUG] WDA POST /session/E4DCCA26-8135-4468-96EF-0B0A5D830359/element body={"using":"class chain","value":"**/XCUIElementTypeSecureTextField[`(label CONTAINS[c] 'Golden Gate B...
14:07:37.690512 [DEBUG] WDA POST /session/E4DCCA26-8135-4468-96EF-0B0A5D830359/element body={"using":"class chain","value":"**/XCUIElementTypeTextField[`(label CONTAINS[c] 'Golden Gate Bridge'...
14:07:37.690535 [DEBUG] WDA POST /session/E4DCCA26-8135-4468-96EF-0B0A5D830359/element body={"using":"class chain","value":"**/XCUIElementTypeButton[`(label ==[c] 'Golden Gate Bridge' OR name ...
14:07:37.738184 [DEBUG] WDA POST /session/E4DCCA26-8135-4468-96EF-0B0A5D830359/element completed (47ms, status: 404)
14:07:37.788396 [DEBUG] WDA POST /session/E4DCCA26-8135-4468-96EF-0B0A5D830359/element completed (97ms, status: 404)
14:07:37.835570 [DEBUG] WDA POST /session/E4DCCA26-8135-4468-96EF-0B0A5D830359/element completed (145ms, status: 404)
14:07:37.881829 [DEBUG] WDA POST /session/E4DCCA26-8135-4468-96EF-0B0A5D830359/element completed (191ms, status: 404)
14:07:37.881937 [DEBUG] WDA POST /session/E4DCCA26-8135-4468-96EF-0B0A5D830359/element body={"using":"predicate string","value":"(label == 'Golden Gate Bridge' OR name == 'Golden Gate Bridge' ...
14:07:37.980390 [DEBUG] WDA POST /session/E4DCCA26-8135-4468-96EF-0B0A5D830359/element completed (98ms, status: 200)
14:07:37.980448 [DEBUG] WDA GET /session/E4DCCA26-8135-4468-96EF-0B0A5D830359/element/93000000-0000-0000-CE26-000000000000/name
14:07:37.980480 [DEBUG] WDA GET /session/E4DCCA26-8135-4468-96EF-0B0A5D830359/element/93000000-0000-0000-CE26-000000000000/rect
14:07:37.980508 [DEBUG] WDA GET /session/E4DCCA26-8135-4468-96EF-0B0A5D830359/element/93000000-0000-0000-CE26-000000000000/text
14:07:37.980541 [DEBUG] WDA GET /session/E4DCCA26-8135-4468-96EF-0B0A5D830359/element/93000000-0000-0000-CE26-000000000000/displayed
14:07:38.028461 [DEBUG] WDA GET /session/E4DCCA26-8135-4468-96EF-0B0A5D830359/element/93000000-0000-0000-CE26-000000000000/name completed (48ms, status: 200)
14:07:38.076538 [DEBUG] WDA GET /session/E4DCCA26-8135-4468-96EF-0B0A5D830359/element/93000000-0000-0000-CE26-000000000000/rect completed (96ms, status: 200)
14:07:38.127820 [DEBUG] WDA GET /session/E4DCCA26-8135-4468-96EF-0B0A5D830359/element/93000000-0000-0000-CE26-000000000000/displayed completed (147ms, status: 200)
14:07:38.173271 [DEBUG] WDA GET /session/E4DCCA26-8135-4468-96EF-0B0A5D830359/element/93000000-0000-0000-CE26-000000000000/text completed (192ms, status: 200)
14:07:38.173321 [DEBUG] WDA POST /session/E4DCCA26-8135-4468-96EF-0B0A5D830359/element/93000000-0000-0000-CE26-000000000000/click body=
14:07:38.558937 [DEBUG] WDA POST /session/E4DCCA26-8135-4468-96EF-0B0A5D830359/element/93000000-0000-0000-CE26-000000000000/click completed (385ms, status: 200)
14:07:38.559001 [DEBUG] Step 4 completed successfully (868ms): tapOn: text="Golden Gate Bridge"
14:07:38.559689 [DEBUG] Executing step 5: assertVisible: text="San Francisco, CA"
14:07:38.560188 [DEBUG] WDA POST /session/E4DCCA26-8135-4468-96EF-0B0A5D830359/element body={"using":"predicate string","value":"(label CONTAINS[c] 'San Francisco, CA' OR name CONTAINS[c] 'San...
14:07:38.799919 [DEBUG] WDA POST /session/E4DCCA26-8135-4468-96EF-0B0A5D830359/element completed (239ms, status: 200)
14:07:38.799968 [DEBUG] WDA GET /session/E4DCCA26-8135-4468-96EF-0B0A5D830359/element/CD000000-0000-0000-CE26-000000000000/name
14:07:38.800017 [DEBUG] WDA GET /session/E4DCCA26-8135-4468-96EF-0B0A5D830359/element/CD000000-0000-0000-CE26-000000000000/text
14:07:38.800036 [DEBUG] WDA GET /session/E4DCCA26-8135-4468-96EF-0B0A5D830359/element/CD000000-0000-0000-CE26-000000000000/rect
14:07:38.800158 [DEBUG] WDA GET /session/E4DCCA26-8135-4468-96EF-0B0A5D830359/element/CD000000-0000-0000-CE26-000000000000/displayed
14:07:38.869764 [DEBUG] WDA GET /session/E4DCCA26-8135-4468-96EF-0B0A5D830359/element/CD000000-0000-0000-CE26-000000000000/text completed (69ms, status: 200)
14:07:38.944544 [DEBUG] WDA GET /session/E4DCCA26-8135-4468-96EF-0B0A5D830359/element/CD000000-0000-0000-CE26-000000000000/name completed (144ms, status: 200)
14:07:38.986977 [DEBUG] WDA GET /session/E4DCCA26-8135-4468-96EF-0B0A5D830359/element/CD000000-0000-0000-CE26-000000000000/displayed completed (186ms, status: 200)
14:07:39.024224 [DEBUG] WDA GET /session/E4DCCA26-8135-4468-96EF-0B0A5D830359/element/CD000000-0000-0000-CE26-000000000000/rect completed (224ms, status: 200)
14:07:39.024279 [DEBUG] Step 5 completed successfully (464ms): assertVisible: text="San Francisco, CA"
14:07:39.024699 [DEBUG] Executing step 6: assertVisible: text="Plan Visit"
14:07:39.024915 [DEBUG] WDA POST /session/E4DCCA26-8135-4468-96EF-0B0A5D830359/element body={"using":"predicate string","value":"(label CONTAINS[c] 'Plan Visit' OR name CONTAINS[c] 'Plan Visit...
14:07:39.100934 [DEBUG] WDA POST /session/E4DCCA26-8135-4468-96EF-0B0A5D830359/element completed (76ms, status: 200)
14:07:39.100979 [DEBUG] WDA GET /session/E4DCCA26-8135-4468-96EF-0B0A5D830359/element/D1000000-0000-0000-CE26-000000000000/name
14:07:39.100984 [DEBUG] WDA GET /session/E4DCCA26-8135-4468-96EF-0B0A5D830359/element/D1000000-0000-0000-CE26-000000000000/rect
14:07:39.100999 [DEBUG] WDA GET /session/E4DCCA26-8135-4468-96EF-0B0A5D830359/element/D1000000-0000-0000-CE26-000000000000/text
14:07:39.101041 [DEBUG] WDA GET /session/E4DCCA26-8135-4468-96EF-0B0A5D830359/element/D1000000-0000-0000-CE26-000000000000/displayed
14:07:39.138694 [DEBUG] WDA GET /session/E4DCCA26-8135-4468-96EF-0B0A5D830359/element/D1000000-0000-0000-CE26-000000000000/name completed (37ms, status: 200)
14:07:39.176867 [DEBUG] WDA GET /session/E4DCCA26-8135-4468-96EF-0B0A5D830359/element/D1000000-0000-0000-CE26-000000000000/rect completed (75ms, status: 200)
14:07:39.217174 [DEBUG] WDA GET /session/E4DCCA26-8135-4468-96EF-0B0A5D830359/element/D1000000-0000-0000-CE26-000000000000/displayed completed (116ms, status: 200)
14:07:39.253338 [DEBUG] WDA GET /session/E4DCCA26-8135-4468-96EF-0B0A5D830359/element/D1000000-0000-0000-CE26-000000000000/text completed (152ms, status: 200)
14:07:39.253391 [DEBUG] Step 6 completed successfully (228ms): assertVisible: text="Plan Visit"
14:07:39.253744 [DEBUG] Executing step 7: takeScreenshot
14:07:39.253933 [DEBUG] WDA GET /session/E4DCCA26-8135-4468-96EF-0B0A5D830359/screenshot
14:07:39.337902 [DEBUG] WDA GET /session/E4DCCA26-8135-4468-96EF-0B0A5D830359/screenshot completed (83ms, status: 200)
14:07:39.342716 [DEBUG] Step 7 completed successfully (88ms): takeScreenshot
14:07:39.343719 [INFO] === Flow completed: 01-browse (status: passed, duration: 7113ms, passed: 8, failed: 0, skipped: 0) ===
14:07:39.344660 [INFO] Flow execution completed: 1 passed, 0 failed, 0 skipped
14:07:39.344740 [INFO] Generating reports...
14:07:39.345147 [INFO] Shutting down devices started by maestro-runner...
14:07:39.345152 [INFO] Shutting down all tracked emulators
14:07:39.345156 [INFO] Shutting down all tracked simulators
