13:56:44.930321 [INFO] === Test execution started ===
13:56:44.930387 [INFO] Output directory: /Users/kyle/Developer/grantiva-cli/.worktrees/qa-android/findings/evidence/AND-S3-paid/report
13:56:44.930393 [INFO] Platform: android
13:56:44.930397 [INFO] Driver: uiautomator2
13:56:44.930679 [INFO] Validated 1 flow(s)
13:56:44.930692 [INFO] Single device execution mode
13:56:44.930698 [INFO] Starting flow execution (parallel: false, devices: [])
13:56:44.930702 [INFO] Creating driver for single device execution
13:56:44.930706 [INFO] Connecting to Android device: emulator-5554
13:56:45.012751 [INFO] Device info: google sdk_gphone64_arm64, SDK 35, Serial emulator-5554, Emulator: true
13:56:45.036116 [INFO] Starting UIAutomator2 server on device emulator-5554
13:56:45.466731 [WARN] failed to remove default socket forward for /tmp/uia2-emulator-5554.sock: adb forward --remove localfilesystem:/tmp/uia2-emulator-5554.sock: exit status 1: adb: error: listener 'localfilesystem:/tmp/uia2-emulator-5554.sock' not found
13:56:45.478414 [WARN] failed to remove adb forward for tcp:6790: adb forward --remove tcp:6790: exit status 1: adb: error: listener 'tcp:6790' not found
13:56:46.540774 [INFO] Creating UIAutomator2 session with capabilities: Platform=Android, Device=sdk_gphone64_arm64
13:56:46.547405 [INFO] Session created successfully: 5b73b3fe-d665-49e5-9df1-2851877b6299
13:56:46.598291 [INFO] Driver created: android on google sdk_gphone64_arm64
13:56:46.600642 [INFO] === Starting flow: 01-browse ===
13:56:46.600650 [INFO] Flow file: /var/folders/jv/76l6crmx6nl3hf150gzry_ym0000gn/T/grantiva-A3AA9EF0-EE71-4873-B6F6-A885BB792E59/0/01-browse.yaml
13:56:46.600654 [INFO] Total steps: 8
13:56:46.605883 [DEBUG] Executing step 0: launchApp
13:56:48.211570 [DEBUG] Step 0 completed successfully (1605ms): launchApp
13:56:48.211988 [DEBUG] Executing step 1: assertVisible: text="Landmarks"
13:56:48.212221 [DEBUG] Flutter: parallel search (text="Landmarks", id="")
13:56:48.283239 [DEBUG] Flutter fallback: failed to get trees: no Flutter VM service found
13:56:48.352645 [DEBUG] Flutter fallback: failed to get trees: no Flutter VM service found
13:56:48.422779 [DEBUG] Flutter fallback: failed to get trees: no Flutter VM service found
13:56:48.515538 [DEBUG] Flutter fallback: failed to get trees: no Flutter VM service found
13:56:48.515590 [DEBUG] Step 1 completed successfully (303ms): assertVisible: text="Landmarks"
13:56:48.516031 [DEBUG] Executing step 2: assertVisible: text="Featured"
13:56:49.072669 [DEBUG] Step 2 completed successfully (556ms): assertVisible: text="Featured"
13:56:49.073096 [DEBUG] Executing step 3: takeScreenshot
13:56:49.217827 [DEBUG] Step 3 completed successfully (144ms): takeScreenshot
13:56:49.218072 [DEBUG] Executing step 4: tapOn: text="Golden Gate Bridge"
13:56:49.385175 [DEBUG] Step 4 completed successfully (167ms): tapOn: text="Golden Gate Bridge"
13:56:49.385569 [DEBUG] Executing step 5: assertVisible: text="San Francisco, CA"
13:56:49.970936 [DEBUG] Step 5 completed successfully (585ms): assertVisible: text="San Francisco, CA"
13:56:49.971370 [DEBUG] Executing step 6: assertVisible: text="Plan Visit"
13:56:49.977603 [DEBUG] Step 6 completed successfully (6ms): assertVisible: text="Plan Visit"
13:56:49.977974 [DEBUG] Executing step 7: takeScreenshot
13:56:50.097824 [DEBUG] Step 7 completed successfully (119ms): takeScreenshot
13:56:50.098852 [INFO] === Flow completed: 01-browse (status: passed, duration: 3498ms, passed: 8, failed: 0, skipped: 0) ===
13:56:50.482848 [WARN] failed to remove default socket forward for /tmp/uia2-emulator-5554.sock: adb forward --remove localfilesystem:/tmp/uia2-emulator-5554.sock: exit status 1: adb: error: listener 'localfilesystem:/tmp/uia2-emulator-5554.sock' not found
13:56:50.495163 [WARN] failed to remove adb forward for tcp:6790: adb forward --remove tcp:6790: exit status 1: adb: error: listener 'tcp:6790' not found
13:56:50.495209 [INFO] Flow execution completed: 1 passed, 0 failed, 0 skipped
13:56:50.495459 [INFO] Generating reports...
13:56:50.496030 [INFO] Shutting down devices started by maestro-runner...
13:56:50.496049 [INFO] Shutting down all tracked emulators
13:56:50.496056 [INFO] Shutting down all tracked simulators
