14:15:21.991641 POST /session [9.073042ms] OK body={"capabilities":{"platformName":"Android","deviceName":"sdk_gphone64_arm64"}}
14:15:21.995834 POST /session/21bbd8dd-7783-4504-81ed-a6c33c762a27/appium/settings [4.005917ms] OK body={"settings":{"enableMultiWindows":true,"waitForIdleTimeout":200}}
14:15:21.998175 POST /session/21bbd8dd-7783-4504-81ed-a6c33c762a27/appium/settings [2.303875ms] OK body={"settings":{"implicitWait":100}}
14:15:22.050452 GET /session/21bbd8dd-7783-4504-81ed-a6c33c762a27/appium/device/info [24.590709ms] OK body=
14:15:22.061796 POST /session/21bbd8dd-7783-4504-81ed-a6c33c762a27/appium/settings [8.609209ms] OK body={"settings":{"waitForIdleTimeout":200}}
14:15:23.041469 POST /session/21bbd8dd-7783-4504-81ed-a6c33c762a27/appium/device/launch_app [12.88825ms] OK body={"appId":"com.kylebrowning.landmarks"}
14:15:24.891277 POST /session/21bbd8dd-7783-4504-81ed-a6c33c762a27/element [846.350584ms] ERR:404 body={"strategy":"-android uiautomator","selector":"new UiSelector().textContains(\"Half Dome\").clickabl...
14:15:25.318093 POST /session/21bbd8dd-7783-4504-81ed-a6c33c762a27/element [426.701875ms] ERR:404 body={"strategy":"-android uiautomator","selector":"new UiSelector().descriptionContains(\"Half Dome\").c...
14:15:25.328110 POST /session/21bbd8dd-7783-4504-81ed-a6c33c762a27/element [9.933417ms] OK body={"strategy":"-android uiautomator","selector":"new UiSelector().textContains(\"Half Dome\")"}
14:15:25.384617 GET /session/21bbd8dd-7783-4504-81ed-a6c33c762a27/source [55.753292ms] OK body=
14:15:25.463750 POST /session/21bbd8dd-7783-4504-81ed-a6c33c762a27/appium/gestures/click [78.018375ms] OK body={"offset":{"x":540,"y":708}}
14:15:26.093054 POST /session/21bbd8dd-7783-4504-81ed-a6c33c762a27/element [599.852958ms] ERR:404 body={"strategy":"-android uiautomator","selector":"new UiSelector().textContains(\"Plan Visit\").clickab...
14:15:26.111000 POST /session/21bbd8dd-7783-4504-81ed-a6c33c762a27/element [17.849625ms] ERR:404 body={"strategy":"-android uiautomator","selector":"new UiSelector().descriptionContains(\"Plan Visit\")....
14:15:26.118349 POST /session/21bbd8dd-7783-4504-81ed-a6c33c762a27/element [7.28775ms] OK body={"strategy":"-android uiautomator","selector":"new UiSelector().textContains(\"Plan Visit\")"}
14:15:26.148725 GET /session/21bbd8dd-7783-4504-81ed-a6c33c762a27/source [30.2315ms] OK body=
14:15:26.241951 POST /session/21bbd8dd-7783-4504-81ed-a6c33c762a27/appium/gestures/click [92.592667ms] OK body={"offset":{"x":183,"y":866}}
14:15:26.277969 POST /session/21bbd8dd-7783-4504-81ed-a6c33c762a27/element [35.35025ms] OK body={"strategy":"-android uiautomator","selector":"new UiSelector().textContains(\"Visit Scheduled!\")"}
14:15:26.285395 POST /session/21bbd8dd-7783-4504-81ed-a6c33c762a27/element [6.566416ms] OK body={"strategy":"-android uiautomator","selector":"new UiSelector().textContains(\"You're all set to vis...
14:15:26.432683 GET /session/21bbd8dd-7783-4504-81ed-a6c33c762a27/screenshot [146.202292ms] OK body=
14:15:26.447726 POST /session/21bbd8dd-7783-4504-81ed-a6c33c762a27/element [14.030042ms] ERR:404 body={"strategy":"-android uiautomator","selector":"new UiSelector().textContains(\"Done\").clickable(tru...
14:15:26.461020 POST /session/21bbd8dd-7783-4504-81ed-a6c33c762a27/element [13.19975ms] ERR:404 body={"strategy":"-android uiautomator","selector":"new UiSelector().descriptionContains(\"Done\").clicka...
14:15:26.466838 POST /session/21bbd8dd-7783-4504-81ed-a6c33c762a27/element [5.753ms] OK body={"strategy":"-android uiautomator","selector":"new UiSelector().textContains(\"Done\")"}
14:15:26.498090 GET /session/21bbd8dd-7783-4504-81ed-a6c33c762a27/source [31.137125ms] OK body=
14:15:26.561729 POST /session/21bbd8dd-7783-4504-81ed-a6c33c762a27/appium/gestures/click [63.1335ms] OK body={"offset":{"x":540,"y":1312}}
14:15:26.627559 POST /session/21bbd8dd-7783-4504-81ed-a6c33c762a27/element [65.331708ms] OK body={"strategy":"-android uiautomator","selector":"new UiSelector().textContains(\"Half Dome\")"}
14:15:26.633127 DELETE /session/21bbd8dd-7783-4504-81ed-a6c33c762a27 [2.758416ms] OK body=
