14:15:20.375766 [INFO] === Test execution started ===
14:15:20.375837 [INFO] Output directory: /Users/kyle/Developer/grantiva-cli/.worktrees/qa-android/findings/evidence/AND-062/r5554
14:15:20.375841 [INFO] Platform: android
14:15:20.375845 [INFO] Driver: uiautomator2
14:15:20.376117 [INFO] Validated 1 flow(s)
14:15:20.376132 [INFO] Single device execution mode
14:15:20.376137 [INFO] Starting flow execution (parallel: false, devices: [])
14:15:20.376141 [INFO] Creating driver for single device execution
14:15:20.376145 [INFO] Connecting to Android device: emulator-5554
14:15:20.457183 [INFO] Device info: google sdk_gphone64_arm64, SDK 35, Serial emulator-5554, Emulator: true
14:15:20.479911 [INFO] Starting UIAutomator2 server on device emulator-5554
14:15:20.885705 [WARN] failed to remove default socket forward for /tmp/uia2-emulator-5554.sock: adb forward --remove localfilesystem:/tmp/uia2-emulator-5554.sock: exit status 1: adb: error: listener 'localfilesystem:/tmp/uia2-emulator-5554.sock' not found
14:15:20.898247 [WARN] failed to remove adb forward for tcp:6790: adb forward --remove tcp:6790: exit status 1: adb: error: listener 'tcp:6790' not found
14:15:21.982523 [INFO] Creating UIAutomator2 session with capabilities: Platform=Android, Device=sdk_gphone64_arm64
14:15:21.991765 [INFO] Session created successfully: 21bbd8dd-7783-4504-81ed-a6c33c762a27
14:15:22.051014 [INFO] Driver created: android on google sdk_gphone64_arm64
14:15:22.053026 [INFO] === Starting flow: 06-visit ===
14:15:22.053039 [INFO] Flow file: /var/folders/jv/76l6crmx6nl3hf150gzry_ym0000gn/T/grantiva-F3ECE245-D5A3-4C4C-8968-E12E422E2D3E/0/06-visit.yaml
14:15:22.053043 [INFO] Total steps: 8
14:15:22.062144 [DEBUG] Executing step 0: launchApp
14:15:24.044172 [DEBUG] Step 0 completed successfully (1982ms): launchApp
14:15:24.044608 [DEBUG] Executing step 1: tapOn: text="Half Dome"
14:15:24.044835 [DEBUG] Flutter: parallel search (text="Half Dome", id="")
14:15:24.278373 [DEBUG] Flutter fallback: failed to get trees: no Flutter VM service found
14:15:24.373841 [DEBUG] Flutter fallback: failed to get trees: no Flutter VM service found
14:15:24.462566 [DEBUG] Flutter fallback: failed to get trees: no Flutter VM service found
14:15:24.547187 [DEBUG] Flutter fallback: failed to get trees: no Flutter VM service found
14:15:24.827193 [DEBUG] Flutter fallback: failed to get trees: no Flutter VM service found
14:15:25.056608 [DEBUG] Flutter fallback: failed to get trees: no Flutter VM service found
14:15:25.144144 [DEBUG] Flutter fallback: failed to get trees: no Flutter VM service found
14:15:25.237341 [DEBUG] Flutter fallback: failed to get trees: no Flutter VM service found
14:15:25.340313 [DEBUG] Flutter fallback: failed to get trees: no Flutter VM service found
14:15:25.492092 [DEBUG] Flutter fallback: failed to get trees: no Flutter VM service found
14:15:25.492170 [DEBUG] Step 1 completed successfully (1447ms): tapOn: text="Half Dome"
14:15:25.492921 [DEBUG] Executing step 2: tapOn: text="Plan Visit"
14:15:26.242002 [DEBUG] Step 2 completed successfully (749ms): tapOn: text="Plan Visit"
14:15:26.242394 [DEBUG] Executing step 3: assertVisible: text="Visit Scheduled!"
14:15:26.278046 [DEBUG] Step 3 completed successfully (35ms): assertVisible: text="Visit Scheduled!"
14:15:26.278583 [DEBUG] Executing step 4: assertVisible: text="You're all set to visit Half Dome."
14:15:26.285433 [DEBUG] Step 4 completed successfully (6ms): assertVisible: text="You're all set to visit Half Dome."
14:15:26.285880 [DEBUG] Executing step 5: takeScreenshot
14:15:26.433219 [DEBUG] Step 5 completed successfully (147ms): takeScreenshot
14:15:26.433481 [DEBUG] Executing step 6: tapOn: text="Done"
14:15:26.561747 [DEBUG] Step 6 completed successfully (128ms): tapOn: text="Done"
14:15:26.562010 [DEBUG] Executing step 7: assertVisible: text="Half Dome"
14:15:26.627611 [DEBUG] Step 7 completed successfully (65ms): assertVisible: text="Half Dome"
14:15:26.628738 [INFO] === Flow completed: 06-visit (status: passed, duration: 4575ms, passed: 8, failed: 0, skipped: 0) ===
14:15:27.042815 [WARN] failed to remove default socket forward for /tmp/uia2-emulator-5554.sock: adb forward --remove localfilesystem:/tmp/uia2-emulator-5554.sock: exit status 1: adb: error: listener 'localfilesystem:/tmp/uia2-emulator-5554.sock' not found
14:15:27.056336 [WARN] failed to remove adb forward for tcp:6790: adb forward --remove tcp:6790: exit status 1: adb: error: listener 'tcp:6790' not found
14:15:27.056372 [INFO] Flow execution completed: 1 passed, 0 failed, 0 skipped
14:15:27.056565 [INFO] Generating reports...
14:15:27.057144 [INFO] Shutting down devices started by maestro-runner...
14:15:27.057166 [INFO] Shutting down all tracked emulators
14:15:27.057174 [INFO] Shutting down all tracked simulators
