14:26:20.889744 [INFO] === Test execution started ===
14:26:20.889800 [INFO] Output directory: /Users/kyle/Developer/grantiva-cli/.worktrees/qa-ios/findings/evidence/IOS-045/rep
14:26:20.889805 [INFO] Platform: ios
14:26:20.889810 [INFO] Driver: uiautomator2
14:26:20.890088 [INFO] Validated 1 flow(s)
14:26:21.006887 [INFO] Single device execution mode
14:26:21.006909 [INFO] Starting flow execution (parallel: false, devices: [])
14:26:21.006919 [INFO] Creating driver for single device execution
14:26:21.006926 [INFO] Using specified iOS device: 6EEDCB1A-E693-488A-B34C-5A0AB5DE9400
14:26:21.119057 [INFO] Device 6EEDCB1A-E693-488A-B34C-5A0AB5DE9400 is a simulator
14:26:21.119163 [INFO] Building WDA for device 6EEDCB1A-E693-488A-B34C-5A0AB5DE9400 (team ID: )
14:26:21.333945 [INFO] WDA build completed successfully
14:26:21.333964 [INFO] Starting WDA on device 6EEDCB1A-E693-488A-B34C-5A0AB5DE9400 (port: 8876)
14:26:23.558247 [INFO] WDA started successfully on port 8876
14:26:23.915076 [DEBUG] WDA GET /window/size
14:26:24.007039 [DEBUG] WDA GET /window/size completed (91ms, status: 200)
14:26:24.007113 [INFO] Driver created: ios on qa-ios-1
14:26:24.008728 [INFO] === Starting flow: arrow ===
14:26:24.008733 [INFO] Flow file: /var/folders/jv/76l6crmx6nl3hf150gzry_ym0000gn/T/grantiva-74A3958C-A6F7-4C2B-8D57-53B1085F05E0/0/arrow.yaml
14:26:24.008737 [INFO] Total steps: 5
14:26:24.008886 [DEBUG] WDA POST /appium/settings body={"settings":{"shouldWaitForQuiescence":false,"waitForIdleTimeout":0}}
14:26:24.009363 [DEBUG] WDA POST /appium/settings completed (0ms, status: 404)
14:26:24.009410 [DEBUG] WDA POST /session body={"capabilities":{"alwaysMatch":{"bundleId":"com.kylebrowning.Landmarks","defaultAlertAction":"accept...
14:26:25.553381 [DEBUG] WDA POST /session completed (1543ms, status: 200)
14:26:25.553503 [DEBUG] WDA POST /session/B78B5FE1-E106-4ECA-A3CD-FB3C0D962110/appium/settings body={"settings":{"shouldWaitForQuiescence":false,"waitForIdleTimeout":0}}
14:26:25.715593 [DEBUG] WDA POST /session/B78B5FE1-E106-4ECA-A3CD-FB3C0D962110/appium/settings completed (162ms, status: 200)
14:26:25.716599 [DEBUG] Executing step 0: launchApp
14:26:26.154047 [DEBUG] [wda] launchApp com.kylebrowning.Landmarks: argv=[] env=map[]
14:26:26.154101 [DEBUG] WDA POST /session/B78B5FE1-E106-4ECA-A3CD-FB3C0D962110/appium/settings body={"settings":{"acceptAlertButtonSelector":"**/XCUIElementTypeButton[`label BEGINSWITH[c] 'Allow' OR l...
14:26:26.154710 [DEBUG] WDA POST /session/B78B5FE1-E106-4ECA-A3CD-FB3C0D962110/appium/settings completed (0ms, status: 200)
14:26:26.154788 [DEBUG] WDA POST /session/B78B5FE1-E106-4ECA-A3CD-FB3C0D962110/wda/apps/launch body={"bundleId":"com.kylebrowning.Landmarks"}
14:26:27.669488 [DEBUG] WDA POST /session/B78B5FE1-E106-4ECA-A3CD-FB3C0D962110/wda/apps/launch completed (1514ms, status: 200)
14:26:27.669631 [DEBUG] Step 0 completed successfully (1953ms): launchApp
14:26:27.670447 [DEBUG] Executing step 1: tapOn: text="Deep Links"
14:26:27.671357 [DEBUG] Flutter: parallel search (text="Deep Links", id="")
14:26:27.671454 [DEBUG] WDA POST /session/B78B5FE1-E106-4ECA-A3CD-FB3C0D962110/element body={"using":"predicate string","value":"((type == 'XCUIElementTypeTextField' OR type == 'XCUIElementTyp...
14:26:27.671519 [DEBUG] WDA POST /session/B78B5FE1-E106-4ECA-A3CD-FB3C0D962110/element body={"using":"class chain","value":"**/XCUIElementTypeSecureTextField[`(label CONTAINS[c] 'Deep Links' O...
14:26:27.671591 [DEBUG] WDA POST /session/B78B5FE1-E106-4ECA-A3CD-FB3C0D962110/element body={"using":"class chain","value":"**/XCUIElementTypeButton[`(label ==[c] 'Deep Links' OR name ==[c] 'D...
14:26:27.671661 [DEBUG] WDA POST /session/B78B5FE1-E106-4ECA-A3CD-FB3C0D962110/element body={"using":"class chain","value":"**/XCUIElementTypeTextField[`(label CONTAINS[c] 'Deep Links' OR valu...
14:26:27.903265 [DEBUG] WDA POST /session/B78B5FE1-E106-4ECA-A3CD-FB3C0D962110/element completed (231ms, status: 200)
14:26:27.983142 [DEBUG] WDA POST /session/B78B5FE1-E106-4ECA-A3CD-FB3C0D962110/element completed (311ms, status: 404)
14:26:28.028836 [DEBUG] WDA POST /session/B78B5FE1-E106-4ECA-A3CD-FB3C0D962110/element completed (357ms, status: 404)
14:26:28.121902 [DEBUG] WDA POST /session/B78B5FE1-E106-4ECA-A3CD-FB3C0D962110/element completed (450ms, status: 200)
14:26:28.121994 [DEBUG] WDA GET /session/B78B5FE1-E106-4ECA-A3CD-FB3C0D962110/element/1E000000-0000-0000-C815-010000000000/rect
14:26:28.122006 [DEBUG] WDA GET /session/B78B5FE1-E106-4ECA-A3CD-FB3C0D962110/element/1E000000-0000-0000-C815-010000000000/displayed
14:26:28.122023 [DEBUG] WDA GET /session/B78B5FE1-E106-4ECA-A3CD-FB3C0D962110/element/1E000000-0000-0000-C815-010000000000/text
14:26:28.122054 [DEBUG] WDA GET /session/B78B5FE1-E106-4ECA-A3CD-FB3C0D962110/element/1E000000-0000-0000-C815-010000000000/name
14:26:28.167339 [DEBUG] WDA GET /session/B78B5FE1-E106-4ECA-A3CD-FB3C0D962110/element/1E000000-0000-0000-C815-010000000000/rect completed (45ms, status: 200)
14:26:28.214999 [DEBUG] WDA GET /session/B78B5FE1-E106-4ECA-A3CD-FB3C0D962110/element/1E000000-0000-0000-C815-010000000000/displayed completed (92ms, status: 200)
14:26:28.257824 [DEBUG] WDA GET /session/B78B5FE1-E106-4ECA-A3CD-FB3C0D962110/element/1E000000-0000-0000-C815-010000000000/text completed (135ms, status: 200)
14:26:28.301266 [DEBUG] WDA GET /session/B78B5FE1-E106-4ECA-A3CD-FB3C0D962110/element/1E000000-0000-0000-C815-010000000000/name completed (179ms, status: 200)
14:26:28.301376 [DEBUG] WDA POST /session/B78B5FE1-E106-4ECA-A3CD-FB3C0D962110/element/1E000000-0000-0000-C815-010000000000/click body=
14:26:28.676665 [DEBUG] WDA POST /session/B78B5FE1-E106-4ECA-A3CD-FB3C0D962110/element/1E000000-0000-0000-C815-010000000000/click completed (375ms, status: 200)
14:26:28.969241 [DEBUG] Flutter fallback: failed to get trees: no Flutter VM service found
14:26:28.969354 [DEBUG] Step 1 completed successfully (1298ms): tapOn: text="Deep Links"
14:26:28.970363 [DEBUG] Executing step 2: tapOn: text="Mountains → Yosemite Valley"
14:26:28.970936 [DEBUG] WDA POST /session/B78B5FE1-E106-4ECA-A3CD-FB3C0D962110/element body={"using":"predicate string","value":"((type == 'XCUIElementTypeTextField' OR type == 'XCUIElementTyp...
14:26:28.970964 [DEBUG] WDA POST /session/B78B5FE1-E106-4ECA-A3CD-FB3C0D962110/element body={"using":"class chain","value":"**/XCUIElementTypeSecureTextField[`(label CONTAINS[c] 'Mountains →...
14:26:28.970989 [DEBUG] WDA POST /session/B78B5FE1-E106-4ECA-A3CD-FB3C0D962110/element body={"using":"class chain","value":"**/XCUIElementTypeButton[`(label ==[c] 'Mountains → Yosemite Valle...
14:26:28.971018 [DEBUG] WDA POST /session/B78B5FE1-E106-4ECA-A3CD-FB3C0D962110/element body={"using":"class chain","value":"**/XCUIElementTypeTextField[`(label CONTAINS[c] 'Mountains → Yosem...
14:26:29.083015 [DEBUG] WDA POST /session/B78B5FE1-E106-4ECA-A3CD-FB3C0D962110/element completed (112ms, status: 200)
14:26:29.129020 [DEBUG] WDA POST /session/B78B5FE1-E106-4ECA-A3CD-FB3C0D962110/element completed (158ms, status: 404)
14:26:29.174609 [DEBUG] WDA POST /session/B78B5FE1-E106-4ECA-A3CD-FB3C0D962110/element completed (203ms, status: 404)
14:26:29.277260 [DEBUG] WDA POST /session/B78B5FE1-E106-4ECA-A3CD-FB3C0D962110/element completed (306ms, status: 200)
14:26:29.277392 [DEBUG] WDA GET /session/B78B5FE1-E106-4ECA-A3CD-FB3C0D962110/element/2F010000-0000-0000-C815-010000000000/rect
14:26:29.277438 [DEBUG] WDA GET /session/B78B5FE1-E106-4ECA-A3CD-FB3C0D962110/element/2F010000-0000-0000-C815-010000000000/name
14:26:29.277494 [DEBUG] WDA GET /session/B78B5FE1-E106-4ECA-A3CD-FB3C0D962110/element/2F010000-0000-0000-C815-010000000000/displayed
14:26:29.277537 [DEBUG] WDA GET /session/B78B5FE1-E106-4ECA-A3CD-FB3C0D962110/element/2F010000-0000-0000-C815-010000000000/text
14:26:29.323703 [DEBUG] WDA GET /session/B78B5FE1-E106-4ECA-A3CD-FB3C0D962110/element/2F010000-0000-0000-C815-010000000000/rect completed (46ms, status: 200)
14:26:29.370304 [DEBUG] WDA GET /session/B78B5FE1-E106-4ECA-A3CD-FB3C0D962110/element/2F010000-0000-0000-C815-010000000000/name completed (92ms, status: 200)
14:26:29.418703 [DEBUG] WDA GET /session/B78B5FE1-E106-4ECA-A3CD-FB3C0D962110/element/2F010000-0000-0000-C815-010000000000/displayed completed (141ms, status: 200)
14:26:29.463468 [DEBUG] WDA GET /session/B78B5FE1-E106-4ECA-A3CD-FB3C0D962110/element/2F010000-0000-0000-C815-010000000000/text completed (186ms, status: 200)
14:26:29.463565 [DEBUG] WDA POST /session/B78B5FE1-E106-4ECA-A3CD-FB3C0D962110/element/2F010000-0000-0000-C815-010000000000/click body=
14:26:29.842903 [DEBUG] WDA POST /session/B78B5FE1-E106-4ECA-A3CD-FB3C0D962110/element/2F010000-0000-0000-C815-010000000000/click completed (379ms, status: 200)
14:26:29.843049 [DEBUG] Step 2 completed successfully (872ms): tapOn: text="Mountains → Yosemite Valley"
14:26:29.845764 [DEBUG] Executing step 3: assertVisible: text="Yosemite, CA"
14:26:29.847350 [DEBUG] WDA POST /session/B78B5FE1-E106-4ECA-A3CD-FB3C0D962110/element body={"using":"predicate string","value":"(label CONTAINS[c] 'Yosemite, CA' OR name CONTAINS[c] 'Yosemite...
14:26:29.923439 [DEBUG] WDA POST /session/B78B5FE1-E106-4ECA-A3CD-FB3C0D962110/element completed (76ms, status: 200)
14:26:29.923522 [DEBUG] WDA GET /session/B78B5FE1-E106-4ECA-A3CD-FB3C0D962110/element/55010000-0000-0000-C815-010000000000/name
14:26:29.923583 [DEBUG] WDA GET /session/B78B5FE1-E106-4ECA-A3CD-FB3C0D962110/element/55010000-0000-0000-C815-010000000000/rect
14:26:29.923622 [DEBUG] WDA GET /session/B78B5FE1-E106-4ECA-A3CD-FB3C0D962110/element/55010000-0000-0000-C815-010000000000/text
14:26:29.923659 [DEBUG] WDA GET /session/B78B5FE1-E106-4ECA-A3CD-FB3C0D962110/element/55010000-0000-0000-C815-010000000000/displayed
14:26:29.958209 [DEBUG] WDA GET /session/B78B5FE1-E106-4ECA-A3CD-FB3C0D962110/element/55010000-0000-0000-C815-010000000000/name completed (34ms, status: 200)
14:26:30.033433 [DEBUG] WDA GET /session/B78B5FE1-E106-4ECA-A3CD-FB3C0D962110/element/55010000-0000-0000-C815-010000000000/rect completed (109ms, status: 200)
14:26:30.065683 [DEBUG] WDA GET /session/B78B5FE1-E106-4ECA-A3CD-FB3C0D962110/element/55010000-0000-0000-C815-010000000000/text completed (142ms, status: 200)
14:26:30.103678 [DEBUG] WDA GET /session/B78B5FE1-E106-4ECA-A3CD-FB3C0D962110/element/55010000-0000-0000-C815-010000000000/displayed completed (180ms, status: 200)
14:26:30.104207 [DEBUG] Step 3 completed successfully (258ms): assertVisible: text="Yosemite, CA"
14:26:30.105016 [DEBUG] Executing step 4: takeScreenshot
14:26:30.105523 [DEBUG] WDA GET /session/B78B5FE1-E106-4ECA-A3CD-FB3C0D962110/screenshot
14:26:30.192159 [DEBUG] WDA GET /session/B78B5FE1-E106-4ECA-A3CD-FB3C0D962110/screenshot completed (86ms, status: 200)
14:26:30.201611 [DEBUG] Step 4 completed successfully (96ms): takeScreenshot
14:26:30.203048 [INFO] === Flow completed: arrow (status: passed, duration: 6194ms, passed: 5, failed: 0, skipped: 0) ===
14:26:30.204568 [INFO] Flow execution completed: 1 passed, 0 failed, 0 skipped
14:26:30.204683 [INFO] Generating reports...
14:26:30.205357 [INFO] Shutting down devices started by maestro-runner...
14:26:30.205374 [INFO] Shutting down all tracked emulators
14:26:30.205383 [INFO] Shutting down all tracked simulators
