13:58:25.235688 [INFO] === Test execution started ===
13:58:25.235755 [INFO] Output directory: /Users/kyle/Developer/grantiva-cli/.worktrees/qa-android/findings/evidence/AND-028/report-config-id
13:58:25.235761 [INFO] Platform: android
13:58:25.235765 [INFO] Driver: uiautomator2
13:58:25.236030 [INFO] Validated 1 flow(s)
13:58:25.236051 [INFO] Single device execution mode
13:58:25.236056 [INFO] Starting flow execution (parallel: false, devices: [])
13:58:25.236065 [INFO] Creating driver for single device execution
13:58:25.236071 [INFO] Connecting to Android device: emulator-5554
13:58:25.315880 [INFO] Device info: google sdk_gphone64_arm64, SDK 35, Serial emulator-5554, Emulator: true
13:58:25.337568 [INFO] Starting UIAutomator2 server on device emulator-5554
13:58:25.742462 [WARN] failed to remove default socket forward for /tmp/uia2-emulator-5554.sock: adb forward --remove localfilesystem:/tmp/uia2-emulator-5554.sock: exit status 1: adb: error: listener 'localfilesystem:/tmp/uia2-emulator-5554.sock' not found
13:58:25.754601 [WARN] failed to remove adb forward for tcp:6790: adb forward --remove tcp:6790: exit status 1: adb: error: listener 'tcp:6790' not found
13:58:26.819785 [INFO] Creating UIAutomator2 session with capabilities: Platform=Android, Device=sdk_gphone64_arm64
13:58:26.827569 [INFO] Session created successfully: 7c30bddd-a265-43e1-be2a-dac231d8346b
13:58:26.882737 [INFO] Driver created: android on google sdk_gphone64_arm64
13:58:26.884732 [INFO] === Starting flow: 01-browse ===
13:58:26.884739 [INFO] Flow file: /var/folders/jv/76l6crmx6nl3hf150gzry_ym0000gn/T/grantiva-78AF7ECB-D0C8-4708-B1C3-B0DD3E3C41D9/0/01-browse.yaml
13:58:26.884743 [INFO] Total steps: 8
13:58:26.888434 [DEBUG] Executing step 0: launchApp
13:58:28.571460 [DEBUG] Step 0 completed successfully (1683ms): launchApp
13:58:28.571881 [DEBUG] Executing step 1: assertVisible: text="Landmarks"
13:58:28.572092 [DEBUG] Flutter: parallel search (text="Landmarks", id="")
13:58:28.650037 [DEBUG] Flutter fallback: failed to get trees: no Flutter VM service found
13:58:28.734777 [DEBUG] Flutter fallback: failed to get trees: no Flutter VM service found
13:58:28.813224 [DEBUG] Flutter fallback: failed to get trees: no Flutter VM service found
13:58:28.890175 [DEBUG] Flutter fallback: failed to get trees: no Flutter VM service found
13:58:28.972142 [DEBUG] Flutter fallback: failed to get trees: no Flutter VM service found
13:58:28.972207 [DEBUG] Step 1 completed successfully (400ms): assertVisible: text="Landmarks"
13:58:28.972607 [DEBUG] Executing step 2: assertVisible: text="Featured"
13:58:29.498949 [DEBUG] Step 2 completed successfully (526ms): assertVisible: text="Featured"
13:58:29.499329 [DEBUG] Executing step 3: takeScreenshot
13:58:29.679911 [DEBUG] Step 3 completed successfully (180ms): takeScreenshot
13:58:29.680178 [DEBUG] Executing step 4: tapOn: text="Golden Gate Bridge"
13:58:29.931566 [DEBUG] Step 4 completed successfully (251ms): tapOn: text="Golden Gate Bridge"
13:58:29.931931 [DEBUG] Executing step 5: assertVisible: text="San Francisco, CA"
13:58:30.543091 [DEBUG] Step 5 completed successfully (611ms): assertVisible: text="San Francisco, CA"
13:58:30.543885 [DEBUG] Executing step 6: assertVisible: text="Plan Visit"
13:58:30.557079 [DEBUG] Step 6 completed successfully (13ms): assertVisible: text="Plan Visit"
13:58:30.557520 [DEBUG] Executing step 7: takeScreenshot
13:58:30.684799 [DEBUG] Step 7 completed successfully (127ms): takeScreenshot
13:58:30.685758 [INFO] === Flow completed: 01-browse (status: passed, duration: 3801ms, passed: 8, failed: 0, skipped: 0) ===
13:58:31.062276 [WARN] failed to remove default socket forward for /tmp/uia2-emulator-5554.sock: adb forward --remove localfilesystem:/tmp/uia2-emulator-5554.sock: exit status 1: adb: error: listener 'localfilesystem:/tmp/uia2-emulator-5554.sock' not found
13:58:31.073600 [WARN] failed to remove adb forward for tcp:6790: adb forward --remove tcp:6790: exit status 1: adb: error: listener 'tcp:6790' not found
13:58:31.073627 [INFO] Flow execution completed: 1 passed, 0 failed, 0 skipped
13:58:31.073831 [INFO] Generating reports...
13:58:31.074398 [INFO] Shutting down devices started by maestro-runner...
13:58:31.074414 [INFO] Shutting down all tracked emulators
13:58:31.074422 [INFO] Shutting down all tracked simulators
