14:29:20.890881 [INFO] === Test execution started ===
14:29:20.890959 [INFO] Output directory: /Users/kyle/Developer/grantiva-cli/.worktrees/qa-ios/findings/evidence/IOS-059/a3
14:29:20.890964 [INFO] Platform: ios
14:29:20.890969 [INFO] Driver: uiautomator2
14:29:20.891273 [INFO] Validated 1 flow(s)
14:29:21.019667 [INFO] Single device execution mode
14:29:21.019683 [INFO] Starting flow execution (parallel: false, devices: [])
14:29:21.019695 [INFO] Creating driver for single device execution
14:29:21.019702 [INFO] Using specified iOS device: 6EEDCB1A-E693-488A-B34C-5A0AB5DE9400
14:29:21.139373 [INFO] Device 6EEDCB1A-E693-488A-B34C-5A0AB5DE9400 is a simulator
14:29:21.139466 [INFO] Building WDA for device 6EEDCB1A-E693-488A-B34C-5A0AB5DE9400 (team ID: )
14:29:21.380777 [INFO] WDA build completed successfully
14:29:21.380794 [INFO] Starting WDA on device 6EEDCB1A-E693-488A-B34C-5A0AB5DE9400 (port: 8876)
14:29:23.630144 [INFO] WDA started successfully on port 8876
14:29:24.022601 [DEBUG] WDA GET /window/size
14:29:24.096181 [DEBUG] WDA GET /window/size completed (73ms, status: 200)
14:29:24.096257 [INFO] Driver created: ios on qa-ios-1
14:29:24.097765 [INFO] === Starting flow: 06-visit ===
14:29:24.097771 [INFO] Flow file: /var/folders/jv/76l6crmx6nl3hf150gzry_ym0000gn/T/grantiva-CDB14D13-B848-4F5D-85D8-63CA9E257A1A/0/06-visit.yaml
14:29:24.097774 [INFO] Total steps: 8
14:29:24.097884 [DEBUG] WDA POST /appium/settings body={"settings":{"shouldWaitForQuiescence":false,"waitForIdleTimeout":0}}
14:29:24.098358 [DEBUG] WDA POST /appium/settings completed (0ms, status: 404)
14:29:24.098416 [DEBUG] WDA POST /session body={"capabilities":{"alwaysMatch":{"bundleId":"com.kylebrowning.Landmarks","defaultAlertAction":"accept...
14:29:26.705961 [DEBUG] WDA POST /session completed (2607ms, status: 200)
14:29:26.706018 [DEBUG] WDA POST /session/B9D88FDD-BBE2-4D42-AFBD-FF076A248F82/appium/settings body={"settings":{"shouldWaitForQuiescence":false,"waitForIdleTimeout":0}}
14:29:26.824338 [DEBUG] WDA POST /session/B9D88FDD-BBE2-4D42-AFBD-FF076A248F82/appium/settings completed (118ms, status: 200)
14:29:26.824773 [DEBUG] Executing step 0: launchApp
14:29:27.296824 [DEBUG] [wda] launchApp com.kylebrowning.Landmarks: argv=[] env=map[]
14:29:27.296885 [DEBUG] WDA POST /session/B9D88FDD-BBE2-4D42-AFBD-FF076A248F82/appium/settings body={"settings":{"acceptAlertButtonSelector":"**/XCUIElementTypeButton[`label BEGINSWITH[c] 'Allow' OR l...
14:29:27.297517 [DEBUG] WDA POST /session/B9D88FDD-BBE2-4D42-AFBD-FF076A248F82/appium/settings completed (0ms, status: 200)
14:29:27.297612 [DEBUG] WDA POST /session/B9D88FDD-BBE2-4D42-AFBD-FF076A248F82/wda/apps/launch body={"bundleId":"com.kylebrowning.Landmarks"}
14:29:28.815252 [DEBUG] WDA POST /session/B9D88FDD-BBE2-4D42-AFBD-FF076A248F82/wda/apps/launch completed (1517ms, status: 200)
14:29:28.815329 [DEBUG] Step 0 completed successfully (1990ms): launchApp
14:29:28.815683 [DEBUG] Executing step 1: tapOn: text="Half Dome"
14:29:28.815900 [DEBUG] Flutter: parallel search (text="Half Dome", id="")
14:29:28.815932 [DEBUG] WDA POST /session/B9D88FDD-BBE2-4D42-AFBD-FF076A248F82/element body={"using":"predicate string","value":"((type == 'XCUIElementTypeTextField' OR type == 'XCUIElementTyp...
14:29:28.815954 [DEBUG] WDA POST /session/B9D88FDD-BBE2-4D42-AFBD-FF076A248F82/element body={"using":"class chain","value":"**/XCUIElementTypeSecureTextField[`(label CONTAINS[c] 'Half Dome' OR...
14:29:28.815979 [DEBUG] WDA POST /session/B9D88FDD-BBE2-4D42-AFBD-FF076A248F82/element body={"using":"class chain","value":"**/XCUIElementTypeTextField[`(label CONTAINS[c] 'Half Dome' OR value...
14:29:28.816015 [DEBUG] WDA POST /session/B9D88FDD-BBE2-4D42-AFBD-FF076A248F82/element body={"using":"class chain","value":"**/XCUIElementTypeButton[`(label ==[c] 'Half Dome' OR name ==[c] 'Ha...
14:29:28.981886 [DEBUG] WDA POST /session/B9D88FDD-BBE2-4D42-AFBD-FF076A248F82/element completed (165ms, status: 404)
14:29:29.058046 [DEBUG] WDA POST /session/B9D88FDD-BBE2-4D42-AFBD-FF076A248F82/element completed (242ms, status: 404)
14:29:29.103437 [DEBUG] WDA POST /session/B9D88FDD-BBE2-4D42-AFBD-FF076A248F82/element completed (287ms, status: 404)
14:29:29.147949 [DEBUG] WDA POST /session/B9D88FDD-BBE2-4D42-AFBD-FF076A248F82/element completed (332ms, status: 404)
14:29:29.155633 [DEBUG] WDA POST /session/B9D88FDD-BBE2-4D42-AFBD-FF076A248F82/element body={"using":"predicate string","value":"(label == 'Half Dome' OR name == 'Half Dome' OR value == 'Half ...
14:29:29.258041 [DEBUG] WDA POST /session/B9D88FDD-BBE2-4D42-AFBD-FF076A248F82/element completed (102ms, status: 200)
14:29:29.258099 [DEBUG] WDA GET /session/B9D88FDD-BBE2-4D42-AFBD-FF076A248F82/element/98000000-0000-0000-8C33-010000000000/text
14:29:29.258125 [DEBUG] WDA GET /session/B9D88FDD-BBE2-4D42-AFBD-FF076A248F82/element/98000000-0000-0000-8C33-010000000000/name
14:29:29.258164 [DEBUG] WDA GET /session/B9D88FDD-BBE2-4D42-AFBD-FF076A248F82/element/98000000-0000-0000-8C33-010000000000/rect
14:29:29.258183 [DEBUG] WDA GET /session/B9D88FDD-BBE2-4D42-AFBD-FF076A248F82/element/98000000-0000-0000-8C33-010000000000/displayed
14:29:29.303918 [DEBUG] WDA GET /session/B9D88FDD-BBE2-4D42-AFBD-FF076A248F82/element/98000000-0000-0000-8C33-010000000000/text completed (45ms, status: 200)
14:29:29.351202 [DEBUG] WDA GET /session/B9D88FDD-BBE2-4D42-AFBD-FF076A248F82/element/98000000-0000-0000-8C33-010000000000/name completed (93ms, status: 200)
14:29:29.397923 [DEBUG] WDA GET /session/B9D88FDD-BBE2-4D42-AFBD-FF076A248F82/element/98000000-0000-0000-8C33-010000000000/rect completed (139ms, status: 200)
14:29:29.450310 [DEBUG] WDA GET /session/B9D88FDD-BBE2-4D42-AFBD-FF076A248F82/element/98000000-0000-0000-8C33-010000000000/displayed completed (192ms, status: 200)
14:29:29.450402 [DEBUG] WDA POST /session/B9D88FDD-BBE2-4D42-AFBD-FF076A248F82/element/98000000-0000-0000-8C33-010000000000/click body=
14:29:29.829436 [DEBUG] WDA POST /session/B9D88FDD-BBE2-4D42-AFBD-FF076A248F82/element/98000000-0000-0000-8C33-010000000000/click completed (379ms, status: 200)
14:29:29.851644 [DEBUG] Flutter fallback: failed to get trees: no Flutter VM service found
14:29:29.851679 [DEBUG] Step 1 completed successfully (1035ms): tapOn: text="Half Dome"
14:29:29.852003 [DEBUG] Executing step 2: tapOn: text="Plan Visit"
14:29:29.852211 [DEBUG] WDA POST /session/B9D88FDD-BBE2-4D42-AFBD-FF076A248F82/element body={"using":"predicate string","value":"((type == 'XCUIElementTypeTextField' OR type == 'XCUIElementTyp...
14:29:29.852219 [DEBUG] WDA POST /session/B9D88FDD-BBE2-4D42-AFBD-FF076A248F82/element body={"using":"class chain","value":"**/XCUIElementTypeButton[`(label ==[c] 'Plan Visit' OR name ==[c] 'P...
14:29:29.852226 [DEBUG] WDA POST /session/B9D88FDD-BBE2-4D42-AFBD-FF076A248F82/element body={"using":"class chain","value":"**/XCUIElementTypeTextField[`(label CONTAINS[c] 'Plan Visit' OR valu...
14:29:29.852241 [DEBUG] WDA POST /session/B9D88FDD-BBE2-4D42-AFBD-FF076A248F82/element body={"using":"class chain","value":"**/XCUIElementTypeSecureTextField[`(label CONTAINS[c] 'Plan Visit' O...
14:29:29.986276 [DEBUG] WDA POST /session/B9D88FDD-BBE2-4D42-AFBD-FF076A248F82/element completed (134ms, status: 200)
14:29:30.047153 [DEBUG] WDA POST /session/B9D88FDD-BBE2-4D42-AFBD-FF076A248F82/element completed (194ms, status: 404)
14:29:30.108654 [DEBUG] WDA POST /session/B9D88FDD-BBE2-4D42-AFBD-FF076A248F82/element completed (256ms, status: 404)
14:29:30.244883 [DEBUG] WDA POST /session/B9D88FDD-BBE2-4D42-AFBD-FF076A248F82/element completed (392ms, status: 200)
14:29:30.244935 [DEBUG] WDA GET /session/B9D88FDD-BBE2-4D42-AFBD-FF076A248F82/element/D1000000-0000-0000-8C33-010000000000/name
14:29:30.244956 [DEBUG] WDA GET /session/B9D88FDD-BBE2-4D42-AFBD-FF076A248F82/element/D1000000-0000-0000-8C33-010000000000/rect
14:29:30.244980 [DEBUG] WDA GET /session/B9D88FDD-BBE2-4D42-AFBD-FF076A248F82/element/D1000000-0000-0000-8C33-010000000000/text
14:29:30.245000 [DEBUG] WDA GET /session/B9D88FDD-BBE2-4D42-AFBD-FF076A248F82/element/D1000000-0000-0000-8C33-010000000000/displayed
14:29:30.280933 [DEBUG] WDA GET /session/B9D88FDD-BBE2-4D42-AFBD-FF076A248F82/element/D1000000-0000-0000-8C33-010000000000/rect completed (35ms, status: 200)
14:29:30.316908 [DEBUG] WDA GET /session/B9D88FDD-BBE2-4D42-AFBD-FF076A248F82/element/D1000000-0000-0000-8C33-010000000000/name completed (71ms, status: 200)
14:29:30.358591 [DEBUG] WDA GET /session/B9D88FDD-BBE2-4D42-AFBD-FF076A248F82/element/D1000000-0000-0000-8C33-010000000000/displayed completed (113ms, status: 200)
14:29:30.392431 [DEBUG] WDA GET /session/B9D88FDD-BBE2-4D42-AFBD-FF076A248F82/element/D1000000-0000-0000-8C33-010000000000/text completed (147ms, status: 200)
14:29:30.397838 [DEBUG] WDA POST /session/B9D88FDD-BBE2-4D42-AFBD-FF076A248F82/element/D1000000-0000-0000-8C33-010000000000/click body=
14:29:30.762697 [DEBUG] WDA POST /session/B9D88FDD-BBE2-4D42-AFBD-FF076A248F82/element/D1000000-0000-0000-8C33-010000000000/click completed (364ms, status: 200)
14:29:30.762758 [DEBUG] Step 2 completed successfully (910ms): tapOn: text="Plan Visit"
14:29:30.763113 [DEBUG] Executing step 3: assertVisible: text="Visit Scheduled!"
14:29:30.763528 [DEBUG] WDA POST /session/B9D88FDD-BBE2-4D42-AFBD-FF076A248F82/element body={"using":"predicate string","value":"(label CONTAINS[c] 'Visit Scheduled!' OR name CONTAINS[c] 'Visi...
14:29:30.831761 [DEBUG] WDA POST /session/B9D88FDD-BBE2-4D42-AFBD-FF076A248F82/element completed (68ms, status: 200)
14:29:30.831813 [DEBUG] WDA GET /session/B9D88FDD-BBE2-4D42-AFBD-FF076A248F82/element/E0000000-0000-0000-8C33-010000000000/name
14:29:30.831834 [DEBUG] WDA GET /session/B9D88FDD-BBE2-4D42-AFBD-FF076A248F82/element/E0000000-0000-0000-8C33-010000000000/rect
14:29:30.831857 [DEBUG] WDA GET /session/B9D88FDD-BBE2-4D42-AFBD-FF076A248F82/element/E0000000-0000-0000-8C33-010000000000/text
14:29:30.831874 [DEBUG] WDA GET /session/B9D88FDD-BBE2-4D42-AFBD-FF076A248F82/element/E0000000-0000-0000-8C33-010000000000/displayed
14:29:30.860551 [DEBUG] WDA GET /session/B9D88FDD-BBE2-4D42-AFBD-FF076A248F82/element/E0000000-0000-0000-8C33-010000000000/rect completed (28ms, status: 200)
14:29:30.889912 [DEBUG] WDA GET /session/B9D88FDD-BBE2-4D42-AFBD-FF076A248F82/element/E0000000-0000-0000-8C33-010000000000/name completed (58ms, status: 200)
14:29:30.921763 [DEBUG] WDA GET /session/B9D88FDD-BBE2-4D42-AFBD-FF076A248F82/element/E0000000-0000-0000-8C33-010000000000/displayed completed (89ms, status: 200)
14:29:30.948261 [DEBUG] WDA GET /session/B9D88FDD-BBE2-4D42-AFBD-FF076A248F82/element/E0000000-0000-0000-8C33-010000000000/text completed (116ms, status: 200)
14:29:30.948312 [DEBUG] Step 3 completed successfully (185ms): assertVisible: text="Visit Scheduled!"
14:29:30.948633 [DEBUG] Executing step 4: assertVisible: text="You're all set to visit Half Dome."
14:29:30.948825 [DEBUG] WDA POST /session/B9D88FDD-BBE2-4D42-AFBD-FF076A248F82/element body={"using":"predicate string","value":"(label CONTAINS[c] 'You're all set to visit Half Dome.' OR name...
14:29:30.950635 [DEBUG] WDA POST /session/B9D88FDD-BBE2-4D42-AFBD-FF076A248F82/element completed (1ms, status: 500)
14:29:30.950703 [DEBUG] WDA GET /session/B9D88FDD-BBE2-4D42-AFBD-FF076A248F82/source
14:29:31.196716 [DEBUG] WDA GET /session/B9D88FDD-BBE2-4D42-AFBD-FF076A248F82/source completed (246ms, status: 200)
14:29:31.196915 [DEBUG] Step 4 completed successfully (248ms): assertVisible: text="You're all set to visit Half Dome."
14:29:31.197236 [DEBUG] Executing step 5: takeScreenshot
14:29:31.197389 [DEBUG] WDA GET /session/B9D88FDD-BBE2-4D42-AFBD-FF076A248F82/screenshot
14:29:31.272261 [DEBUG] WDA GET /session/B9D88FDD-BBE2-4D42-AFBD-FF076A248F82/screenshot completed (74ms, status: 200)
14:29:31.273237 [DEBUG] Step 5 completed successfully (76ms): takeScreenshot
14:29:31.273482 [DEBUG] Executing step 6: tapOn: text="Done"
14:29:31.273679 [DEBUG] WDA POST /session/B9D88FDD-BBE2-4D42-AFBD-FF076A248F82/element body={"using":"predicate string","value":"((type == 'XCUIElementTypeTextField' OR type == 'XCUIElementTyp...
14:29:31.273684 [DEBUG] WDA POST /session/B9D88FDD-BBE2-4D42-AFBD-FF076A248F82/element body={"using":"class chain","value":"**/XCUIElementTypeSecureTextField[`(label CONTAINS[c] 'Done' OR valu...
14:29:31.273705 [DEBUG] WDA POST /session/B9D88FDD-BBE2-4D42-AFBD-FF076A248F82/element body={"using":"class chain","value":"**/XCUIElementTypeTextField[`(label CONTAINS[c] 'Done' OR value CONT...
14:29:31.273721 [DEBUG] WDA POST /session/B9D88FDD-BBE2-4D42-AFBD-FF076A248F82/element body={"using":"class chain","value":"**/XCUIElementTypeButton[`(label ==[c] 'Done' OR name ==[c] 'Done')`...
14:29:31.306348 [DEBUG] WDA POST /session/B9D88FDD-BBE2-4D42-AFBD-FF076A248F82/element completed (32ms, status: 200)
14:29:31.321224 [DEBUG] WDA POST /session/B9D88FDD-BBE2-4D42-AFBD-FF076A248F82/element completed (47ms, status: 404)
14:29:31.352884 [DEBUG] WDA POST /session/B9D88FDD-BBE2-4D42-AFBD-FF076A248F82/element completed (79ms, status: 200)
14:29:31.368934 [DEBUG] WDA POST /session/B9D88FDD-BBE2-4D42-AFBD-FF076A248F82/element completed (95ms, status: 404)
14:29:31.369040 [DEBUG] WDA GET /session/B9D88FDD-BBE2-4D42-AFBD-FF076A248F82/element/E2000000-0000-0000-8C33-010000000000/name
14:29:31.369083 [DEBUG] WDA GET /session/B9D88FDD-BBE2-4D42-AFBD-FF076A248F82/element/E2000000-0000-0000-8C33-010000000000/text
14:29:31.369106 [DEBUG] WDA GET /session/B9D88FDD-BBE2-4D42-AFBD-FF076A248F82/element/E2000000-0000-0000-8C33-010000000000/rect
14:29:31.369120 [DEBUG] WDA GET /session/B9D88FDD-BBE2-4D42-AFBD-FF076A248F82/element/E2000000-0000-0000-8C33-010000000000/displayed
14:29:31.384305 [DEBUG] WDA GET /session/B9D88FDD-BBE2-4D42-AFBD-FF076A248F82/element/E2000000-0000-0000-8C33-010000000000/name completed (15ms, status: 200)
14:29:31.397510 [DEBUG] WDA GET /session/B9D88FDD-BBE2-4D42-AFBD-FF076A248F82/element/E2000000-0000-0000-8C33-010000000000/text completed (28ms, status: 200)
14:29:31.414957 [DEBUG] WDA GET /session/B9D88FDD-BBE2-4D42-AFBD-FF076A248F82/element/E2000000-0000-0000-8C33-010000000000/displayed completed (45ms, status: 200)
14:29:31.429617 [DEBUG] WDA GET /session/B9D88FDD-BBE2-4D42-AFBD-FF076A248F82/element/E2000000-0000-0000-8C33-010000000000/rect completed (60ms, status: 200)
14:29:31.429665 [DEBUG] WDA POST /session/B9D88FDD-BBE2-4D42-AFBD-FF076A248F82/element/E2000000-0000-0000-8C33-010000000000/click body=
14:29:31.749722 [DEBUG] WDA POST /session/B9D88FDD-BBE2-4D42-AFBD-FF076A248F82/element/E2000000-0000-0000-8C33-010000000000/click completed (320ms, status: 200)
14:29:31.749769 [DEBUG] Step 6 completed successfully (476ms): tapOn: text="Done"
14:29:31.750115 [DEBUG] Executing step 7: assertVisible: text="Half Dome"
14:29:31.750512 [DEBUG] WDA POST /session/B9D88FDD-BBE2-4D42-AFBD-FF076A248F82/element body={"using":"predicate string","value":"(label CONTAINS[c] 'Half Dome' OR name CONTAINS[c] 'Half Dome' ...
14:29:31.856679 [DEBUG] WDA POST /session/B9D88FDD-BBE2-4D42-AFBD-FF076A248F82/element completed (106ms, status: 200)
14:29:31.856720 [DEBUG] WDA GET /session/B9D88FDD-BBE2-4D42-AFBD-FF076A248F82/element/E1000000-0000-0000-8C33-010000000000/name
14:29:31.856742 [DEBUG] WDA GET /session/B9D88FDD-BBE2-4D42-AFBD-FF076A248F82/element/E1000000-0000-0000-8C33-010000000000/rect
14:29:31.856760 [DEBUG] WDA GET /session/B9D88FDD-BBE2-4D42-AFBD-FF076A248F82/element/E1000000-0000-0000-8C33-010000000000/text
14:29:31.856779 [DEBUG] WDA GET /session/B9D88FDD-BBE2-4D42-AFBD-FF076A248F82/element/E1000000-0000-0000-8C33-010000000000/displayed
14:29:31.903811 [DEBUG] WDA GET /session/B9D88FDD-BBE2-4D42-AFBD-FF076A248F82/element/E1000000-0000-0000-8C33-010000000000/name completed (47ms, status: 200)
14:29:31.950067 [DEBUG] WDA GET /session/B9D88FDD-BBE2-4D42-AFBD-FF076A248F82/element/E1000000-0000-0000-8C33-010000000000/rect completed (93ms, status: 200)
14:29:32.008463 [DEBUG] WDA GET /session/B9D88FDD-BBE2-4D42-AFBD-FF076A248F82/element/E1000000-0000-0000-8C33-010000000000/displayed completed (151ms, status: 200)
14:29:32.053272 [DEBUG] WDA GET /session/B9D88FDD-BBE2-4D42-AFBD-FF076A248F82/element/E1000000-0000-0000-8C33-010000000000/text completed (196ms, status: 200)
14:29:32.053329 [DEBUG] WDA GET /session/B9D88FDD-BBE2-4D42-AFBD-FF076A248F82/source
14:29:32.788126 [DEBUG] WDA GET /session/B9D88FDD-BBE2-4D42-AFBD-FF076A248F82/source completed (734ms, status: 200)
14:29:32.788856 [DEBUG] Step 7 completed successfully (1038ms): assertVisible: text="Half Dome"
14:29:32.790038 [INFO] === Flow completed: 06-visit (status: passed, duration: 8692ms, passed: 8, failed: 0, skipped: 0) ===
14:29:32.790994 [INFO] Flow execution completed: 1 passed, 0 failed, 0 skipped
14:29:32.791074 [INFO] Generating reports...
14:29:32.791456 [INFO] Shutting down devices started by maestro-runner...
14:29:32.791467 [INFO] Shutting down all tracked emulators
14:29:32.791473 [INFO] Shutting down all tracked simulators
