14:40:34.845356 [INFO] === Test execution started ===
14:40:34.845408 [INFO] Output directory: /Users/kyle/Developer/grantiva-cli/.worktrees/qa-ios/findings/evidence/IOS-F-04flaky/run1
14:40:34.845412 [INFO] Platform: ios
14:40:34.845415 [INFO] Driver: uiautomator2
14:40:34.845654 [INFO] Validated 1 flow(s)
14:40:34.948702 [INFO] Single device execution mode
14:40:34.948725 [INFO] Starting flow execution (parallel: false, devices: [])
14:40:34.948731 [INFO] Creating driver for single device execution
14:40:34.948736 [INFO] Using specified iOS device: 6EEDCB1A-E693-488A-B34C-5A0AB5DE9400
14:40:35.050569 [INFO] Device 6EEDCB1A-E693-488A-B34C-5A0AB5DE9400 is a simulator
14:40:35.050677 [INFO] Building WDA for device 6EEDCB1A-E693-488A-B34C-5A0AB5DE9400 (team ID: )
14:40:35.260698 [INFO] WDA build completed successfully
14:40:35.260713 [INFO] Starting WDA on device 6EEDCB1A-E693-488A-B34C-5A0AB5DE9400 (port: 8876)
14:40:37.476101 [INFO] WDA started successfully on port 8876
14:40:37.817887 [DEBUG] WDA GET /window/size
14:40:37.878704 [DEBUG] WDA GET /window/size completed (60ms, status: 200)
14:40:37.878782 [INFO] Driver created: ios on qa-ios-1
14:40:37.880374 [INFO] === Starting flow: 04-discard ===
14:40:37.880379 [INFO] Flow file: /var/folders/jv/76l6crmx6nl3hf150gzry_ym0000gn/T/grantiva-4E45F7C2-9CBE-4986-9527-E77CBCA70286/0/04-discard.yaml
14:40:37.880383 [INFO] Total steps: 13
14:40:37.880498 [DEBUG] WDA POST /appium/settings body={"settings":{"shouldWaitForQuiescence":false,"waitForIdleTimeout":0}}
14:40:37.880992 [DEBUG] WDA POST /appium/settings completed (0ms, status: 404)
14:40:37.881034 [DEBUG] WDA POST /session body={"capabilities":{"alwaysMatch":{"bundleId":"com.kylebrowning.Landmarks","defaultAlertAction":"accept...
14:40:40.476179 [DEBUG] WDA POST /session completed (2595ms, status: 200)
14:40:40.476354 [DEBUG] WDA POST /session/098D51D8-D4FE-43F5-9256-C6474A0CE76D/appium/settings body={"settings":{"shouldWaitForQuiescence":false,"waitForIdleTimeout":0}}
14:40:40.617541 [DEBUG] WDA POST /session/098D51D8-D4FE-43F5-9256-C6474A0CE76D/appium/settings completed (141ms, status: 200)
14:40:40.618728 [DEBUG] Executing step 0: launchApp
14:40:41.069327 [DEBUG] [wda] launchApp com.kylebrowning.Landmarks: argv=[] env=map[]
14:40:41.069382 [DEBUG] WDA POST /session/098D51D8-D4FE-43F5-9256-C6474A0CE76D/appium/settings body={"settings":{"acceptAlertButtonSelector":"**/XCUIElementTypeButton[`label BEGINSWITH[c] 'Allow' OR l...
14:40:41.070048 [DEBUG] WDA POST /session/098D51D8-D4FE-43F5-9256-C6474A0CE76D/appium/settings completed (0ms, status: 200)
14:40:41.070122 [DEBUG] WDA POST /session/098D51D8-D4FE-43F5-9256-C6474A0CE76D/wda/apps/launch body={"bundleId":"com.kylebrowning.Landmarks"}
14:40:42.585740 [DEBUG] WDA POST /session/098D51D8-D4FE-43F5-9256-C6474A0CE76D/wda/apps/launch completed (1515ms, status: 200)
14:40:42.586409 [DEBUG] Step 0 completed successfully (1967ms): launchApp
14:40:42.588170 [DEBUG] Executing step 1: tapOn: text="Deep Links"
14:40:42.588761 [DEBUG] Flutter: parallel search (text="Deep Links", id="")
14:40:42.588889 [DEBUG] WDA POST /session/098D51D8-D4FE-43F5-9256-C6474A0CE76D/element body={"using":"class chain","value":"**/XCUIElementTypeSecureTextField[`(label CONTAINS[c] 'Deep Links' O...
14:40:42.588926 [DEBUG] WDA POST /session/098D51D8-D4FE-43F5-9256-C6474A0CE76D/element body={"using":"class chain","value":"**/XCUIElementTypeButton[`(label ==[c] 'Deep Links' OR name ==[c] 'D...
14:40:42.589065 [DEBUG] WDA POST /session/098D51D8-D4FE-43F5-9256-C6474A0CE76D/element body={"using":"predicate string","value":"((type == 'XCUIElementTypeTextField' OR type == 'XCUIElementTyp...
14:40:42.589118 [DEBUG] WDA POST /session/098D51D8-D4FE-43F5-9256-C6474A0CE76D/element body={"using":"class chain","value":"**/XCUIElementTypeTextField[`(label CONTAINS[c] 'Deep Links' OR valu...
14:40:42.748569 [DEBUG] WDA POST /session/098D51D8-D4FE-43F5-9256-C6474A0CE76D/element completed (159ms, status: 404)
14:40:42.868130 [DEBUG] WDA POST /session/098D51D8-D4FE-43F5-9256-C6474A0CE76D/element completed (279ms, status: 200)
14:40:42.911612 [DEBUG] WDA POST /session/098D51D8-D4FE-43F5-9256-C6474A0CE76D/element completed (322ms, status: 404)
14:40:43.004007 [DEBUG] WDA POST /session/098D51D8-D4FE-43F5-9256-C6474A0CE76D/element completed (415ms, status: 200)
14:40:43.004070 [DEBUG] WDA GET /session/098D51D8-D4FE-43F5-9256-C6474A0CE76D/element/1E000000-0000-0000-3D1A-000000000000/name
14:40:43.004125 [DEBUG] WDA GET /session/098D51D8-D4FE-43F5-9256-C6474A0CE76D/element/1E000000-0000-0000-3D1A-000000000000/rect
14:40:43.004143 [DEBUG] WDA GET /session/098D51D8-D4FE-43F5-9256-C6474A0CE76D/element/1E000000-0000-0000-3D1A-000000000000/text
14:40:43.004168 [DEBUG] WDA GET /session/098D51D8-D4FE-43F5-9256-C6474A0CE76D/element/1E000000-0000-0000-3D1A-000000000000/displayed
14:40:43.049662 [DEBUG] WDA GET /session/098D51D8-D4FE-43F5-9256-C6474A0CE76D/element/1E000000-0000-0000-3D1A-000000000000/rect completed (45ms, status: 200)
14:40:43.093545 [DEBUG] WDA GET /session/098D51D8-D4FE-43F5-9256-C6474A0CE76D/element/1E000000-0000-0000-3D1A-000000000000/name completed (89ms, status: 200)
14:40:43.135594 [DEBUG] WDA GET /session/098D51D8-D4FE-43F5-9256-C6474A0CE76D/element/1E000000-0000-0000-3D1A-000000000000/text completed (131ms, status: 200)
14:40:43.185023 [DEBUG] WDA GET /session/098D51D8-D4FE-43F5-9256-C6474A0CE76D/element/1E000000-0000-0000-3D1A-000000000000/displayed completed (180ms, status: 200)
14:40:43.185143 [DEBUG] WDA POST /session/098D51D8-D4FE-43F5-9256-C6474A0CE76D/element/1E000000-0000-0000-3D1A-000000000000/click body=
14:40:43.527621 [DEBUG] Flutter fallback: failed to get trees: no Flutter VM service found
14:40:43.565307 [DEBUG] WDA POST /session/098D51D8-D4FE-43F5-9256-C6474A0CE76D/element/1E000000-0000-0000-3D1A-000000000000/click completed (380ms, status: 200)
14:40:44.476528 [DEBUG] Flutter fallback: failed to get trees: no Flutter VM service found
14:40:44.476579 [DEBUG] Step 1 completed successfully (1888ms): tapOn: text="Deep Links"
14:40:44.477309 [DEBUG] Executing step 2: tapOn: text="Edit Landmark"
14:40:44.477753 [DEBUG] WDA POST /session/098D51D8-D4FE-43F5-9256-C6474A0CE76D/element body={"using":"predicate string","value":"((type == 'XCUIElementTypeTextField' OR type == 'XCUIElementTyp...
14:40:44.477770 [DEBUG] WDA POST /session/098D51D8-D4FE-43F5-9256-C6474A0CE76D/element body={"using":"class chain","value":"**/XCUIElementTypeTextField[`(label CONTAINS[c] 'Edit Landmark' OR v...
14:40:44.477803 [DEBUG] WDA POST /session/098D51D8-D4FE-43F5-9256-C6474A0CE76D/element body={"using":"class chain","value":"**/XCUIElementTypeButton[`(label ==[c] 'Edit Landmark' OR name ==[c]...
14:40:44.477820 [DEBUG] WDA POST /session/098D51D8-D4FE-43F5-9256-C6474A0CE76D/element body={"using":"class chain","value":"**/XCUIElementTypeSecureTextField[`(label CONTAINS[c] 'Edit Landmark...
14:40:44.536014 [DEBUG] WDA POST /session/098D51D8-D4FE-43F5-9256-C6474A0CE76D/element completed (58ms, status: 404)
14:40:44.577519 [DEBUG] WDA POST /session/098D51D8-D4FE-43F5-9256-C6474A0CE76D/element completed (99ms, status: 404)
14:40:44.618576 [DEBUG] WDA POST /session/098D51D8-D4FE-43F5-9256-C6474A0CE76D/element completed (140ms, status: 404)
14:40:44.659215 [DEBUG] WDA POST /session/098D51D8-D4FE-43F5-9256-C6474A0CE76D/element completed (181ms, status: 404)
14:40:44.659584 [DEBUG] WDA POST /session/098D51D8-D4FE-43F5-9256-C6474A0CE76D/element body={"using":"predicate string","value":"(label == 'Edit Landmark' OR name == 'Edit Landmark' OR value =...
14:40:44.747545 [DEBUG] WDA POST /session/098D51D8-D4FE-43F5-9256-C6474A0CE76D/element completed (87ms, status: 200)
14:40:44.747595 [DEBUG] WDA GET /session/098D51D8-D4FE-43F5-9256-C6474A0CE76D/element/27010000-0000-0000-3D1A-000000000000/name
14:40:44.747622 [DEBUG] WDA GET /session/098D51D8-D4FE-43F5-9256-C6474A0CE76D/element/27010000-0000-0000-3D1A-000000000000/text
14:40:44.747645 [DEBUG] WDA GET /session/098D51D8-D4FE-43F5-9256-C6474A0CE76D/element/27010000-0000-0000-3D1A-000000000000/rect
14:40:44.747666 [DEBUG] WDA GET /session/098D51D8-D4FE-43F5-9256-C6474A0CE76D/element/27010000-0000-0000-3D1A-000000000000/displayed
14:40:44.792065 [DEBUG] WDA GET /session/098D51D8-D4FE-43F5-9256-C6474A0CE76D/element/27010000-0000-0000-3D1A-000000000000/name completed (44ms, status: 200)
14:40:44.862914 [DEBUG] WDA GET /session/098D51D8-D4FE-43F5-9256-C6474A0CE76D/element/27010000-0000-0000-3D1A-000000000000/rect completed (115ms, status: 200)
14:40:44.903969 [DEBUG] WDA GET /session/098D51D8-D4FE-43F5-9256-C6474A0CE76D/element/27010000-0000-0000-3D1A-000000000000/text completed (156ms, status: 200)
14:40:44.949224 [DEBUG] WDA GET /session/098D51D8-D4FE-43F5-9256-C6474A0CE76D/element/27010000-0000-0000-3D1A-000000000000/displayed completed (201ms, status: 200)
14:40:44.949329 [DEBUG] WDA POST /session/098D51D8-D4FE-43F5-9256-C6474A0CE76D/element/27010000-0000-0000-3D1A-000000000000/click body=
14:40:45.327913 [DEBUG] WDA POST /session/098D51D8-D4FE-43F5-9256-C6474A0CE76D/element/27010000-0000-0000-3D1A-000000000000/click completed (378ms, status: 200)
14:40:45.328005 [DEBUG] Step 2 completed successfully (850ms): tapOn: text="Edit Landmark"
14:40:45.329670 [DEBUG] Executing step 3: tapOn: text="Location"
14:40:45.330558 [DEBUG] WDA POST /session/098D51D8-D4FE-43F5-9256-C6474A0CE76D/element body={"using":"predicate string","value":"((type == 'XCUIElementTypeTextField' OR type == 'XCUIElementTyp...
14:40:45.330589 [DEBUG] WDA POST /session/098D51D8-D4FE-43F5-9256-C6474A0CE76D/element body={"using":"class chain","value":"**/XCUIElementTypeSecureTextField[`(label CONTAINS[c] 'Location' OR ...
14:40:45.331039 [DEBUG] WDA POST /session/098D51D8-D4FE-43F5-9256-C6474A0CE76D/element body={"using":"class chain","value":"**/XCUIElementTypeButton[`(label ==[c] 'Location' OR name ==[c] 'Loc...
14:40:45.331074 [DEBUG] WDA POST /session/098D51D8-D4FE-43F5-9256-C6474A0CE76D/element body={"using":"class chain","value":"**/XCUIElementTypeTextField[`(label CONTAINS[c] 'Location' OR value ...
14:40:45.374959 [DEBUG] WDA POST /session/098D51D8-D4FE-43F5-9256-C6474A0CE76D/element completed (44ms, status: 404)
14:40:45.441077 [DEBUG] WDA POST /session/098D51D8-D4FE-43F5-9256-C6474A0CE76D/element completed (110ms, status: 200)
14:40:45.474252 [DEBUG] WDA POST /session/098D51D8-D4FE-43F5-9256-C6474A0CE76D/element completed (143ms, status: 404)
14:40:45.508116 [DEBUG] WDA POST /session/098D51D8-D4FE-43F5-9256-C6474A0CE76D/element completed (177ms, status: 404)
14:40:45.508692 [DEBUG] WDA GET /session/098D51D8-D4FE-43F5-9256-C6474A0CE76D/element/5E010000-0000-0000-3D1A-000000000000/text
14:40:45.508760 [DEBUG] WDA GET /session/098D51D8-D4FE-43F5-9256-C6474A0CE76D/element/5E010000-0000-0000-3D1A-000000000000/name
14:40:45.508807 [DEBUG] WDA GET /session/098D51D8-D4FE-43F5-9256-C6474A0CE76D/element/5E010000-0000-0000-3D1A-000000000000/displayed
14:40:45.508855 [DEBUG] WDA GET /session/098D51D8-D4FE-43F5-9256-C6474A0CE76D/element/5E010000-0000-0000-3D1A-000000000000/rect
14:40:45.540258 [DEBUG] WDA GET /session/098D51D8-D4FE-43F5-9256-C6474A0CE76D/element/5E010000-0000-0000-3D1A-000000000000/text completed (31ms, status: 200)
14:40:45.574508 [DEBUG] WDA GET /session/098D51D8-D4FE-43F5-9256-C6474A0CE76D/element/5E010000-0000-0000-3D1A-000000000000/name completed (65ms, status: 200)
14:40:45.610695 [DEBUG] WDA GET /session/098D51D8-D4FE-43F5-9256-C6474A0CE76D/element/5E010000-0000-0000-3D1A-000000000000/displayed completed (101ms, status: 200)
14:40:45.643208 [DEBUG] WDA GET /session/098D51D8-D4FE-43F5-9256-C6474A0CE76D/element/5E010000-0000-0000-3D1A-000000000000/rect completed (134ms, status: 200)
14:40:45.643344 [DEBUG] WDA POST /session/098D51D8-D4FE-43F5-9256-C6474A0CE76D/element/5E010000-0000-0000-3D1A-000000000000/click body=
14:40:46.003785 [DEBUG] WDA POST /session/098D51D8-D4FE-43F5-9256-C6474A0CE76D/element/5E010000-0000-0000-3D1A-000000000000/click completed (360ms, status: 200)
14:40:46.105927 [DEBUG] WDA GET /session/098D51D8-D4FE-43F5-9256-C6474A0CE76D/element/active
14:40:46.180620 [DEBUG] WDA GET /session/098D51D8-D4FE-43F5-9256-C6474A0CE76D/element/active completed (74ms, status: 200)
14:40:46.180663 [DEBUG] Step 3 completed successfully (850ms): tapOn: text="Location"
14:40:46.181049 [DEBUG] Executing step 4: inputText: "X"
14:40:46.181261 [DEBUG] WDA GET /session/098D51D8-D4FE-43F5-9256-C6474A0CE76D/element/active
14:40:46.242227 [DEBUG] WDA GET /session/098D51D8-D4FE-43F5-9256-C6474A0CE76D/element/active completed (60ms, status: 200)
14:40:46.242273 [DEBUG] WDA POST /session/098D51D8-D4FE-43F5-9256-C6474A0CE76D/wda/keys body={"frequency":30,"value":["X"]}
14:40:46.461541 [DEBUG] WDA POST /session/098D51D8-D4FE-43F5-9256-C6474A0CE76D/wda/keys completed (219ms, status: 200)
14:40:46.461770 [DEBUG] Step 4 completed successfully (280ms): inputText: "X"
14:40:46.463622 [DEBUG] Executing step 5: tapOn: text="Cancel"
14:40:46.465070 [DEBUG] WDA POST /session/098D51D8-D4FE-43F5-9256-C6474A0CE76D/element body={"using":"predicate string","value":"((type == 'XCUIElementTypeTextField' OR type == 'XCUIElementTyp...
14:40:46.465131 [DEBUG] WDA POST /session/098D51D8-D4FE-43F5-9256-C6474A0CE76D/element body={"using":"class chain","value":"**/XCUIElementTypeTextField[`(label CONTAINS[c] 'Cancel' OR value CO...
14:40:46.465290 [DEBUG] WDA POST /session/098D51D8-D4FE-43F5-9256-C6474A0CE76D/element body={"using":"class chain","value":"**/XCUIElementTypeButton[`(label ==[c] 'Cancel' OR name ==[c] 'Cance...
14:40:46.465365 [DEBUG] WDA POST /session/098D51D8-D4FE-43F5-9256-C6474A0CE76D/element body={"using":"class chain","value":"**/XCUIElementTypeSecureTextField[`(label CONTAINS[c] 'Cancel' OR va...
14:40:46.582806 [DEBUG] WDA POST /session/098D51D8-D4FE-43F5-9256-C6474A0CE76D/element completed (117ms, status: 200)
14:40:46.627982 [DEBUG] WDA POST /session/098D51D8-D4FE-43F5-9256-C6474A0CE76D/element completed (162ms, status: 404)
14:40:46.672983 [DEBUG] WDA POST /session/098D51D8-D4FE-43F5-9256-C6474A0CE76D/element completed (207ms, status: 404)
14:40:46.762895 [DEBUG] WDA POST /session/098D51D8-D4FE-43F5-9256-C6474A0CE76D/element completed (297ms, status: 200)
14:40:46.763018 [DEBUG] WDA GET /session/098D51D8-D4FE-43F5-9256-C6474A0CE76D/element/3C010000-0000-0000-3D1A-000000000000/name
14:40:46.763118 [DEBUG] WDA GET /session/098D51D8-D4FE-43F5-9256-C6474A0CE76D/element/3C010000-0000-0000-3D1A-000000000000/text
14:40:46.763216 [DEBUG] WDA GET /session/098D51D8-D4FE-43F5-9256-C6474A0CE76D/element/3C010000-0000-0000-3D1A-000000000000/rect
14:40:46.763247 [DEBUG] WDA GET /session/098D51D8-D4FE-43F5-9256-C6474A0CE76D/element/3C010000-0000-0000-3D1A-000000000000/displayed
14:40:46.808341 [DEBUG] WDA GET /session/098D51D8-D4FE-43F5-9256-C6474A0CE76D/element/3C010000-0000-0000-3D1A-000000000000/name completed (45ms, status: 200)
14:40:46.851868 [DEBUG] WDA GET /session/098D51D8-D4FE-43F5-9256-C6474A0CE76D/element/3C010000-0000-0000-3D1A-000000000000/text completed (88ms, status: 200)
14:40:46.927037 [DEBUG] WDA GET /session/098D51D8-D4FE-43F5-9256-C6474A0CE76D/element/3C010000-0000-0000-3D1A-000000000000/rect completed (163ms, status: 200)
14:40:46.979852 [DEBUG] WDA GET /session/098D51D8-D4FE-43F5-9256-C6474A0CE76D/element/3C010000-0000-0000-3D1A-000000000000/displayed completed (216ms, status: 200)
14:40:46.979972 [DEBUG] WDA POST /session/098D51D8-D4FE-43F5-9256-C6474A0CE76D/element/3C010000-0000-0000-3D1A-000000000000/click body=
14:40:47.368849 [DEBUG] WDA POST /session/098D51D8-D4FE-43F5-9256-C6474A0CE76D/element/3C010000-0000-0000-3D1A-000000000000/click completed (388ms, status: 200)
14:40:47.369095 [DEBUG] Step 5 completed successfully (905ms): tapOn: text="Cancel"
14:40:47.370382 [DEBUG] Executing step 6: assertVisible: text="You have unsaved changes that will be lost."
14:40:47.370950 [DEBUG] WDA POST /session/098D51D8-D4FE-43F5-9256-C6474A0CE76D/element body={"using":"predicate string","value":"(label CONTAINS[c] 'You have unsaved changes that will be lost....
14:40:47.466895 [DEBUG] WDA POST /session/098D51D8-D4FE-43F5-9256-C6474A0CE76D/element completed (95ms, status: 200)
14:40:47.466983 [DEBUG] WDA GET /session/098D51D8-D4FE-43F5-9256-C6474A0CE76D/element/B8010000-0000-0000-3D1A-000000000000/name
14:40:47.467085 [DEBUG] WDA GET /session/098D51D8-D4FE-43F5-9256-C6474A0CE76D/element/B8010000-0000-0000-3D1A-000000000000/rect
14:40:47.467153 [DEBUG] WDA GET /session/098D51D8-D4FE-43F5-9256-C6474A0CE76D/element/B8010000-0000-0000-3D1A-000000000000/text
14:40:47.467202 [DEBUG] WDA GET /session/098D51D8-D4FE-43F5-9256-C6474A0CE76D/element/B8010000-0000-0000-3D1A-000000000000/displayed
14:40:47.507671 [DEBUG] WDA GET /session/098D51D8-D4FE-43F5-9256-C6474A0CE76D/element/B8010000-0000-0000-3D1A-000000000000/name completed (40ms, status: 200)
14:40:47.548127 [DEBUG] WDA GET /session/098D51D8-D4FE-43F5-9256-C6474A0CE76D/element/B8010000-0000-0000-3D1A-000000000000/rect completed (81ms, status: 200)
14:40:47.590616 [DEBUG] WDA GET /session/098D51D8-D4FE-43F5-9256-C6474A0CE76D/element/B8010000-0000-0000-3D1A-000000000000/displayed completed (123ms, status: 200)
14:40:47.631932 [DEBUG] WDA GET /session/098D51D8-D4FE-43F5-9256-C6474A0CE76D/element/B8010000-0000-0000-3D1A-000000000000/text completed (164ms, status: 200)
14:40:47.631992 [DEBUG] Step 6 completed successfully (261ms): assertVisible: text="You have unsaved changes that will be lost."
14:40:47.632412 [DEBUG] Executing step 7: takeScreenshot
14:40:47.632604 [DEBUG] WDA GET /session/098D51D8-D4FE-43F5-9256-C6474A0CE76D/screenshot
14:40:47.700983 [DEBUG] WDA GET /session/098D51D8-D4FE-43F5-9256-C6474A0CE76D/screenshot completed (68ms, status: 200)
14:40:47.705357 [DEBUG] Step 7 completed successfully (72ms): takeScreenshot
14:40:47.706647 [DEBUG] Executing step 8: tapOn: text="Keep Editing"
14:40:47.707414 [DEBUG] WDA POST /session/098D51D8-D4FE-43F5-9256-C6474A0CE76D/element body={"using":"class chain","value":"**/XCUIElementTypeSecureTextField[`(label CONTAINS[c] 'Keep Editing'...
14:40:47.707673 [DEBUG] WDA POST /session/098D51D8-D4FE-43F5-9256-C6474A0CE76D/element body={"using":"predicate string","value":"((type == 'XCUIElementTypeTextField' OR type == 'XCUIElementTyp...
14:40:47.707730 [DEBUG] WDA POST /session/098D51D8-D4FE-43F5-9256-C6474A0CE76D/element body={"using":"class chain","value":"**/XCUIElementTypeButton[`(label ==[c] 'Keep Editing' OR name ==[c] ...
14:40:47.707780 [DEBUG] WDA POST /session/098D51D8-D4FE-43F5-9256-C6474A0CE76D/element body={"using":"class chain","value":"**/XCUIElementTypeTextField[`(label CONTAINS[c] 'Keep Editing' OR va...
14:40:47.749746 [DEBUG] WDA POST /session/098D51D8-D4FE-43F5-9256-C6474A0CE76D/element completed (42ms, status: 404)
14:40:47.835718 [DEBUG] WDA POST /session/098D51D8-D4FE-43F5-9256-C6474A0CE76D/element completed (128ms, status: 200)
14:40:47.917215 [DEBUG] WDA POST /session/098D51D8-D4FE-43F5-9256-C6474A0CE76D/element completed (209ms, status: 200)
14:40:47.958734 [DEBUG] WDA POST /session/098D51D8-D4FE-43F5-9256-C6474A0CE76D/element completed (251ms, status: 404)
14:40:47.958912 [DEBUG] WDA GET /session/098D51D8-D4FE-43F5-9256-C6474A0CE76D/element/BF010000-0000-0000-3D1A-000000000000/text
14:40:47.958955 [DEBUG] WDA GET /session/098D51D8-D4FE-43F5-9256-C6474A0CE76D/element/BF010000-0000-0000-3D1A-000000000000/name
14:40:47.958988 [DEBUG] WDA GET /session/098D51D8-D4FE-43F5-9256-C6474A0CE76D/element/BF010000-0000-0000-3D1A-000000000000/displayed
14:40:47.959033 [DEBUG] WDA GET /session/098D51D8-D4FE-43F5-9256-C6474A0CE76D/element/BF010000-0000-0000-3D1A-000000000000/rect
14:40:47.998095 [DEBUG] WDA GET /session/098D51D8-D4FE-43F5-9256-C6474A0CE76D/element/BF010000-0000-0000-3D1A-000000000000/text completed (39ms, status: 200)
14:40:48.039281 [DEBUG] WDA GET /session/098D51D8-D4FE-43F5-9256-C6474A0CE76D/element/BF010000-0000-0000-3D1A-000000000000/name completed (80ms, status: 200)
14:40:48.080685 [DEBUG] WDA GET /session/098D51D8-D4FE-43F5-9256-C6474A0CE76D/element/BF010000-0000-0000-3D1A-000000000000/displayed completed (121ms, status: 200)
14:40:48.121000 [DEBUG] WDA GET /session/098D51D8-D4FE-43F5-9256-C6474A0CE76D/element/BF010000-0000-0000-3D1A-000000000000/rect completed (162ms, status: 200)
14:40:48.121094 [DEBUG] WDA POST /session/098D51D8-D4FE-43F5-9256-C6474A0CE76D/element/BF010000-0000-0000-3D1A-000000000000/click body=
14:40:48.496049 [DEBUG] WDA POST /session/098D51D8-D4FE-43F5-9256-C6474A0CE76D/element/BF010000-0000-0000-3D1A-000000000000/click completed (374ms, status: 200)
14:40:48.496113 [DEBUG] Step 8 completed successfully (789ms): tapOn: text="Keep Editing"
14:40:48.496592 [DEBUG] Executing step 9: assertVisible: text="Edit Landmark"
14:40:48.496899 [DEBUG] WDA POST /session/098D51D8-D4FE-43F5-9256-C6474A0CE76D/element body={"using":"predicate string","value":"(label CONTAINS[c] 'Edit Landmark' OR name CONTAINS[c] 'Edit La...
14:40:48.613860 [DEBUG] WDA POST /session/098D51D8-D4FE-43F5-9256-C6474A0CE76D/element completed (116ms, status: 200)
14:40:48.613987 [DEBUG] WDA GET /session/098D51D8-D4FE-43F5-9256-C6474A0CE76D/element/22000000-0000-0000-3D1A-000000000000/name
14:40:48.614103 [DEBUG] WDA GET /session/098D51D8-D4FE-43F5-9256-C6474A0CE76D/element/22000000-0000-0000-3D1A-000000000000/text
14:40:48.614222 [DEBUG] WDA GET /session/098D51D8-D4FE-43F5-9256-C6474A0CE76D/element/22000000-0000-0000-3D1A-000000000000/rect
14:40:48.614828 [DEBUG] WDA GET /session/098D51D8-D4FE-43F5-9256-C6474A0CE76D/element/22000000-0000-0000-3D1A-000000000000/displayed
14:40:48.669924 [DEBUG] WDA GET /session/098D51D8-D4FE-43F5-9256-C6474A0CE76D/element/22000000-0000-0000-3D1A-000000000000/name completed (55ms, status: 200)
14:40:48.717130 [DEBUG] WDA GET /session/098D51D8-D4FE-43F5-9256-C6474A0CE76D/element/22000000-0000-0000-3D1A-000000000000/text completed (103ms, status: 200)
14:40:48.777661 [DEBUG] WDA GET /session/098D51D8-D4FE-43F5-9256-C6474A0CE76D/element/22000000-0000-0000-3D1A-000000000000/rect completed (163ms, status: 200)
14:40:48.859984 [DEBUG] WDA GET /session/098D51D8-D4FE-43F5-9256-C6474A0CE76D/element/22000000-0000-0000-3D1A-000000000000/displayed completed (245ms, status: 200)
14:40:48.860102 [DEBUG] Step 9 completed successfully (363ms): assertVisible: text="Edit Landmark"
14:40:48.860901 [DEBUG] Executing step 10: tapOn: text="Cancel"
14:40:48.861682 [DEBUG] WDA POST /session/098D51D8-D4FE-43F5-9256-C6474A0CE76D/element body={"using":"predicate string","value":"((type == 'XCUIElementTypeTextField' OR type == 'XCUIElementTyp...
14:40:48.861704 [DEBUG] WDA POST /session/098D51D8-D4FE-43F5-9256-C6474A0CE76D/element body={"using":"class chain","value":"**/XCUIElementTypeTextField[`(label CONTAINS[c] 'Cancel' OR value CO...
14:40:48.861775 [DEBUG] WDA POST /session/098D51D8-D4FE-43F5-9256-C6474A0CE76D/element body={"using":"class chain","value":"**/XCUIElementTypeSecureTextField[`(label CONTAINS[c] 'Cancel' OR va...
14:40:48.861808 [DEBUG] WDA POST /session/098D51D8-D4FE-43F5-9256-C6474A0CE76D/element body={"using":"class chain","value":"**/XCUIElementTypeButton[`(label ==[c] 'Cancel' OR name ==[c] 'Cance...
14:40:48.907205 [DEBUG] WDA POST /session/098D51D8-D4FE-43F5-9256-C6474A0CE76D/element completed (45ms, status: 404)
14:40:49.025949 [DEBUG] WDA POST /session/098D51D8-D4FE-43F5-9256-C6474A0CE76D/element completed (164ms, status: 200)
14:40:49.069257 [DEBUG] WDA POST /session/098D51D8-D4FE-43F5-9256-C6474A0CE76D/element completed (207ms, status: 404)
14:40:49.156326 [DEBUG] WDA POST /session/098D51D8-D4FE-43F5-9256-C6474A0CE76D/element completed (294ms, status: 200)
14:40:49.156426 [DEBUG] WDA GET /session/098D51D8-D4FE-43F5-9256-C6474A0CE76D/element/3C010000-0000-0000-3D1A-000000000000/text
14:40:49.156483 [DEBUG] WDA GET /session/098D51D8-D4FE-43F5-9256-C6474A0CE76D/element/3C010000-0000-0000-3D1A-000000000000/name
14:40:49.156532 [DEBUG] WDA GET /session/098D51D8-D4FE-43F5-9256-C6474A0CE76D/element/3C010000-0000-0000-3D1A-000000000000/rect
14:40:49.156570 [DEBUG] WDA GET /session/098D51D8-D4FE-43F5-9256-C6474A0CE76D/element/3C010000-0000-0000-3D1A-000000000000/displayed
14:40:49.198618 [DEBUG] WDA GET /session/098D51D8-D4FE-43F5-9256-C6474A0CE76D/element/3C010000-0000-0000-3D1A-000000000000/text completed (42ms, status: 200)
14:40:49.244118 [DEBUG] WDA GET /session/098D51D8-D4FE-43F5-9256-C6474A0CE76D/element/3C010000-0000-0000-3D1A-000000000000/name completed (87ms, status: 200)
14:40:49.288910 [DEBUG] WDA GET /session/098D51D8-D4FE-43F5-9256-C6474A0CE76D/element/3C010000-0000-0000-3D1A-000000000000/rect completed (132ms, status: 200)
14:40:49.339164 [DEBUG] WDA GET /session/098D51D8-D4FE-43F5-9256-C6474A0CE76D/element/3C010000-0000-0000-3D1A-000000000000/displayed completed (182ms, status: 200)
14:40:49.339264 [DEBUG] WDA POST /session/098D51D8-D4FE-43F5-9256-C6474A0CE76D/element/3C010000-0000-0000-3D1A-000000000000/click body=
14:40:49.725545 [DEBUG] WDA POST /session/098D51D8-D4FE-43F5-9256-C6474A0CE76D/element/3C010000-0000-0000-3D1A-000000000000/click completed (386ms, status: 200)
14:40:49.725626 [DEBUG] Step 10 completed successfully (864ms): tapOn: text="Cancel"
14:40:49.726708 [DEBUG] Executing step 11: tapOn: text="Discard"
14:40:49.727179 [DEBUG] WDA POST /session/098D51D8-D4FE-43F5-9256-C6474A0CE76D/element body={"using":"predicate string","value":"((type == 'XCUIElementTypeTextField' OR type == 'XCUIElementTyp...
14:40:49.727239 [DEBUG] WDA POST /session/098D51D8-D4FE-43F5-9256-C6474A0CE76D/element body={"using":"class chain","value":"**/XCUIElementTypeSecureTextField[`(label CONTAINS[c] 'Discard' OR v...
14:40:49.727325 [DEBUG] WDA POST /session/098D51D8-D4FE-43F5-9256-C6474A0CE76D/element body={"using":"class chain","value":"**/XCUIElementTypeButton[`(label ==[c] 'Discard' OR name ==[c] 'Disc...
14:40:49.727393 [DEBUG] WDA POST /session/098D51D8-D4FE-43F5-9256-C6474A0CE76D/element body={"using":"class chain","value":"**/XCUIElementTypeTextField[`(label CONTAINS[c] 'Discard' OR value C...
14:40:49.823042 [DEBUG] WDA POST /session/098D51D8-D4FE-43F5-9256-C6474A0CE76D/element completed (95ms, status: 200)
14:40:49.863346 [DEBUG] WDA POST /session/098D51D8-D4FE-43F5-9256-C6474A0CE76D/element completed (136ms, status: 404)
14:40:49.905448 [DEBUG] WDA POST /session/098D51D8-D4FE-43F5-9256-C6474A0CE76D/element completed (178ms, status: 404)
14:40:49.988144 [DEBUG] WDA POST /session/098D51D8-D4FE-43F5-9256-C6474A0CE76D/element completed (260ms, status: 200)
14:40:49.988242 [DEBUG] WDA GET /session/098D51D8-D4FE-43F5-9256-C6474A0CE76D/element/F6010000-0000-0000-3D1A-000000000000/name
14:40:49.988294 [DEBUG] WDA GET /session/098D51D8-D4FE-43F5-9256-C6474A0CE76D/element/F6010000-0000-0000-3D1A-000000000000/text
14:40:49.988405 [DEBUG] WDA GET /session/098D51D8-D4FE-43F5-9256-C6474A0CE76D/element/F6010000-0000-0000-3D1A-000000000000/rect
14:40:49.988433 [DEBUG] WDA GET /session/098D51D8-D4FE-43F5-9256-C6474A0CE76D/element/F6010000-0000-0000-3D1A-000000000000/displayed
14:40:50.030067 [DEBUG] WDA GET /session/098D51D8-D4FE-43F5-9256-C6474A0CE76D/element/F6010000-0000-0000-3D1A-000000000000/name completed (41ms, status: 200)
14:40:50.068926 [DEBUG] WDA GET /session/098D51D8-D4FE-43F5-9256-C6474A0CE76D/element/F6010000-0000-0000-3D1A-000000000000/text completed (80ms, status: 200)
14:40:50.111834 [DEBUG] WDA GET /session/098D51D8-D4FE-43F5-9256-C6474A0CE76D/element/F6010000-0000-0000-3D1A-000000000000/displayed completed (123ms, status: 200)
14:40:50.152238 [DEBUG] WDA GET /session/098D51D8-D4FE-43F5-9256-C6474A0CE76D/element/F6010000-0000-0000-3D1A-000000000000/rect completed (163ms, status: 200)
14:40:50.152350 [DEBUG] WDA POST /session/098D51D8-D4FE-43F5-9256-C6474A0CE76D/element/F6010000-0000-0000-3D1A-000000000000/click body=
14:40:50.525349 [DEBUG] WDA POST /session/098D51D8-D4FE-43F5-9256-C6474A0CE76D/element/F6010000-0000-0000-3D1A-000000000000/click completed (372ms, status: 200)
14:40:50.525465 [DEBUG] Step 11 completed successfully (798ms): tapOn: text="Discard"
14:40:50.526721 [DEBUG] Executing step 12: assertVisible: text="Deep Links"
14:40:50.527333 [DEBUG] WDA POST /session/098D51D8-D4FE-43F5-9256-C6474A0CE76D/element body={"using":"predicate string","value":"(label CONTAINS[c] 'Deep Links' OR name CONTAINS[c] 'Deep Links...
14:40:50.584563 [DEBUG] WDA POST /session/098D51D8-D4FE-43F5-9256-C6474A0CE76D/element completed (57ms, status: 404)
14:40:50.584666 [DEBUG] WDA GET /session/098D51D8-D4FE-43F5-9256-C6474A0CE76D/source
14:40:52.106649 [DEBUG] WDA GET /session/098D51D8-D4FE-43F5-9256-C6474A0CE76D/source completed (1521ms, status: 200)
14:40:52.109003 [DEBUG] Step 12 completed successfully (1582ms): assertVisible: text="Deep Links"
14:40:52.111940 [INFO] === Flow completed: 04-discard (status: passed, duration: 14231ms, passed: 13, failed: 0, skipped: 0) ===
14:40:52.114394 [INFO] Flow execution completed: 1 passed, 0 failed, 0 skipped
14:40:52.114953 [INFO] Generating reports...
14:40:52.115559 [INFO] Shutting down devices started by maestro-runner...
14:40:52.115564 [INFO] Shutting down all tracked emulators
14:40:52.115568 [INFO] Shutting down all tracked simulators
