14:05:32.553332 [INFO] === Test execution started ===
14:05:32.553402 [INFO] Output directory: /Users/kyle/Developer/grantiva-cli/.worktrees/qa-ios/findings/evidence/IOS-023/run01
14:05:32.553408 [INFO] Platform: ios
14:05:32.553414 [INFO] Driver: uiautomator2
14:05:32.553732 [INFO] Validated 1 flow(s)
14:05:32.665270 [INFO] Single device execution mode
14:05:32.665299 [INFO] Starting flow execution (parallel: false, devices: [])
14:05:32.665309 [INFO] Creating driver for single device execution
14:05:32.665313 [INFO] Using specified iOS device: 6EEDCB1A-E693-488A-B34C-5A0AB5DE9400
14:05:32.776285 [INFO] Device 6EEDCB1A-E693-488A-B34C-5A0AB5DE9400 is a simulator
14:05:32.776381 [INFO] Building WDA for device 6EEDCB1A-E693-488A-B34C-5A0AB5DE9400 (team ID: )
14:05:33.008926 [INFO] WDA build completed successfully
14:05:33.008950 [INFO] Starting WDA on device 6EEDCB1A-E693-488A-B34C-5A0AB5DE9400 (port: 8876)
14:05:36.769099 [INFO] WDA started successfully on port 8876
14:05:37.183422 [DEBUG] WDA GET /window/size
14:05:37.339771 [DEBUG] WDA GET /window/size completed (156ms, status: 200)
14:05:37.339883 [INFO] Driver created: ios on qa-ios-1
14:05:37.341580 [INFO] === Starting flow: 01-browse ===
14:05:37.341588 [INFO] Flow file: /var/folders/jv/76l6crmx6nl3hf150gzry_ym0000gn/T/grantiva-3CAAF639-4001-4976-A612-27B3FD1A46B2/0/01-browse.yaml
14:05:37.341596 [INFO] Total steps: 8
14:05:37.341736 [DEBUG] WDA POST /appium/settings body={"settings":{"shouldWaitForQuiescence":false,"waitForIdleTimeout":0}}
14:05:37.342456 [DEBUG] WDA POST /appium/settings completed (0ms, status: 404)
14:05:37.342539 [DEBUG] WDA POST /session body={"capabilities":{"alwaysMatch":{"bundleId":"com.kylebrowning.Landmarks","defaultAlertAction":"accept...
14:05:38.926018 [DEBUG] WDA POST /session completed (1583ms, status: 200)
14:05:38.926091 [DEBUG] WDA POST /session/CEBA296E-D0D1-4426-9BBD-A896A4D24A4D/appium/settings body={"settings":{"shouldWaitForQuiescence":false,"waitForIdleTimeout":0}}
14:05:38.975341 [DEBUG] WDA POST /session/CEBA296E-D0D1-4426-9BBD-A896A4D24A4D/appium/settings completed (49ms, status: 200)
14:05:38.975835 [DEBUG] Executing step 0: launchApp
14:05:39.496351 [DEBUG] [wda] launchApp com.kylebrowning.Landmarks: argv=[] env=map[]
14:05:39.496442 [DEBUG] WDA POST /session/CEBA296E-D0D1-4426-9BBD-A896A4D24A4D/appium/settings body={"settings":{"acceptAlertButtonSelector":"**/XCUIElementTypeButton[`label BEGINSWITH[c] 'Allow' OR l...
14:05:39.497788 [DEBUG] WDA POST /session/CEBA296E-D0D1-4426-9BBD-A896A4D24A4D/appium/settings completed (1ms, status: 200)
14:05:39.497978 [DEBUG] WDA POST /session/CEBA296E-D0D1-4426-9BBD-A896A4D24A4D/wda/apps/launch body={"bundleId":"com.kylebrowning.Landmarks"}
14:05:41.078220 [DEBUG] WDA POST /session/CEBA296E-D0D1-4426-9BBD-A896A4D24A4D/wda/apps/launch completed (1580ms, status: 200)
14:05:41.078319 [DEBUG] Step 0 completed successfully (2102ms): launchApp
14:05:41.079000 [DEBUG] Executing step 1: assertVisible: text="Landmarks"
14:05:41.079291 [DEBUG] Flutter: parallel search (text="Landmarks", id="")
14:05:41.079314 [DEBUG] WDA POST /session/CEBA296E-D0D1-4426-9BBD-A896A4D24A4D/element body={"using":"predicate string","value":"(label CONTAINS[c] 'Landmarks' OR name CONTAINS[c] 'Landmarks' ...
14:05:41.344454 [DEBUG] WDA POST /session/CEBA296E-D0D1-4426-9BBD-A896A4D24A4D/element completed (265ms, status: 200)
14:05:41.344535 [DEBUG] WDA GET /session/CEBA296E-D0D1-4426-9BBD-A896A4D24A4D/element/01000000-0000-0000-890D-000000000000/name
14:05:41.344574 [DEBUG] WDA GET /session/CEBA296E-D0D1-4426-9BBD-A896A4D24A4D/element/01000000-0000-0000-890D-000000000000/rect
14:05:41.344612 [DEBUG] WDA GET /session/CEBA296E-D0D1-4426-9BBD-A896A4D24A4D/element/01000000-0000-0000-890D-000000000000/displayed
14:05:41.344691 [DEBUG] WDA GET /session/CEBA296E-D0D1-4426-9BBD-A896A4D24A4D/element/01000000-0000-0000-890D-000000000000/text
14:05:41.408101 [DEBUG] WDA GET /session/CEBA296E-D0D1-4426-9BBD-A896A4D24A4D/element/01000000-0000-0000-890D-000000000000/name completed (63ms, status: 200)
14:05:41.469017 [DEBUG] WDA GET /session/CEBA296E-D0D1-4426-9BBD-A896A4D24A4D/element/01000000-0000-0000-890D-000000000000/rect completed (124ms, status: 200)
14:05:41.528440 [DEBUG] WDA GET /session/CEBA296E-D0D1-4426-9BBD-A896A4D24A4D/element/01000000-0000-0000-890D-000000000000/displayed completed (183ms, status: 200)
14:05:41.555485 [DEBUG] WDA GET /session/CEBA296E-D0D1-4426-9BBD-A896A4D24A4D/element/01000000-0000-0000-890D-000000000000/text completed (210ms, status: 200)
14:05:44.315109 [DEBUG] Flutter fallback: failed to get trees: no Flutter VM service found
14:05:44.315141 [DEBUG] Step 1 completed successfully (3236ms): assertVisible: text="Landmarks"
14:05:44.315801 [DEBUG] Executing step 2: assertVisible: text="Featured"
14:05:44.316042 [DEBUG] WDA POST /session/CEBA296E-D0D1-4426-9BBD-A896A4D24A4D/element body={"using":"predicate string","value":"(label CONTAINS[c] 'Featured' OR name CONTAINS[c] 'Featured' OR...
14:05:44.416132 [DEBUG] WDA POST /session/CEBA296E-D0D1-4426-9BBD-A896A4D24A4D/element completed (100ms, status: 200)
14:05:44.416181 [DEBUG] WDA GET /session/CEBA296E-D0D1-4426-9BBD-A896A4D24A4D/element/87000000-0000-0000-890D-000000000000/name
14:05:44.416200 [DEBUG] WDA GET /session/CEBA296E-D0D1-4426-9BBD-A896A4D24A4D/element/87000000-0000-0000-890D-000000000000/rect
14:05:44.416216 [DEBUG] WDA GET /session/CEBA296E-D0D1-4426-9BBD-A896A4D24A4D/element/87000000-0000-0000-890D-000000000000/displayed
14:05:44.416247 [DEBUG] WDA GET /session/CEBA296E-D0D1-4426-9BBD-A896A4D24A4D/element/87000000-0000-0000-890D-000000000000/text
14:05:44.464827 [DEBUG] WDA GET /session/CEBA296E-D0D1-4426-9BBD-A896A4D24A4D/element/87000000-0000-0000-890D-000000000000/rect completed (48ms, status: 200)
14:05:44.513005 [DEBUG] WDA GET /session/CEBA296E-D0D1-4426-9BBD-A896A4D24A4D/element/87000000-0000-0000-890D-000000000000/name completed (96ms, status: 200)
14:05:44.560257 [DEBUG] WDA GET /session/CEBA296E-D0D1-4426-9BBD-A896A4D24A4D/element/87000000-0000-0000-890D-000000000000/text completed (144ms, status: 200)
14:05:44.614721 [DEBUG] WDA GET /session/CEBA296E-D0D1-4426-9BBD-A896A4D24A4D/element/87000000-0000-0000-890D-000000000000/displayed completed (198ms, status: 200)
14:05:44.614787 [DEBUG] Step 2 completed successfully (298ms): assertVisible: text="Featured"
14:05:44.615174 [DEBUG] Executing step 3: takeScreenshot
14:05:44.615379 [DEBUG] WDA GET /session/CEBA296E-D0D1-4426-9BBD-A896A4D24A4D/screenshot
14:05:44.702531 [DEBUG] WDA GET /session/CEBA296E-D0D1-4426-9BBD-A896A4D24A4D/screenshot completed (87ms, status: 200)
14:05:44.704169 [DEBUG] Step 3 completed successfully (88ms): takeScreenshot
14:05:44.704389 [DEBUG] Executing step 4: tapOn: text="Golden Gate Bridge"
14:05:44.704624 [DEBUG] WDA POST /session/CEBA296E-D0D1-4426-9BBD-A896A4D24A4D/element body={"using":"predicate string","value":"((type == 'XCUIElementTypeTextField' OR type == 'XCUIElementTyp...
14:05:44.704642 [DEBUG] WDA POST /session/CEBA296E-D0D1-4426-9BBD-A896A4D24A4D/element body={"using":"class chain","value":"**/XCUIElementTypeSecureTextField[`(label CONTAINS[c] 'Golden Gate B...
14:05:44.704654 [DEBUG] WDA POST /session/CEBA296E-D0D1-4426-9BBD-A896A4D24A4D/element body={"using":"class chain","value":"**/XCUIElementTypeButton[`(label ==[c] 'Golden Gate Bridge' OR name ...
14:05:44.704674 [DEBUG] WDA POST /session/CEBA296E-D0D1-4426-9BBD-A896A4D24A4D/element body={"using":"class chain","value":"**/XCUIElementTypeTextField[`(label CONTAINS[c] 'Golden Gate Bridge'...
14:05:44.753910 [DEBUG] WDA POST /session/CEBA296E-D0D1-4426-9BBD-A896A4D24A4D/element completed (49ms, status: 404)
14:05:44.800446 [DEBUG] WDA POST /session/CEBA296E-D0D1-4426-9BBD-A896A4D24A4D/element completed (95ms, status: 404)
14:05:44.848667 [DEBUG] WDA POST /session/CEBA296E-D0D1-4426-9BBD-A896A4D24A4D/element completed (144ms, status: 404)
14:05:44.896467 [DEBUG] WDA POST /session/CEBA296E-D0D1-4426-9BBD-A896A4D24A4D/element completed (191ms, status: 404)
14:05:44.896575 [DEBUG] WDA POST /session/CEBA296E-D0D1-4426-9BBD-A896A4D24A4D/element body={"using":"predicate string","value":"(label == 'Golden Gate Bridge' OR name == 'Golden Gate Bridge' ...
14:05:45.003301 [DEBUG] WDA POST /session/CEBA296E-D0D1-4426-9BBD-A896A4D24A4D/element completed (106ms, status: 200)
14:05:45.003367 [DEBUG] WDA GET /session/CEBA296E-D0D1-4426-9BBD-A896A4D24A4D/element/93000000-0000-0000-890D-000000000000/rect
14:05:45.003378 [DEBUG] WDA GET /session/CEBA296E-D0D1-4426-9BBD-A896A4D24A4D/element/93000000-0000-0000-890D-000000000000/name
14:05:45.003403 [DEBUG] WDA GET /session/CEBA296E-D0D1-4426-9BBD-A896A4D24A4D/element/93000000-0000-0000-890D-000000000000/text
14:05:45.003430 [DEBUG] WDA GET /session/CEBA296E-D0D1-4426-9BBD-A896A4D24A4D/element/93000000-0000-0000-890D-000000000000/displayed
14:05:45.051877 [DEBUG] WDA GET /session/CEBA296E-D0D1-4426-9BBD-A896A4D24A4D/element/93000000-0000-0000-890D-000000000000/rect completed (48ms, status: 200)
14:05:45.101502 [DEBUG] WDA GET /session/CEBA296E-D0D1-4426-9BBD-A896A4D24A4D/element/93000000-0000-0000-890D-000000000000/name completed (98ms, status: 200)
14:05:45.149562 [DEBUG] WDA GET /session/CEBA296E-D0D1-4426-9BBD-A896A4D24A4D/element/93000000-0000-0000-890D-000000000000/text completed (146ms, status: 200)
14:05:45.202039 [DEBUG] WDA GET /session/CEBA296E-D0D1-4426-9BBD-A896A4D24A4D/element/93000000-0000-0000-890D-000000000000/displayed completed (198ms, status: 200)
14:05:45.202095 [DEBUG] WDA POST /session/CEBA296E-D0D1-4426-9BBD-A896A4D24A4D/element/93000000-0000-0000-890D-000000000000/click body=
14:05:45.702576 [DEBUG] WDA POST /session/CEBA296E-D0D1-4426-9BBD-A896A4D24A4D/element/93000000-0000-0000-890D-000000000000/click completed (500ms, status: 200)
14:05:45.702623 [DEBUG] Step 4 completed successfully (998ms): tapOn: text="Golden Gate Bridge"
14:05:45.702979 [DEBUG] Executing step 5: assertVisible: text="San Francisco, CA"
14:05:45.703302 [DEBUG] WDA POST /session/CEBA296E-D0D1-4426-9BBD-A896A4D24A4D/element body={"using":"predicate string","value":"(label CONTAINS[c] 'San Francisco, CA' OR name CONTAINS[c] 'San...
14:05:45.953831 [DEBUG] WDA POST /session/CEBA296E-D0D1-4426-9BBD-A896A4D24A4D/element completed (250ms, status: 200)
14:05:45.953882 [DEBUG] WDA GET /session/CEBA296E-D0D1-4426-9BBD-A896A4D24A4D/element/CD000000-0000-0000-890D-000000000000/name
14:05:45.953887 [DEBUG] WDA GET /session/CEBA296E-D0D1-4426-9BBD-A896A4D24A4D/element/CD000000-0000-0000-890D-000000000000/rect
14:05:45.953899 [DEBUG] WDA GET /session/CEBA296E-D0D1-4426-9BBD-A896A4D24A4D/element/CD000000-0000-0000-890D-000000000000/displayed
14:05:45.953938 [DEBUG] WDA GET /session/CEBA296E-D0D1-4426-9BBD-A896A4D24A4D/element/CD000000-0000-0000-890D-000000000000/text
14:05:46.021888 [DEBUG] WDA GET /session/CEBA296E-D0D1-4426-9BBD-A896A4D24A4D/element/CD000000-0000-0000-890D-000000000000/rect completed (67ms, status: 200)
14:05:46.087828 [DEBUG] WDA GET /session/CEBA296E-D0D1-4426-9BBD-A896A4D24A4D/element/CD000000-0000-0000-890D-000000000000/name completed (133ms, status: 200)
14:05:46.129843 [DEBUG] WDA GET /session/CEBA296E-D0D1-4426-9BBD-A896A4D24A4D/element/CD000000-0000-0000-890D-000000000000/displayed completed (175ms, status: 200)
14:05:46.165794 [DEBUG] WDA GET /session/CEBA296E-D0D1-4426-9BBD-A896A4D24A4D/element/CD000000-0000-0000-890D-000000000000/text completed (211ms, status: 200)
14:05:46.165845 [DEBUG] Step 5 completed successfully (462ms): assertVisible: text="San Francisco, CA"
14:05:46.166266 [DEBUG] Executing step 6: assertVisible: text="Plan Visit"
14:05:46.166502 [DEBUG] WDA POST /session/CEBA296E-D0D1-4426-9BBD-A896A4D24A4D/element body={"using":"predicate string","value":"(label CONTAINS[c] 'Plan Visit' OR name CONTAINS[c] 'Plan Visit...
14:05:46.243932 [DEBUG] WDA POST /session/CEBA296E-D0D1-4426-9BBD-A896A4D24A4D/element completed (77ms, status: 200)
14:05:46.243984 [DEBUG] WDA GET /session/CEBA296E-D0D1-4426-9BBD-A896A4D24A4D/element/D1000000-0000-0000-890D-000000000000/name
14:05:46.243989 [DEBUG] WDA GET /session/CEBA296E-D0D1-4426-9BBD-A896A4D24A4D/element/D1000000-0000-0000-890D-000000000000/rect
14:05:46.243998 [DEBUG] WDA GET /session/CEBA296E-D0D1-4426-9BBD-A896A4D24A4D/element/D1000000-0000-0000-890D-000000000000/displayed
14:05:46.244026 [DEBUG] WDA GET /session/CEBA296E-D0D1-4426-9BBD-A896A4D24A4D/element/D1000000-0000-0000-890D-000000000000/text
14:05:46.283596 [DEBUG] WDA GET /session/CEBA296E-D0D1-4426-9BBD-A896A4D24A4D/element/D1000000-0000-0000-890D-000000000000/rect completed (39ms, status: 200)
14:05:46.324600 [DEBUG] WDA GET /session/CEBA296E-D0D1-4426-9BBD-A896A4D24A4D/element/D1000000-0000-0000-890D-000000000000/name completed (80ms, status: 200)
14:05:46.367764 [DEBUG] WDA GET /session/CEBA296E-D0D1-4426-9BBD-A896A4D24A4D/element/D1000000-0000-0000-890D-000000000000/displayed completed (123ms, status: 200)
14:05:46.405280 [DEBUG] WDA GET /session/CEBA296E-D0D1-4426-9BBD-A896A4D24A4D/element/D1000000-0000-0000-890D-000000000000/text completed (161ms, status: 200)
14:05:46.405322 [DEBUG] Step 6 completed successfully (239ms): assertVisible: text="Plan Visit"
14:05:46.405726 [DEBUG] Executing step 7: takeScreenshot
14:05:46.405907 [DEBUG] WDA GET /session/CEBA296E-D0D1-4426-9BBD-A896A4D24A4D/screenshot
14:05:46.492351 [DEBUG] WDA GET /session/CEBA296E-D0D1-4426-9BBD-A896A4D24A4D/screenshot completed (86ms, status: 200)
14:05:46.496917 [DEBUG] Step 7 completed successfully (91ms): takeScreenshot
14:05:46.498296 [INFO] === Flow completed: 01-browse (status: passed, duration: 9156ms, passed: 8, failed: 0, skipped: 0) ===
14:05:46.501553 [INFO] Flow execution completed: 1 passed, 0 failed, 0 skipped
14:05:46.501670 [INFO] Generating reports...
14:05:46.506714 [INFO] Shutting down devices started by maestro-runner...
14:05:46.507241 [INFO] Shutting down all tracked emulators
14:05:46.507253 [INFO] Shutting down all tracked simulators
