[XCUIElementTypeApplication] label="Landmarks"
  [XCUIElementTypeWindow]
    [XCUIElementTypeOther]
      [XCUIElementTypeOther]
        [XCUIElementTypeOther]
          [XCUIElementTypeOther]
            [XCUIElementTypeOther]
              [XCUIElementTypeOther]
                [XCUIElementTypeOther]
                  [XCUIElementTypeOther]
                    [XCUIElementTypeOther]
                      [XCUIElementTypeOther]
                        [XCUIElementTypeOther]
                          [XCUIElementTypeNavigationBar] name="Landmarks"
                            [XCUIElementTypeStaticText] label="Landmarks" value="Landmarks"
                          [XCUIElementTypeOther]
                            [XCUIElementTypeOther]
                              [XCUIElementTypeOther]
                                [XCUIElementTypeOther]
                                  [XCUIElementTypeCollectionView]
                                    [XCUIElementTypeOther]
                                    [XCUIElementTypeCell]
                                      [XCUIElementTypeOther]
                                      [XCUIElementTypeOther]
                                        [XCUIElementTypeOther]
                                          [XCUIElementTypeOther]
                                            [XCUIElementTypeStaticText] label="Featured" value="Featured"
                                    [XCUIElementTypeCell]
                                      [XCUIElementTypeOther]
                                        [XCUIElementTypeOther]
                                      [XCUIElementTypeOther]
                                        [XCUIElementTypeOther]
                                          [XCUIElementTypeOther]
                                            [XCUIElementTypeButton] label="Golden Gate Bridge, San Francisco, CA"
                                              [XCUIElementTypeImage] label="road.lanes"
                                              [XCUIElementTypeStaticText] label="Golden Gate Bridge" value="Golden Gate Bridge"
                                              [XCUIElementTypeStaticText] label="San Francisco, CA" value="San Francisco, CA"
                                              [XCUIElementTypeImage] label="Favorite" name="star.fill"
                                              [XCUIElementTypeImage] name="chevron.forward"
                                    [XCUIElementTypeCell]
                                      [XCUIElementTypeOther]
                                        [XCUIElementTypeOther]
                                      [XCUIElementTypeOther]
                                        [XCUIElementTypeOther]
                                          [XCUIElementTypeOther]
                                            [XCUIElementTypeButton] label="Half Dome, Yosemite, CA"
                                              [XCUIElementTypeImage] label="mountain.2"
                                              [XCUIElementTypeStaticText] label="Half Dome" value="Half Dome"
                                              [XCUIElementTypeStaticText] label="Yosemite, CA" value="Yosemite, CA"
                                              [XCUIElementTypeImage] label="Favorite" name="star.fill"
                                              [XCUIElementTypeImage] name="chevron.forward"
                                    [XCUIElementTypeOther]
                                    [XCUIElementTypeOther]
                                    [XCUIElementTypeCell]
                                      [XCUIElementTypeOther]
                                      [XCUIElementTypeOther]
                                        [XCUIElementTypeOther]
                                          [XCUIElementTypeOther]
                                            [XCUIElementTypeStaticText] label="Categories" value="Categories"
                                    [XCUIElementTypeCell]
                                      [XCUIElementTypeOther]
                                        [XCUIElementTypeOther]
                                      [XCUIElementTypeOther]
                                        [XCUIElementTypeOther]
                                          [XCUIElementTypeOther]
                                            [XCUIElementTypeButton] label="Mountains"
                                              [XCUIElementTypeImage] label="mountain.2"
                                              [XCUIElementTypeStaticText] label="Mountains" value="Mountains"
                                              [XCUIElementTypeImage] name="chevron.forward"
                                    [XCUIElementTypeCell]
                                      [XCUIElementTypeOther]
                                        [XCUIElementTypeOther]
                                      [XCUIElementTypeOther]
                                        [XCUIElementTypeOther]
                                          [XCUIElementTypeOther]
                                            [XCUIElementTypeButton] label="Lakes"
                                              [XCUIElementTypeImage] label="water.waves"
                                              [XCUIElementTypeStaticText] label="Lakes" value="Lakes"
                                              [XCUIElementTypeImage] name="chevron.forward"
                                    [XCUIElementTypeOther]
                                    [XCUIElementTypeCell]
                                      [XCUIElementTypeOther]
                                        [XCUIElementTypeOther]
                                      [XCUIElementTypeOther]
                                        [XCUIElementTypeOther]
                                          [XCUIElementTypeOther]
                                            [XCUIElementTypeButton] label="Bridges"
                                              [XCUIElementTypeImage] label="road.lanes"
                                              [XCUIElementTypeStaticText] label="Bridges" value="Bridges"
                                              [XCUIElementTypeImage] name="chevron.forward"
                                    [XCUIElementTypeOther]
                                    [XCUIElementTypeOther]
                                    [XCUIElementTypeCell]
                                      [XCUIElementTypeOther]
                                      [XCUIElementTypeOther]
                                        [XCUIElementTypeOther]
                                          [XCUIElementTypeOther]
                                            [XCUIElementTypeStaticText] label="All Landmarks" value="All Landmarks"
                                    [XCUIElementTypeCell]
                                      [XCUIElementTypeOther]
                                        [XCUIElementTypeOther]
                                      [XCUIElementTypeOther]
                                        [XCUIElementTypeOther]
                                          [XCUIElementTypeOther]
                                            [XCUIElementTypeButton] label="Golden Gate Bridge, San Francisco, CA"
                                              [XCUIElementTypeImage] label="road.lanes"
                                              [XCUIElementTypeStaticText] label="Golden Gate Bridge" value="Golden Gate Bridge"
                                              [XCUIElementTypeStaticText] label="San Francisco, CA" value="San Francisco, CA"
                                              [XCUIElementTypeImage] label="Favorite" name="star.fill"
                                              [XCUIElementTypeImage] name="chevron.forward"
                                    [XCUIElementTypeOther]
                                      [XCUIElementTypeImage] name="AdditionalDimmingOverlay"
                                      [XCUIElementTypeOther]
                                        [XCUIElementTypeOther]
                                      [XCUIElementTypeOther]
                                        [XCUIElementTypeOther]
                                        [XCUIElementTypeOther]
                                    [XCUIElementTypeCell]
                                      [XCUIElementTypeOther]
                                        [XCUIElementTypeOther]
                                      [XCUIElementTypeOther]
                                        [XCUIElementTypeOther]
                                          [XCUIElementTypeOther]
                                            [XCUIElementTypeButton] label="Lake Tahoe, Sierra Nevada, CA"
                                              [XCUIElementTypeImage] label="water.waves"
                                              [XCUIElementTypeStaticText] label="Lake Tahoe" value="Lake Tahoe"
                                              [XCUIElementTypeStaticText] label="Sierra Nevada, CA" value="Sierra Nevada, CA"
                                              [XCUIElementTypeImage] name="chevron.forward"
                                    [XCUIElementTypeOther]
                                    [XCUIElementTypeCell]
                                      [XCUIElementTypeOther]
                                        [XCUIElementTypeOther]
                                      [XCUIElementTypeOther]
                                        [XCUIElementTypeOther]
                                          [XCUIElementTypeOther]
                                            [XCUIElementTypeButton] label="Half Dome, Yosemite, CA"
                                              [XCUIElementTypeImage] label="mountain.2"
                                              [XCUIElementTypeStaticText] label="Half Dome" value="Half Dome"
                                              [XCUIElementTypeStaticText] label="Yosemite, CA" value="Yosemite, CA"
                                              [XCUIElementTypeImage] label="Favorite" name="star.fill"
                                              [XCUIElementTypeImage] name="chevron.forward"
                                    [XCUIElementTypeOther]
                                    [XCUIElementTypeOther] label="Vertical scroll bar, 2 pages" value="0%"
                                      [XCUIElementTypeOther]
                                    [XCUIElementTypeOther] label="Vertical scroll bar, 2 pages" value="0%"
                                      [XCUIElementTypeOther]
                          [XCUIElementTypeOther]
                            [XCUIElementTypeOther]
              [XCUIElementTypeOther]
                [XCUIElementTypeOther]
                  [XCUIElementTypeTabBar] label="Tab Bar"
                    [XCUIElementTypeOther]
                      [XCUIElementTypeOther]
                      [XCUIElementTypeOther]
                        [XCUIElementTypeButton] label="Landmarks" name="map" value="1"
                          [XCUIElementTypeImage] label="show map" name="map.fill"
                        [XCUIElementTypeButton] label="Favorites" name="heart"
                          [XCUIElementTypeImage] label="love" name="heart.fill"
                        [XCUIElementTypeButton] label="Deep Links" name="link"
                          [XCUIElementTypeImage] label="link"
                      [XCUIElementTypeOther]
                        [XCUIElementTypeOther]
                          [XCUIElementTypeOther]
                            [XCUIElementTypeOther]
                          [XCUIElementTypeOther]
                            [XCUIElementTypeOther]
                              [XCUIElementTypeOther]
                                [XCUIElementTypeOther]
                              [XCUIElementTypeOther]
                            [XCUIElementTypeOther]
                [XCUIElementTypeOther]
                  [XCUIElementTypeOther]
                    [XCUIElementTypeOther]
                      [XCUIElementTypeOther]
                        [XCUIElementTypeOther]
                          [XCUIElementTypeOther]
                      [XCUIElementTypeOther]
                        [XCUIElementTypeOther]
