14:21:29.035990 [INFO] === Test execution started ===
14:21:29.036055 [INFO] Output directory: /private/tmp/qa-ios/app068/out
14:21:29.036060 [INFO] Platform: ios
14:21:29.036064 [INFO] Driver: uiautomator2
14:21:29.036315 [INFO] Validated 1 flow(s)
14:21:29.144417 [INFO] Single device execution mode
14:21:29.144445 [INFO] Starting flow execution (parallel: false, devices: [])
14:21:29.144452 [INFO] Creating driver for single device execution
14:21:29.144456 [INFO] Using specified iOS device: 6EEDCB1A-E693-488A-B34C-5A0AB5DE9400
14:21:29.248734 [INFO] Device 6EEDCB1A-E693-488A-B34C-5A0AB5DE9400 is a simulator
14:21:29.248818 [INFO] Building WDA for device 6EEDCB1A-E693-488A-B34C-5A0AB5DE9400 (team ID: )
14:21:29.457473 [INFO] WDA build completed successfully
14:21:29.457489 [INFO] Starting WDA on device 6EEDCB1A-E693-488A-B34C-5A0AB5DE9400 (port: 8876)
14:21:31.674314 [INFO] WDA started successfully on port 8876
14:21:32.041503 [DEBUG] WDA GET /window/size
14:21:32.122605 [DEBUG] WDA GET /window/size completed (81ms, status: 200)
14:21:32.122690 [INFO] Driver created: ios on qa-ios-1
14:21:32.124054 [INFO] === Starting flow: 99-crash ===
14:21:32.124060 [INFO] Flow file: /var/folders/jv/76l6crmx6nl3hf150gzry_ym0000gn/T/grantiva-62A09DE0-1EC8-4A6B-B6A7-AA34206893E5/0/99-crash.yaml
14:21:32.124064 [INFO] Total steps: 4
14:21:32.124198 [DEBUG] WDA POST /appium/settings body={"settings":{"shouldWaitForQuiescence":false,"waitForIdleTimeout":0}}
14:21:32.124869 [DEBUG] WDA POST /appium/settings completed (0ms, status: 404)
14:21:32.124957 [DEBUG] WDA POST /session body={"capabilities":{"alwaysMatch":{"bundleId":"com.kylebrowning.Landmarks","defaultAlertAction":"accept...
14:21:34.725942 [DEBUG] WDA POST /session completed (2600ms, status: 200)
14:21:34.726209 [DEBUG] WDA POST /session/239DA05D-81C1-4FB3-93C6-594E402BE83F/appium/settings body={"settings":{"shouldWaitForQuiescence":false,"waitForIdleTimeout":0}}
14:21:34.911127 [DEBUG] WDA POST /session/239DA05D-81C1-4FB3-93C6-594E402BE83F/appium/settings completed (184ms, status: 200)
14:21:34.912673 [DEBUG] Executing step 0: launchApp
14:21:35.377755 [DEBUG] [wda] launchApp com.kylebrowning.Landmarks: argv=[] env=map[]
14:21:35.377844 [DEBUG] WDA POST /session/239DA05D-81C1-4FB3-93C6-594E402BE83F/appium/settings body={"settings":{"acceptAlertButtonSelector":"**/XCUIElementTypeButton[`label BEGINSWITH[c] 'Allow' OR l...
14:21:35.378792 [DEBUG] WDA POST /session/239DA05D-81C1-4FB3-93C6-594E402BE83F/appium/settings completed (0ms, status: 200)
14:21:35.378889 [DEBUG] WDA POST /session/239DA05D-81C1-4FB3-93C6-594E402BE83F/wda/apps/launch body={"bundleId":"com.kylebrowning.Landmarks"}
14:21:36.896859 [DEBUG] WDA POST /session/239DA05D-81C1-4FB3-93C6-594E402BE83F/wda/apps/launch completed (1517ms, status: 200)
14:21:36.897028 [DEBUG] Step 0 completed successfully (1984ms): launchApp
14:21:36.897541 [DEBUG] Executing step 1: assertVisible: text="Landmarks"
14:21:36.897974 [DEBUG] Flutter: parallel search (text="Landmarks", id="")
14:21:36.898004 [DEBUG] WDA POST /session/239DA05D-81C1-4FB3-93C6-594E402BE83F/element body={"using":"predicate string","value":"(label CONTAINS[c] 'Landmarks' OR name CONTAINS[c] 'Landmarks' ...
14:21:37.110814 [DEBUG] WDA POST /session/239DA05D-81C1-4FB3-93C6-594E402BE83F/element completed (212ms, status: 200)
14:21:37.110896 [DEBUG] WDA GET /session/239DA05D-81C1-4FB3-93C6-594E402BE83F/element/01000000-0000-0000-D2D8-000000000000/name
14:21:37.110932 [DEBUG] WDA GET /session/239DA05D-81C1-4FB3-93C6-594E402BE83F/element/01000000-0000-0000-D2D8-000000000000/rect
14:21:37.110964 [DEBUG] WDA GET /session/239DA05D-81C1-4FB3-93C6-594E402BE83F/element/01000000-0000-0000-D2D8-000000000000/displayed
14:21:37.111053 [DEBUG] WDA GET /session/239DA05D-81C1-4FB3-93C6-594E402BE83F/element/01000000-0000-0000-D2D8-000000000000/text
14:21:37.199330 [DEBUG] WDA GET /session/239DA05D-81C1-4FB3-93C6-594E402BE83F/element/01000000-0000-0000-D2D8-000000000000/name completed (88ms, status: 200)
14:21:37.256631 [DEBUG] WDA GET /session/239DA05D-81C1-4FB3-93C6-594E402BE83F/element/01000000-0000-0000-D2D8-000000000000/displayed completed (145ms, status: 200)
14:21:37.283087 [DEBUG] WDA GET /session/239DA05D-81C1-4FB3-93C6-594E402BE83F/element/01000000-0000-0000-D2D8-000000000000/text completed (172ms, status: 200)
14:21:37.339794 [DEBUG] WDA GET /session/239DA05D-81C1-4FB3-93C6-594E402BE83F/element/01000000-0000-0000-D2D8-000000000000/rect completed (228ms, status: 200)
14:21:38.152375 [DEBUG] Flutter fallback: failed to get trees: no Flutter VM service found
14:21:38.152415 [DEBUG] Step 1 completed successfully (1254ms): assertVisible: text="Landmarks"
14:21:38.152745 [DEBUG] Executing step 2: assertVisible: text="Featured"
14:21:38.152946 [DEBUG] WDA POST /session/239DA05D-81C1-4FB3-93C6-594E402BE83F/element body={"using":"predicate string","value":"(label CONTAINS[c] 'Featured' OR name CONTAINS[c] 'Featured' OR...
14:21:38.251426 [DEBUG] WDA POST /session/239DA05D-81C1-4FB3-93C6-594E402BE83F/element completed (98ms, status: 200)
14:21:38.251525 [DEBUG] WDA GET /session/239DA05D-81C1-4FB3-93C6-594E402BE83F/element/87000000-0000-0000-D2D8-000000000000/text
14:21:38.251602 [DEBUG] WDA GET /session/239DA05D-81C1-4FB3-93C6-594E402BE83F/element/87000000-0000-0000-D2D8-000000000000/rect
14:21:38.251635 [DEBUG] WDA GET /session/239DA05D-81C1-4FB3-93C6-594E402BE83F/element/87000000-0000-0000-D2D8-000000000000/displayed
14:21:38.251669 [DEBUG] WDA GET /session/239DA05D-81C1-4FB3-93C6-594E402BE83F/element/87000000-0000-0000-D2D8-000000000000/name
14:21:38.296807 [DEBUG] WDA GET /session/239DA05D-81C1-4FB3-93C6-594E402BE83F/element/87000000-0000-0000-D2D8-000000000000/text completed (45ms, status: 200)
14:21:38.344049 [DEBUG] WDA GET /session/239DA05D-81C1-4FB3-93C6-594E402BE83F/element/87000000-0000-0000-D2D8-000000000000/rect completed (92ms, status: 200)
14:21:38.395587 [DEBUG] WDA GET /session/239DA05D-81C1-4FB3-93C6-594E402BE83F/element/87000000-0000-0000-D2D8-000000000000/displayed completed (144ms, status: 200)
14:21:38.442418 [DEBUG] WDA GET /session/239DA05D-81C1-4FB3-93C6-594E402BE83F/element/87000000-0000-0000-D2D8-000000000000/name completed (190ms, status: 200)
14:21:38.442513 [DEBUG] Step 2 completed successfully (289ms): assertVisible: text="Featured"
14:21:38.443293 [DEBUG] Executing step 3: assertVisible: text="This never appears"
14:21:38.443897 [DEBUG] WDA POST /session/239DA05D-81C1-4FB3-93C6-594E402BE83F/element body={"using":"predicate string","value":"(label CONTAINS[c] 'This never appears' OR name CONTAINS[c] 'Th...
14:21:38.493709 [DEBUG] WDA POST /session/239DA05D-81C1-4FB3-93C6-594E402BE83F/element completed (49ms, status: 404)
14:21:38.494091 [DEBUG] WDA GET /session/239DA05D-81C1-4FB3-93C6-594E402BE83F/source
14:21:39.154278 [DEBUG] WDA GET /session/239DA05D-81C1-4FB3-93C6-594E402BE83F/source completed (660ms, status: 200)
14:21:39.208329 [DEBUG] WDA POST /session/239DA05D-81C1-4FB3-93C6-594E402BE83F/element body={"using":"predicate string","value":"(label CONTAINS[c] 'This never appears' OR name CONTAINS[c] 'Th...
14:21:39.257756 [DEBUG] WDA POST /session/239DA05D-81C1-4FB3-93C6-594E402BE83F/element completed (49ms, status: 404)
14:21:39.257951 [DEBUG] WDA GET /session/239DA05D-81C1-4FB3-93C6-594E402BE83F/source
14:21:39.915617 [DEBUG] WDA GET /session/239DA05D-81C1-4FB3-93C6-594E402BE83F/source completed (657ms, status: 200)
14:21:39.968656 [DEBUG] WDA POST /session/239DA05D-81C1-4FB3-93C6-594E402BE83F/element body={"using":"predicate string","value":"(label CONTAINS[c] 'This never appears' OR name CONTAINS[c] 'Th...
14:21:40.021023 [DEBUG] WDA POST /session/239DA05D-81C1-4FB3-93C6-594E402BE83F/element completed (52ms, status: 404)
14:21:40.021331 [DEBUG] WDA GET /session/239DA05D-81C1-4FB3-93C6-594E402BE83F/source
14:21:40.709347 [DEBUG] WDA GET /session/239DA05D-81C1-4FB3-93C6-594E402BE83F/source completed (688ms, status: 200)
14:21:40.761848 [DEBUG] WDA POST /session/239DA05D-81C1-4FB3-93C6-594E402BE83F/element body={"using":"predicate string","value":"(label CONTAINS[c] 'This never appears' OR name CONTAINS[c] 'Th...
14:21:40.814950 [DEBUG] WDA POST /session/239DA05D-81C1-4FB3-93C6-594E402BE83F/element completed (53ms, status: 404)
14:21:40.815046 [DEBUG] WDA GET /session/239DA05D-81C1-4FB3-93C6-594E402BE83F/source
14:21:41.514234 [DEBUG] WDA GET /session/239DA05D-81C1-4FB3-93C6-594E402BE83F/source completed (699ms, status: 200)
14:21:41.566150 [DEBUG] WDA POST /session/239DA05D-81C1-4FB3-93C6-594E402BE83F/element body={"using":"predicate string","value":"(label CONTAINS[c] 'This never appears' OR name CONTAINS[c] 'Th...
14:21:41.615118 [DEBUG] WDA POST /session/239DA05D-81C1-4FB3-93C6-594E402BE83F/element completed (48ms, status: 404)
14:21:41.615206 [DEBUG] WDA GET /session/239DA05D-81C1-4FB3-93C6-594E402BE83F/source
14:21:42.274165 [DEBUG] WDA GET /session/239DA05D-81C1-4FB3-93C6-594E402BE83F/source completed (658ms, status: 200)
14:21:42.326863 [DEBUG] WDA POST /session/239DA05D-81C1-4FB3-93C6-594E402BE83F/element body={"using":"predicate string","value":"(label CONTAINS[c] 'This never appears' OR name CONTAINS[c] 'Th...
14:21:42.377458 [DEBUG] WDA POST /session/239DA05D-81C1-4FB3-93C6-594E402BE83F/element completed (50ms, status: 404)
14:21:42.377532 [DEBUG] WDA GET /session/239DA05D-81C1-4FB3-93C6-594E402BE83F/source
14:21:43.031059 [DEBUG] WDA GET /session/239DA05D-81C1-4FB3-93C6-594E402BE83F/source completed (653ms, status: 200)
14:21:43.084150 [DEBUG] WDA POST /session/239DA05D-81C1-4FB3-93C6-594E402BE83F/element body={"using":"predicate string","value":"(label CONTAINS[c] 'This never appears' OR name CONTAINS[c] 'Th...
14:21:43.135310 [DEBUG] WDA POST /session/239DA05D-81C1-4FB3-93C6-594E402BE83F/element completed (51ms, status: 404)
14:21:43.135949 [DEBUG] WDA GET /session/239DA05D-81C1-4FB3-93C6-594E402BE83F/source
14:21:43.792067 [DEBUG] WDA GET /session/239DA05D-81C1-4FB3-93C6-594E402BE83F/source completed (656ms, status: 200)
14:21:43.843966 [DEBUG] WDA POST /session/239DA05D-81C1-4FB3-93C6-594E402BE83F/element body={"using":"predicate string","value":"(label CONTAINS[c] 'This never appears' OR name CONTAINS[c] 'Th...
14:21:43.892351 [DEBUG] WDA POST /session/239DA05D-81C1-4FB3-93C6-594E402BE83F/element completed (48ms, status: 404)
14:21:43.892437 [DEBUG] WDA GET /session/239DA05D-81C1-4FB3-93C6-594E402BE83F/source
14:21:44.560264 [DEBUG] WDA GET /session/239DA05D-81C1-4FB3-93C6-594E402BE83F/source completed (667ms, status: 200)
14:21:44.612389 [DEBUG] WDA POST /session/239DA05D-81C1-4FB3-93C6-594E402BE83F/element body={"using":"predicate string","value":"(label CONTAINS[c] 'This never appears' OR name CONTAINS[c] 'Th...
14:21:44.660636 [DEBUG] WDA POST /session/239DA05D-81C1-4FB3-93C6-594E402BE83F/element completed (48ms, status: 404)
14:21:44.660956 [DEBUG] WDA GET /session/239DA05D-81C1-4FB3-93C6-594E402BE83F/source
14:21:45.337957 [DEBUG] WDA GET /session/239DA05D-81C1-4FB3-93C6-594E402BE83F/source completed (676ms, status: 200)
14:21:45.389694 [DEBUG] WDA POST /session/239DA05D-81C1-4FB3-93C6-594E402BE83F/element body={"using":"predicate string","value":"(label CONTAINS[c] 'This never appears' OR name CONTAINS[c] 'Th...
14:21:45.440019 [DEBUG] WDA POST /session/239DA05D-81C1-4FB3-93C6-594E402BE83F/element completed (50ms, status: 404)
14:21:45.440122 [DEBUG] WDA GET /session/239DA05D-81C1-4FB3-93C6-594E402BE83F/source
14:21:46.130782 [DEBUG] WDA GET /session/239DA05D-81C1-4FB3-93C6-594E402BE83F/source completed (690ms, status: 200)
14:21:46.182656 [DEBUG] WDA POST /session/239DA05D-81C1-4FB3-93C6-594E402BE83F/element body={"using":"predicate string","value":"(label CONTAINS[c] 'This never appears' OR name CONTAINS[c] 'Th...
14:21:46.232808 [DEBUG] WDA POST /session/239DA05D-81C1-4FB3-93C6-594E402BE83F/element completed (50ms, status: 404)
14:21:46.233007 [DEBUG] WDA GET /session/239DA05D-81C1-4FB3-93C6-594E402BE83F/source
14:21:46.941568 [DEBUG] WDA GET /session/239DA05D-81C1-4FB3-93C6-594E402BE83F/source completed (708ms, status: 200)
14:21:46.992492 [DEBUG] WDA POST /session/239DA05D-81C1-4FB3-93C6-594E402BE83F/element body={"using":"predicate string","value":"(label CONTAINS[c] 'This never appears' OR name CONTAINS[c] 'Th...
14:21:47.044621 [DEBUG] WDA POST /session/239DA05D-81C1-4FB3-93C6-594E402BE83F/element completed (52ms, status: 404)
14:21:47.044713 [DEBUG] WDA GET /session/239DA05D-81C1-4FB3-93C6-594E402BE83F/source
14:21:47.834421 [DEBUG] WDA GET /session/239DA05D-81C1-4FB3-93C6-594E402BE83F/source completed (789ms, status: 200)
14:21:47.886317 [DEBUG] WDA POST /session/239DA05D-81C1-4FB3-93C6-594E402BE83F/element body={"using":"predicate string","value":"(label CONTAINS[c] 'This never appears' OR name CONTAINS[c] 'Th...
14:21:47.942615 [DEBUG] WDA POST /session/239DA05D-81C1-4FB3-93C6-594E402BE83F/element completed (56ms, status: 404)
14:21:47.943163 [DEBUG] WDA GET /session/239DA05D-81C1-4FB3-93C6-594E402BE83F/source
14:21:48.705278 [DEBUG] WDA GET /session/239DA05D-81C1-4FB3-93C6-594E402BE83F/source completed (762ms, status: 200)
14:21:48.757848 [DEBUG] WDA POST /session/239DA05D-81C1-4FB3-93C6-594E402BE83F/element body={"using":"predicate string","value":"(label CONTAINS[c] 'This never appears' OR name CONTAINS[c] 'Th...
14:21:48.810466 [DEBUG] WDA POST /session/239DA05D-81C1-4FB3-93C6-594E402BE83F/element completed (52ms, status: 404)
14:21:48.810549 [DEBUG] WDA GET /session/239DA05D-81C1-4FB3-93C6-594E402BE83F/source
14:21:49.569202 [DEBUG] WDA GET /session/239DA05D-81C1-4FB3-93C6-594E402BE83F/source completed (758ms, status: 200)
14:21:49.621056 [DEBUG] WDA POST /session/239DA05D-81C1-4FB3-93C6-594E402BE83F/element body={"using":"predicate string","value":"(label CONTAINS[c] 'This never appears' OR name CONTAINS[c] 'Th...
14:21:49.670699 [DEBUG] WDA POST /session/239DA05D-81C1-4FB3-93C6-594E402BE83F/element completed (49ms, status: 404)
14:21:49.670786 [DEBUG] WDA GET /session/239DA05D-81C1-4FB3-93C6-594E402BE83F/source
14:21:50.335222 [DEBUG] WDA GET /session/239DA05D-81C1-4FB3-93C6-594E402BE83F/source completed (664ms, status: 200)
14:21:50.387778 [DEBUG] WDA POST /session/239DA05D-81C1-4FB3-93C6-594E402BE83F/element body={"using":"predicate string","value":"(label CONTAINS[c] 'This never appears' OR name CONTAINS[c] 'Th...
14:21:50.440339 [DEBUG] WDA POST /session/239DA05D-81C1-4FB3-93C6-594E402BE83F/element completed (52ms, status: 404)
14:21:50.440527 [DEBUG] WDA GET /session/239DA05D-81C1-4FB3-93C6-594E402BE83F/source
14:21:51.077569 [DEBUG] WDA GET /session/239DA05D-81C1-4FB3-93C6-594E402BE83F/source completed (637ms, status: 200)
14:21:51.128881 [ERROR] Step 3 failed (12685ms): assertVisible: text="This never appears" - Error: Element not visible: text='This never appears' (cause: context deadline exceeded: no elements match selector; closest on-screen texts: "Sierra Nevada, CA", "heart", "Lake Tahoe, Sierra Nevada, CA")
14:21:51.128945 [DEBUG] WDA GET /session/239DA05D-81C1-4FB3-93C6-594E402BE83F/screenshot
14:21:51.213442 [DEBUG] WDA GET /session/239DA05D-81C1-4FB3-93C6-594E402BE83F/screenshot completed (84ms, status: 200)
14:21:51.218062 [DEBUG] WDA GET /session/239DA05D-81C1-4FB3-93C6-594E402BE83F/source
14:21:51.863639 [DEBUG] WDA GET /session/239DA05D-81C1-4FB3-93C6-594E402BE83F/source completed (645ms, status: 200)
14:21:51.867972 [INFO] === Flow completed: 99-crash (status: failed, duration: 19743ms, passed: 3, failed: 1, skipped: 0) ===
14:21:51.869739 [INFO] Flow execution completed: 0 passed, 1 failed, 0 skipped
14:21:51.869876 [INFO] Generating reports...
14:21:51.870593 [INFO] Shutting down devices started by maestro-runner...
14:21:51.870609 [INFO] Shutting down all tracked emulators
14:21:51.870618 [INFO] Shutting down all tracked simulators
