Resolved: scheme=(none) simulator=qa-cli-1 screens=1 flows=0
Preparing runner...
Runner ready
Booting simulator: qa-cli-1
Simulator booted: qa-cli-1 (D3E7E498-2E80-469C-A465-4757C8995ACC)
Skipping build and install (--no-build)
Running 1 flow(s)...

  grantiva-runner 1.1.18-grantiva.7 - by Grantiva
  Fast, lightweight UI test runner


Setup
────────────────────────────────────────
  ✓ Found 1 test flow(s)
  ✓ Report directory: /var/folders/jv/76l6crmx6nl3hf150gzry_ym0000gn/T/grantiva-report-7724DD13-EBF9-4764-9DF8-1B5E307133A6

Execution
────────────────────────────────────────
  ⏳ Checking GrantivaAgent installation...
  ✓ GrantivaAgent installed
  ⏳ Building GrantivaAgent...
  ✓ Using cached GrantivaAgent build (sim-ios26.0-iphone)
  ✓ GrantivaAgent built
  ⏳ Starting GrantivaAgent...
Starting GrantivaAgent...
GrantivaAgent started
  ✓ GrantivaAgent started
  ✓ GrantivaAgent port: 8400

  [1/1] flow (flow.yaml)
────────────────────────────────────────────────────────────
    ✓ launchApp (2.0s)
    ✓ tapOn: text="Deep Links" (1.3s)
    ✓ tapOn: text="Edit Landmark" (906ms)
    ✓ tapOn: text="Name" (889ms)
    ✓ inputText: " QA" (376ms)
    ✓ takeScreenshot (75ms)
✓ flow 8.3s

  [1/1] flow (/var/folders/jv/76l6crmx6nl3hf150gzry_ym0000gn/T/grantiva-flows-00B2177D-76AC-4611-99FF-B0D3FBE5C95F/flow.yaml) - Device: qa-cli-1 (ios 26.0 Simulator)
  ────────────────────────────────────────────────────────────
    ✓ launchApp (2.0s)
    ✓ tapOn (1.3s)
    ✓ tapOn (906ms)
    ✓ tapOn (889ms)
    ✓ inputText (376ms)
    ✓ takeScreenshot (75ms)
✓ flow 5.6s

  6 steps passing (8.3s)

════════════════════════════════════════════════════════════════════════════════════════════════════════════════════
  Flow                           Status   Steps   Pass   Fail   Skip   Duration  Device
────────────────────────────────────────────────────────────────────────────────────────────────────────────────────
  flow                           ✓ PASS       6      6      0      0       8.3s  qa-cli-1 (ios 26.0 Simulator)
────────────────────────────────────────────────────────────────────────────────────────────────────────────────────
  TOTAL                             1/1       6      6      0      0       8.3s
════════════════════════════════════════════════════════════════════════════════════════════════════════════════════

  ✓ Tests completed. Generating reports...

  Reports: /var/folders/jv/76l6crmx6nl3hf150gzry_ym0000gn/T/grantiva-report-7724DD13-EBF9-4764-9DF8-1B5E307133A6
    ├── report.json
    ├── junit-report.xml
    └── allure-results/

  Paths:
    JSON:   /var/folders/jv/76l6crmx6nl3hf150gzry_ym0000gn/T/grantiva-report-7724DD13-EBF9-4764-9DF8-1B5E307133A6/report.json
    JUnit:  /var/folders/jv/76l6crmx6nl3hf150gzry_ym0000gn/T/grantiva-report-7724DD13-EBF9-4764-9DF8-1B5E307133A6/junit-report.xml
    Allure: /var/folders/jv/76l6crmx6nl3hf150gzry_ym0000gn/T/grantiva-report-7724DD13-EBF9-4764-9DF8-1B5E307133A6/allure-results

  Built by Grantiva


  inputText
    ✓ Tap on "Deep Links"
    ✓ Tap on "Edit Landmark"
    ✓ Tap on "Name"
    ✓ Type " QA"

  Screens: 1 total, 1 passed, 0 failed
  Screenshots: .grantiva/captures/

