Resolved: scheme=(none) simulator=qa-cli-1 screens=1 flows=0
Preparing runner...
Runner ready
Booting simulator: qa-cli-1
Simulator booted: qa-cli-1 (D3E7E498-2E80-469C-A465-4757C8995ACC)
Skipping build and install (--no-build)
Running 1 flow(s)...

  grantiva-runner 1.1.18-grantiva.7 - by Grantiva
  Fast, lightweight UI test runner


Setup
────────────────────────────────────────
  ✓ Found 1 test flow(s)
  ✓ Report directory: /var/folders/jv/76l6crmx6nl3hf150gzry_ym0000gn/T/grantiva-report-9A9BDDEF-0755-4B69-BA72-F4D14DC47C32

Execution
────────────────────────────────────────
  ⏳ Checking GrantivaAgent installation...
  ✓ GrantivaAgent installed
  ⏳ Building GrantivaAgent...
  ✓ Using cached GrantivaAgent build (sim-ios26.0-iphone)
  ✓ GrantivaAgent built
  ⏳ Starting GrantivaAgent...
Starting GrantivaAgent...
GrantivaAgent started
  ✓ GrantivaAgent started
  ✓ GrantivaAgent port: 8400

  [1/1] flow (flow.yaml)
────────────────────────────────────────────────────────────
    ✓ launchApp (2.3s)
    ✓ swipe: UP (2.1s)
    ✓ takeScreenshot (110ms)
✓ flow 7.3s

  [1/1] flow (/var/folders/jv/76l6crmx6nl3hf150gzry_ym0000gn/T/grantiva-flows-2051BF90-1904-4BED-B37B-5E62B5A8FC5C/flow.yaml) - Device: qa-cli-1 (ios 26.0 Simulator)
  ────────────────────────────────────────────────────────────
    ✓ launchApp (2.3s)
    ✓ swipe (2.1s)
    ✓ takeScreenshot (110ms)
✓ flow 4.5s

  3 steps passing (7.3s)

════════════════════════════════════════════════════════════════════════════════════════════════════════════════════
  Flow                           Status   Steps   Pass   Fail   Skip   Duration  Device
────────────────────────────────────────────────────────────────────────────────────────────────────────────────────
  flow                           ✓ PASS       3      3      0      0       7.3s  qa-cli-1 (ios 26.0 Simulator)
────────────────────────────────────────────────────────────────────────────────────────────────────────────────────
  TOTAL                             1/1       3      3      0      0       7.3s
════════════════════════════════════════════════════════════════════════════════════════════════════════════════════

  ✓ Tests completed. Generating reports...

  Reports: /var/folders/jv/76l6crmx6nl3hf150gzry_ym0000gn/T/grantiva-report-9A9BDDEF-0755-4B69-BA72-F4D14DC47C32
    ├── report.json
    ├── junit-report.xml
    └── allure-results/

  Paths:
    JSON:   /var/folders/jv/76l6crmx6nl3hf150gzry_ym0000gn/T/grantiva-report-9A9BDDEF-0755-4B69-BA72-F4D14DC47C32/report.json
    JUnit:  /var/folders/jv/76l6crmx6nl3hf150gzry_ym0000gn/T/grantiva-report-9A9BDDEF-0755-4B69-BA72-F4D14DC47C32/junit-report.xml
    Allure: /var/folders/jv/76l6crmx6nl3hf150gzry_ym0000gn/T/grantiva-report-9A9BDDEF-0755-4B69-BA72-F4D14DC47C32/allure-results

  Built by Grantiva


  scroll
    ✓ Swipe up

  Screens: 1 total, 1 passed, 0 failed
  Screenshots: .grantiva/captures/

