Resolved: scheme=(none) simulator=qa-cli-1 screens=1 flows=0
Preparing runner...
Runner ready
Booting simulator: qa-cli-1
Simulator booted: qa-cli-1 (D3E7E498-2E80-469C-A465-4757C8995ACC)
Skipping build and install (--no-build)
Running 1 flow(s)...

  grantiva-runner 1.1.18-grantiva.7 - by Grantiva
  Fast, lightweight UI test runner


Setup
────────────────────────────────────────
  ✓ Found 1 test flow(s)
  ✓ Report directory: /var/folders/jv/76l6crmx6nl3hf150gzry_ym0000gn/T/grantiva-report-4EBDEF0D-90D0-48B6-8893-2C57A6C97055

Execution
────────────────────────────────────────
  ⏳ Checking GrantivaAgent installation...
  ✓ GrantivaAgent installed
  ⏳ Building GrantivaAgent...
  ✓ Using cached GrantivaAgent build (sim-ios26.0-iphone)
  ✓ GrantivaAgent built
  ⏳ Starting GrantivaAgent...
Starting GrantivaAgent...
GrantivaAgent started
  ✓ GrantivaAgent started
  ✓ GrantivaAgent port: 8400

  [1/1] flow (flow.yaml)
────────────────────────────────────────────────────────────
    ✓ launchApp (2.1s)
    ✗ tapOn: text="clock" (18.0s)
      ╰─ Element not found: text='clock' (cause: context deadline exceeded: WDA error: unable to find an element using 'predicate string', value '(label CONTAINS[c] 'clock' OR name CONTAINS[c] 'clock' OR value CONTAINS[c] 'clock')'; page source: no elements match selector; closest on-screen texts: "love")
✗ flow 23.5s

  [1/1] flow (/var/folders/jv/76l6crmx6nl3hf150gzry_ym0000gn/T/grantiva-flows-B195A7A7-7D1F-4F78-B9A4-A8D760644DA0/flow.yaml) - Device: qa-cli-1 (ios 26.0 Simulator)
  ────────────────────────────────────────────────────────────
    ✓ launchApp (2.1s)
    ✗ tapOn (18.8s)
      ╰─ Element not found: text='clock' (cause: context deadline exceeded: WDA error: unable to find an element using 'predicate string', value '(label CONTAINS[c] 'clock' OR name CONTAINS[c] 'clock' OR value CONTAINS[c] 'clock')'; page source: no elements match selector; closest on-screen texts: "love")
    ✗ takeScreenshot (0ms)
✗ flow 20.9s

  1 steps passing (23.5s)
  1 steps failing
  1 steps skipped

════════════════════════════════════════════════════════════════════════════════════════════════════════════════════
  Flow                           Status   Steps   Pass   Fail   Skip   Duration  Device
────────────────────────────────────────────────────────────────────────────────────────────────────────────────────
  flow                           ✗ FAIL       3      1      1      1      23.5s  qa-cli-1 (ios 26.0 Simulator)
────────────────────────────────────────────────────────────────────────────────────────────────────────────────────
  TOTAL                             0/1       3      1      1      1      23.5s
════════════════════════════════════════════════════════════════════════════════════════════════════════════════════

  ✓ Tests completed. Generating reports...

  Reports: /var/folders/jv/76l6crmx6nl3hf150gzry_ym0000gn/T/grantiva-report-4EBDEF0D-90D0-48B6-8893-2C57A6C97055
    ├── report.json
    ├── junit-report.xml
    └── allure-results/

  Paths:
    JSON:   /var/folders/jv/76l6crmx6nl3hf150gzry_ym0000gn/T/grantiva-report-4EBDEF0D-90D0-48B6-8893-2C57A6C97055/report.json
    JUnit:  /var/folders/jv/76l6crmx6nl3hf150gzry_ym0000gn/T/grantiva-report-4EBDEF0D-90D0-48B6-8893-2C57A6C97055/junit-report.xml
    Allure: /var/folders/jv/76l6crmx6nl3hf150gzry_ym0000gn/T/grantiva-report-4EBDEF0D-90D0-48B6-8893-2C57A6C97055/allure-results

  Built by Grantiva

Failure screenshot: .grantiva/captures/failure-1791580018.png
Error: Runner failed (exit 1):
 exited with code 1
