Resolved: scheme=(none) simulator=qa-cli-1 screens=1 flows=0
Preparing runner...
Runner ready
Booting simulator: qa-cli-1
Simulator booted: qa-cli-1 (D3E7E498-2E80-469C-A465-4757C8995ACC)
Skipping build and install (--no-build)
Running 1 flow(s)...

  grantiva-runner 1.1.18-grantiva.7 - by Grantiva
  Fast, lightweight UI test runner


Setup
────────────────────────────────────────
  ✓ Found 1 test flow(s)
  ✓ Report directory: /var/folders/jv/76l6crmx6nl3hf150gzry_ym0000gn/T/grantiva-report-667E0E37-7D15-4992-AC09-903FC770C738

Execution
────────────────────────────────────────
  ⏳ Checking GrantivaAgent installation...
  ✓ GrantivaAgent installed
  ⏳ Building GrantivaAgent...
  ✓ Using cached GrantivaAgent build (sim-ios26.0-iphone)
  ✓ GrantivaAgent built
  ⏳ Starting GrantivaAgent...
Starting GrantivaAgent...
GrantivaAgent started
  ✓ GrantivaAgent started
  ✓ GrantivaAgent port: 8400

  [1/1] flow (flow.yaml)
────────────────────────────────────────────────────────────
    ✓ launchApp (2.0s)
    ✓ tapOn: text="Golden Gate Bridge" (1.3s)
    ✓ takeScreenshot (95ms)
✓ flow 7.7s

  [1/1] flow (/var/folders/jv/76l6crmx6nl3hf150gzry_ym0000gn/T/grantiva-flows-9D7A695F-424B-4FBF-926B-39FD71D02968/flow.yaml) - Device: qa-cli-1 (ios 26.0 Simulator)
  ────────────────────────────────────────────────────────────
    ✓ launchApp (2.0s)
    ✓ tapOn (1.3s)
    ✓ takeScreenshot (95ms)
✓ flow 3.5s

  3 steps passing (7.7s)

════════════════════════════════════════════════════════════════════════════════════════════════════════════════════
  Flow                           Status   Steps   Pass   Fail   Skip   Duration  Device
────────────────────────────────────────────────────────────────────────────────────────────────────────────────────
  flow                           ✓ PASS       3      3      0      0       7.7s  qa-cli-1 (ios 26.0 Simulator)
────────────────────────────────────────────────────────────────────────────────────────────────────────────────────
  TOTAL                             1/1       3      3      0      0       7.7s
════════════════════════════════════════════════════════════════════════════════════════════════════════════════════

  ✓ Tests completed. Generating reports...

  Reports: /var/folders/jv/76l6crmx6nl3hf150gzry_ym0000gn/T/grantiva-report-667E0E37-7D15-4992-AC09-903FC770C738
    ├── report.json
    ├── junit-report.xml
    └── allure-results/

  Paths:
    JSON:   /var/folders/jv/76l6crmx6nl3hf150gzry_ym0000gn/T/grantiva-report-667E0E37-7D15-4992-AC09-903FC770C738/report.json
    JUnit:  /var/folders/jv/76l6crmx6nl3hf150gzry_ym0000gn/T/grantiva-report-667E0E37-7D15-4992-AC09-903FC770C738/junit-report.xml
    Allure: /var/folders/jv/76l6crmx6nl3hf150gzry_ym0000gn/T/grantiva-report-667E0E37-7D15-4992-AC09-903FC770C738/allure-results

  Built by Grantiva


  tapOn
    ✓ Tap on "Golden Gate Bridge"

  Screens: 1 total, 1 passed, 0 failed
  Screenshots: .grantiva/captures/

