14:07:37.041804 [INFO] === Test execution started ===
14:07:37.041896 [INFO] Output directory: /Users/kyle/Developer/grantiva-cli/.worktrees/qa-android/findings/evidence/AND-043/01-browse
14:07:37.041906 [INFO] Platform: android
14:07:37.041913 [INFO] Driver: uiautomator2
14:07:37.042250 [INFO] Validated 1 flow(s)
14:07:37.042268 [INFO] Single device execution mode
14:07:37.042280 [INFO] Starting flow execution (parallel: false, devices: [])
14:07:37.042287 [INFO] Creating driver for single device execution
14:07:37.042292 [INFO] Connecting to Android device: emulator-5554
14:07:37.131364 [INFO] Device info: google sdk_gphone64_arm64, SDK 35, Serial emulator-5554, Emulator: true
14:07:37.153546 [INFO] Starting UIAutomator2 server on device emulator-5554
14:07:37.562057 [WARN] failed to remove default socket forward for /tmp/uia2-emulator-5554.sock: adb forward --remove localfilesystem:/tmp/uia2-emulator-5554.sock: exit status 1: adb: error: listener 'localfilesystem:/tmp/uia2-emulator-5554.sock' not found
14:07:37.576396 [WARN] failed to remove adb forward for tcp:6790: adb forward --remove tcp:6790: exit status 1: adb: error: listener 'tcp:6790' not found
14:07:38.658457 [INFO] Creating UIAutomator2 session with capabilities: Platform=Android, Device=sdk_gphone64_arm64
14:07:38.667591 [INFO] Session created successfully: 16a6af14-f8ec-4e8e-a738-5b26ae1b27f6
14:07:38.755177 [INFO] Driver created: android on google sdk_gphone64_arm64
14:07:38.757619 [INFO] === Starting flow: 01-browse ===
14:07:38.757626 [INFO] Flow file: /var/folders/jv/76l6crmx6nl3hf150gzry_ym0000gn/T/grantiva-90E2B3D1-BB10-489B-9632-8942CED3AD69/0/01-browse.yaml
14:07:38.757629 [INFO] Total steps: 8
14:07:38.762459 [DEBUG] Executing step 0: launchApp
14:07:40.494802 [DEBUG] Step 0 completed successfully (1732ms): launchApp
14:07:40.495141 [DEBUG] Executing step 1: assertVisible: text="Landmarks"
14:07:40.495364 [DEBUG] Flutter: parallel search (text="Landmarks", id="")
14:07:40.556156 [DEBUG] Flutter fallback: failed to get trees: no Flutter VM service found
14:07:40.619843 [DEBUG] Flutter fallback: failed to get trees: no Flutter VM service found
14:07:40.680462 [DEBUG] Flutter fallback: failed to get trees: no Flutter VM service found
14:07:40.743498 [DEBUG] Flutter fallback: failed to get trees: no Flutter VM service found
14:07:40.813663 [DEBUG] Flutter fallback: failed to get trees: no Flutter VM service found
14:07:40.886152 [DEBUG] Flutter fallback: failed to get trees: no Flutter VM service found
14:07:40.886199 [DEBUG] Step 1 completed successfully (391ms): assertVisible: text="Landmarks"
14:07:40.886629 [DEBUG] Executing step 2: assertVisible: text="Featured"
14:07:41.416553 [DEBUG] Step 2 completed successfully (529ms): assertVisible: text="Featured"
14:07:41.416912 [DEBUG] Executing step 3: takeScreenshot
14:07:41.558591 [DEBUG] Step 3 completed successfully (141ms): takeScreenshot
14:07:41.558839 [DEBUG] Executing step 4: tapOn: text="Golden Gate Bridge"
14:07:41.722349 [DEBUG] Step 4 completed successfully (163ms): tapOn: text="Golden Gate Bridge"
14:07:41.722723 [DEBUG] Executing step 5: assertVisible: text="San Francisco, CA"
14:07:42.310459 [DEBUG] Step 5 completed successfully (587ms): assertVisible: text="San Francisco, CA"
14:07:42.310837 [DEBUG] Executing step 6: assertVisible: text="Plan Visit"
14:07:42.318690 [DEBUG] Step 6 completed successfully (7ms): assertVisible: text="Plan Visit"
14:07:42.319003 [DEBUG] Executing step 7: takeScreenshot
14:07:42.444625 [DEBUG] Step 7 completed successfully (125ms): takeScreenshot
14:07:42.445974 [INFO] === Flow completed: 01-browse (status: passed, duration: 3688ms, passed: 8, failed: 0, skipped: 0) ===
14:07:42.872240 [WARN] failed to remove default socket forward for /tmp/uia2-emulator-5554.sock: adb forward --remove localfilesystem:/tmp/uia2-emulator-5554.sock: exit status 1: adb: error: listener 'localfilesystem:/tmp/uia2-emulator-5554.sock' not found
14:07:42.885036 [WARN] failed to remove adb forward for tcp:6790: adb forward --remove tcp:6790: exit status 1: adb: error: listener 'tcp:6790' not found
14:07:42.885079 [INFO] Flow execution completed: 1 passed, 0 failed, 0 skipped
14:07:42.885296 [INFO] Generating reports...
14:07:42.885888 [INFO] Shutting down devices started by maestro-runner...
14:07:42.885903 [INFO] Shutting down all tracked emulators
14:07:42.885915 [INFO] Shutting down all tracked simulators
