
  grantiva-runner 1.1.18-grantiva.7 - by Grantiva
  Fast, lightweight UI test runner


Setup
────────────────────────────────────────
  ✓ Found 1 test flow(s)
  ✓ Report directory: /var/folders/jv/76l6crmx6nl3hf150gzry_ym0000gn/T/grantiva-report-4A0C812B-FA66-4BA2-8268-3024361F3ECC

Execution
────────────────────────────────────────
  ⏳ Checking GrantivaAgent installation...
  ✓ GrantivaAgent installed
  ⏳ Building GrantivaAgent...
  ✓ Using cached GrantivaAgent build (sim-ios26.0-iphone)
  ✓ GrantivaAgent built
  ⏳ Starting GrantivaAgent...
Starting GrantivaAgent...
GrantivaAgent started
  ✓ GrantivaAgent started
  ✓ GrantivaAgent port: 8876

  [1/1] flow (flow.yaml)
────────────────────────────────────────────────────────────
    ✓ launchApp (2.0s)
    ✓ takeScreenshot (79ms)
    ✓ tapOn: text="Favorites" (1.1s)
    ✓ takeScreenshot (69ms)
    ✓ tapOn: text="Deep Links" (563ms)
    ✓ takeScreenshot (89ms)
    ✓ tapOn: text="Landmarks" (867ms)
    ✓ tapOn: text="Lakes" (914ms)
    ✓ takeScreenshot (66ms)
    ✓ tapOn: text="Landmarks" (998ms)
    ✓ tapOn: text="Golden Gate Bridge" (990ms)
    ✓ assertVisible: text="Plan Visit" (376ms)
    ✓ takeScreenshot (93ms)
✓ flow 10.9s

  [1/1] flow (/var/folders/jv/76l6crmx6nl3hf150gzry_ym0000gn/T/grantiva-flows-E74940E2-8E60-4BEF-A399-15AA3F08E9A7/flow.yaml) - Device: qa-ios-1 (ios 26.0 Simulator)
  ────────────────────────────────────────────────────────────
    ✓ launchApp (2.0s)
    ✓ takeScreenshot (79ms)
    ✓ tapOn (1.1s)
    ✓ takeScreenshot (69ms)
    ✓ tapOn (563ms)
    ✓ takeScreenshot (89ms)
    ✓ tapOn (867ms)
    ✓ tapOn (914ms)
    ✓ takeScreenshot (66ms)
    ✓ tapOn (997ms)
    ✓ tapOn (990ms)
    ✓ assertVisible (376ms)
    ✓ takeScreenshot (93ms)
✓ flow 8.2s

  13 steps passing (10.9s)

════════════════════════════════════════════════════════════════════════════════════════════════════════════════════
  Flow                           Status   Steps   Pass   Fail   Skip   Duration  Device
────────────────────────────────────────────────────────────────────────────────────────────────────────────────────
  flow                           ✓ PASS      13     13      0      0      10.9s  qa-ios-1 (ios 26.0 Simulator)
────────────────────────────────────────────────────────────────────────────────────────────────────────────────────
  TOTAL                             1/1      13     13      0      0      10.9s
════════════════════════════════════════════════════════════════════════════════════════════════════════════════════

  ✓ Tests completed. Generating reports...

  Reports: /var/folders/jv/76l6crmx6nl3hf150gzry_ym0000gn/T/grantiva-report-4A0C812B-FA66-4BA2-8268-3024361F3ECC
    ├── report.json
    ├── junit-report.xml
    └── allure-results/

  Paths:
    JSON:   /var/folders/jv/76l6crmx6nl3hf150gzry_ym0000gn/T/grantiva-report-4A0C812B-FA66-4BA2-8268-3024361F3ECC/report.json
    JUnit:  /var/folders/jv/76l6crmx6nl3hf150gzry_ym0000gn/T/grantiva-report-4A0C812B-FA66-4BA2-8268-3024361F3ECC/junit-report.xml
    Allure: /var/folders/jv/76l6crmx6nl3hf150gzry_ym0000gn/T/grantiva-report-4A0C812B-FA66-4BA2-8268-3024361F3ECC/allure-results

  Built by Grantiva

