14:25:17.988755 [INFO] === Test execution started ===
14:25:17.988824 [INFO] Output directory: /Users/kyle/Developer/grantiva-cli/.worktrees/qa-ios/findings/evidence/IOS-078/rep-exact
14:25:17.988829 [INFO] Platform: ios
14:25:17.988833 [INFO] Driver: uiautomator2
14:25:17.989187 [INFO] Validated 1 flow(s)
14:25:18.106462 [INFO] Single device execution mode
14:25:18.106484 [INFO] Starting flow execution (parallel: false, devices: [])
14:25:18.106490 [INFO] Creating driver for single device execution
14:25:18.106494 [INFO] Using specified iOS device: 6EEDCB1A-E693-488A-B34C-5A0AB5DE9400
14:25:18.223055 [INFO] Device 6EEDCB1A-E693-488A-B34C-5A0AB5DE9400 is a simulator
14:25:18.223173 [INFO] Building WDA for device 6EEDCB1A-E693-488A-B34C-5A0AB5DE9400 (team ID: )
14:25:18.453196 [INFO] WDA build completed successfully
14:25:18.453217 [INFO] Starting WDA on device 6EEDCB1A-E693-488A-B34C-5A0AB5DE9400 (port: 8876)
14:25:20.704721 [INFO] WDA started successfully on port 8876
14:25:21.079793 [DEBUG] WDA GET /window/size
14:25:21.154323 [DEBUG] WDA GET /window/size completed (74ms, status: 200)
14:25:21.154459 [INFO] Driver created: ios on qa-ios-1
14:25:21.156141 [INFO] === Starting flow: exact ===
14:25:21.156147 [INFO] Flow file: /var/folders/jv/76l6crmx6nl3hf150gzry_ym0000gn/T/grantiva-25D142EE-3F83-4205-BAB9-F65F4B504D29/0/exact.yaml
14:25:21.156150 [INFO] Total steps: 3
14:25:21.156274 [DEBUG] WDA POST /appium/settings body={"settings":{"shouldWaitForQuiescence":false,"waitForIdleTimeout":0}}
14:25:21.157007 [DEBUG] WDA POST /appium/settings completed (0ms, status: 404)
14:25:21.157071 [DEBUG] WDA POST /session body={"capabilities":{"alwaysMatch":{"bundleId":"com.kylebrowning.Landmarks","defaultAlertAction":"accept...
14:25:23.758226 [DEBUG] WDA POST /session completed (2601ms, status: 200)
14:25:23.758321 [DEBUG] WDA POST /session/8B72E05A-7B10-48BC-8B28-D010C5AC5E2A/appium/settings body={"settings":{"shouldWaitForQuiescence":false,"waitForIdleTimeout":0}}
14:25:23.814861 [DEBUG] WDA POST /session/8B72E05A-7B10-48BC-8B28-D010C5AC5E2A/appium/settings completed (56ms, status: 200)
14:25:23.815334 [DEBUG] Executing step 0: launchApp
14:25:24.439905 [DEBUG] [wda] launchApp com.kylebrowning.Landmarks: argv=[] env=map[]
14:25:24.439977 [DEBUG] WDA POST /session/8B72E05A-7B10-48BC-8B28-D010C5AC5E2A/appium/settings body={"settings":{"acceptAlertButtonSelector":"**/XCUIElementTypeButton[`label BEGINSWITH[c] 'Allow' OR l...
14:25:24.440810 [DEBUG] WDA POST /session/8B72E05A-7B10-48BC-8B28-D010C5AC5E2A/appium/settings completed (0ms, status: 200)
14:25:24.440884 [DEBUG] WDA POST /session/8B72E05A-7B10-48BC-8B28-D010C5AC5E2A/wda/apps/launch body={"bundleId":"com.kylebrowning.Landmarks"}
14:25:25.975354 [DEBUG] WDA POST /session/8B72E05A-7B10-48BC-8B28-D010C5AC5E2A/wda/apps/launch completed (1534ms, status: 200)
14:25:25.975419 [DEBUG] Step 0 completed successfully (2160ms): launchApp
14:25:25.975786 [DEBUG] Executing step 1: tapOn: text="Lakes"
14:25:25.976006 [DEBUG] Flutter: parallel search (text="Lakes", id="")
14:25:25.976043 [DEBUG] WDA POST /session/8B72E05A-7B10-48BC-8B28-D010C5AC5E2A/element body={"using":"predicate string","value":"((type == 'XCUIElementTypeTextField' OR type == 'XCUIElementTyp...
14:25:25.976067 [DEBUG] WDA POST /session/8B72E05A-7B10-48BC-8B28-D010C5AC5E2A/element body={"using":"class chain","value":"**/XCUIElementTypeSecureTextField[`(label CONTAINS[c] 'Lakes' OR val...
14:25:25.976102 [DEBUG] WDA POST /session/8B72E05A-7B10-48BC-8B28-D010C5AC5E2A/element body={"using":"class chain","value":"**/XCUIElementTypeButton[`(label ==[c] 'Lakes' OR name ==[c] 'Lakes'...
14:25:25.976127 [DEBUG] WDA POST /session/8B72E05A-7B10-48BC-8B28-D010C5AC5E2A/element body={"using":"class chain","value":"**/XCUIElementTypeTextField[`(label CONTAINS[c] 'Lakes' OR value CON...
14:25:26.269776 [DEBUG] WDA POST /session/8B72E05A-7B10-48BC-8B28-D010C5AC5E2A/element completed (293ms, status: 200)
14:25:26.382006 [DEBUG] WDA POST /session/8B72E05A-7B10-48BC-8B28-D010C5AC5E2A/element completed (405ms, status: 200)
14:25:26.435732 [DEBUG] WDA POST /session/8B72E05A-7B10-48BC-8B28-D010C5AC5E2A/element completed (459ms, status: 404)
14:25:26.494251 [DEBUG] WDA POST /session/8B72E05A-7B10-48BC-8B28-D010C5AC5E2A/element completed (518ms, status: 404)
14:25:26.494393 [DEBUG] WDA GET /session/8B72E05A-7B10-48BC-8B28-D010C5AC5E2A/element/8C000000-0000-0000-110C-010000000000/name
14:25:26.494460 [DEBUG] WDA GET /session/8B72E05A-7B10-48BC-8B28-D010C5AC5E2A/element/8C000000-0000-0000-110C-010000000000/text
14:25:26.494490 [DEBUG] WDA GET /session/8B72E05A-7B10-48BC-8B28-D010C5AC5E2A/element/8C000000-0000-0000-110C-010000000000/rect
14:25:26.494499 [DEBUG] WDA GET /session/8B72E05A-7B10-48BC-8B28-D010C5AC5E2A/element/8C000000-0000-0000-110C-010000000000/displayed
14:25:26.548798 [DEBUG] WDA GET /session/8B72E05A-7B10-48BC-8B28-D010C5AC5E2A/element/8C000000-0000-0000-110C-010000000000/name completed (54ms, status: 200)
14:25:26.597464 [DEBUG] WDA GET /session/8B72E05A-7B10-48BC-8B28-D010C5AC5E2A/element/8C000000-0000-0000-110C-010000000000/text completed (103ms, status: 200)
14:25:26.654618 [DEBUG] WDA GET /session/8B72E05A-7B10-48BC-8B28-D010C5AC5E2A/element/8C000000-0000-0000-110C-010000000000/displayed completed (160ms, status: 200)
14:25:26.701046 [DEBUG] WDA GET /session/8B72E05A-7B10-48BC-8B28-D010C5AC5E2A/element/8C000000-0000-0000-110C-010000000000/rect completed (206ms, status: 200)
14:25:26.701107 [DEBUG] WDA POST /session/8B72E05A-7B10-48BC-8B28-D010C5AC5E2A/element/8C000000-0000-0000-110C-010000000000/click body=
14:25:27.078304 [DEBUG] WDA POST /session/8B72E05A-7B10-48BC-8B28-D010C5AC5E2A/element/8C000000-0000-0000-110C-010000000000/click completed (377ms, status: 200)
14:25:27.364281 [DEBUG] Flutter fallback: failed to get trees: no Flutter VM service found
14:25:27.364354 [DEBUG] Step 1 completed successfully (1388ms): tapOn: text="Lakes"
14:25:27.365350 [DEBUG] Executing step 2: assertVisible: text="Lake", exact=true
14:25:27.365784 [DEBUG] WDA POST /session/8B72E05A-7B10-48BC-8B28-D010C5AC5E2A/element body={"using":"predicate string","value":"(label == 'Lake' OR name == 'Lake' OR value == 'Lake')"}
14:25:27.442161 [DEBUG] WDA POST /session/8B72E05A-7B10-48BC-8B28-D010C5AC5E2A/element completed (76ms, status: 404)
14:25:27.442268 [DEBUG] WDA GET /session/8B72E05A-7B10-48BC-8B28-D010C5AC5E2A/source
14:25:28.512935 [DEBUG] WDA GET /session/8B72E05A-7B10-48BC-8B28-D010C5AC5E2A/source completed (1070ms, status: 200)
14:25:28.563992 [DEBUG] WDA POST /session/8B72E05A-7B10-48BC-8B28-D010C5AC5E2A/element body={"using":"predicate string","value":"(label == 'Lake' OR name == 'Lake' OR value == 'Lake')"}
14:25:28.597637 [DEBUG] WDA POST /session/8B72E05A-7B10-48BC-8B28-D010C5AC5E2A/element completed (33ms, status: 404)
14:25:28.597722 [DEBUG] WDA GET /session/8B72E05A-7B10-48BC-8B28-D010C5AC5E2A/source
14:25:29.019077 [DEBUG] WDA GET /session/8B72E05A-7B10-48BC-8B28-D010C5AC5E2A/source completed (421ms, status: 200)
14:25:29.070510 [DEBUG] WDA POST /session/8B72E05A-7B10-48BC-8B28-D010C5AC5E2A/element body={"using":"predicate string","value":"(label == 'Lake' OR name == 'Lake' OR value == 'Lake')"}
14:25:29.104551 [DEBUG] WDA POST /session/8B72E05A-7B10-48BC-8B28-D010C5AC5E2A/element completed (34ms, status: 404)
14:25:29.104645 [DEBUG] WDA GET /session/8B72E05A-7B10-48BC-8B28-D010C5AC5E2A/source
14:25:29.500238 [DEBUG] WDA GET /session/8B72E05A-7B10-48BC-8B28-D010C5AC5E2A/source completed (395ms, status: 200)
14:25:29.551653 [DEBUG] WDA POST /session/8B72E05A-7B10-48BC-8B28-D010C5AC5E2A/element body={"using":"predicate string","value":"(label == 'Lake' OR name == 'Lake' OR value == 'Lake')"}
14:25:29.586851 [DEBUG] WDA POST /session/8B72E05A-7B10-48BC-8B28-D010C5AC5E2A/element completed (35ms, status: 404)
14:25:29.586951 [DEBUG] WDA GET /session/8B72E05A-7B10-48BC-8B28-D010C5AC5E2A/source
14:25:29.975880 [DEBUG] WDA GET /session/8B72E05A-7B10-48BC-8B28-D010C5AC5E2A/source completed (388ms, status: 200)
14:25:30.027832 [DEBUG] WDA POST /session/8B72E05A-7B10-48BC-8B28-D010C5AC5E2A/element body={"using":"predicate string","value":"(label == 'Lake' OR name == 'Lake' OR value == 'Lake')"}
14:25:30.059040 [DEBUG] WDA POST /session/8B72E05A-7B10-48BC-8B28-D010C5AC5E2A/element completed (31ms, status: 404)
14:25:30.059209 [DEBUG] WDA GET /session/8B72E05A-7B10-48BC-8B28-D010C5AC5E2A/source
14:25:30.440990 [DEBUG] WDA GET /session/8B72E05A-7B10-48BC-8B28-D010C5AC5E2A/source completed (381ms, status: 200)
14:25:30.491783 [DEBUG] WDA POST /session/8B72E05A-7B10-48BC-8B28-D010C5AC5E2A/element body={"using":"predicate string","value":"(label == 'Lake' OR name == 'Lake' OR value == 'Lake')"}
14:25:30.525055 [DEBUG] WDA POST /session/8B72E05A-7B10-48BC-8B28-D010C5AC5E2A/element completed (33ms, status: 404)
14:25:30.525301 [DEBUG] WDA GET /session/8B72E05A-7B10-48BC-8B28-D010C5AC5E2A/source
14:25:30.923318 [DEBUG] WDA GET /session/8B72E05A-7B10-48BC-8B28-D010C5AC5E2A/source completed (398ms, status: 200)
14:25:30.974731 [DEBUG] WDA POST /session/8B72E05A-7B10-48BC-8B28-D010C5AC5E2A/element body={"using":"predicate string","value":"(label == 'Lake' OR name == 'Lake' OR value == 'Lake')"}
14:25:31.006419 [DEBUG] WDA POST /session/8B72E05A-7B10-48BC-8B28-D010C5AC5E2A/element completed (31ms, status: 404)
14:25:31.006507 [DEBUG] WDA GET /session/8B72E05A-7B10-48BC-8B28-D010C5AC5E2A/source
14:25:31.412633 [DEBUG] WDA GET /session/8B72E05A-7B10-48BC-8B28-D010C5AC5E2A/source completed (406ms, status: 200)
14:25:31.464029 [DEBUG] WDA POST /session/8B72E05A-7B10-48BC-8B28-D010C5AC5E2A/element body={"using":"predicate string","value":"(label == 'Lake' OR name == 'Lake' OR value == 'Lake')"}
14:25:31.496373 [DEBUG] WDA POST /session/8B72E05A-7B10-48BC-8B28-D010C5AC5E2A/element completed (32ms, status: 404)
14:25:31.496453 [DEBUG] WDA GET /session/8B72E05A-7B10-48BC-8B28-D010C5AC5E2A/source
14:25:31.890136 [DEBUG] WDA GET /session/8B72E05A-7B10-48BC-8B28-D010C5AC5E2A/source completed (393ms, status: 200)
14:25:31.941580 [DEBUG] WDA POST /session/8B72E05A-7B10-48BC-8B28-D010C5AC5E2A/element body={"using":"predicate string","value":"(label == 'Lake' OR name == 'Lake' OR value == 'Lake')"}
14:25:31.973902 [DEBUG] WDA POST /session/8B72E05A-7B10-48BC-8B28-D010C5AC5E2A/element completed (32ms, status: 404)
14:25:31.974006 [DEBUG] WDA GET /session/8B72E05A-7B10-48BC-8B28-D010C5AC5E2A/source
14:25:32.374551 [DEBUG] WDA GET /session/8B72E05A-7B10-48BC-8B28-D010C5AC5E2A/source completed (400ms, status: 200)
14:25:32.425944 [DEBUG] WDA POST /session/8B72E05A-7B10-48BC-8B28-D010C5AC5E2A/element body={"using":"predicate string","value":"(label == 'Lake' OR name == 'Lake' OR value == 'Lake')"}
14:25:32.458673 [DEBUG] WDA POST /session/8B72E05A-7B10-48BC-8B28-D010C5AC5E2A/element completed (32ms, status: 404)
14:25:32.458756 [DEBUG] WDA GET /session/8B72E05A-7B10-48BC-8B28-D010C5AC5E2A/source
14:25:32.870273 [DEBUG] WDA GET /session/8B72E05A-7B10-48BC-8B28-D010C5AC5E2A/source completed (411ms, status: 200)
14:25:32.921634 [DEBUG] WDA POST /session/8B72E05A-7B10-48BC-8B28-D010C5AC5E2A/element body={"using":"predicate string","value":"(label == 'Lake' OR name == 'Lake' OR value == 'Lake')"}
14:25:32.954465 [DEBUG] WDA POST /session/8B72E05A-7B10-48BC-8B28-D010C5AC5E2A/element completed (32ms, status: 404)
14:25:32.954555 [DEBUG] WDA GET /session/8B72E05A-7B10-48BC-8B28-D010C5AC5E2A/source
14:25:33.364812 [DEBUG] WDA GET /session/8B72E05A-7B10-48BC-8B28-D010C5AC5E2A/source completed (410ms, status: 200)
14:25:33.415869 [DEBUG] WDA POST /session/8B72E05A-7B10-48BC-8B28-D010C5AC5E2A/element body={"using":"predicate string","value":"(label == 'Lake' OR name == 'Lake' OR value == 'Lake')"}
14:25:33.447811 [DEBUG] WDA POST /session/8B72E05A-7B10-48BC-8B28-D010C5AC5E2A/element completed (31ms, status: 404)
14:25:33.447897 [DEBUG] WDA GET /session/8B72E05A-7B10-48BC-8B28-D010C5AC5E2A/source
14:25:33.838009 [DEBUG] WDA GET /session/8B72E05A-7B10-48BC-8B28-D010C5AC5E2A/source completed (390ms, status: 200)
14:25:33.889378 [DEBUG] WDA POST /session/8B72E05A-7B10-48BC-8B28-D010C5AC5E2A/element body={"using":"predicate string","value":"(label == 'Lake' OR name == 'Lake' OR value == 'Lake')"}
14:25:33.921126 [DEBUG] WDA POST /session/8B72E05A-7B10-48BC-8B28-D010C5AC5E2A/element completed (31ms, status: 404)
14:25:33.921233 [DEBUG] WDA GET /session/8B72E05A-7B10-48BC-8B28-D010C5AC5E2A/source
14:25:34.320056 [DEBUG] WDA GET /session/8B72E05A-7B10-48BC-8B28-D010C5AC5E2A/source completed (398ms, status: 200)
14:25:34.371149 [DEBUG] WDA POST /session/8B72E05A-7B10-48BC-8B28-D010C5AC5E2A/element body={"using":"predicate string","value":"(label == 'Lake' OR name == 'Lake' OR value == 'Lake')"}
14:25:34.404719 [DEBUG] WDA POST /session/8B72E05A-7B10-48BC-8B28-D010C5AC5E2A/element completed (33ms, status: 404)
14:25:34.404816 [DEBUG] WDA GET /session/8B72E05A-7B10-48BC-8B28-D010C5AC5E2A/source
14:25:34.806967 [DEBUG] WDA GET /session/8B72E05A-7B10-48BC-8B28-D010C5AC5E2A/source completed (402ms, status: 200)
14:25:34.858352 [DEBUG] WDA POST /session/8B72E05A-7B10-48BC-8B28-D010C5AC5E2A/element body={"using":"predicate string","value":"(label == 'Lake' OR name == 'Lake' OR value == 'Lake')"}
14:25:34.890755 [DEBUG] WDA POST /session/8B72E05A-7B10-48BC-8B28-D010C5AC5E2A/element completed (32ms, status: 404)
14:25:34.890854 [DEBUG] WDA GET /session/8B72E05A-7B10-48BC-8B28-D010C5AC5E2A/source
14:25:35.287089 [DEBUG] WDA GET /session/8B72E05A-7B10-48BC-8B28-D010C5AC5E2A/source completed (396ms, status: 200)
14:25:35.338460 [DEBUG] WDA POST /session/8B72E05A-7B10-48BC-8B28-D010C5AC5E2A/element body={"using":"predicate string","value":"(label == 'Lake' OR name == 'Lake' OR value == 'Lake')"}
14:25:35.370888 [DEBUG] WDA POST /session/8B72E05A-7B10-48BC-8B28-D010C5AC5E2A/element completed (32ms, status: 404)
14:25:35.370970 [DEBUG] WDA GET /session/8B72E05A-7B10-48BC-8B28-D010C5AC5E2A/source
14:25:35.787202 [DEBUG] WDA GET /session/8B72E05A-7B10-48BC-8B28-D010C5AC5E2A/source completed (416ms, status: 200)
14:25:35.838949 [DEBUG] WDA POST /session/8B72E05A-7B10-48BC-8B28-D010C5AC5E2A/element body={"using":"predicate string","value":"(label == 'Lake' OR name == 'Lake' OR value == 'Lake')"}
14:25:35.872502 [DEBUG] WDA POST /session/8B72E05A-7B10-48BC-8B28-D010C5AC5E2A/element completed (33ms, status: 404)
14:25:35.872610 [DEBUG] WDA GET /session/8B72E05A-7B10-48BC-8B28-D010C5AC5E2A/source
14:25:36.286214 [DEBUG] WDA GET /session/8B72E05A-7B10-48BC-8B28-D010C5AC5E2A/source completed (413ms, status: 200)
14:25:36.337533 [DEBUG] WDA POST /session/8B72E05A-7B10-48BC-8B28-D010C5AC5E2A/element body={"using":"predicate string","value":"(label == 'Lake' OR name == 'Lake' OR value == 'Lake')"}
14:25:36.371136 [DEBUG] WDA POST /session/8B72E05A-7B10-48BC-8B28-D010C5AC5E2A/element completed (33ms, status: 404)
14:25:36.371216 [DEBUG] WDA GET /session/8B72E05A-7B10-48BC-8B28-D010C5AC5E2A/source
14:25:36.822171 [DEBUG] WDA GET /session/8B72E05A-7B10-48BC-8B28-D010C5AC5E2A/source completed (450ms, status: 200)
14:25:36.873559 [DEBUG] WDA POST /session/8B72E05A-7B10-48BC-8B28-D010C5AC5E2A/element body={"using":"predicate string","value":"(label == 'Lake' OR name == 'Lake' OR value == 'Lake')"}
14:25:36.907685 [DEBUG] WDA POST /session/8B72E05A-7B10-48BC-8B28-D010C5AC5E2A/element completed (34ms, status: 404)
14:25:36.907881 [DEBUG] WDA GET /session/8B72E05A-7B10-48BC-8B28-D010C5AC5E2A/source
14:25:37.354456 [DEBUG] WDA GET /session/8B72E05A-7B10-48BC-8B28-D010C5AC5E2A/source completed (446ms, status: 200)
14:25:37.405525 [DEBUG] WDA POST /session/8B72E05A-7B10-48BC-8B28-D010C5AC5E2A/element body={"using":"predicate string","value":"(label == 'Lake' OR name == 'Lake' OR value == 'Lake')"}
14:25:37.439616 [DEBUG] WDA POST /session/8B72E05A-7B10-48BC-8B28-D010C5AC5E2A/element completed (34ms, status: 404)
14:25:37.439697 [DEBUG] WDA GET /session/8B72E05A-7B10-48BC-8B28-D010C5AC5E2A/source
14:25:37.885942 [DEBUG] WDA GET /session/8B72E05A-7B10-48BC-8B28-D010C5AC5E2A/source completed (446ms, status: 200)
14:25:37.937357 [DEBUG] WDA POST /session/8B72E05A-7B10-48BC-8B28-D010C5AC5E2A/element body={"using":"predicate string","value":"(label == 'Lake' OR name == 'Lake' OR value == 'Lake')"}
14:25:37.970924 [DEBUG] WDA POST /session/8B72E05A-7B10-48BC-8B28-D010C5AC5E2A/element completed (33ms, status: 404)
14:25:37.971026 [DEBUG] WDA GET /session/8B72E05A-7B10-48BC-8B28-D010C5AC5E2A/source
14:25:38.426164 [DEBUG] WDA GET /session/8B72E05A-7B10-48BC-8B28-D010C5AC5E2A/source completed (455ms, status: 200)
14:25:38.477575 [DEBUG] WDA POST /session/8B72E05A-7B10-48BC-8B28-D010C5AC5E2A/element body={"using":"predicate string","value":"(label == 'Lake' OR name == 'Lake' OR value == 'Lake')"}
14:25:38.511765 [DEBUG] WDA POST /session/8B72E05A-7B10-48BC-8B28-D010C5AC5E2A/element completed (34ms, status: 404)
14:25:38.511846 [DEBUG] WDA GET /session/8B72E05A-7B10-48BC-8B28-D010C5AC5E2A/source
14:25:38.972736 [DEBUG] WDA GET /session/8B72E05A-7B10-48BC-8B28-D010C5AC5E2A/source completed (460ms, status: 200)
14:25:39.024945 [DEBUG] WDA POST /session/8B72E05A-7B10-48BC-8B28-D010C5AC5E2A/element body={"using":"predicate string","value":"(label == 'Lake' OR name == 'Lake' OR value == 'Lake')"}
14:25:39.059786 [DEBUG] WDA POST /session/8B72E05A-7B10-48BC-8B28-D010C5AC5E2A/element completed (34ms, status: 404)
14:25:39.059879 [DEBUG] WDA GET /session/8B72E05A-7B10-48BC-8B28-D010C5AC5E2A/source
14:25:39.539041 [DEBUG] WDA GET /session/8B72E05A-7B10-48BC-8B28-D010C5AC5E2A/source completed (479ms, status: 200)
14:25:39.589814 [ERROR] Step 2 failed (12224ms): assertVisible: text="Lake", exact=true - Error: Element not visible: text='Lake' (cause: context deadline exceeded: no elements match selector; closest on-screen texts: "Lakes", "Mono Lake", "Lake Tahoe")
14:25:39.589850 [DEBUG] WDA GET /session/8B72E05A-7B10-48BC-8B28-D010C5AC5E2A/screenshot
14:25:39.663056 [DEBUG] WDA GET /session/8B72E05A-7B10-48BC-8B28-D010C5AC5E2A/screenshot completed (73ms, status: 200)
14:25:39.663780 [DEBUG] WDA GET /session/8B72E05A-7B10-48BC-8B28-D010C5AC5E2A/source
14:25:40.101766 [DEBUG] WDA GET /session/8B72E05A-7B10-48BC-8B28-D010C5AC5E2A/source completed (437ms, status: 200)
14:25:40.104729 [INFO] === Flow completed: exact (status: failed, duration: 18948ms, passed: 2, failed: 1, skipped: 0) ===
14:25:40.106522 [INFO] Flow execution completed: 0 passed, 1 failed, 0 skipped
14:25:40.106593 [INFO] Generating reports...
14:25:40.107035 [INFO] Shutting down devices started by maestro-runner...
14:25:40.107045 [INFO] Shutting down all tracked emulators
14:25:40.107053 [INFO] Shutting down all tracked simulators
