
  grantiva-runner 1.1.18-grantiva.7 - by Grantiva
  Fast, lightweight UI test runner


Setup
────────────────────────────────────────
  ✓ Found 1 test flow(s)
  ✓ Report directory: /var/folders/jv/76l6crmx6nl3hf150gzry_ym0000gn/T/grantiva-report-972E2AAE-209B-4498-8691-EAE054477DF5

Execution
────────────────────────────────────────
  ⏳ Checking GrantivaAgent installation...
  ✓ GrantivaAgent installed
  ⏳ Building GrantivaAgent...
  ✓ Using cached GrantivaAgent build (sim-ios26.0-iphone)
  ✓ GrantivaAgent built
  ⏳ Starting GrantivaAgent...
Starting GrantivaAgent...
GrantivaAgent started
  ✓ GrantivaAgent started
  ✓ GrantivaAgent port: 8876

  [1/1] 09-seed-empty (09-seed-empty.yaml)
────────────────────────────────────────────────────────────
    ✓ launchApp (2.0s)
    ✗ assertVisible: text="No landmarks yet" (17.5s)
      ╰─ Element not visible: text='No landmarks yet' (cause: context deadline exceeded: no elements match selector; closest on-screen texts: "Landmarks", "All Landmarks", "road.lanes")
✗ 09-seed-empty 23.2s

  [1/1] 09-seed-empty (.maestro/09-seed-empty.yaml) - Device: qa-ios-1 (ios 26.0 Simulator)
  ────────────────────────────────────────────────────────────
    ✓ launchApp (2.0s)
    ✗ assertVisible (18.4s)
      ╰─ Element not visible: text='No landmarks yet' (cause: context deadline exceeded: no elements match selector; closest on-screen texts: "Landmarks", "All Landmarks", "road.lanes")
    ✗ takeScreenshot (0ms)
✗ 09-seed-empty 20.4s

  1 steps passing (23.2s)
  1 steps failing
  1 steps skipped

════════════════════════════════════════════════════════════════════════════════════════════════════════════════════
  Flow                           Status   Steps   Pass   Fail   Skip   Duration  Device
────────────────────────────────────────────────────────────────────────────────────────────────────────────────────
  09-seed-empty                  ✗ FAIL       3      1      1      1      23.2s  qa-ios-1 (ios 26.0 Simulator)
────────────────────────────────────────────────────────────────────────────────────────────────────────────────────
  TOTAL                             0/1       3      1      1      1      23.2s
════════════════════════════════════════════════════════════════════════════════════════════════════════════════════

  ✓ Tests completed. Generating reports...

  Reports: /var/folders/jv/76l6crmx6nl3hf150gzry_ym0000gn/T/grantiva-report-972E2AAE-209B-4498-8691-EAE054477DF5
    ├── report.json
    ├── junit-report.xml
    └── allure-results/

  Paths:
    JSON:   /var/folders/jv/76l6crmx6nl3hf150gzry_ym0000gn/T/grantiva-report-972E2AAE-209B-4498-8691-EAE054477DF5/report.json
    JUnit:  /var/folders/jv/76l6crmx6nl3hf150gzry_ym0000gn/T/grantiva-report-972E2AAE-209B-4498-8691-EAE054477DF5/junit-report.xml
    Allure: /var/folders/jv/76l6crmx6nl3hf150gzry_ym0000gn/T/grantiva-report-972E2AAE-209B-4498-8691-EAE054477DF5/allure-results

  Built by Grantiva

Error: Runner failed (exit 1):
 exited with code 1
