
  grantiva-runner 1.1.18-grantiva.7 - by Grantiva
  Fast, lightweight UI test runner


Setup
────────────────────────────────────────
  ✓ Found 1 test flow(s)
  ✓ Report directory: /var/folders/jv/76l6crmx6nl3hf150gzry_ym0000gn/T/grantiva-report-448E678F-C115-4553-96CE-201772158A46

Execution
────────────────────────────────────────
  ⏳ Checking GrantivaAgent installation...
  ✓ GrantivaAgent installed
  ⏳ Building GrantivaAgent...
  ✓ Using cached GrantivaAgent build (sim-ios26.0-iphone)
  ✓ GrantivaAgent built
  ⏳ Starting GrantivaAgent...
Starting GrantivaAgent...
GrantivaAgent started
  ✓ GrantivaAgent started
  ✓ GrantivaAgent port: 8876

  [1/1] 02-favorite (02-favorite.yaml)
────────────────────────────────────────────────────────────
    ✓ launchApp (2.0s)
    ✓ tapOn: text="Lake Tahoe" (1.2s)
    ✓ tapOn: text="Favorite" (810ms)
    ✓ assertVisible: text="Unfavorite" (692ms)
    ✓ tapOn: text="Landmarks" (694ms)
    ✓ tapOn: text="Favorites" (1.8s)
    ✓ assertVisible: text="Lake Tahoe" (182ms)
    ✓ takeScreenshot (78ms)
    ✓ swipe: LEFT (1.1s)
    ✗ tapOn: text="Remove" (12.0s)
      ╰─ Element not found: text='Remove' (cause: context deadline exceeded: WDA error: unable to find an element using 'predicate string', value '(label CONTAINS[c] 'Remove' OR name CONTAINS[c] 'Remove' OR value CONTAINS[c] 'Remove')'; page source: no elements match selector; closest on-screen texts: "love", "water.waves", "Vertical scroll bar, 1 page")
✗ 02-favorite 23.6s

  [1/1] 02-favorite (.maestro/02-favorite.yaml) - Device: qa-ios-1 (ios 26.0 Simulator)
  ────────────────────────────────────────────────────────────
    ✓ launchApp (2.0s)
    ✓ tapOn (1.2s)
    ✓ tapOn (810ms)
    ✓ assertVisible (692ms)
    ✓ tapOn (694ms)
    ✓ tapOn (1.8s)
    ✓ assertVisible (182ms)
    ✓ takeScreenshot (78ms)
    ✓ swipe (1.1s)
    ✗ tapOn (12.3s)
      ╰─ Element not found: text='Remove' (cause: context deadline exceeded: WDA error: unable to find an element using 'predicate string', value '(label CONTAINS[c] 'Remove' OR name CONTAINS[c] 'Remove' OR value CONTAINS[c] 'Remove')'; page source: no elements match selector; closest on-screen texts: "love", "water.waves", "Vertical scroll bar, 1 page")
    ✗ assertNotVisible (0ms)
    ✗ assertVisible (0ms)
    ✗ takeScreenshot (0ms)
✗ 02-favorite 20.8s

  9 steps passing (23.6s)
  1 steps failing
  3 steps skipped

════════════════════════════════════════════════════════════════════════════════════════════════════════════════════
  Flow                           Status   Steps   Pass   Fail   Skip   Duration  Device
────────────────────────────────────────────────────────────────────────────────────────────────────────────────────
  02-favorite                    ✗ FAIL      13      9      1      3      23.6s  qa-ios-1 (ios 26.0 Simulator)
────────────────────────────────────────────────────────────────────────────────────────────────────────────────────
  TOTAL                             0/1      13      9      1      3      23.6s
════════════════════════════════════════════════════════════════════════════════════════════════════════════════════

  ✓ Tests completed. Generating reports...

  Reports: /var/folders/jv/76l6crmx6nl3hf150gzry_ym0000gn/T/grantiva-report-448E678F-C115-4553-96CE-201772158A46
    ├── report.json
    ├── junit-report.xml
    └── allure-results/

  Paths:
    JSON:   /var/folders/jv/76l6crmx6nl3hf150gzry_ym0000gn/T/grantiva-report-448E678F-C115-4553-96CE-201772158A46/report.json
    JUnit:  /var/folders/jv/76l6crmx6nl3hf150gzry_ym0000gn/T/grantiva-report-448E678F-C115-4553-96CE-201772158A46/junit-report.xml
    Allure: /var/folders/jv/76l6crmx6nl3hf150gzry_ym0000gn/T/grantiva-report-448E678F-C115-4553-96CE-201772158A46/allure-results

  Built by Grantiva

Error: Runner failed (exit 1):
 exited with code 1
